07-20 12:40:13.716   479   479 D PowerHAL: Enter devfreq_ddr_set: enable:0, duration: 0, /sys/class/devfreq/scene-frequency/sprd-governor/scene_boost_dfs: max
07-20 12:40:13.716   479   479 D PowerHAL: ###Exit launch scene end###
07-20 12:40:13.717   455   461 E statsd  : Predicate 5980654721335871649 dropping data for dimension key (10)0x2010101->10225[I] (10)0x30000->*launch*[S]
07-20 12:40:13.717   816   894 I SurfaceControl: release : mNativeObject = 3534421856 - Surface(name=Surface(name=7d2723e Splash Screen com.example.dogglers)/@0xd26fa1c - animation-leash)/@0x1e00fe5 / android.view.SurfaceControl$Transaction.remove:3169 com.android.server.wm.SurfaceAnimator.removeLeash:418 com.android.server.wm.SurfaceAnimator.reset:384 com.android.server.wm.SurfaceAnimator.lambda$getFinishedCallback$0$SurfaceAnimator:111
07-20 12:40:13.720   816   894 I SurfaceControl: release : mNativeObject = 3274162560 - Surface(name=Splash Screen com.example.dogglers)/@0xe9df174 / android.view.SurfaceControl$Transaction.remove:3169 com.android.server.wm.WindowSurfaceController.destroyNotInTransaction:218 com.android.server.wm.WindowStateAnimator.destroySurface:1603 com.android.server.wm.WindowStateAnimator.destroySurfaceLocked:638
07-20 12:40:13.721   507   542 I Layer   : id=98238 removeFromCurrentState Splash Screen com.example.dogglers#0 (60)
07-20 12:40:13.722   816   894 I SurfaceControl: release : mNativeObject = 3274162528 - Surface(name=7d2723e Splash Screen com.example.dogglers)/@0xd26fa1c / android.view.SurfaceControl$Transaction.remove:3169 com.android.server.wm.WindowContainer.removeImmediately:607 com.android.server.wm.WindowState.removeImmediately:2199 com.android.server.wm.WindowState.destroySurface:3326
07-20 12:40:13.725   507   979 I Layer   : id=98237 removeFromCurrentState 7d2723e Splash Screen com.example.dogglers#0 (60)
07-20 12:40:13.725   507   979 I Layer   : id=98247 removeFromCurrentState Surface(name=7d2723e Splash Screen com.example.dogglers)/@0xd26fa1c - animation-leash#0 (60)
07-20 12:40:13.733   507   507 I Layer   : id=98247[1] Destroyed Surface(name=7d2723e Splash Screen com.example.dogglers)/@0xd26fa1c - animation-leash#0
07-20 12:40:13.733   507   507 I Layer   : id=98237[1] Destroyed 7d2723e Splash Screen com.example.dogglers#0
07-20 12:40:13.734   471   532 D IMGGralloc: Gralloc Free  w:720, h:1600, f:0x1, usage:0x966, ui64Stamp:3273056 line = 2441
07-20 12:40:13.735   471   532 D IMGGralloc: Gralloc Free  w:720, h:1600, f:0x1, usage:0x966, ui64Stamp:3273070 line = 2441
07-20 12:40:13.735   507   507 D IMGGralloc: Gralloc Free  w:720, h:1600, f:0x1, usage:0x966, ui64Stamp:3273070 line = 2441
07-20 12:40:13.737   507   507 I Layer   : id=98238[1] Destroyed Splash Screen com.example.dogglers#0
07-20 12:40:13.738   471   532 D IMGGralloc: Gralloc Register  w:720, h:1600, f:0x1, usage:0xb00, ui64Stamp:3273087, sSize:4608000, line = 2335
07-20 12:40:13.740   507   507 D SurfaceFlinger: Display 0 HWC layers:
07-20 12:40:13.740   507   507 D SurfaceFlinger:      DEVICE | 0xed754ac0 | 0002 | RGBA_8888    |    0.0    0.0  720.0 1600.0 |    0    0  720 1600 | com.example.dogglers/com.example.dogglers.MainActivity#0
07-20 12:40:13.740   507   507 D SurfaceFlinger:      DEVICE | 0xed755e20 | 0000 | RGBA_8888    |    0.0    0.0  720.0   45.0 |    0    0  720   45 | StatusBar#0
07-20 12:40:13.740   507   507 D SurfaceFlinger:      DEVICE | 0xed7543e0 | 0000 | RGBA_8888    |    0.0    0.0  720.0   96.0 |    0 1504  720 1600 | NavigationBar0#0
07-20 12:40:13.740   507   507 D SurfaceFlinger:
07-20 12:40:13.741   816   958 I InputDispatcher: Delivering touch to (22314): action: 0x1, f=0x1, d=0, '561b67c', t=1
07-20 12:40:13.747   507   979 I SurfaceFlinger: id=98249 createSurf (0x0),-1 flag=80004, ActivityRecord{94be712 u0 com.example.dogglers/.GridListActivity#0
07-20 12:40:13.748   479   479 D PowerHAL: ###Enter launch scene bgn###
07-20 12:40:13.748   479   479 D PowerHAL: Enter common_set_for_release_when_close: enable:1, duration: 0, /dev/cluster0_freq_max: 124F80
07-20 12:40:13.748   479   479 D PowerHAL: Enter common_set_for_release_when_close: enable:1, duration: 0, /dev/cluster0_freq_min: 124F80
07-20 12:40:13.748   479   479 D PowerHAL: Set /dev/cluster0_freq_min: 124F80
07-20 12:40:13.748   479   479 D PowerHAL: Enter common_set_for_release_when_close: enable:1, duration: 0, /dev/cluster1_freq_max: 186A00
07-20 12:40:13.749   479   479 D PowerHAL: Enter common_set_for_release_when_close: enable:1, duration: 0, /dev/cluster1_freq_min: 186A00
07-20 12:40:13.749   479   479 D PowerHAL: Set /dev/cluster1_freq_min: 186A00
07-20 12:40:13.749   479   479 D PowerHAL: Enter devfreq_ddr_set: enable:1, duration: 0, /sys/class/devfreq/scene-frequency/sprd-governor/scene_boost_dfs: max
07-20 12:40:13.749   479   479 D PowerHAL: ###Enter launch scene end###
07-20 12:40:13.750   455   461 E statsd  : Predicate 5980654721335871649 dropping data for dimension key (10)0x2010101->10225[I] (10)0x30000->*launch*[S]
07-20 12:40:13.764 22314 22314 D LifecycleMonitor: Lifecycle status change: com.example.dogglers.MainActivity@74aeaf6 in: PAUSED
07-20 12:40:13.764 22314 22314 V ActivityScenario: Update currentActivityStage to PAUSED, currentActivity=com.example.dogglers.MainActivity@74aeaf6
07-20 12:40:13.789 22314 22314 D LifecycleMonitor: Lifecycle status change: com.example.dogglers.GridListActivity@6c9bb8f in: PRE_ON_CREATE
07-20 12:40:13.790 22314 22314 V ActivityScenario: Activity lifecycle changed event received but ignored because the intent does not match. startActivityIntent=Intent { act=android.intent.action.MAIN cat=[android.intent.category.LAUNCHER] cmp=com.example.dogglers/.MainActivity }, activity.getIntent()=Intent { cmp=com.example.dogglers/.GridListActivity }, activity=com.example.dogglers.GridListActivity@6c9bb8f
07-20 12:40:13.857 22314 22314 D LifecycleMonitor: Lifecycle status change: com.example.dogglers.GridListActivity@6c9bb8f in: CREATED
07-20 12:40:13.858 22314 22314 V ActivityScenario: Activity lifecycle changed event received but ignored because the intent does not match. startActivityIntent=Intent { act=android.intent.action.MAIN cat=[android.intent.category.LAUNCHER] cmp=com.example.dogglers/.MainActivity }, activity.getIntent()=Intent { cmp=com.example.dogglers/.GridListActivity }, activity=com.example.dogglers.GridListActivity@6c9bb8f
07-20 12:40:13.862 22314 22314 D LifecycleMonitor: Lifecycle status change: com.example.dogglers.GridListActivity@6c9bb8f in: STARTED
07-20 12:40:13.863 22314 22314 V ActivityScenario: Activity lifecycle changed event received but ignored because the intent does not match. startActivityIntent=Intent { act=android.intent.action.MAIN cat=[android.intent.category.LAUNCHER] cmp=com.example.dogglers/.MainActivity }, activity.getIntent()=Intent { cmp=com.example.dogglers/.GridListActivity }, activity=com.example.dogglers.GridListActivity@6c9bb8f
07-20 12:40:13.866 22314 22314 D LifecycleMonitor: Lifecycle status change: com.example.dogglers.GridListActivity@6c9bb8f in: RESUMED
07-20 12:40:13.867 22314 22314 V ActivityScenario: Activity lifecycle changed event received but ignored because the intent does not match. startActivityIntent=Intent { act=android.intent.action.MAIN cat=[android.intent.category.LAUNCHER] cmp=com.example.dogglers/.MainActivity }, activity.getIntent()=Intent { cmp=com.example.dogglers/.GridListActivity }, activity=com.example.dogglers.GridListActivity@6c9bb8f
07-20 12:40:13.876   507   979 I SurfaceFlinger: id=98250 createSurf (0x0),-1 flag=80004, b29bf99 com.example.dogglers/com.example.dogglers.GridListActivity#0
07-20 12:40:13.880 22314 22314 I InputTransport: Create ARC handle: 0xe58a08e0
07-20 12:40:13.880 22314 22314 E libc    : Access denied finding property "ro.vendor.input.resample_latency_ms"
07-20 12:40:13.898   816  7155 V WindowManager: Relayout Window{b29bf99 u0 com.example.dogglers/com.example.dogglers.GridListActivity}: viewVisibility=0 req=720x1600
07-20 12:40:13.901   507   979 I SurfaceFlinger: id=98251 createSurf (720x1600),1 flag=404, com.example.dogglers/com.example.dogglers.GridListActivity#0
07-20 12:40:13.903   816  7155 I SurfaceControl: release : mNativeObject = 3267709152 - Surface(name=Surface(name=7580301 StatusBar)/@0xfd83951 - animation-leash)/@0x5e38cfe / android.view.SurfaceControl$Transaction.remove:3169 com.android.server.wm.SurfaceAnimator.cancelAnimation:365 com.android.server.wm.SurfaceAnimator.startAnimation:161 com.android.server.wm.WindowContainer.startAnimation:2127
07-20 12:40:13.904   507   970 I SurfaceFlinger: id=98252 createSurf (0x0),-1 flag=24000, Surface(name=7580301 StatusBar)/@0xfd83951 - animation-leash#0
07-20 12:40:13.905   816  7155 I SurfaceControl: release : mNativeObject = 3267709344 - Surface(name=Surface(name=496386c NavigationBar0)/@0xb856353 - animation-leash)/@0x4775f75 / android.view.SurfaceControl$Transaction.remove:3169 com.android.server.wm.SurfaceAnimator.cancelAnimation:365 com.android.server.wm.SurfaceAnimator.startAnimation:161 com.android.server.wm.WindowContainer.startAnimation:2127
07-20 12:40:13.905   507   970 I SurfaceFlinger: id=98253 createSurf (0x0),-1 flag=24000, Surface(name=496386c NavigationBar0)/@0xb856353 - animation-leash#1
07-20 12:40:13.909   816  7155 V WindowManager: Relayout hash=b29bf99, pid=22314: mAttrs={(0,0)(fillxfill) sim={adjust=resize forwardNavigation} ty=BASE_APPLICATION wanim=0x1030304
07-20 12:40:13.909   816  7155 V WindowManager:   fl=81810100
07-20 12:40:13.909   816  7155 V WindowManager:   pfl=12020000
07-20 12:40:13.909   816  7155 V WindowManager:   fitSides=}
07-20 12:40:13.909   816  7155 I SurfaceControl: release : mNativeObject = 3274162560 - Surface(name=com.example.dogglers/com.example.dogglers.GridListActivity)/@0x53775b / android.view.SurfaceControl.writeToParcel:1094 android.view.IWindowSession$Stub.onTransact:894 com.android.server.wm.Session.onTransact:139 android.os.Binder.execTransactInternal:1154
07-20 12:40:13.916 22314 22346 D OpenGLRenderer: eglCreateWindowSurface : 0xef62c680
07-20 12:40:13.917   507   979 I Layer   : id=98246 removeFromCurrentState Surface(name=496386c NavigationBar0)/@0xb856353 - animation-leash#0 (62)
07-20 12:40:13.917   507   979 I Layer   : id=27 removeFromCurrentState 496386c NavigationBar0#0 (62)
07-20 12:40:13.917   507   979 I Layer   : id=39 removeFromCurrentState NavigationBar0#0 (62)
07-20 12:40:13.917   507   979 I Layer   : id=98245 removeFromCurrentState Surface(name=7580301 StatusBar)/@0xfd83951 - animation-leash#1 (62)
07-20 12:40:13.921   470   470 D IMGGralloc: GBuffer--------------(*format)=1
07-20 12:40:13.921   470   470 D IMGGralloc: Gralloc alloc start  w:720, h:1600, f:0x1, usage:0x900, line = 1643
07-20 12:40:13.922   470   470 D IMGGralloc: Gralloc Alloc end  w:720, h:1600, f:0x1, usage:0x900, handle:0xeba763c0, ui64Stamp:3273102, sSize:4608000, line = 2047
07-20 12:40:13.922   470   470 D IMGGralloc: Gralloc Free  w:720, h:1600, f:0x1, usage:0x900, ui64Stamp:3273102 line = 2441
07-20 12:40:13.923   507   970 D IMGGralloc: Gralloc Register  w:720, h:1600, f:0x1, usage:0x900, ui64Stamp:3273102, sSize:4608000, line = 2335
07-20 12:40:13.923   470   470 D IMGGralloc: GBuffer--------------(*format)=1
07-20 12:40:13.923   470   470 D IMGGralloc: Gralloc alloc start  w:720, h:1600, f:0x1, usage:0x900, line = 1643
07-20 12:40:13.926   470   470 D IMGGralloc: Gralloc Alloc end  w:720, h:1600, f:0x1, usage:0x900, handle:0xeba763c0, ui64Stamp:3273106, sSize:4608000, line = 2047
07-20 12:40:13.926   470   470 D IMGGralloc: Gralloc Free  w:720, h:1600, f:0x1, usage:0x900, ui64Stamp:3273106 line = 2441
07-20 12:40:13.927   507   970 D IMGGralloc: Gralloc Register  w:720, h:1600, f:0x1, usage:0x900, ui64Stamp:3273106, sSize:4608000, line = 2335
07-20 12:40:13.927   470   470 D IMGGralloc: GBuffer--------------(*format)=1
07-20 12:40:13.927   470   470 D IMGGralloc: Gralloc alloc start  w:720, h:1600, f:0x1, usage:0x900, line = 1643
07-20 12:40:13.929   470   470 D IMGGralloc: Gralloc Alloc end  w:720, h:1600, f:0x1, usage:0x900, handle:0xeba763c0, ui64Stamp:3273110, sSize:4608000, line = 2047
07-20 12:40:13.929   470   470 D IMGGralloc: Gralloc Free  w:720, h:1600, f:0x1, usage:0x900, ui64Stamp:3273110 line = 2441
07-20 12:40:13.930   507   970 D IMGGralloc: Gralloc Register  w:720, h:1600, f:0x1, usage:0x900, ui64Stamp:3273110, sSize:4608000, line = 2335
07-20 12:40:13.930   507   542 D IMGGralloc: Gralloc Free  w:720, h:1600, f:0x1, usage:0x900, ui64Stamp:3273110 line = 2441
07-20 12:40:13.931   470   470 D IMGGralloc: GBuffer--------------(*format)=1
07-20 12:40:13.931   470   470 D IMGGralloc: Gralloc alloc start  w:720, h:1600, f:0x1, usage:0xb00, line = 1643
07-20 12:40:13.933   507   507 I SurfaceFlinger: SF-Update,layer=com.example.dogglers/com.example.dogglers.GridListActivity#0,name=Window{b29bf99 u0 com.example.dogglers/com.example.dogglers.GridListActivity},token=0xed1230f0,id=98251 dirty=1,inputChanged=0,syncInput=0,visible=0,paused=0,portal=-1,param=0x81810120,feature=0x0
07-20 12:40:13.933   470   470 D IMGGralloc: Gralloc Alloc end  w:720, h:1600, f:0x1, usage:0xb00, handle:0xeba763c0, ui64Stamp:3273114, sSize:4608000, line = 2047
07-20 12:40:13.933   470   470 D IMGGralloc: Gralloc Free  w:720, h:1600, f:0x1, usage:0xb00, ui64Stamp:3273114 line = 2441
07-20 12:40:13.934   507   542 D IMGGralloc: Gralloc Register  w:720, h:1600, f:0x1, usage:0xb00, ui64Stamp:3273114, sSize:4608000, line = 2335
07-20 12:40:13.934 22314 22346 D IMGGralloc: Gralloc Register  w:720, h:1600, f:0x1, usage:0xb00, ui64Stamp:3273114, sSize:4608000, line = 2335
07-20 12:40:13.949   507   542 I SurfaceFlinger: id=98254 createSurf (0x0),-1 flag=24000, Surface(name=ActivityRecord{aac078f u0 com.example.dogglers/.MainActivity)/@0x2416547 - animation-leash#0
07-20 12:40:13.951   507   542 I SurfaceFlinger: id=98255 createSurf (0x0),-1 flag=80004, Surface(name=ActivityRecord{aac078f u0 com.example.dogglers/.MainActivity)/@0x2416547 - animation-bounds#0
07-20 12:40:13.953   507   970 I SurfaceFlinger: id=98256 createSurf (0x0),-1 flag=24004, Surface(name=ActivityRecord{94be712 u0 com.example.dogglers/.GridListActivity)/@0x45a9fa4 - animation-leash#0
07-20 12:40:13.954   507   970 I SurfaceFlinger: id=98257 createSurf (0x0),-1 flag=80004, Surface(name=ActivityRecord{94be712 u0 com.example.dogglers/.GridListActivity)/@0x45a9fa4 - animation-bounds#0
07-20 12:40:13.956   816   898 I ActivityTaskManager: Displayed com.example.dogglers/.GridListActivity: +210ms
07-20 12:40:13.966   479   479 D PowerHAL: ###Enter interaction_other scene bgn###
07-20 12:40:13.966   479   479 D PowerHAL: Enter common_set_for_release_when_close: enable:1, duration: 500, /dev/cluster0_freq_max: 124F80
07-20 12:40:13.966   479   479 D PowerHAL: Enter common_set_for_release_when_close: enable:1, duration: 500, /dev/cluster0_freq_min: F4240
07-20 12:40:13.966   479   479 D PowerHAL: Enter common_set_for_release_when_close: enable:1, duration: 500, /dev/cluster1_freq_max: 186A00
07-20 12:40:13.967   479   479 D PowerHAL: Enter common_set_for_release_when_close: enable:1, duration: 500, /dev/cluster1_freq_min: 12B128
07-20 12:40:13.967   479   479 D PowerHAL: Enter devfreq_ddr_set: enable:1, duration: 500, /sys/class/devfreq/scene-frequency/sprd-governor/scene_boost_dfs: max
07-20 12:40:13.967   479   479 D PowerHAL: ###Enter interaction_other scene end###
07-20 12:40:13.974   507   970 D IMGGralloc: Gralloc Free  w:720, h:1600, f:0x1, usage:0x900, ui64Stamp:3273106 line = 2441
07-20 12:40:13.974   470   470 D IMGGralloc: GBuffer--------------(*format)=1
07-20 12:40:13.974   470   470 D IMGGralloc: Gralloc alloc start  w:720, h:1600, f:0x1, usage:0xb00, line = 1643
07-20 12:40:13.977   470   470 D IMGGralloc: Gralloc Alloc end  w:720, h:1600, f:0x1, usage:0xb00, handle:0xeba763c0, ui64Stamp:3273123, sSize:4608000, line = 2047
07-20 12:40:13.978   470   470 D IMGGralloc: Gralloc Free  w:720, h:1600, f:0x1, usage:0xb00, ui64Stamp:3273123 line = 2441
07-20 12:40:13.978   507   970 D IMGGralloc: Gralloc Register  w:720, h:1600, f:0x1, usage:0xb00, ui64Stamp:3273123, sSize:4608000, line = 2335
07-20 12:40:13.979 22314 22346 D IMGGralloc: Gralloc Register  w:720, h:1600, f:0x1, usage:0xb00, ui64Stamp:3273123, sSize:4608000, line = 2335
07-20 12:40:13.996 22314 22314 I SurfaceControl: release : mNativeObject = 3534358592 - Surface(name=Surface(name=34a1f20 InputMethod)/@0x63c1a9e - animation-leash)/@0x2adf950 / android.view.-$$Lambda$Rl1VZmNJ0VZDLK0BAbaVGis0rrA.accept:2 android.view.InsetsSourceControl.release:170 android.view.InsetsSourceConsumer.setControl:193 android.view.ImeInsetsSourceConsumer.setControl:151
07-20 12:40:13.997 22314 22314 I SurfaceControl: release : mNativeObject = 3534358528 - Surface(name=Surface(name=496386c NavigationBar0)/@0xb856353 - animation-leash)/@0x9e9b749 / android.view.-$$Lambda$Rl1VZmNJ0VZDLK0BAbaVGis0rrA.accept:2 android.view.InsetsSourceControl.release:170 android.view.InsetsSourceConsumer.setControl:193 android.view.InsetsController.onControlsChanged:794
07-20 12:40:13.998 22314 22314 I SurfaceControl: release : mNativeObject = 3534358304 - Surface(name=Surface(name=7580301 StatusBar)/@0xfd83951 - animation-leash)/@0x9d1784e / android.view.-$$Lambda$Rl1VZmNJ0VZDLK0BAbaVGis0rrA.accept:2 android.view.InsetsSourceControl.release:170 android.view.InsetsSourceConsumer.setControl:193 android.view.InsetsController.onControlsChanged:794
07-20 12:40:13.998   507   507 I Layer   : id=98246[1] Destroyed Surface(name=496386c NavigationBar0)/@0xb856353 - animation-leash#0
07-20 12:40:14.000 22314 22314 D InputMethodManager: prepareNavigationBarInfo() DecorView@b2c2d6f[GridListActivity]
07-20 12:40:14.000 22314 22314 D InputMethodManager: getNavigationBarColor() -16777216
07-20 12:40:14.006   816  5530 I SurfaceControl: release : mNativeObject = 3176090752 - Surface(name=Surface(name=34a1f20 InputMethod)/@0x63c1a9e - animation-leash)/@0x386c561 / android.view.SurfaceControl$Transaction.remove:3169 com.android.server.wm.SurfaceAnimator.cancelAnimation:365 com.android.server.wm.SurfaceAnimator.startAnimation:161 com.android.server.wm.WindowContainer.startAnimation:2127
07-20 12:40:14.007   507   970 I SurfaceFlinger: id=98258 createSurf (0x0),-1 flag=24004, Surface(name=34a1f20 InputMethod)/@0x63c1a9e - animation-leash#1
07-20 12:40:14.008 13023 13023 I GoogleInputMethodService: GoogleInputMethodService.onFinishInput():3220
07-20 12:40:14.009   479   479 D PowerHAL: ###Exit launch scene bgn###
07-20 12:40:14.009   479   479 D PowerHAL: Enter common_set_for_release_when_close: enable:0, duration: 0, /dev/cluster0_freq_max: 124F80
07-20 12:40:14.009   479   479 D PowerHAL: Enter common_set_for_release_when_close: enable:0, duration: 0, /dev/cluster0_freq_min: 124F80
07-20 12:40:14.009   479   479 D PowerHAL: Set /dev/cluster0_freq_min: F4240
07-20 12:40:14.010 13023 13023 I GoogleInputMethodService: GoogleInputMethodService.updateDeviceLockedStatus():2116 checkRepeatedly = false, unlocked = true
07-20 12:40:14.010   479   479 D PowerHAL: Enter common_set_for_release_when_close: enable:0, duration: 0, /dev/cluster1_freq_max: 186A00
07-20 12:40:14.010 13023 13023 I GoogleInputMethodService: GoogleInputMethodService.onStartInput():1923 onStartInput(EditorInfo{inputType=0x0(NULL) imeOptions=0x0 privateImeOptions=null actionName=UNSPECIFIED actionLabel=null actionId=0 initialSelStart=-1 initialSelEnd=-1 initialCapsMode=0x0 hintText=null label=null packageName=com.example.dogglers fieldId=-1 fieldName=null extras=Bundle[EMPTY_PARCEL]}, false)
07-20 12:40:14.010   479   479 D PowerHAL: Enter common_set_for_release_when_close: enable:0, duration: 0, /dev/cluster1_freq_min: 186A00
07-20 12:40:14.010   455   461 E statsd  : Predicate 5980654721335871649 dropping data for dimension key (10)0x2010101->10225[I] (10)0x30000->*launch*[S]
07-20 12:40:14.010   479   479 D PowerHAL: Set /dev/cluster1_freq_min: 12B128
07-20 12:40:14.010   479   479 D PowerHAL: Enter devfreq_ddr_set: enable:0, duration: 0, /sys/class/devfreq/scene-frequency/sprd-governor/scene_boost_dfs: max
07-20 12:40:14.010   479   479 D PowerHAL: ###Exit launch scene end###
07-20 12:40:14.011 13023 13023 I GoogleInputMethodService: GoogleInputMethodService.updateDeviceLockedStatus():2116 checkRepeatedly = true, unlocked = true
07-20 12:40:14.015   507   507 I Layer   : id=98245[1] Destroyed Surface(name=7580301 StatusBar)/@0xfd83951 - animation-leash#1
07-20 12:40:14.016   507   970 I Layer   : id=98248 removeFromCurrentState Surface(name=34a1f20 InputMethod)/@0x63c1a9e - animation-leash#0 (65)
07-20 12:40:14.018 22314 22314 I SurfaceControl: release : mNativeObject = 3534359072 - Surface(name=Surface(name=34a1f20 InputMethod)/@0x63c1a9e - animation-leash)/@0xa8d7f05 / android.view.-$$Lambda$Rl1VZmNJ0VZDLK0BAbaVGis0rrA.accept:2 android.view.InsetsSourceControl.release:170 android.view.InsetsSourceConsumer.setControl:193 android.view.ImeInsetsSourceConsumer.setControl:151
07-20 12:40:14.020   816  7155 D InputMethodManagerService: isImeSwitcherDisabledPackage : false
07-20 12:40:14.021 22314 22314 I SurfaceControl: release : mNativeObject = 3534359136 - Surface(name=Surface(name=496386c NavigationBar0)/@0xb856353 - animation-leash)/@0x178318b / android.view.-$$Lambda$Rl1VZmNJ0VZDLK0BAbaVGis0rrA.accept:2 android.view.InsetsSourceControl.release:170 android.view.InsetsSourceConsumer.setControl:193 android.view.InsetsController.onControlsChanged:794
07-20 12:40:14.021 22314 22314 I SurfaceControl: release : mNativeObject = 3534358976 - Surface(name=Surface(name=7580301 StatusBar)/@0xfd83951 - animation-leash)/@0xbc7a268 / android.view.-$$Lambda$Rl1VZmNJ0VZDLK0BAbaVGis0rrA.accept:2 android.view.InsetsSourceControl.release:170 android.view.InsetsSourceConsumer.setControl:193 android.view.InsetsController.onControlsChanged:794
07-20 12:40:14.031   507   507 I Layer   : id=98248[1] Destroyed Surface(name=34a1f20 InputMethod)/@0x63c1a9e - animation-leash#0
07-20 12:40:14.034   471   532 D IMGGralloc: Gralloc Register  w:720, h:1600, f:0x1, usage:0xb00, ui64Stamp:3273123, sSize:4608000, line = 2335
07-20 12:40:14.036   507   507 D SurfaceFlinger: Display 0 HWC layers:
07-20 12:40:14.036   507   507 D SurfaceFlinger:      DEVICE | 0xed753bc0 | 0002 | RGBA_8888    |    7.0   15.0  713.0 1585.0 |    0    0  720 1600 | com.example.dogglers/com.example.dogglers.MainActivity#0
07-20 12:40:14.036   507   507 D SurfaceFlinger:      DEVICE | 0xed754f20 | 0002 | RGBA_8888    |    0.0    0.0  720.0 1600.0 |   33   74  687 1526 | com.example.dogglers/com.example.dogglers.GridListActivity#0
07-20 12:40:14.036   507   507 D SurfaceFlinger:      DEVICE | 0xed755e20 | 0000 | RGBA_8888    |    0.0    0.0  720.0   45.0 |    0    0  720   45 | StatusBar#0
07-20 12:40:14.036   507   507 D SurfaceFlinger:      DEVICE | 0xed7543e0 | 0000 | RGBA_8888    |    0.0    0.0  720.0   96.0 |    0 1504  720 1600 | NavigationBar0#0
07-20 12:40:14.036   507   507 D SurfaceFlinger:
07-20 12:40:14.164   507   507 I SurfaceFlinger: SFWD update time=748134568949699
07-20 12:40:14.229 22314 22314 I ViewInteraction: Checking 'MatchesViewAssertion{viewMatcher=(view has effective visibility <VISIBLE> and view.getGlobalVisibleRect() to return non-empty rectangle)}' assertion on view view.getId() is <2131230937/com.example.dogglers:id/grid_recycler_view>
07-20 12:40:14.241   507   970 I SurfaceFlinger: id=98259 createSurf (0x0),-1 flag=80004, ActivityRecord{71ced4b u0 com.example.dogglers/androidx.test.core.app.InstrumentationActivityInvoker$EmptyActivity#0
07-20 12:40:14.242   479   479 D PowerHAL: ###Enter launch scene bgn###
07-20 12:40:14.242   479   479 D PowerHAL: Enter common_set_for_release_when_close: enable:1, duration: 0, /dev/cluster0_freq_max: 124F80
07-20 12:40:14.242   479   479 D PowerHAL: Enter common_set_for_release_when_close: enable:1, duration: 0, /dev/cluster0_freq_min: 124F80
07-20 12:40:14.242   479   479 D PowerHAL: Set /dev/cluster0_freq_min: 124F80
07-20 12:40:14.243   479   479 D PowerHAL: Enter common_set_for_release_when_close: enable:1, duration: 0, /dev/cluster1_freq_max: 186A00
07-20 12:40:14.243   479   479 D PowerHAL: Enter common_set_for_release_when_close: enable:1, duration: 0, /dev/cluster1_freq_min: 186A00
07-20 12:40:14.243   479   479 D PowerHAL: Set /dev/cluster1_freq_min: 186A00
07-20 12:40:14.243   479   479 D PowerHAL: Enter devfreq_ddr_set: enable:1, duration: 0, /sys/class/devfreq/scene-frequency/sprd-governor/scene_boost_dfs: max
07-20 12:40:14.243   479   479 D PowerHAL: ###Enter launch scene end###
07-20 12:40:14.244   455   461 E statsd  : Predicate 5980654721335871649 dropping data for dimension key (10)0x2010101->10225[I] (10)0x30000->*launch*[S]
07-20 12:40:14.250 22314 22314 D LifecycleMonitor: Lifecycle status change: com.example.dogglers.GridListActivity@6c9bb8f in: PAUSED
07-20 12:40:14.251 22314 22314 V ActivityScenario: Activity lifecycle changed event received but ignored because the intent does not match. startActivityIntent=Intent { act=android.intent.action.MAIN cat=[android.intent.category.LAUNCHER] cmp=com.example.dogglers/.MainActivity }, activity.getIntent()=Intent { cmp=com.example.dogglers/.GridListActivity }, activity=com.example.dogglers.GridListActivity@6c9bb8f
07-20 12:40:14.271 22314 22314 D LifecycleMonitor: Lifecycle status change: androidx.test.core.app.InstrumentationActivityInvoker$EmptyActivity@d5189bd in: PRE_ON_CREATE
07-20 12:40:14.272 22314 22314 V ActivityScenario: Activity lifecycle changed event received but ignored because the intent does not match. startActivityIntent=Intent { act=android.intent.action.MAIN cat=[android.intent.category.LAUNCHER] cmp=com.example.dogglers/.MainActivity }, activity.getIntent()=Intent { act=android.intent.action.MAIN cat=[android.intent.category.LAUNCHER] flg=0x10000000 cmp=com.example.dogglers/androidx.test.core.app.InstrumentationActivityInvoker$EmptyActivity }, activity=androidx.test.core.app.InstrumentationActivityInvoker$EmptyActivity@d5189bd
07-20 12:40:14.288 22314 22314 D LifecycleMonitor: Lifecycle status change: androidx.test.core.app.InstrumentationActivityInvoker$EmptyActivity@d5189bd in: CREATED
07-20 12:40:14.288 22314 22314 V ActivityScenario: Activity lifecycle changed event received but ignored because the intent does not match. startActivityIntent=Intent { act=android.intent.action.MAIN cat=[android.intent.category.LAUNCHER] cmp=com.example.dogglers/.MainActivity }, activity.getIntent()=Intent { act=android.intent.action.MAIN cat=[android.intent.category.LAUNCHER] flg=0x10000000 cmp=com.example.dogglers/androidx.test.core.app.InstrumentationActivityInvoker$EmptyActivity }, activity=androidx.test.core.app.InstrumentationActivityInvoker$EmptyActivity@d5189bd
07-20 12:40:14.292 22314 22314 D LifecycleMonitor: Lifecycle status change: androidx.test.core.app.InstrumentationActivityInvoker$EmptyActivity@d5189bd in: STARTED
07-20 12:40:14.292 22314 22314 V ActivityScenario: Activity lifecycle changed event received but ignored because the intent does not match. startActivityIntent=Intent { act=android.intent.action.MAIN cat=[android.intent.category.LAUNCHER] cmp=com.example.dogglers/.MainActivity }, activity.getIntent()=Intent { act=android.intent.action.MAIN cat=[android.intent.category.LAUNCHER] flg=0x10000000 cmp=com.example.dogglers/androidx.test.core.app.InstrumentationActivityInvoker$EmptyActivity }, activity=androidx.test.core.app.InstrumentationActivityInvoker$EmptyActivity@d5189bd
07-20 12:40:14.295 22314 22314 D LifecycleMonitor: Lifecycle status change: androidx.test.core.app.InstrumentationActivityInvoker$EmptyActivity@d5189bd in: RESUMED
07-20 12:40:14.296 22314 22314 V ActivityScenario: Activity lifecycle changed event received but ignored because the intent does not match. startActivityIntent=Intent { act=android.intent.action.MAIN cat=[android.intent.category.LAUNCHER] cmp=com.example.dogglers/.MainActivity }, activity.getIntent()=Intent { act=android.intent.action.MAIN cat=[android.intent.category.LAUNCHER] flg=0x10000000 cmp=com.example.dogglers/androidx.test.core.app.InstrumentationActivityInvoker$EmptyActivity }, activity=androidx.test.core.app.InstrumentationActivityInvoker$EmptyActivity@d5189bd
07-20 12:40:14.305   507   970 I SurfaceFlinger: id=98260 createSurf (0x0),-1 flag=80004, f5a677d com.example.dogglers/androidx.test.core.app.InstrumentationActivityInvoker$EmptyActivity#0
07-20 12:40:14.309 22314 22314 I InputTransport: Create ARC handle: 0xe58a0cf0
07-20 12:40:14.310 22314 22314 E libc    : Access denied finding property "ro.vendor.input.resample_latency_ms"
07-20 12:40:14.314   471   532 D IMGGralloc: Gralloc Free  w:720, h:1600, f:0x1, usage:0xb00, ui64Stamp:3273095 line = 2441
07-20 12:40:14.315   471   532 D IMGGralloc: Gralloc Free  w:720, h:1600, f:0x1, usage:0xb00, ui64Stamp:3273091 line = 2441
07-20 12:40:14.315   471   532 D IMGGralloc: Gralloc Free  w:720, h:1600, f:0x1, usage:0xb00, ui64Stamp:3273087 line = 2441
07-20 12:40:14.317   507   507 D SurfaceFlinger: Display 0 HWC layers:
07-20 12:40:14.317   507   507 D SurfaceFlinger:      DEVICE | 0xed754f20 | 0002 | RGBA_8888    |    0.0    0.0  720.0 1600.0 |    0    0  720 1600 | com.example.dogglers/com.example.dogglers.GridListActivity#0
07-20 12:40:14.317   507   507 D SurfaceFlinger:      DEVICE | 0xed755e20 | 0000 | RGBA_8888    |    0.0    0.0  720.0   45.0 |    0    0  720   45 | StatusBar#0
07-20 12:40:14.317   507   507 D SurfaceFlinger:      DEVICE | 0xed7543e0 | 0000 | RGBA_8888    |    0.0    0.0  720.0   96.0 |    0 1504  720 1600 | NavigationBar0#0
07-20 12:40:14.317   507   507 D SurfaceFlinger:
07-20 12:40:14.322   816  6254 V WindowManager: Relayout Window{f5a677d u0 com.example.dogglers/androidx.test.core.app.InstrumentationActivityInvoker$EmptyActivity}: viewVisibility=0 req=720x1600
07-20 12:40:14.324   507   542 I SurfaceFlinger: id=98261 createSurf (720x1600),1 flag=404, com.example.dogglers/androidx.test.core.app.InstrumentationActivityInvoker$EmptyActivity#0
07-20 12:40:14.327   816  6254 I SurfaceControl: release : mNativeObject = 3274162976 - Surface(name=Surface(name=7580301 StatusBar)/@0xfd83951 - animation-leash)/@0x1f1fb0c / android.view.SurfaceControl$Transaction.remove:3169 com.android.server.wm.SurfaceAnimator.cancelAnimation:365 com.android.server.wm.SurfaceAnimator.startAnimation:161 com.android.server.wm.WindowContainer.startAnimation:2127
07-20 12:40:14.327   507   970 I SurfaceFlinger: id=98262 createSurf (0x0),-1 flag=24000, Surface(name=7580301 StatusBar)/@0xfd83951 - animation-leash#1
07-20 12:40:14.328   816  6254 I SurfaceControl: release : mNativeObject = 3274163040 - Surface(name=Surface(name=496386c NavigationBar0)/@0xb856353 - animation-leash)/@0x6b9466a / android.view.SurfaceControl$Transaction.remove:3169 com.android.server.wm.SurfaceAnimator.cancelAnimation:365 com.android.server.wm.SurfaceAnimator.startAnimation:161 com.android.server.wm.WindowContainer.startAnimation:2127
07-20 12:40:14.329   507   970 I SurfaceFlinger: id=98263 createSurf (0x0),-1 flag=24000, Surface(name=496386c NavigationBar0)/@0xb856353 - animation-leash#0
07-20 12:40:14.331   816  6254 V WindowManager: Relayout hash=f5a677d, pid=22314: mAttrs={(0,0)(fillxfill) sim={adjust=pan forwardNavigation} ty=BASE_APPLICATION wanim=0x1030001
07-20 12:40:14.331   816  6254 V WindowManager:   fl=1810100
07-20 12:40:14.331   816  6254 V WindowManager:   pfl=12020000
07-20 12:40:14.331   816  6254 V WindowManager:   fitSides=}
07-20 12:40:14.331   816  6254 I SurfaceControl: release : mNativeObject = 3267710272 - Surface(name=com.example.dogglers/androidx.test.core.app.InstrumentationActivityInvoker$EmptyActivity)/@0xa5401f / android.view.SurfaceControl.writeToParcel:1094 android.view.IWindowSession$Stub.onTransact:894 com.android.server.wm.Session.onTransact:139 android.os.Binder.execTransactInternal:1154
07-20 12:40:14.333   507   542 I Layer   : id=98252 removeFromCurrentState Surface(name=7580301 StatusBar)/@0xfd83951 - animation-leash#0 (69)
07-20 12:40:14.333   507   542 I Layer   : id=31 removeFromCurrentState 7580301 StatusBar#0 (69)
07-20 12:40:14.333   507   542 I Layer   : id=45 removeFromCurrentState StatusBar#0 (69)
07-20 12:40:14.333   507   542 I Layer   : id=98253 removeFromCurrentState Surface(name=496386c NavigationBar0)/@0xb856353 - animation-leash#1 (69)
07-20 12:40:14.337 22314 22346 D OpenGLRenderer: eglCreateWindowSurface : 0xef62d2e0
07-20 12:40:14.338   470   470 D IMGGralloc: GBuffer--------------(*format)=1
07-20 12:40:14.338   470   470 D IMGGralloc: Gralloc alloc start  w:720, h:1600, f:0x1, usage:0x900, line = 1643
07-20 12:40:14.340   470   470 D IMGGralloc: Gralloc Alloc end  w:720, h:1600, f:0x1, usage:0x900, handle:0xeba763c0, ui64Stamp:3273128, sSize:4608000, line = 2047
07-20 12:40:14.340   470   470 D IMGGralloc: Gralloc Free  w:720, h:1600, f:0x1, usage:0x900, ui64Stamp:3273128 line = 2441
07-20 12:40:14.341   507   970 D IMGGralloc: Gralloc Register  w:720, h:1600, f:0x1, usage:0x900, ui64Stamp:3273128, sSize:4608000, line = 2335
07-20 12:40:14.341   470   470 D IMGGralloc: GBuffer--------------(*format)=1
07-20 12:40:14.341   470   470 D IMGGralloc: Gralloc alloc start  w:720, h:1600, f:0x1, usage:0x900, line = 1643
07-20 12:40:14.343   470   470 D IMGGralloc: Gralloc Alloc end  w:720, h:1600, f:0x1, usage:0x900, handle:0xeba763c0, ui64Stamp:3273132, sSize:4608000, line = 2047
07-20 12:40:14.343   470   470 D IMGGralloc: Gralloc Free  w:720, h:1600, f:0x1, usage:0x900, ui64Stamp:3273132 line = 2441
07-20 12:40:14.344   507   970 D IMGGralloc: Gralloc Register  w:720, h:1600, f:0x1, usage:0x900, ui64Stamp:3273132, sSize:4608000, line = 2335
07-20 12:40:14.344   470   470 D IMGGralloc: GBuffer--------------(*format)=1
07-20 12:40:14.344   470   470 D IMGGralloc: Gralloc alloc start  w:720, h:1600, f:0x1, usage:0x900, line = 1643
07-20 12:40:14.344   507   542 D IMGGralloc: Gralloc Free  w:720, h:1600, f:0x1, usage:0x900, ui64Stamp:3273132 line = 2441
07-20 12:40:14.347   470   470 D IMGGralloc: Gralloc Alloc end  w:720, h:1600, f:0x1, usage:0x900, handle:0xeba763c0, ui64Stamp:3273136, sSize:4608000, line = 2047
07-20 12:40:14.347   470   470 D IMGGralloc: Gralloc Free  w:720, h:1600, f:0x1, usage:0x900, ui64Stamp:3273136 line = 2441
07-20 12:40:14.347   507   970 D IMGGralloc: Gralloc Register  w:720, h:1600, f:0x1, usage:0x900, ui64Stamp:3273136, sSize:4608000, line = 2335
07-20 12:40:14.347   470   470 D IMGGralloc: GBuffer--------------(*format)=1
07-20 12:40:14.347   470   470 D IMGGralloc: Gralloc alloc start  w:720, h:1600, f:0x1, usage:0xb00, line = 1643
07-20 12:40:14.348   507   507 I SurfaceFlinger: SF-Update,layer=com.example.dogglers/androidx.test.core.app.InstrumentationActivityInvoker$EmptyActivity#0,name=Window{f5a677d u0 com.example.dogglers/androidx.test.core.app.InstrumentationActivityInvoker$EmptyActivity},token=0xed20daf0,id=98261 dirty=1,inputChanged=0,syncInput=0,visible=0,paused=0,portal=-1,param=0x1810120,feature=0x0
07-20 12:40:14.349   470   470 D IMGGralloc: Gralloc Alloc end  w:720, h:1600, f:0x1, usage:0xb00, handle:0xeba763c0, ui64Stamp:3273140, sSize:4608000, line = 2047
07-20 12:40:14.349   470   470 D IMGGralloc: Gralloc Free  w:720, h:1600, f:0x1, usage:0xb00, ui64Stamp:3273140 line = 2441
07-20 12:40:14.350   507   542 D IMGGralloc: Gralloc Register  w:720, h:1600, f:0x1, usage:0xb00, ui64Stamp:3273140, sSize:4608000, line = 2335
07-20 12:40:14.350 22314 22346 D IMGGralloc: Gralloc Register  w:720, h:1600, f:0x1, usage:0xb00, ui64Stamp:3273140, sSize:4608000, line = 2335
07-20 12:40:14.359   816   898 I ActivityTaskManager: Displayed com.example.dogglers/androidx.test.core.app.InstrumentationActivityInvoker$EmptyActivity: +118ms
07-20 12:40:14.362 22314 22314 I SurfaceControl: release : mNativeObject = 3534358560 - Surface(name=Surface(name=34a1f20 InputMethod)/@0x63c1a9e - animation-leash)/@0xc9204b9 / android.view.-$$Lambda$Rl1VZmNJ0VZDLK0BAbaVGis0rrA.accept:2 android.view.InsetsSourceControl.release:170 android.view.InsetsSourceConsumer.setControl:193 android.view.ImeInsetsSourceConsumer.setControl:151
07-20 12:40:14.362 22314 22314 I SurfaceControl: release : mNativeObject = 3534358400 - Surface(name=Surface(name=496386c NavigationBar0)/@0xb856353 - animation-leash)/@0x7b290fe / android.view.-$$Lambda$Rl1VZmNJ0VZDLK0BAbaVGis0rrA.accept:2 android.view.InsetsSourceControl.release:170 android.view.InsetsSourceConsumer.setControl:193 android.view.InsetsController.onControlsChanged:794
07-20 12:40:14.363 22314 22314 I SurfaceControl: release : mNativeObject = 3534357664 - Surface(name=Surface(name=7580301 StatusBar)/@0xfd83951 - animation-leash)/@0x40e5aac / android.view.-$$Lambda$Rl1VZmNJ0VZDLK0BAbaVGis0rrA.accept:2 android.view.InsetsSourceControl.release:170 android.view.InsetsSourceConsumer.setControl:193 android.view.InsetsController.onControlsChanged:794
07-20 12:40:14.363   507   507 I Layer   : id=98253[1] Destroyed Surface(name=496386c NavigationBar0)/@0xb856353 - animation-leash#1
07-20 12:40:14.364   507   507 I Layer   : id=98252[1] Destroyed Surface(name=7580301 StatusBar)/@0xfd83951 - animation-leash#0
07-20 12:40:14.367   816   894 I SurfaceControl: release : mNativeObject = 3274162560 - Surface(name=Surface(name=ActivityRecord{aac078f u0 com.example.dogglers/.MainActivity)/@0x2416547 - animation-leash)/@0x51d5f36 / android.view.SurfaceControl$Transaction.remove:3169 com.android.server.wm.SurfaceAnimator.removeLeash:418 com.android.server.wm.SurfaceAnimator.reset:384 com.android.server.wm.SurfaceAnimator.lambda$getFinishedCallback$0$SurfaceAnimator:111
07-20 12:40:14.368   816   894 I SurfaceControl: release : mNativeObject = 3274162944 - Surface(name=Surface(name=ActivityRecord{aac078f u0 com.example.dogglers/.MainActivity)/@0x2416547 - animation-bounds)/@0xee7bf3b / android.view.SurfaceControl$Transaction.remove:3169 com.android.server.wm.ActivityRecord.onAnimationLeashLost:6368 com.android.server.wm.SurfaceAnimator.removeLeash:425 com.android.server.wm.SurfaceAnimator.reset:384
07-20 12:40:14.369   816   894 I SurfaceControl: release : mNativeObject = 3267708256 - Surface(name=Surface(name=ActivityRecord{94be712 u0 com.example.dogglers/.GridListActivity)/@0x45a9fa4 - animation-leash)/@0x412210d / android.view.SurfaceControl$Transaction.remove:3169 com.android.server.wm.SurfaceAnimator.removeLeash:418 com.android.server.wm.SurfaceAnimator.reset:384 com.android.server.wm.SurfaceAnimator.lambda$getFinishedCallback$0$SurfaceAnimator:111
07-20 12:40:14.370   816   894 I SurfaceControl: release : mNativeObject = 3267709152 - Surface(name=Surface(name=ActivityRecord{94be712 u0 com.example.dogglers/.GridListActivity)/@0x45a9fa4 - animation-bounds)/@0x7929658 / android.view.SurfaceControl$Transaction.remove:3169 com.android.server.wm.ActivityRecord.onAnimationLeashLost:6368 com.android.server.wm.SurfaceAnimator.removeLeash:425 com.android.server.wm.SurfaceAnimator.reset:384
07-20 12:40:14.372   507   542 I Layer   : id=98254 removeFromCurrentState Surface(name=ActivityRecord{aac078f u0 com.example.dogglers/.MainActivity)/@0x2416547 - animation-leash#0 (67)
07-20 12:40:14.372   507   542 I Layer   : id=98255 removeFromCurrentState Surface(name=ActivityRecord{aac078f u0 com.example.dogglers/.MainActivity)/@0x2416547 - animation-bounds#0 (67)
07-20 12:40:14.373   507   542 I Layer   : id=98257 removeFromCurrentState Surface(name=ActivityRecord{94be712 u0 com.example.dogglers/.GridListActivity)/@0x45a9fa4 - animation-bounds#0 (67)
07-20 12:40:14.373   507   542 I Layer   : id=98256 removeFromCurrentState Surface(name=ActivityRecord{94be712 u0 com.example.dogglers/.GridListActivity)/@0x45a9fa4 - animation-leash#0 (67)
07-20 12:40:14.373   507   542 I Layer   : id=98256 removeFromCurrentState Surface(name=ActivityRecord{94be712 u0 com.example.dogglers/.GridListActivity)/@0x45a9fa4 - animation-leash#0 (67)
07-20 12:40:14.380 22314 22314 D InputMethodManager: prepareNavigationBarInfo() DecorView@6c53375[InstrumentationActivityInvoker$EmptyActivity]
07-20 12:40:14.380   507   507 I Layer   : id=98255[1] Destroyed Surface(name=ActivityRecord{aac078f u0 com.example.dogglers/.MainActivity)/@0x2416547 - animation-bounds#0
07-20 12:40:14.380   507   507 I Layer   : id=98254[1] Destroyed Surface(name=ActivityRecord{aac078f u0 com.example.dogglers/.MainActivity)/@0x2416547 - animation-leash#0
07-20 12:40:14.380 22314 22314 D InputMethodManager: getNavigationBarColor() -16777216
07-20 12:40:14.380   507   507 I Layer   : id=98257[1] Destroyed Surface(name=ActivityRecord{94be712 u0 com.example.dogglers/.GridListActivity)/@0x45a9fa4 - animation-bounds#0
07-20 12:40:14.381   507   507 I Layer   : id=98256[1] Destroyed Surface(name=ActivityRecord{94be712 u0 com.example.dogglers/.GridListActivity)/@0x45a9fa4 - animation-leash#0
07-20 12:40:14.382   471   532 D IMGGralloc: Gralloc Free  w:720, h:1600, f:0x1, usage:0xb00, ui64Stamp:3273123 line = 2441
07-20 12:40:14.383   471   532 D IMGGralloc: Gralloc Register  w:720, h:1600, f:0x1, usage:0xb00, ui64Stamp:3273140, sSize:4608000, line = 2335
07-20 12:40:14.385   507   507 D SurfaceFlinger: Display 0 HWC layers:
07-20 12:40:14.385   507   507 D SurfaceFlinger:      DEVICE | 0xed15d640 | 0002 | RGBA_8888    |    0.0    0.0  720.0 1600.0 |    0    0  720 1600 | com.example.dogglers/androidx.test.c[...]ationActivityInvoker$EmptyActivity#0
07-20 12:40:14.385   507   507 D SurfaceFlinger:      DEVICE | 0xed755e20 | 0000 | RGBA_8888    |    0.0    0.0  720.0   45.0 |    0    0  720   45 | StatusBar#0
07-20 12:40:14.385   507   507 D SurfaceFlinger:      DEVICE | 0xed7543e0 | 0000 | RGBA_8888    |    0.0    0.0  720.0   96.0 |    0 1504  720 1600 | NavigationBar0#0
07-20 12:40:14.385   507   507 D SurfaceFlinger:
07-20 12:40:14.386   507   542 I SurfaceFlinger: id=98264 createSurf (0x0),-1 flag=80004, ActivityRecord{c6b4022 u0 com.example.dogglers/androidx.test.core.app.InstrumentationActivityInvoker$EmptyActivity#0
07-20 12:40:14.392   816  6254 I SurfaceControl: release : mNativeObject = 3267708736 - Surface(name=Surface(name=34a1f20 InputMethod)/@0x63c1a9e - animation-leash)/@0x7751f0e / android.view.SurfaceControl$Transaction.remove:3169 com.android.server.wm.SurfaceAnimator.cancelAnimation:365 com.android.server.wm.SurfaceAnimator.startAnimation:161 com.android.server.wm.WindowContainer.startAnimation:2127
07-20 12:40:14.392   507   542 I SurfaceFlinger: id=98265 createSurf (0x0),-1 flag=24004, Surface(name=34a1f20 InputMethod)/@0x63c1a9e - animation-leash#0
07-20 12:40:14.393 13023 13023 I GoogleInputMethodService: GoogleInputMethodService.onFinishInput():3220
07-20 12:40:14.394 22314 22314 D LifecycleMonitor: Lifecycle status change: androidx.test.core.app.InstrumentationActivityInvoker$BootstrapActivity@87854cc in: DESTROYED
07-20 12:40:14.394 13023 13023 I GoogleInputMethodService: GoogleInputMethodService.updateDeviceLockedStatus():2116 checkRepeatedly = false, unlocked = true
07-20 12:40:14.394 13023 13023 I GoogleInputMethodService: GoogleInputMethodService.onStartInput():1923 onStartInput(EditorInfo{inputType=0x0(NULL) imeOptions=0x0 privateImeOptions=null actionName=UNSPECIFIED actionLabel=null actionId=0 initialSelStart=-1 initialSelEnd=-1 initialCapsMode=0x0 hintText=null label=null packageName=com.example.dogglers fieldId=-1 fieldName=null extras=Bundle[EMPTY_PARCEL]}, false)
07-20 12:40:14.395 22314 22314 V ActivityScenario: Activity lifecycle changed event received but ignored because the intent does not match. startActivityIntent=Intent { act=android.intent.action.MAIN cat=[android.intent.category.LAUNCHER] cmp=com.example.dogglers/.MainActivity }, activity.getIntent()=Intent { act=android.intent.action.MAIN cat=[android.intent.category.LAUNCHER] flg=0x10008000 cmp=com.example.dogglers/androidx.test.core.app.InstrumentationActivityInvoker$BootstrapActivity (has extras) }, activity=androidx.test.core.app.InstrumentationActivityInvoker$BootstrapActivity@87854cc
07-20 12:40:14.395 13023 13023 I GoogleInputMethodService: GoogleInputMethodService.updateDeviceLockedStatus():2116 checkRepeatedly = true, unlocked = true
07-20 12:40:14.396   816  6254 I SurfaceControl: release : mNativeObject = 3317551904 - Surface(name=ActivityRecord{afefba7 u0 com.example.dogglers/androidx.test.core.app.InstrumentationActivityInvoker$BootstrapActivity)/@0x28b77e9 / android.view.SurfaceControl$Transaction.remove:3169 com.android.server.wm.WindowContainer.removeImmediately:607 com.android.server.wm.WindowToken.removeImmediately:392 com.android.server.wm.ActivityRecord.removeImmediately:3348
07-20 12:40:14.398   507   542 I Layer   : id=98258 removeFromCurrentState Surface(name=34a1f20 InputMethod)/@0x63c1a9e - animation-leash#1 (65)
07-20 12:40:14.398   507   542 I Layer   : id=98236 removeFromCurrentState ActivityRecord{afefba7 u0 com.example.dogglers/androidx.test.core.app.InstrumentationActivityInvoker$BootstrapActivity#0 (65)
07-20 12:40:14.399 22314 22314 I SurfaceControl: release : mNativeObject = 3534358816 - Surface(name=com.example.dogglers/com.example.dogglers.GridListActivity)/@0x5bc937b / android.view.ViewRootImpl.destroySurface:1890 android.view.ViewRootImpl.setWindowStopped:1773 android.view.WindowManagerGlobal.setStoppedState:672 android.app.Activity.performStop:8213
07-20 12:40:14.400 22314 22314 D LifecycleMonitor: Lifecycle status change: com.example.dogglers.GridListActivity@6c9bb8f in: STOPPED
07-20 12:40:14.400 22314 22314 V ActivityScenario: Activity lifecycle changed event received but ignored because the intent does not match. startActivityIntent=Intent { act=android.intent.action.MAIN cat=[android.intent.category.LAUNCHER] cmp=com.example.dogglers/.MainActivity }, activity.getIntent()=Intent { cmp=com.example.dogglers/.GridListActivity }, activity=com.example.dogglers.GridListActivity@6c9bb8f
07-20 12:40:14.406 22314 22314 I SurfaceControl: release : mNativeObject = 3534357440 - Surface(name=com.example.dogglers/com.example.dogglers.MainActivity)/@0x3f6ec57 / android.view.ViewRootImpl.destroySurface:1890 android.view.ViewRootImpl.setWindowStopped:1773 android.view.WindowManagerGlobal.setStoppedState:672 android.app.Activity.performStop:8213
07-20 12:40:14.407 22314 22314 D LifecycleMonitor: Lifecycle status change: com.example.dogglers.MainActivity@74aeaf6 in: STOPPED
07-20 12:40:14.407 22314 22314 V ActivityScenario: Update currentActivityStage to STOPPED, currentActivity=com.example.dogglers.MainActivity@74aeaf6
07-20 12:40:14.412 22314 22314 D LifecycleMonitor: Lifecycle status change: com.example.dogglers.MainActivity@74aeaf6 in: DESTROYED
07-20 12:40:14.412 22314 22314 V ActivityScenario: Update currentActivityStage to DESTROYED, currentActivity=null
07-20 12:40:14.413   507   507 I Layer   : id=98236[1] Destroyed ActivityRecord{afefba7 u0 com.example.dogglers/androidx.test.core.app.InstrumentationActivityInvoker$BootstrapActivity#0
07-20 12:40:14.416 22314 22346 D OpenGLRenderer: destroyEglSurface : 0xec8f7d00
07-20 12:40:14.418 22314 22346 D IMGGralloc: Gralloc Free  w:720, h:1600, f:0x1, usage:0xb00, ui64Stamp:3273095 line = 2441
07-20 12:40:14.418 22314 22346 D IMGGralloc: Gralloc Free  w:720, h:1600, f:0x1, usage:0xb00, ui64Stamp:3273091 line = 2441
07-20 12:40:14.419 22314 22346 D IMGGralloc: Gralloc Free  w:720, h:1600, f:0x1, usage:0xb00, ui64Stamp:3273087 line = 2441
07-20 12:40:14.419   507   567 D IMGGralloc: Gralloc Free  w:720, h:1600, f:0x1, usage:0xb00, ui64Stamp:3273095 line = 2441
07-20 12:40:14.419   507   567 D IMGGralloc: Gralloc Free  w:720, h:1600, f:0x1, usage:0xb00, ui64Stamp:3273091 line = 2441
07-20 12:40:14.420   816  6254 I SurfaceControl: release : mNativeObject = 3267707232 - Surface(name=561b67c com.example.dogglers/com.example.dogglers.MainActivity)/@0x8a46f0f / android.view.SurfaceControl$Transaction.remove:3169 com.android.server.wm.WindowContainer.removeImmediately:607 com.android.server.wm.WindowState.removeImmediately:2199 com.android.server.wm.WindowState.removeIfPossible:2373
07-20 12:40:14.421   816  6254 I SurfaceControl: release : mNativeObject = 3274163136 - Surface(name=com.example.dogglers/com.example.dogglers.MainActivity)/@0xc740b9c / android.view.SurfaceControl$Transaction.remove:3169 com.android.server.wm.WindowSurfaceController.destroyNotInTransaction:218 com.android.server.wm.WindowStateAnimator.destroySurface:1603 com.android.server.wm.WindowStateAnimator.destroySurfaceLocked:638
07-20 12:40:14.422   507   542 I Layer   : id=98244 removeFromCurrentState com.example.dogglers/com.example.dogglers.MainActivity#0 (64)
07-20 12:40:14.424   507   542 I Layer   : id=98243 removeFromCurrentState 561b67c com.example.dogglers/com.example.dogglers.MainActivity#0 (64)
07-20 12:40:14.425 22314 22314 I InputTransport: Destroy ARC handle: 0xe589bf30
07-20 12:40:14.427   816  5530 I SurfaceControl: release : mNativeObject = 3274165600 - Surface(name=ActivityRecord{aac078f u0 com.example.dogglers/.MainActivity)/@0x2416547 / android.view.SurfaceControl$Transaction.remove:3169 com.android.server.wm.WindowContainer.removeImmediately:607 com.android.server.wm.WindowToken.removeImmediately:392 com.android.server.wm.ActivityRecord.removeImmediately:3348
07-20 12:40:14.427 22314 22346 D OpenGLRenderer: destroyEglSurface : 0xef62c680
07-20 12:40:14.428 22314 22346 D IMGGralloc: Gralloc Free  w:720, h:1600, f:0x1, usage:0xb00, ui64Stamp:3273123 line = 2441
07-20 12:40:14.428 22314 22346 D IMGGralloc: Gralloc Free  w:720, h:1600, f:0x1, usage:0xb00, ui64Stamp:3273114 line = 2441
07-20 12:40:14.429   507   760 D IMGGralloc: Gralloc Free  w:720, h:1600, f:0x1, usage:0x900, ui64Stamp:3273102 line = 2441
07-20 12:40:14.429   507   567 D IMGGralloc: Gralloc Free  w:720, h:1600, f:0x1, usage:0xb00, ui64Stamp:3273114 line = 2441
07-20 12:40:14.430   507   507 I Layer   : id=98243[1] Destroyed 561b67c com.example.dogglers/com.example.dogglers.MainActivity#0
