07-20 12:40:14.431   507   507 D IMGGralloc: Gralloc Free  w:720, h:1600, f:0x1, usage:0xb00, ui64Stamp:3273087 line = 2441
07-20 12:40:14.431   507   507 I Layer   : id=98244[1] Destroyed com.example.dogglers/com.example.dogglers.MainActivity#0
07-20 12:40:14.432   507   760 I Layer   : id=98242 removeFromCurrentState ActivityRecord{aac078f u0 com.example.dogglers/.MainActivity#0 (62)
07-20 12:40:14.432   816  5530 V WindowManager: Relayout Window{b29bf99 u0 com.example.dogglers/com.example.dogglers.GridListActivity}: viewVisibility=8 req=720x1600
07-20 12:40:14.436   816  5530 V WindowManager: Relayout hash=b29bf99, pid=22314: mAttrs={(0,0)(fillxfill) sim={adjust=pan} ty=BASE_APPLICATION wanim=0x1030304
07-20 12:40:14.436   816  5530 V WindowManager:   fl=81810100
07-20 12:40:14.436   816  5530 V WindowManager:   pfl=12020000
07-20 12:40:14.436   816  5530 V WindowManager:   fitSides=}
07-20 12:40:14.439 22314 22314 I SurfaceControl: release : mNativeObject = 3534359712 - Surface(name=Surface(name=34a1f20 InputMethod)/@0x63c1a9e - animation-leash)/@0xa42562 / android.view.-$$Lambda$Rl1VZmNJ0VZDLK0BAbaVGis0rrA.accept:2 android.view.InsetsSourceControl.release:170 android.view.InsetsSourceConsumer.setControl:193 android.view.ImeInsetsSourceConsumer.setControl:151
07-20 12:40:14.441 22314 22314 D LifecycleMonitor: Lifecycle status change: androidx.test.core.app.InstrumentationActivityInvoker$EmptyActivity@d5189bd in: PAUSED
07-20 12:40:14.442 22314 22314 V ActivityScenario: Activity lifecycle changed event received but ignored because the intent does not match. startActivityIntent=Intent { act=android.intent.action.MAIN cat=[android.intent.category.LAUNCHER] cmp=com.example.dogglers/.MainActivity }, activity.getIntent()=Intent { act=android.intent.action.MAIN cat=[android.intent.category.LAUNCHER] flg=0x10000000 cmp=com.example.dogglers/androidx.test.core.app.InstrumentationActivityInvoker$EmptyActivity }, activity=androidx.test.core.app.InstrumentationActivityInvoker$EmptyActivity@d5189bd
07-20 12:40:14.446   507   507 I Layer   : id=98258[1] Destroyed Surface(name=34a1f20 InputMethod)/@0x63c1a9e - animation-leash#1
07-20 12:40:14.447   507   507 I Layer   : id=98242[1] Destroyed ActivityRecord{aac078f u0 com.example.dogglers/.MainActivity#0
07-20 12:40:14.453   816  6254 D InputMethodManagerService: isImeSwitcherDisabledPackage : false
07-20 12:40:14.453 22314 22314 I SurfaceControl: release : mNativeObject = 3534359776 - Surface(name=Surface(name=496386c NavigationBar0)/@0xb856353 - animation-leash)/@0x513f6f3 / android.view.-$$Lambda$Rl1VZmNJ0VZDLK0BAbaVGis0rrA.accept:2 android.view.InsetsSourceControl.release:170 android.view.InsetsSourceConsumer.setControl:193 android.view.InsetsController.onControlsChanged:794
07-20 12:40:14.454 22314 22314 I SurfaceControl: release : mNativeObject = 3534359552 - Surface(name=Surface(name=7580301 StatusBar)/@0xfd83951 - animation-leash)/@0x1b05fb0 / android.view.-$$Lambda$Rl1VZmNJ0VZDLK0BAbaVGis0rrA.accept:2 android.view.InsetsSourceControl.release:170 android.view.InsetsSourceConsumer.setControl:193 android.view.InsetsController.onControlsChanged:794
07-20 12:40:14.457   816  6254 I SurfaceControl: release : mNativeObject = 3676985824 - Surface(name=com.example.dogglers/com.example.dogglers.GridListActivity)/@0xf28b17a / android.view.SurfaceControl$Transaction.remove:3169 com.android.server.wm.WindowSurfaceController.destroyNotInTransaction:218 com.android.server.wm.WindowStateAnimator.destroySurface:1603 com.android.server.wm.WindowStateAnimator.destroySurfaceLocked:638
07-20 12:40:14.457   507   760 I Layer   : id=98251 removeFromCurrentState com.example.dogglers/com.example.dogglers.GridListActivity#0 (60)
07-20 12:40:14.465 22314 22314 D LifecycleMonitor: Lifecycle status change: androidx.test.core.app.InstrumentationActivityInvoker$EmptyActivity@7ed0f4f in: PRE_ON_CREATE
07-20 12:40:14.466 22314 22314 V ActivityScenario: Activity lifecycle changed event received but ignored because the intent does not match. startActivityIntent=Intent { act=android.intent.action.MAIN cat=[android.intent.category.LAUNCHER] cmp=com.example.dogglers/.MainActivity }, activity.getIntent()=Intent { act=android.intent.action.MAIN cat=[android.intent.category.LAUNCHER] flg=0x10000000 cmp=com.example.dogglers/androidx.test.core.app.InstrumentationActivityInvoker$EmptyActivity }, activity=androidx.test.core.app.InstrumentationActivityInvoker$EmptyActivity@7ed0f4f
07-20 12:40:14.466   479   502 D PowerHAL: ##Timing deboost
07-20 12:40:14.466   479   502 D PowerHAL: Enter common_set_for_release_when_close: enable:0, duration: 0, /dev/cluster1_freq_max:
07-20 12:40:14.466   479   502 D PowerHAL: ##Timing deboost
07-20 12:40:14.466   479   502 D PowerHAL: Enter devfreq_ddr_set: enable:0, duration: 0, /sys/class/devfreq/scene-frequency/sprd-governor/scene_boost_dfs:
07-20 12:40:14.466   479   502 D PowerHAL: ##Timing deboost
07-20 12:40:14.466   479   502 D PowerHAL: Enter common_set_for_release_when_close: enable:0, duration: 0, /dev/cluster1_freq_min:
07-20 12:40:14.466   479   502 D PowerHAL: ##Timing deboost
07-20 12:40:14.466   479   502 D PowerHAL: Enter common_set_for_release_when_close: enable:0, duration: 0, /dev/cluster0_freq_max:
07-20 12:40:14.466   479   502 D PowerHAL: ##Timing deboost
07-20 12:40:14.466   479   502 D PowerHAL: Enter common_set_for_release_when_close: enable:0, duration: 0, /dev/cluster0_freq_min:
07-20 12:40:14.480   507   507 D IMGGralloc: Gralloc Free  w:720, h:1600, f:0x1, usage:0xb00, ui64Stamp:3273123 line = 2441
07-20 12:40:14.480 22314 22314 D LifecycleMonitor: Lifecycle status change: androidx.test.core.app.InstrumentationActivityInvoker$EmptyActivity@7ed0f4f in: CREATED
07-20 12:40:14.480   507   507 I Layer   : id=98251[1] Destroyed com.example.dogglers/com.example.dogglers.GridListActivity#0
07-20 12:40:14.480 22314 22314 V ActivityScenario: Activity lifecycle changed event received but ignored because the intent does not match. startActivityIntent=Intent { act=android.intent.action.MAIN cat=[android.intent.category.LAUNCHER] cmp=com.example.dogglers/.MainActivity }, activity.getIntent()=Intent { act=android.intent.action.MAIN cat=[android.intent.category.LAUNCHER] flg=0x10000000 cmp=com.example.dogglers/androidx.test.core.app.InstrumentationActivityInvoker$EmptyActivity }, activity=androidx.test.core.app.InstrumentationActivityInvoker$EmptyActivity@7ed0f4f
07-20 12:40:14.484 22314 22314 D LifecycleMonitor: Lifecycle status change: androidx.test.core.app.InstrumentationActivityInvoker$EmptyActivity@7ed0f4f in: STARTED
07-20 12:40:14.485 22314 22314 V ActivityScenario: Activity lifecycle changed event received but ignored because the intent does not match. startActivityIntent=Intent { act=android.intent.action.MAIN cat=[android.intent.category.LAUNCHER] cmp=com.example.dogglers/.MainActivity }, activity.getIntent()=Intent { act=android.intent.action.MAIN cat=[android.intent.category.LAUNCHER] flg=0x10000000 cmp=com.example.dogglers/androidx.test.core.app.InstrumentationActivityInvoker$EmptyActivity }, activity=androidx.test.core.app.InstrumentationActivityInvoker$EmptyActivity@7ed0f4f
07-20 12:40:14.488 22314 22314 D LifecycleMonitor: Lifecycle status change: androidx.test.core.app.InstrumentationActivityInvoker$EmptyActivity@7ed0f4f in: RESUMED
07-20 12:40:14.488 22314 22314 V ActivityScenario: Activity lifecycle changed event received but ignored because the intent does not match. startActivityIntent=Intent { act=android.intent.action.MAIN cat=[android.intent.category.LAUNCHER] cmp=com.example.dogglers/.MainActivity }, activity.getIntent()=Intent { act=android.intent.action.MAIN cat=[android.intent.category.LAUNCHER] flg=0x10000000 cmp=com.example.dogglers/androidx.test.core.app.InstrumentationActivityInvoker$EmptyActivity }, activity=androidx.test.core.app.InstrumentationActivityInvoker$EmptyActivity@7ed0f4f
07-20 12:40:14.496   507   542 I SurfaceFlinger: id=98266 createSurf (0x0),-1 flag=80004, 8013107 com.example.dogglers/androidx.test.core.app.InstrumentationActivityInvoker$EmptyActivity#0
07-20 12:40:14.500 22314 22314 I InputTransport: Create ARC handle: 0xe58a0370
07-20 12:40:14.500 22314 22314 E libc    : Access denied finding property "ro.vendor.input.resample_latency_ms"
07-20 12:40:14.510   816  6254 V WindowManager: Relayout Window{8013107 u0 com.example.dogglers/androidx.test.core.app.InstrumentationActivityInvoker$EmptyActivity}: viewVisibility=0 req=720x1600
07-20 12:40:14.513   507   542 I SurfaceFlinger: id=98267 createSurf (720x1600),1 flag=404, com.example.dogglers/androidx.test.core.app.InstrumentationActivityInvoker$EmptyActivity#1
07-20 12:40:14.516   816  6254 I SurfaceControl: release : mNativeObject = 3267710624 - Surface(name=Surface(name=7580301 StatusBar)/@0xfd83951 - animation-leash)/@0xdf81f40 / android.view.SurfaceControl$Transaction.remove:3169 com.android.server.wm.SurfaceAnimator.cancelAnimation:365 com.android.server.wm.SurfaceAnimator.startAnimation:161 com.android.server.wm.WindowContainer.startAnimation:2127
07-20 12:40:14.516   507   542 I SurfaceFlinger: id=98268 createSurf (0x0),-1 flag=24000, Surface(name=7580301 StatusBar)/@0xfd83951 - animation-leash#0
07-20 12:40:14.517   816  6254 I SurfaceControl: release : mNativeObject = 3267710752 - Surface(name=Surface(name=496386c NavigationBar0)/@0xb856353 - animation-leash)/@0x7ed67be / android.view.SurfaceControl$Transaction.remove:3169 com.android.server.wm.SurfaceAnimator.cancelAnimation:365 com.android.server.wm.SurfaceAnimator.startAnimation:161 com.android.server.wm.WindowContainer.startAnimation:2127
07-20 12:40:14.518   507   542 I SurfaceFlinger: id=98269 createSurf (0x0),-1 flag=24000, Surface(name=496386c NavigationBar0)/@0xb856353 - animation-leash#1
07-20 12:40:14.520   816  6254 V WindowManager: Relayout hash=8013107, pid=22314: mAttrs={(0,0)(fillxfill) sim={adjust=pan forwardNavigation} ty=BASE_APPLICATION wanim=0x1030001
07-20 12:40:14.520   816  6254 V WindowManager:   fl=1810100
07-20 12:40:14.520   816  6254 V WindowManager:   pfl=12020000
07-20 12:40:14.520   816  6254 V WindowManager:   fitSides=}
07-20 12:40:14.520   816  6254 I SurfaceControl: release : mNativeObject = 3676987232 - Surface(name=com.example.dogglers/androidx.test.core.app.InstrumentationActivityInvoker$EmptyActivity)/@0x9f52d59 / android.view.SurfaceControl.writeToParcel:1094 android.view.IWindowSession$Stub.onTransact:894 com.android.server.wm.Session.onTransact:139 android.os.Binder.execTransactInternal:1154
07-20 12:40:14.521   507   542 I Layer   : id=98262 removeFromCurrentState Surface(name=7580301 StatusBar)/@0xfd83951 - animation-leash#1 (63)
07-20 12:40:14.521   507   542 I Layer   : id=98263 removeFromCurrentState Surface(name=496386c NavigationBar0)/@0xb856353 - animation-leash#0 (63)
07-20 12:40:14.525 22314 22346 D OpenGLRenderer: eglCreateWindowSurface : 0xef62ddc0
07-20 12:40:14.526   470   470 D IMGGralloc: GBuffer--------------(*format)=1
07-20 12:40:14.526   470   470 D IMGGralloc: Gralloc alloc start  w:720, h:1600, f:0x1, usage:0x900, line = 1643
07-20 12:40:14.527   470   470 D IMGGralloc: Gralloc Alloc end  w:720, h:1600, f:0x1, usage:0x900, handle:0xeba763c0, ui64Stamp:3273150, sSize:4608000, line = 2047
07-20 12:40:14.527   470   470 D IMGGralloc: Gralloc Free  w:720, h:1600, f:0x1, usage:0x900, ui64Stamp:3273150 line = 2441
07-20 12:40:14.528   507   760 D IMGGralloc: Gralloc Register  w:720, h:1600, f:0x1, usage:0x900, ui64Stamp:3273150, sSize:4608000, line = 2335
07-20 12:40:14.528   470   470 D IMGGralloc: GBuffer--------------(*format)=1
07-20 12:40:14.528   470   470 D IMGGralloc: Gralloc alloc start  w:720, h:1600, f:0x1, usage:0x900, line = 1643
07-20 12:40:14.529   470   470 D IMGGralloc: Gralloc Alloc end  w:720, h:1600, f:0x1, usage:0x900, handle:0xeba763c0, ui64Stamp:3273154, sSize:4608000, line = 2047
07-20 12:40:14.529   470   470 D IMGGralloc: Gralloc Free  w:720, h:1600, f:0x1, usage:0x900, ui64Stamp:3273154 line = 2441
07-20 12:40:14.530   507   760 D IMGGralloc: Gralloc Register  w:720, h:1600, f:0x1, usage:0x900, ui64Stamp:3273154, sSize:4608000, line = 2335
07-20 12:40:14.530   470   470 D IMGGralloc: GBuffer--------------(*format)=1
07-20 12:40:14.530   470   470 D IMGGralloc: Gralloc alloc start  w:720, h:1600, f:0x1, usage:0x900, line = 1643
07-20 12:40:14.530   507   507 I SurfaceFlinger: SF-Update,layer=com.example.dogglers/androidx.test.core.app.InstrumentationActivityInvoker$EmptyActivity#1,name=Window{8013107 u0 com.example.dogglers/androidx.test.core.app.InstrumentationActivityInvoker$EmptyActivity},token=0xed210570,id=98267 dirty=1,inputChanged=0,syncInput=0,visible=0,paused=0,portal=-1,param=0x1810120,feature=0x0
07-20 12:40:14.532   470   470 D IMGGralloc: Gralloc Alloc end  w:720, h:1600, f:0x1, usage:0x900, handle:0xeba763c0, ui64Stamp:3273158, sSize:4608000, line = 2047
07-20 12:40:14.532   470   470 D IMGGralloc: Gralloc Free  w:720, h:1600, f:0x1, usage:0x900, ui64Stamp:3273158 line = 2441
07-20 12:40:14.533   507   542 D IMGGralloc: Gralloc Free  w:720, h:1600, f:0x1, usage:0x900, ui64Stamp:3273154 line = 2441
07-20 12:40:14.533   507   760 D IMGGralloc: Gralloc Register  w:720, h:1600, f:0x1, usage:0x900, ui64Stamp:3273158, sSize:4608000, line = 2335
07-20 12:40:14.533   470   470 D IMGGralloc: GBuffer--------------(*format)=1
07-20 12:40:14.533   470   470 D IMGGralloc: Gralloc alloc start  w:720, h:1600, f:0x1, usage:0xb00, line = 1643
07-20 12:40:14.535   470   470 D IMGGralloc: Gralloc Alloc end  w:720, h:1600, f:0x1, usage:0xb00, handle:0xeba763c0, ui64Stamp:3273162, sSize:4608000, line = 2047
07-20 12:40:14.535   470   470 D IMGGralloc: Gralloc Free  w:720, h:1600, f:0x1, usage:0xb00, ui64Stamp:3273162 line = 2441
07-20 12:40:14.536   507   542 D IMGGralloc: Gralloc Register  w:720, h:1600, f:0x1, usage:0xb00, ui64Stamp:3273162, sSize:4608000, line = 2335
07-20 12:40:14.536 22314 22346 D IMGGralloc: Gralloc Register  w:720, h:1600, f:0x1, usage:0xb00, ui64Stamp:3273162, sSize:4608000, line = 2335
07-20 12:40:14.547   816   898 I ActivityTaskManager: Displayed com.example.dogglers/androidx.test.core.app.InstrumentationActivityInvoker$EmptyActivity: +162ms
07-20 12:40:14.553 22314 22314 I SurfaceControl: release : mNativeObject = 3534358528 - Surface(name=Surface(name=34a1f20 InputMethod)/@0x63c1a9e - animation-leash)/@0x595516b / android.view.-$$Lambda$Rl1VZmNJ0VZDLK0BAbaVGis0rrA.accept:2 android.view.InsetsSourceControl.release:170 android.view.InsetsSourceConsumer.setControl:193 android.view.ImeInsetsSourceConsumer.setControl:151
07-20 12:40:14.553 22314 22314 I SurfaceControl: release : mNativeObject = 3534358336 - Surface(name=Surface(name=496386c NavigationBar0)/@0xb856353 - animation-leash)/@0x32474c8 / android.view.-$$Lambda$Rl1VZmNJ0VZDLK0BAbaVGis0rrA.accept:2 android.view.InsetsSourceControl.release:170 android.view.InsetsSourceConsumer.setControl:193 android.view.InsetsController.onControlsChanged:794
07-20 12:40:14.554 22314 22314 I SurfaceControl: release : mNativeObject = 3534357696 - Surface(name=Surface(name=7580301 StatusBar)/@0xfd83951 - animation-leash)/@0xccad961 / android.view.-$$Lambda$Rl1VZmNJ0VZDLK0BAbaVGis0rrA.accept:2 android.view.InsetsSourceControl.release:170 android.view.InsetsSourceConsumer.setControl:193 android.view.InsetsController.onControlsChanged:794
07-20 12:40:14.563   507   507 I Layer   : id=98263[1] Destroyed Surface(name=496386c NavigationBar0)/@0xb856353 - animation-leash#0
07-20 12:40:14.563   507   507 I Layer   : id=98262[1] Destroyed Surface(name=7580301 StatusBar)/@0xfd83951 - animation-leash#1
07-20 12:40:14.564 22314 22346 D OpenGLRenderer: destroyEglSurface : 0xef62d2e0
07-20 12:40:14.564   471   532 D IMGGralloc: Gralloc Free  w:720, h:1600, f:0x1, usage:0xb00, ui64Stamp:3273140 line = 2441
07-20 12:40:14.565   471   532 D IMGGralloc: Gralloc Register  w:720, h:1600, f:0x1, usage:0xb00, ui64Stamp:3273162, sSize:4608000, line = 2335
07-20 12:40:14.565 22314 22346 D IMGGralloc: Gralloc Free  w:720, h:1600, f:0x1, usage:0xb00, ui64Stamp:3273140 line = 2441
07-20 12:40:14.566   507   542 D IMGGralloc: Gralloc Free  w:720, h:1600, f:0x1, usage:0x900, ui64Stamp:3273136 line = 2441
07-20 12:40:14.566   507   542 D IMGGralloc: Gralloc Free  w:720, h:1600, f:0x1, usage:0x900, ui64Stamp:3273128 line = 2441
07-20 12:40:14.567   507   507 D SurfaceFlinger: Display 0 HWC layers:
07-20 12:40:14.567   507   507 D SurfaceFlinger:      DEVICE | 0xed753ee0 | 0002 | RGBA_8888    |    0.0    0.0  720.0 1600.0 |    0    0  720 1600 | com.example.dogglers/androidx.test.c[...]ationActivityInvoker$EmptyActivity#1
07-20 12:40:14.567   507   507 D SurfaceFlinger:      DEVICE | 0xed755e20 | 0000 | RGBA_8888    |    0.0    0.0  720.0   45.0 |    0    0  720   45 | StatusBar#0
07-20 12:40:14.567   507   507 D SurfaceFlinger:      DEVICE | 0xed7543e0 | 0000 | RGBA_8888    |    0.0    0.0  720.0   96.0 |    0 1504  720 1600 | NavigationBar0#0
07-20 12:40:14.567   507   507 D SurfaceFlinger:
07-20 12:40:14.568   816  7155 V WindowManager: Relayout Window{f5a677d u0 com.example.dogglers/androidx.test.core.app.InstrumentationActivityInvoker$EmptyActivity}: viewVisibility=8 req=720x1600
07-20 12:40:14.572   816  7155 V WindowManager: Relayout hash=f5a677d, pid=22314: mAttrs={(0,0)(fillxfill) sim={adjust=pan forwardNavigation} ty=BASE_APPLICATION wanim=0x1030001
07-20 12:40:14.572   816  7155 V WindowManager:   fl=1810100
07-20 12:40:14.572   816  7155 V WindowManager:   pfl=12020000
07-20 12:40:14.572   816  7155 V WindowManager:   fitSides=}
07-20 12:40:14.574 22314 22314 I SurfaceControl: release : mNativeObject = 3534359392 - Surface(name=null)/@0x2a04c86 / android.view.SurfaceControl.assignNativeObject:528 android.view.SurfaceControl.readFromParcel:1073 android.view.IWindowSession$Stub$Proxy.relayout:1734 android.view.ViewRootImpl.relayoutWindow:7498
07-20 12:40:14.575 22314 22314 I SurfaceControl: release : mNativeObject = 3534359040 - Surface(name=Surface(name=34a1f20 InputMethod)/@0x63c1a9e - animation-leash)/@0xb359947 / android.view.-$$Lambda$Rl1VZmNJ0VZDLK0BAbaVGis0rrA.accept:2 android.view.InsetsSourceControl.release:170 android.view.InsetsSourceConsumer.setControl:193 android.view.ImeInsetsSourceConsumer.setControl:151
07-20 12:40:14.577 22314 22314 D LifecycleMonitor: Lifecycle status change: androidx.test.core.app.InstrumentationActivityInvoker$EmptyActivity@d5189bd in: STOPPED
07-20 12:40:14.578 22314 22314 V ActivityScenario: Activity lifecycle changed event received but ignored because the intent does not match. startActivityIntent=Intent { act=android.intent.action.MAIN cat=[android.intent.category.LAUNCHER] cmp=com.example.dogglers/.MainActivity }, activity.getIntent()=Intent { act=android.intent.action.MAIN cat=[android.intent.category.LAUNCHER] flg=0x10000000 cmp=com.example.dogglers/androidx.test.core.app.InstrumentationActivityInvoker$EmptyActivity }, activity=androidx.test.core.app.InstrumentationActivityInvoker$EmptyActivity@d5189bd
07-20 12:40:14.581 22314 22314 D LifecycleMonitor: Lifecycle status change: androidx.test.core.app.InstrumentationActivityInvoker$EmptyActivity@d5189bd in: DESTROYED
07-20 12:40:14.581 22314 22314 V ActivityScenario: Activity lifecycle changed event received but ignored because the intent does not match. startActivityIntent=Intent { act=android.intent.action.MAIN cat=[android.intent.category.LAUNCHER] cmp=com.example.dogglers/.MainActivity }, activity.getIntent()=Intent { act=android.intent.action.MAIN cat=[android.intent.category.LAUNCHER] flg=0x10000000 cmp=com.example.dogglers/androidx.test.core.app.InstrumentationActivityInvoker$EmptyActivity }, activity=androidx.test.core.app.InstrumentationActivityInvoker$EmptyActivity@d5189bd
07-20 12:40:14.584   816  6254 I SurfaceControl: release : mNativeObject = 3267710496 - Surface(name=f5a677d com.example.dogglers/androidx.test.core.app.InstrumentationActivityInvoker$EmptyActivity)/@0xd0b9d1e / android.view.SurfaceControl$Transaction.remove:3169 com.android.server.wm.WindowContainer.removeImmediately:607 com.android.server.wm.WindowState.removeImmediately:2199 com.android.server.wm.WindowState.removeIfPossible:2373
07-20 12:40:14.585   816  6254 I SurfaceControl: release : mNativeObject = 3267710144 - Surface(name=com.example.dogglers/androidx.test.core.app.InstrumentationActivityInvoker$EmptyActivity)/@0xb0539ff / android.view.SurfaceControl$Transaction.remove:3169 com.android.server.wm.WindowSurfaceController.destroyNotInTransaction:218 com.android.server.wm.WindowStateAnimator.destroySurface:1603 com.android.server.wm.WindowStateAnimator.destroySurfaceLocked:638
07-20 12:40:14.585   507   542 I Layer   : id=98261 removeFromCurrentState com.example.dogglers/androidx.test.core.app.InstrumentationActivityInvoker$EmptyActivity#0 (61)
07-20 12:40:14.589   507   542 I Layer   : id=98260 removeFromCurrentState f5a677d com.example.dogglers/androidx.test.core.app.InstrumentationActivityInvoker$EmptyActivity#0 (61)
07-20 12:40:14.590 22314 22314 I InputTransport: Destroy ARC handle: 0xe58a0cf0
07-20 12:40:14.592   816  6254 I SurfaceControl: release : mNativeObject = 3176090752 - Surface(name=ActivityRecord{71ced4b u0 com.example.dogglers/androidx.test.core.app.InstrumentationActivityInvoker$EmptyActivity)/@0x31f93cc / android.view.SurfaceControl$Transaction.remove:3169 com.android.server.wm.WindowContainer.removeImmediately:607 com.android.server.wm.WindowToken.removeImmediately:392 com.android.server.wm.ActivityRecord.removeImmediately:3348
07-20 12:40:14.593 22314 22314 D LifecycleMonitor: Lifecycle status change: androidx.test.core.app.InstrumentationActivityInvoker$EmptyActivity@7ed0f4f in: PAUSED
07-20 12:40:14.594 22314 22314 V ActivityScenario: Activity lifecycle changed event received but ignored because the intent does not match. startActivityIntent=Intent { act=android.intent.action.MAIN cat=[android.intent.category.LAUNCHER] cmp=com.example.dogglers/.MainActivity }, activity.getIntent()=Intent { act=android.intent.action.MAIN cat=[android.intent.category.LAUNCHER] flg=0x10000000 cmp=com.example.dogglers/androidx.test.core.app.InstrumentationActivityInvoker$EmptyActivity }, activity=androidx.test.core.app.InstrumentationActivityInvoker$EmptyActivity@7ed0f4f
07-20 12:40:14.596   507   507 I Layer   : id=98260[1] Destroyed f5a677d com.example.dogglers/androidx.test.core.app.InstrumentationActivityInvoker$EmptyActivity#0
07-20 12:40:14.596   507   507 D IMGGralloc: Gralloc Free  w:720, h:1600, f:0x1, usage:0xb00, ui64Stamp:3273140 line = 2441
07-20 12:40:14.597   507   507 I Layer   : id=98261[1] Destroyed com.example.dogglers/androidx.test.core.app.InstrumentationActivityInvoker$EmptyActivity#0
07-20 12:40:14.603   507   542 I Layer   : id=98259 removeFromCurrentState ActivityRecord{71ced4b u0 com.example.dogglers/androidx.test.core.app.InstrumentationActivityInvoker$EmptyActivity#0 (59)
07-20 12:40:14.605 22314 22314 D LifecycleMonitor: Lifecycle status change: com.example.dogglers.GridListActivity@6c9bb8f in: RESTARTED
07-20 12:40:14.606 22314 22314 V ActivityScenario: Activity lifecycle changed event received but ignored because the intent does not match. startActivityIntent=Intent { act=android.intent.action.MAIN cat=[android.intent.category.LAUNCHER] cmp=com.example.dogglers/.MainActivity }, activity.getIntent()=Intent { cmp=com.example.dogglers/.GridListActivity }, activity=com.example.dogglers.GridListActivity@6c9bb8f
07-20 12:40:14.607 22314 22314 D LifecycleMonitor: Lifecycle status change: com.example.dogglers.GridListActivity@6c9bb8f in: STARTED
07-20 12:40:14.608 22314 22314 V ActivityScenario: Activity lifecycle changed event received but ignored because the intent does not match. startActivityIntent=Intent { act=android.intent.action.MAIN cat=[android.intent.category.LAUNCHER] cmp=com.example.dogglers/.MainActivity }, activity.getIntent()=Intent { cmp=com.example.dogglers/.GridListActivity }, activity=com.example.dogglers.GridListActivity@6c9bb8f
07-20 12:40:14.610 22314 22314 D LifecycleMonitor: Lifecycle status change: com.example.dogglers.GridListActivity@6c9bb8f in: RESUMED
07-20 12:40:14.610 22314 22314 V ActivityScenario: Activity lifecycle changed event received but ignored because the intent does not match. startActivityIntent=Intent { act=android.intent.action.MAIN cat=[android.intent.category.LAUNCHER] cmp=com.example.dogglers/.MainActivity }, activity.getIntent()=Intent { cmp=com.example.dogglers/.GridListActivity }, activity=com.example.dogglers.GridListActivity@6c9bb8f
07-20 12:40:14.612   507   507 I Layer   : id=98259[1] Destroyed ActivityRecord{71ced4b u0 com.example.dogglers/androidx.test.core.app.InstrumentationActivityInvoker$EmptyActivity#0
07-20 12:40:14.614   816  6254 V WindowManager: Relayout Window{b29bf99 u0 com.example.dogglers/com.example.dogglers.GridListActivity}: viewVisibility=0 req=720x1600
07-20 12:40:14.616   507   760 I SurfaceFlinger: id=98270 createSurf (720x1600),1 flag=404, com.example.dogglers/com.example.dogglers.GridListActivity#0
07-20 12:40:14.619   816  6254 I SurfaceControl: release : mNativeObject = 3274163136 - Surface(name=Surface(name=7580301 StatusBar)/@0xfd83951 - animation-leash)/@0x47f5d2 / android.view.SurfaceControl$Transaction.remove:3169 com.android.server.wm.SurfaceAnimator.cancelAnimation:365 com.android.server.wm.SurfaceAnimator.startAnimation:161 com.android.server.wm.WindowContainer.startAnimation:2127
07-20 12:40:14.619   507   760 I SurfaceFlinger: id=98271 createSurf (0x0),-1 flag=24000, Surface(name=7580301 StatusBar)/@0xfd83951 - animation-leash#1
07-20 12:40:14.620   816  6254 I SurfaceControl: release : mNativeObject = 3274165600 - Surface(name=Surface(name=496386c NavigationBar0)/@0xb856353 - animation-leash)/@0xe243da0 / android.view.SurfaceControl$Transaction.remove:3169 com.android.server.wm.SurfaceAnimator.cancelAnimation:365 com.android.server.wm.SurfaceAnimator.startAnimation:161 com.android.server.wm.WindowContainer.startAnimation:2127
07-20 12:40:14.621   507   760 I SurfaceFlinger: id=98272 createSurf (0x0),-1 flag=24000, Surface(name=496386c NavigationBar0)/@0xb856353 - animation-leash#0
07-20 12:40:14.623   816  6254 V WindowManager: Relayout hash=b29bf99, pid=22314: mAttrs={(0,0)(fillxfill) sim={adjust=resize} ty=BASE_APPLICATION wanim=0x1030304
07-20 12:40:14.623   816  6254 V WindowManager:   fl=81810100
07-20 12:40:14.623   816  6254 V WindowManager:   pfl=12020000
07-20 12:40:14.623   816  6254 V WindowManager:   fitSides=}
07-20 12:40:14.623   816  6254 I SurfaceControl: release : mNativeObject = 3267708736 - Surface(name=com.example.dogglers/com.example.dogglers.GridListActivity)/@0xe6031f6 / android.view.SurfaceControl.writeToParcel:1094 android.view.IWindowSession$Stub.onTransact:894 com.android.server.wm.Session.onTransact:139 android.os.Binder.execTransactInternal:1154
07-20 12:40:14.627 22314 22346 D OpenGLRenderer: eglCreateWindowSurface : 0xef62d2e0
07-20 12:40:14.628   470   470 D IMGGralloc: GBuffer--------------(*format)=1
07-20 12:40:14.628   470   470 D IMGGralloc: Gralloc alloc start  w:720, h:1600, f:0x1, usage:0x900, line = 1643
07-20 12:40:14.629   470   470 D IMGGralloc: Gralloc Alloc end  w:720, h:1600, f:0x1, usage:0x900, handle:0xeba763c0, ui64Stamp:3273167, sSize:4608000, line = 2047
07-20 12:40:14.629   470   470 D IMGGralloc: Gralloc Free  w:720, h:1600, f:0x1, usage:0x900, ui64Stamp:3273167 line = 2441
07-20 12:40:14.629   507   760 D IMGGralloc: Gralloc Register  w:720, h:1600, f:0x1, usage:0x900, ui64Stamp:3273167, sSize:4608000, line = 2335
07-20 12:40:14.630   470   470 D IMGGralloc: GBuffer--------------(*format)=1
07-20 12:40:14.630   470   470 D IMGGralloc: Gralloc alloc start  w:720, h:1600, f:0x1, usage:0x900, line = 1643
07-20 12:40:14.630   507   970 D IMGGralloc: Gralloc Free  w:720, h:1600, f:0x1, usage:0x900, ui64Stamp:3273167 line = 2441
07-20 12:40:14.631   507   542 I Layer   : id=98268 removeFromCurrentState Surface(name=7580301 StatusBar)/@0xfd83951 - animation-leash#0 (61)
07-20 12:40:14.631   507   542 I Layer   : id=98269 removeFromCurrentState Surface(name=496386c NavigationBar0)/@0xb856353 - animation-leash#1 (61)
07-20 12:40:14.632   470   470 D IMGGralloc: Gralloc Alloc end  w:720, h:1600, f:0x1, usage:0x900, handle:0xeba763c0, ui64Stamp:3273171, sSize:4608000, line = 2047
07-20 12:40:14.632   470   470 D IMGGralloc: Gralloc Free  w:720, h:1600, f:0x1, usage:0x900, ui64Stamp:3273171 line = 2441
07-20 12:40:14.633   507   760 D IMGGralloc: Gralloc Register  w:720, h:1600, f:0x1, usage:0x900, ui64Stamp:3273171, sSize:4608000, line = 2335
07-20 12:40:14.633   470   470 D IMGGralloc: GBuffer--------------(*format)=1
07-20 12:40:14.633   470   470 D IMGGralloc: Gralloc alloc start  w:720, h:1600, f:0x1, usage:0xb00, line = 1643
07-20 12:40:14.636   470   470 D IMGGralloc: Gralloc Alloc end  w:720, h:1600, f:0x1, usage:0xb00, handle:0xeba763c0, ui64Stamp:3273174, sSize:4608000, line = 2047
07-20 12:40:14.636   470   470 D IMGGralloc: Gralloc Free  w:720, h:1600, f:0x1, usage:0xb00, ui64Stamp:3273174 line = 2441
07-20 12:40:14.636   507   970 D IMGGralloc: Gralloc Register  w:720, h:1600, f:0x1, usage:0xb00, ui64Stamp:3273174, sSize:4608000, line = 2335
07-20 12:40:14.636   470   470 D IMGGralloc: GBuffer--------------(*format)=1
07-20 12:40:14.636   470   470 D IMGGralloc: Gralloc alloc start  w:720, h:1600, f:0x1, usage:0x900, line = 1643
07-20 12:40:14.637 22314 22346 D IMGGralloc: Gralloc Register  w:720, h:1600, f:0x1, usage:0xb00, ui64Stamp:3273174, sSize:4608000, line = 2335
07-20 12:40:14.637   470   470 D IMGGralloc: Gralloc Alloc end  w:720, h:1600, f:0x1, usage:0x900, handle:0xeba763c0, ui64Stamp:3273178, sSize:4608000, line = 2047
07-20 12:40:14.638   470   470 D IMGGralloc: Gralloc Free  w:720, h:1600, f:0x1, usage:0x900, ui64Stamp:3273178 line = 2441
07-20 12:40:14.638   507   760 D IMGGralloc: Gralloc Register  w:720, h:1600, f:0x1, usage:0x900, ui64Stamp:3273178, sSize:4608000, line = 2335
07-20 12:40:14.644 22314 22314 I SurfaceControl: release : mNativeObject = 3534359744 - Surface(name=Surface(name=496386c NavigationBar0)/@0xb856353 - animation-leash)/@0xf3314e0 / android.view.-$$Lambda$Rl1VZmNJ0VZDLK0BAbaVGis0rrA.accept:2 android.view.InsetsSourceControl.release:170 android.view.InsetsSourceConsumer.setControl:193 android.view.InsetsController.onControlsChanged:794
07-20 12:40:14.644 22314 22314 I SurfaceControl: release : mNativeObject = 3534358976 - Surface(name=Surface(name=7580301 StatusBar)/@0xfd83951 - animation-leash)/@0xe5c5399 / android.view.-$$Lambda$Rl1VZmNJ0VZDLK0BAbaVGis0rrA.accept:2 android.view.InsetsSourceControl.release:170 android.view.InsetsSourceConsumer.setControl:193 android.view.InsetsController.onControlsChanged:794
07-20 12:40:14.646   507   507 I Layer   : id=98268[1] Destroyed Surface(name=7580301 StatusBar)/@0xfd83951 - animation-leash#0
07-20 12:40:14.646   507   507 I Layer   : id=98269[1] Destroyed Surface(name=496386c NavigationBar0)/@0xb856353 - animation-leash#1
07-20 12:40:14.647   507   507 I SurfaceFlinger: SF-Update,layer=com.example.dogglers/com.example.dogglers.GridListActivity#0,name=Window{b29bf99 u0 com.example.dogglers/com.example.dogglers.GridListActivity},token=0xed20daf0,id=98270 dirty=1,inputChanged=0,syncInput=0,visible=0,paused=0,portal=-1,param=0x81810120,feature=0x0
07-20 12:40:14.663 22314 22346 D OpenGLRenderer: destroyEglSurface : 0xef62ddc0
07-20 12:40:14.664   471   532 D IMGGralloc: Gralloc Free  w:720, h:1600, f:0x1, usage:0xb00, ui64Stamp:3273162 line = 2441
07-20 12:40:14.664   471   532 D IMGGralloc: Gralloc Register  w:720, h:1600, f:0x1, usage:0xb00, ui64Stamp:3273174, sSize:4608000, line = 2335
07-20 12:40:14.665 22314 22346 D IMGGralloc: Gralloc Free  w:720, h:1600, f:0x1, usage:0xb00, ui64Stamp:3273162 line = 2441
07-20 12:40:14.665   507   760 D IMGGralloc: Gralloc Free  w:720, h:1600, f:0x1, usage:0x900, ui64Stamp:3273158 line = 2441
07-20 12:40:14.666   507   760 D IMGGralloc: Gralloc Free  w:720, h:1600, f:0x1, usage:0x900, ui64Stamp:3273150 line = 2441
07-20 12:40:14.667   507   507 D SurfaceFlinger: Display 0 HWC layers:
07-20 12:40:14.667   507   507 D SurfaceFlinger:      DEVICE | 0xed755420 | 0002 | RGBA_8888    |    0.0    0.0  720.0 1600.0 |    0    0  720 1600 | com.example.dogglers/com.example.dogglers.GridListActivity#0
07-20 12:40:14.667   507   507 D SurfaceFlinger:      DEVICE | 0xed755e20 | 0000 | RGBA_8888    |    0.0    0.0  720.0   45.0 |    0    0  720   45 | StatusBar#0
07-20 12:40:14.667   507   507 D SurfaceFlinger:      DEVICE | 0xed7543e0 | 0000 | RGBA_8888    |    0.0    0.0  720.0   96.0 |    0 1504  720 1600 | NavigationBar0#0
07-20 12:40:14.667   507   507 D SurfaceFlinger:
07-20 12:40:14.667   816  6254 V WindowManager: Relayout Window{8013107 u0 com.example.dogglers/androidx.test.core.app.InstrumentationActivityInvoker$EmptyActivity}: viewVisibility=8 req=720x1600
07-20 12:40:14.671   816  6254 V WindowManager: Relayout hash=8013107, pid=22314: mAttrs={(0,0)(fillxfill) sim={adjust=pan forwardNavigation} ty=BASE_APPLICATION wanim=0x1030001
07-20 12:40:14.671   816  6254 V WindowManager:   fl=1810100
07-20 12:40:14.671   816  6254 V WindowManager:   pfl=12020000
07-20 12:40:14.671   816  6254 V WindowManager:   fitSides=}
07-20 12:40:14.673 22314 22314 I SurfaceControl: release : mNativeObject = 3534359552 - Surface(name=null)/@0x1e665e / android.view.SurfaceControl.assignNativeObject:528 android.view.SurfaceControl.readFromParcel:1073 android.view.IWindowSession$Stub$Proxy.relayout:1734 android.view.ViewRootImpl.relayoutWindow:7498
07-20 12:40:14.675 22314 22314 D InputMethodManager: prepareNavigationBarInfo() DecorView@b2c2d6f[GridListActivity]
07-20 12:40:14.675 22314 22314 D InputMethodManager: getNavigationBarColor() -16777216
07-20 12:40:14.678   816  6254 I SurfaceControl: release : mNativeObject = 3274162944 - Surface(name=Surface(name=34a1f20 InputMethod)/@0x63c1a9e - animation-leash)/@0x9f1d870 / android.view.SurfaceControl$Transaction.remove:3169 com.android.server.wm.SurfaceAnimator.cancelAnimation:365 com.android.server.wm.SurfaceAnimator.startAnimation:161 com.android.server.wm.WindowContainer.startAnimation:2127
07-20 12:40:14.679 22314 22340 I TestRunner: finished: clicking_grid_list_button_displays_grid_list(com.example.dogglers.ButtonTests)
