07-20 12:40:19.282   479   479 D PowerHAL: Enter common_set_for_release_when_close: enable:1, duration: 0, /dev/cluster1_freq_max: 186A00
07-20 12:40:19.282   479   479 D PowerHAL: Enter common_set_for_release_when_close: enable:1, duration: 0, /dev/cluster1_freq_min: 186A00
07-20 12:40:19.282   479   479 D PowerHAL: Set /dev/cluster1_freq_min: 186A00
07-20 12:40:19.282   479   479 D PowerHAL: Enter devfreq_ddr_set: enable:1, duration: 0, /sys/class/devfreq/scene-frequency/sprd-governor/scene_boost_dfs: max
07-20 12:40:19.282   479   479 D PowerHAL: ###Enter launch scene end###
07-20 12:40:19.284   455   461 E statsd  : Predicate 5980654721335871649 dropping data for dimension key (10)0x2010101->10225[I] (10)0x30000->*launch*[S]
07-20 12:40:19.289 22314 22314 D LifecycleMonitor: Lifecycle status change: com.example.dogglers.MainActivity@523c0a9 in: PAUSED
07-20 12:40:19.289 22314 22314 V ActivityScenario: Update currentActivityStage to PAUSED, currentActivity=com.example.dogglers.MainActivity@523c0a9
07-20 12:40:19.295   816  9073 I SurfaceControl: release : mNativeObject = 3267707232 - Surface(name=Surface(name=7580301 StatusBar)/@0xfd83951 - animation-leash)/@0xc116468 / android.view.SurfaceControl$Transaction.remove:3169 com.android.server.wm.SurfaceAnimator.cancelAnimation:365 com.android.server.wm.SurfaceAnimator.startAnimation:161 com.android.server.wm.WindowContainer.startAnimation:2127
07-20 12:40:19.296   507   970 I SurfaceFlinger: id=98373 createSurf (0x0),-1 flag=24000, Surface(name=7580301 StatusBar)/@0xfd83951 - animation-leash#1
07-20 12:40:19.299   816  9073 I SurfaceControl: release : mNativeObject = 3267708032 - Surface(name=Surface(name=496386c NavigationBar0)/@0xb856353 - animation-leash)/@0x734d526 / android.view.SurfaceControl$Transaction.remove:3169 com.android.server.wm.SurfaceAnimator.cancelAnimation:365 com.android.server.wm.SurfaceAnimator.startAnimation:161 com.android.server.wm.WindowContainer.startAnimation:2127
07-20 12:40:19.299   507   970 I SurfaceFlinger: id=98374 createSurf (0x0),-1 flag=24000, Surface(name=496386c NavigationBar0)/@0xb856353 - animation-leash#0
07-20 12:40:19.303   507   970 I Layer   : id=98368 removeFromCurrentState Surface(name=7580301 StatusBar)/@0xfd83951 - animation-leash#0 (61)
07-20 12:40:19.303   507   970 I Layer   : id=98369 removeFromCurrentState Surface(name=496386c NavigationBar0)/@0xb856353 - animation-leash#1 (61)
07-20 12:40:19.311   816   894 I SurfaceControl: release : mNativeObject = 3273820384 - Surface(name=Surface(name=426bda1 Splash Screen com.example.dogglers)/@0xb295111 - animation-leash)/@0x6aedeb9 / android.view.SurfaceControl$Transaction.remove:3169 com.android.server.wm.SurfaceAnimator.removeLeash:418 com.android.server.wm.SurfaceAnimator.reset:384 com.android.server.wm.SurfaceAnimator.lambda$getFinishedCallback$0$SurfaceAnimator:111
07-20 12:40:19.313   816   894 I SurfaceControl: release : mNativeObject = 3282937440 - Surface(name=Splash Screen com.example.dogglers)/@0x8b087ae / android.view.SurfaceControl$Transaction.remove:3169 com.android.server.wm.WindowSurfaceController.destroyNotInTransaction:218 com.android.server.wm.WindowStateAnimator.destroySurface:1603 com.android.server.wm.WindowStateAnimator.destroySurfaceLocked:638
07-20 12:40:19.314   507   970 I Layer   : id=98361 removeFromCurrentState Splash Screen com.example.dogglers#0 (61)
07-20 12:40:19.314   816   894 I SurfaceControl: release : mNativeObject = 3534419168 - Surface(name=426bda1 Splash Screen com.example.dogglers)/@0xb295111 / android.view.SurfaceControl$Transaction.remove:3169 com.android.server.wm.WindowContainer.removeImmediately:607 com.android.server.wm.WindowState.removeImmediately:2199 com.android.server.wm.WindowState.destroySurface:3326
07-20 12:40:19.317   816   894 I SurfaceControl: release : mNativeObject = 3282937344 - Surface(name=Surface(name=7580301 StatusBar)/@0xfd83951 - animation-leash)/@0x4fb544 / android.view.SurfaceControl$Transaction.remove:3169 com.android.server.wm.SurfaceAnimator.cancelAnimation:365 com.android.server.wm.SurfaceAnimator.startAnimation:161 com.android.server.wm.WindowContainer.startAnimation:2127
07-20 12:40:19.317   507   970 I SurfaceFlinger: id=98375 createSurf (0x0),-1 flag=24000, Surface(name=7580301 StatusBar)/@0xfd83951 - animation-leash#0
07-20 12:40:19.318   816   894 I SurfaceControl: release : mNativeObject = 3176087840 - Surface(name=Surface(name=496386c NavigationBar0)/@0xb856353 - animation-leash)/@0x4a05762 / android.view.SurfaceControl$Transaction.remove:3169 com.android.server.wm.SurfaceAnimator.cancelAnimation:365 com.android.server.wm.SurfaceAnimator.startAnimation:161 com.android.server.wm.WindowContainer.startAnimation:2127
07-20 12:40:19.319   507   970 I SurfaceFlinger: id=98376 createSurf (0x0),-1 flag=24000, Surface(name=496386c NavigationBar0)/@0xb856353 - animation-leash#1
07-20 12:40:19.320   507   970 I Layer   : id=98360 removeFromCurrentState 426bda1 Splash Screen com.example.dogglers#0 (63)
07-20 12:40:19.320   507   970 I Layer   : id=98370 removeFromCurrentState Surface(name=426bda1 Splash Screen com.example.dogglers)/@0xb295111 - animation-leash#0 (63)
07-20 12:40:19.320   507   970 I Layer   : id=98373 removeFromCurrentState Surface(name=7580301 StatusBar)/@0xfd83951 - animation-leash#1 (63)
07-20 12:40:19.320   507   970 I Layer   : id=98374 removeFromCurrentState Surface(name=496386c NavigationBar0)/@0xb856353 - animation-leash#0 (63)
07-20 12:40:19.322 22314 22314 D LifecycleMonitor: Lifecycle status change: androidx.test.core.app.InstrumentationActivityInvoker$EmptyActivity@d16df50 in: PRE_ON_CREATE
07-20 12:40:19.322 22314 22314 V ActivityScenario: Activity lifecycle changed event received but ignored because the intent does not match. startActivityIntent=Intent { act=android.intent.action.MAIN cat=[android.intent.category.LAUNCHER] cmp=com.example.dogglers/.MainActivity }, activity.getIntent()=Intent { act=android.intent.action.MAIN cat=[android.intent.category.LAUNCHER] flg=0x10000000 cmp=com.example.dogglers/androidx.test.core.app.InstrumentationActivityInvoker$EmptyActivity }, activity=androidx.test.core.app.InstrumentationActivityInvoker$EmptyActivity@d16df50
07-20 12:40:19.327   507   507 I Layer   : id=98370[1] Destroyed Surface(name=426bda1 Splash Screen com.example.dogglers)/@0xb295111 - animation-leash#0
07-20 12:40:19.327   507   507 I Layer   : id=98360[1] Destroyed 426bda1 Splash Screen com.example.dogglers#0
07-20 12:40:19.328   471   532 D IMGGralloc: Gralloc Free  w:720, h:1600, f:0x1, usage:0x966, ui64Stamp:3273525 line = 2441
07-20 12:40:19.329   471   532 D IMGGralloc: Gralloc Free  w:720, h:1600, f:0x1, usage:0x966, ui64Stamp:3273534 line = 2441
07-20 12:40:19.329   507   507 D IMGGralloc: Gralloc Free  w:720, h:1600, f:0x1, usage:0x966, ui64Stamp:3273534 line = 2441
07-20 12:40:19.331   507   507 I Layer   : id=98361[1] Destroyed Splash Screen com.example.dogglers#0
07-20 12:40:19.334   507   507 D SurfaceFlinger: Display 0 HWC layers:
07-20 12:40:19.334   507   507 D SurfaceFlinger:      DEVICE | 0xed753bc0 | 0002 | RGBA_8888    |    0.0    0.0  720.0 1600.0 |    0    0  720 1600 | com.example.dogglers/com.example.dogglers.MainActivity#0
07-20 12:40:19.334   507   507 D SurfaceFlinger:      DEVICE | 0xed755e20 | 0000 | RGBA_8888    |    0.0    0.0  720.0   45.0 |    0    0  720   45 | StatusBar#0
07-20 12:40:19.334   507   507 D SurfaceFlinger:      DEVICE | 0xed7543e0 | 0000 | RGBA_8888    |    0.0    0.0  720.0   96.0 |    0 1504  720 1600 | NavigationBar0#0
07-20 12:40:19.334   507   507 D SurfaceFlinger:
07-20 12:40:19.338 22314 22314 D LifecycleMonitor: Lifecycle status change: androidx.test.core.app.InstrumentationActivityInvoker$EmptyActivity@d16df50 in: CREATED
07-20 12:40:19.339 22314 22314 V ActivityScenario: Activity lifecycle changed event received but ignored because the intent does not match. startActivityIntent=Intent { act=android.intent.action.MAIN cat=[android.intent.category.LAUNCHER] cmp=com.example.dogglers/.MainActivity }, activity.getIntent()=Intent { act=android.intent.action.MAIN cat=[android.intent.category.LAUNCHER] flg=0x10000000 cmp=com.example.dogglers/androidx.test.core.app.InstrumentationActivityInvoker$EmptyActivity }, activity=androidx.test.core.app.InstrumentationActivityInvoker$EmptyActivity@d16df50
07-20 12:40:19.342 22314 22314 D LifecycleMonitor: Lifecycle status change: androidx.test.core.app.InstrumentationActivityInvoker$EmptyActivity@d16df50 in: STARTED
07-20 12:40:19.342 22314 22314 V ActivityScenario: Activity lifecycle changed event received but ignored because the intent does not match. startActivityIntent=Intent { act=android.intent.action.MAIN cat=[android.intent.category.LAUNCHER] cmp=com.example.dogglers/.MainActivity }, activity.getIntent()=Intent { act=android.intent.action.MAIN cat=[android.intent.category.LAUNCHER] flg=0x10000000 cmp=com.example.dogglers/androidx.test.core.app.InstrumentationActivityInvoker$EmptyActivity }, activity=androidx.test.core.app.InstrumentationActivityInvoker$EmptyActivity@d16df50
07-20 12:40:19.345 22314 22314 D LifecycleMonitor: Lifecycle status change: androidx.test.core.app.InstrumentationActivityInvoker$EmptyActivity@d16df50 in: RESUMED
07-20 12:40:19.346 22314 22314 V ActivityScenario: Activity lifecycle changed event received but ignored because the intent does not match. startActivityIntent=Intent { act=android.intent.action.MAIN cat=[android.intent.category.LAUNCHER] cmp=com.example.dogglers/.MainActivity }, activity.getIntent()=Intent { act=android.intent.action.MAIN cat=[android.intent.category.LAUNCHER] flg=0x10000000 cmp=com.example.dogglers/androidx.test.core.app.InstrumentationActivityInvoker$EmptyActivity }, activity=androidx.test.core.app.InstrumentationActivityInvoker$EmptyActivity@d16df50
07-20 12:40:19.353   507   979 I SurfaceFlinger: id=98377 createSurf (0x0),-1 flag=80004, a30c347 com.example.dogglers/androidx.test.core.app.InstrumentationActivityInvoker$EmptyActivity#0
07-20 12:40:19.357 22314 22314 I InputTransport: Create ARC handle: 0xe57c44c0
07-20 12:40:19.357 22314 22314 E libc    : Access denied finding property "ro.vendor.input.resample_latency_ms"
07-20 12:40:19.359 22314 22314 I SurfaceControl: release : mNativeObject = 3539062912 - Surface(name=Surface(name=34a1f20 InputMethod)/@0x63c1a9e - animation-leash)/@0x992a07c / android.view.-$$Lambda$Rl1VZmNJ0VZDLK0BAbaVGis0rrA.accept:2 android.view.InsetsSourceControl.release:170 android.view.InsetsSourceConsumer.setControl:193 android.view.ImeInsetsSourceConsumer.setControl:151
07-20 12:40:19.360 22314 22314 I SurfaceControl: release : mNativeObject = 3539062848 - Surface(name=Surface(name=496386c NavigationBar0)/@0xb856353 - animation-leash)/@0xc3c4d05 / android.view.-$$Lambda$Rl1VZmNJ0VZDLK0BAbaVGis0rrA.accept:2 android.view.InsetsSourceControl.release:170 android.view.InsetsSourceConsumer.setControl:193 android.view.InsetsController.onControlsChanged:794
07-20 12:40:19.360 22314 22314 I SurfaceControl: release : mNativeObject = 3212472128 - Surface(name=Surface(name=7580301 StatusBar)/@0xfd83951 - animation-leash)/@0xc02815a / android.view.-$$Lambda$Rl1VZmNJ0VZDLK0BAbaVGis0rrA.accept:2 android.view.InsetsSourceControl.release:170 android.view.InsetsSourceConsumer.setControl:193 android.view.InsetsController.onControlsChanged:794
07-20 12:40:19.369   816  9073 V WindowManager: Relayout Window{a30c347 u0 com.example.dogglers/androidx.test.core.app.InstrumentationActivityInvoker$EmptyActivity}: viewVisibility=0 req=720x1600
07-20 12:40:19.371   507   970 I SurfaceFlinger: id=98378 createSurf (720x1600),1 flag=404, com.example.dogglers/androidx.test.core.app.InstrumentationActivityInvoker$EmptyActivity#0
07-20 12:40:19.373   816  9073 I SurfaceControl: release : mNativeObject = 3176087552 - Surface(name=Surface(name=7580301 StatusBar)/@0xfd83951 - animation-leash)/@0xdfe68dc / android.view.SurfaceControl$Transaction.remove:3169 com.android.server.wm.SurfaceAnimator.cancelAnimation:365 com.android.server.wm.SurfaceAnimator.startAnimation:161 com.android.server.wm.WindowContainer.startAnimation:2127
07-20 12:40:19.374   507   970 I SurfaceFlinger: id=98379 createSurf (0x0),-1 flag=24000, Surface(name=7580301 StatusBar)/@0xfd83951 - animation-leash#1
07-20 12:40:19.375   816  9073 I SurfaceControl: release : mNativeObject = 3267706944 - Surface(name=Surface(name=496386c NavigationBar0)/@0xb856353 - animation-leash)/@0xf8170ba / android.view.SurfaceControl$Transaction.remove:3169 com.android.server.wm.SurfaceAnimator.cancelAnimation:365 com.android.server.wm.SurfaceAnimator.startAnimation:161 com.android.server.wm.WindowContainer.startAnimation:2127
07-20 12:40:19.375   507   970 I SurfaceFlinger: id=98380 createSurf (0x0),-1 flag=24000, Surface(name=496386c NavigationBar0)/@0xb856353 - animation-leash#0
07-20 12:40:19.377   507   507 I Layer   : id=98369[1] Destroyed Surface(name=496386c NavigationBar0)/@0xb856353 - animation-leash#1
07-20 12:40:19.377   507   507 I Layer   : id=98368[1] Destroyed Surface(name=7580301 StatusBar)/@0xfd83951 - animation-leash#0
07-20 12:40:19.377   816  9073 V WindowManager: Relayout hash=a30c347, pid=22314: mAttrs={(0,0)(fillxfill) sim={adjust=pan forwardNavigation} ty=BASE_APPLICATION wanim=0x1030001
07-20 12:40:19.377   816  9073 V WindowManager:   fl=1810100
07-20 12:40:19.377   816  9073 V WindowManager:   pfl=12020000
07-20 12:40:19.377   816  9073 V WindowManager:   fitSides=}
07-20 12:40:19.377   816  9073 I SurfaceControl: release : mNativeObject = 3282937696 - Surface(name=com.example.dogglers/androidx.test.core.app.InstrumentationActivityInvoker$EmptyActivity)/@0x3ee2d99 / android.view.SurfaceControl.writeToParcel:1094 android.view.IWindowSession$Stub.onTransact:894 com.android.server.wm.Session.onTransact:139 android.os.Binder.execTransactInternal:1154
07-20 12:40:19.378   507   970 I Layer   : id=98375 removeFromCurrentState Surface(name=7580301 StatusBar)/@0xfd83951 - animation-leash#0 (62)
07-20 12:40:19.378   507   970 I Layer   : id=98376 removeFromCurrentState Surface(name=496386c NavigationBar0)/@0xb856353 - animation-leash#1 (62)
07-20 12:40:19.382 22314 22346 D OpenGLRenderer: eglCreateWindowSurface : 0xe589ee60
07-20 12:40:19.383   470   470 D IMGGralloc: GBuffer--------------(*format)=1
07-20 12:40:19.383   470   470 D IMGGralloc: Gralloc alloc start  w:720, h:1600, f:0x1, usage:0x900, line = 1643
07-20 12:40:19.384   470   470 D IMGGralloc: Gralloc Alloc end  w:720, h:1600, f:0x1, usage:0x900, handle:0xeba763c0, ui64Stamp:3273564, sSize:4608000, line = 2047
07-20 12:40:19.384   470   470 D IMGGralloc: Gralloc Free  w:720, h:1600, f:0x1, usage:0x900, ui64Stamp:3273564 line = 2441
07-20 12:40:19.384   507   970 D IMGGralloc: Gralloc Register  w:720, h:1600, f:0x1, usage:0x900, ui64Stamp:3273564, sSize:4608000, line = 2335
07-20 12:40:19.384   470   470 D IMGGralloc: GBuffer--------------(*format)=1
07-20 12:40:19.384   470   470 D IMGGralloc: Gralloc alloc start  w:720, h:1600, f:0x1, usage:0x900, line = 1643
07-20 12:40:19.386   470   470 D IMGGralloc: Gralloc Alloc end  w:720, h:1600, f:0x1, usage:0x900, handle:0xeba763c0, ui64Stamp:3273568, sSize:4608000, line = 2047
07-20 12:40:19.386   470   470 D IMGGralloc: Gralloc Free  w:720, h:1600, f:0x1, usage:0x900, ui64Stamp:3273568 line = 2441
07-20 12:40:19.387   507   970 D IMGGralloc: Gralloc Register  w:720, h:1600, f:0x1, usage:0x900, ui64Stamp:3273568, sSize:4608000, line = 2335
07-20 12:40:19.387   470   470 D IMGGralloc: GBuffer--------------(*format)=1
07-20 12:40:19.387   470   470 D IMGGralloc: Gralloc alloc start  w:720, h:1600, f:0x1, usage:0x900, line = 1643
07-20 12:40:19.389   507   979 D IMGGralloc: Gralloc Free  w:720, h:1600, f:0x1, usage:0x900, ui64Stamp:3273568 line = 2441
07-20 12:40:19.389   470   470 D IMGGralloc: Gralloc Alloc end  w:720, h:1600, f:0x1, usage:0x900, handle:0xeba763c0, ui64Stamp:3273572, sSize:4608000, line = 2047
07-20 12:40:19.389   470   470 D IMGGralloc: Gralloc Free  w:720, h:1600, f:0x1, usage:0x900, ui64Stamp:3273572 line = 2441
07-20 12:40:19.390   507   970 D IMGGralloc: Gralloc Register  w:720, h:1600, f:0x1, usage:0x900, ui64Stamp:3273572, sSize:4608000, line = 2335
07-20 12:40:19.390   470   470 D IMGGralloc: GBuffer--------------(*format)=1
07-20 12:40:19.390   470   470 D IMGGralloc: Gralloc alloc start  w:720, h:1600, f:0x1, usage:0xb00, line = 1643
07-20 12:40:19.392   470   470 D IMGGralloc: Gralloc Alloc end  w:720, h:1600, f:0x1, usage:0xb00, handle:0xeba763c0, ui64Stamp:3273576, sSize:4608000, line = 2047
07-20 12:40:19.392   470   470 D IMGGralloc: Gralloc Free  w:720, h:1600, f:0x1, usage:0xb00, ui64Stamp:3273576 line = 2441
07-20 12:40:19.392   507   979 D IMGGralloc: Gralloc Register  w:720, h:1600, f:0x1, usage:0xb00, ui64Stamp:3273576, sSize:4608000, line = 2335
07-20 12:40:19.393 22314 22346 D IMGGralloc: Gralloc Register  w:720, h:1600, f:0x1, usage:0xb00, ui64Stamp:3273576, sSize:4608000, line = 2335
07-20 12:40:19.394   507   507 I SurfaceFlinger: SF-Update,layer=com.example.dogglers/androidx.test.core.app.InstrumentationActivityInvoker$EmptyActivity#0,name=Window{a30c347 u0 com.example.dogglers/androidx.test.core.app.InstrumentationActivityInvoker$EmptyActivity},token=0xed20daf0,id=98378 dirty=1,inputChanged=0,syncInput=0,visible=0,paused=0,portal=-1,param=0x1810120,feature=0x0
07-20 12:40:19.400 22314 22314 I SurfaceControl: release : mNativeObject = 3212471680 - Surface(name=Surface(name=34a1f20 InputMethod)/@0x63c1a9e - animation-leash)/@0x616af8b / android.view.-$$Lambda$Rl1VZmNJ0VZDLK0BAbaVGis0rrA.accept:2 android.view.InsetsSourceControl.release:170 android.view.InsetsSourceConsumer.setControl:193 android.view.ImeInsetsSourceConsumer.setControl:151
07-20 12:40:19.405   816   898 I ActivityTaskManager: Displayed com.example.dogglers/androidx.test.core.app.InstrumentationActivityInvoker$EmptyActivity: +125ms
07-20 12:40:19.409 22314 22314 I SurfaceControl: release : mNativeObject = 3212471808 - Surface(name=Surface(name=34a1f20 InputMethod)/@0x63c1a9e - animation-leash)/@0x1a74868 / android.view.-$$Lambda$Rl1VZmNJ0VZDLK0BAbaVGis0rrA.accept:2 android.view.InsetsSourceControl.release:170 android.view.InsetsSourceConsumer.setControl:193 android.view.ImeInsetsSourceConsumer.setControl:151
07-20 12:40:19.409 22314 22314 I SurfaceControl: release : mNativeObject = 3539063008 - Surface(name=Surface(name=496386c NavigationBar0)/@0xb856353 - animation-leash)/@0x4b9b481 / android.view.-$$Lambda$Rl1VZmNJ0VZDLK0BAbaVGis0rrA.accept:2 android.view.InsetsSourceControl.release:170 android.view.InsetsSourceConsumer.setControl:193 android.view.InsetsController.onControlsChanged:794
07-20 12:40:19.410   507   507 I Layer   : id=98376[1] Destroyed Surface(name=496386c NavigationBar0)/@0xb856353 - animation-leash#1
07-20 12:40:19.411   471   532 D IMGGralloc: Gralloc Free  w:720, h:1600, f:0x1, usage:0xb00, ui64Stamp:3273559 line = 2441
07-20 12:40:19.412 22314 22314 I SurfaceControl: release : mNativeObject = 3212472064 - Surface(name=Surface(name=7580301 StatusBar)/@0xfd83951 - animation-leash)/@0x4d75926 / android.view.-$$Lambda$Rl1VZmNJ0VZDLK0BAbaVGis0rrA.accept:2 android.view.InsetsSourceControl.release:170 android.view.InsetsSourceConsumer.setControl:193 android.view.InsetsController.onControlsChanged:794
07-20 12:40:19.412   471   532 D IMGGralloc: Gralloc Register  w:720, h:1600, f:0x1, usage:0xb00, ui64Stamp:3273576, sSize:4608000, line = 2335
07-20 12:40:19.414   507   507 D SurfaceFlinger: Display 0 HWC layers:
07-20 12:40:19.414   507   507 D SurfaceFlinger:      DEVICE | 0xed754840 | 0002 | RGBA_8888    |    0.0    0.0  720.0 1600.0 |    0    0  720 1600 | com.example.dogglers/androidx.test.c[...]ationActivityInvoker$EmptyActivity#0
07-20 12:40:19.414   507   507 D SurfaceFlinger:      DEVICE | 0xed755e20 | 0000 | RGBA_8888    |    0.0    0.0  720.0   45.0 |    0    0  720   45 | StatusBar#0
07-20 12:40:19.414   507   507 D SurfaceFlinger:      DEVICE | 0xed7543e0 | 0000 | RGBA_8888    |    0.0    0.0  720.0   96.0 |    0 1504  720 1600 | NavigationBar0#0
07-20 12:40:19.414   507   507 D SurfaceFlinger:
07-20 12:40:19.417 22314 22346 D OpenGLRenderer: destroyEglSurface : 0xe56b1720
07-20 12:40:19.418 22314 22346 D IMGGralloc: Gralloc Free  w:720, h:1600, f:0x1, usage:0xb00, ui64Stamp:3273559 line = 2441
07-20 12:40:19.418 22314 22346 D IMGGralloc: Gralloc Free  w:720, h:1600, f:0x1, usage:0xb00, ui64Stamp:3273555 line = 2441
07-20 12:40:19.418 22314 22346 D IMGGralloc: Gralloc Free  w:720, h:1600, f:0x1, usage:0xb00, ui64Stamp:3273551 line = 2441
07-20 12:40:19.419   507   567 D IMGGralloc: Gralloc Free  w:720, h:1600, f:0x1, usage:0xb00, ui64Stamp:3273555 line = 2441
07-20 12:40:19.419   507   567 D IMGGralloc: Gralloc Free  w:720, h:1600, f:0x1, usage:0xb00, ui64Stamp:3273551 line = 2441
07-20 12:40:19.421   816  9073 V WindowManager: Relayout Window{a2b7905 u0 com.example.dogglers/com.example.dogglers.MainActivity}: viewVisibility=8 req=720x1600
07-20 12:40:19.426   816  9073 V WindowManager: Relayout hash=a2b7905, pid=22314: mAttrs={(0,0)(fillxfill) sim={adjust=pan forwardNavigation} ty=BASE_APPLICATION wanim=0x1030304
07-20 12:40:19.426   816  9073 V WindowManager:   fl=81810100
07-20 12:40:19.426   816  9073 V WindowManager:   pfl=12020000
07-20 12:40:19.426   816  9073 V WindowManager:   fitSides=}
07-20 12:40:19.426   507   507 I Layer   : id=98375[1] Destroyed Surface(name=7580301 StatusBar)/@0xfd83951 - animation-leash#0
07-20 12:40:19.427   507   970 I SurfaceFlinger: id=98381 createSurf (0x0),-1 flag=80004, ActivityRecord{a777c6a u0 com.example.dogglers/androidx.test.core.app.InstrumentationActivityInvoker$EmptyActivity#0
07-20 12:40:19.428 22314 22314 I SurfaceControl: release : mNativeObject = 3212471488 - Surface(name=null)/@0x1dc8314 / android.view.SurfaceControl.assignNativeObject:528 android.view.SurfaceControl.readFromParcel:1073 android.view.IWindowSession$Stub$Proxy.relayout:1734 android.view.ViewRootImpl.relayoutWindow:7498
07-20 12:40:19.430 22314 22314 I SurfaceControl: release : mNativeObject = 3539063424 - Surface(name=Surface(name=34a1f20 InputMethod)/@0x63c1a9e - animation-leash)/@0x4c17bd / android.view.-$$Lambda$Rl1VZmNJ0VZDLK0BAbaVGis0rrA.accept:2 android.view.InsetsSourceControl.release:170 android.view.InsetsSourceConsumer.setControl:193 android.view.ImeInsetsSourceConsumer.setControl:151
07-20 12:40:19.431 22314 22314 D InputMethodManager: prepareNavigationBarInfo() DecorView@8cfe1b2[InstrumentationActivityInvoker$EmptyActivity]
07-20 12:40:19.431 22314 22314 D InputMethodManager: getNavigationBarColor() -16777216
07-20 12:40:19.438   816  9073 I SurfaceControl: release : mNativeObject = 3255643360 - Surface(name=Surface(name=34a1f20 InputMethod)/@0x63c1a9e - animation-leash)/@0xc8c7cac / android.view.SurfaceControl$Transaction.remove:3169 com.android.server.wm.SurfaceAnimator.cancelAnimation:365 com.android.server.wm.SurfaceAnimator.startAnimation:161 com.android.server.wm.WindowContainer.startAnimation:2127
07-20 12:40:19.438   507   970 I SurfaceFlinger: id=98382 createSurf (0x0),-1 flag=24004, Surface(name=34a1f20 InputMethod)/@0x63c1a9e - animation-leash#1
07-20 12:40:19.439 13023 13023 I GoogleInputMethodService: GoogleInputMethodService.onFinishInput():3220
07-20 12:40:19.440 22314 22314 D LifecycleMonitor: Lifecycle status change: com.example.dogglers.MainActivity@523c0a9 in: STOPPED
07-20 12:40:19.440 22314 22314 V ActivityScenario: Update currentActivityStage to STOPPED, currentActivity=com.example.dogglers.MainActivity@523c0a9
07-20 12:40:19.440 13023 13023 I GoogleInputMethodService: GoogleInputMethodService.updateDeviceLockedStatus():2116 checkRepeatedly = false, unlocked = true
07-20 12:40:19.440 13023 13023 I GoogleInputMethodService: GoogleInputMethodService.onStartInput():1923 onStartInput(EditorInfo{inputType=0x0(NULL) imeOptions=0x0 privateImeOptions=null actionName=UNSPECIFIED actionLabel=null actionId=0 initialSelStart=-1 initialSelEnd=-1 initialCapsMode=0x0 hintText=null label=null packageName=com.example.dogglers fieldId=-1 fieldName=null extras=Bundle[EMPTY_PARCEL]}, false)
07-20 12:40:19.441 13023 13023 I GoogleInputMethodService: GoogleInputMethodService.updateDeviceLockedStatus():2116 checkRepeatedly = true, unlocked = true
07-20 12:40:19.444 22314 22314 D LifecycleMonitor: Lifecycle status change: com.example.dogglers.MainActivity@523c0a9 in: DESTROYED
07-20 12:40:19.444   507   970 I Layer   : id=98371 removeFromCurrentState Surface(name=34a1f20 InputMethod)/@0x63c1a9e - animation-leash#0 (62)
07-20 12:40:19.444 22314 22314 V ActivityScenario: Update currentActivityStage to DESTROYED, currentActivity=null
07-20 12:40:19.449   816  9073 I SurfaceControl: release : mNativeObject = 3274163168 - Surface(name=a2b7905 com.example.dogglers/com.example.dogglers.MainActivity)/@0x588f536 / android.view.SurfaceControl$Transaction.remove:3169 com.android.server.wm.WindowContainer.removeImmediately:607 com.android.server.wm.WindowState.removeImmediately:2199 com.android.server.wm.WindowState.removeIfPossible:2373
07-20 12:40:19.449   816  9073 I SurfaceControl: release : mNativeObject = 3176090336 - Surface(name=com.example.dogglers/com.example.dogglers.MainActivity)/@0x3cb0c37 / android.view.SurfaceControl$Transaction.remove:3169 com.android.server.wm.WindowSurfaceController.destroyNotInTransaction:218 com.android.server.wm.WindowStateAnimator.destroySurface:1603 com.android.server.wm.WindowStateAnimator.destroySurfaceLocked:638
07-20 12:40:19.450   507   970 I Layer   : id=98367 removeFromCurrentState com.example.dogglers/com.example.dogglers.MainActivity#0 (62)
07-20 12:40:19.452   507   970 I Layer   : id=98366 removeFromCurrentState a2b7905 com.example.dogglers/com.example.dogglers.MainActivity#0 (62)
07-20 12:40:19.453 22314 22314 I InputTransport: Destroy ARC handle: 0xe5825d10
07-20 12:40:19.454   816  9073 I SurfaceControl: release : mNativeObject = 3176087744 - Surface(name=ActivityRecord{4783d38 u0 com.example.dogglers/.MainActivity)/@0x767e829 / android.view.SurfaceControl$Transaction.remove:3169 com.android.server.wm.WindowContainer.removeImmediately:607 com.android.server.wm.WindowToken.removeImmediately:392 com.android.server.wm.ActivityRecord.removeImmediately:3348
07-20 12:40:19.459 22314 22314 D LifecycleMonitor: Lifecycle status change: androidx.test.core.app.InstrumentationActivityInvoker$EmptyActivity@d16df50 in: PAUSED
07-20 12:40:19.460   507   507 I Layer   : id=98366[1] Destroyed a2b7905 com.example.dogglers/com.example.dogglers.MainActivity#0
07-20 12:40:19.460 22314 22314 V ActivityScenario: Activity lifecycle changed event received but ignored because the intent does not match. startActivityIntent=Intent { act=android.intent.action.MAIN cat=[android.intent.category.LAUNCHER] cmp=com.example.dogglers/.MainActivity }, activity.getIntent()=Intent { act=android.intent.action.MAIN cat=[android.intent.category.LAUNCHER] flg=0x10000000 cmp=com.example.dogglers/androidx.test.core.app.InstrumentationActivityInvoker$EmptyActivity }, activity=androidx.test.core.app.InstrumentationActivityInvoker$EmptyActivity@d16df50
07-20 12:40:19.460   507   507 D IMGGralloc: Gralloc Free  w:720, h:1600, f:0x1, usage:0xb00, ui64Stamp:3273559 line = 2441
07-20 12:40:19.460   507   507 I Layer   : id=98367[1] Destroyed com.example.dogglers/com.example.dogglers.MainActivity#0
07-20 12:40:19.461   507   970 I Layer   : id=98365 removeFromCurrentState ActivityRecord{4783d38 u0 com.example.dogglers/.MainActivity#0 (60)
07-20 12:40:19.471 22314 22314 I SurfaceControl: release : mNativeObject = 3212471488 - Surface(name=Surface(name=34a1f20 InputMethod)/@0x63c1a9e - animation-leash)/@0x35666fe / android.view.-$$Lambda$Rl1VZmNJ0VZDLK0BAbaVGis0rrA.accept:2 android.view.InsetsSourceControl.release:170 android.view.InsetsSourceConsumer.setControl:193 android.view.ImeInsetsSourceConsumer.setControl:151
07-20 12:40:19.473   816  5233 D InputMethodManagerService: isImeSwitcherDisabledPackage : false
07-20 12:40:19.473 22314 22314 I SurfaceControl: release : mNativeObject = 3539062944 - Surface(name=Surface(name=496386c NavigationBar0)/@0xb856353 - animation-leash)/@0x59f6e5f / android.view.-$$Lambda$Rl1VZmNJ0VZDLK0BAbaVGis0rrA.accept:2 android.view.InsetsSourceControl.release:170 android.view.InsetsSourceConsumer.setControl:193 android.view.InsetsController.onControlsChanged:794
07-20 12:40:19.473 22314 22314 I SurfaceControl: release : mNativeObject = 3212472128 - Surface(name=Surface(name=7580301 StatusBar)/@0xfd83951 - animation-leash)/@0x4fd20ac / android.view.-$$Lambda$Rl1VZmNJ0VZDLK0BAbaVGis0rrA.accept:2 android.view.InsetsSourceControl.release:170 android.view.InsetsSourceConsumer.setControl:193 android.view.InsetsController.onControlsChanged:794
07-20 12:40:19.475 22314 22314 D LifecycleMonitor: Lifecycle status change: androidx.test.core.app.InstrumentationActivityInvoker$BootstrapActivity@35152d7 in: DESTROYED
07-20 12:40:19.476 22314 22314 V ActivityScenario: Activity lifecycle changed event received but ignored because the intent does not match. startActivityIntent=Intent { act=android.intent.action.MAIN cat=[android.intent.category.LAUNCHER] cmp=com.example.dogglers/.MainActivity }, activity.getIntent()=Intent { act=android.intent.action.MAIN cat=[android.intent.category.LAUNCHER] flg=0x10008000 cmp=com.example.dogglers/androidx.test.core.app.InstrumentationActivityInvoker$BootstrapActivity (has extras) }, activity=androidx.test.core.app.InstrumentationActivityInvoker$BootstrapActivity@35152d7
07-20 12:40:19.476   507   507 I Layer   : id=98365[1] Destroyed ActivityRecord{4783d38 u0 com.example.dogglers/.MainActivity#0
07-20 12:40:19.478   816  5233 I SurfaceControl: release : mNativeObject = 3276483360 - Surface(name=ActivityRecord{9850425 u0 com.example.dogglers/androidx.test.core.app.InstrumentationActivityInvoker$BootstrapActivity)/@0x4b2f0d / android.view.SurfaceControl$Transaction.remove:3169 com.android.server.wm.WindowContainer.removeImmediately:607 com.android.server.wm.WindowToken.removeImmediately:392 com.android.server.wm.ActivityRecord.removeImmediately:3348
07-20 12:40:19.482   507   970 I Layer   : id=98359 removeFromCurrentState ActivityRecord{9850425 u0 com.example.dogglers/androidx.test.core.app.InstrumentationActivityInvoker$BootstrapActivity#0 (59)
07-20 12:40:19.485 22314 22314 D LifecycleMonitor: Lifecycle status change: androidx.test.core.app.InstrumentationActivityInvoker$EmptyActivity@a2df50a in: PRE_ON_CREATE
07-20 12:40:19.485 22314 22314 V ActivityScenario: Activity lifecycle changed event received but ignored because the intent does not match. startActivityIntent=Intent { act=android.intent.action.MAIN cat=[android.intent.category.LAUNCHER] cmp=com.example.dogglers/.MainActivity }, activity.getIntent()=Intent { act=android.intent.action.MAIN cat=[android.intent.category.LAUNCHER] flg=0x10000000 cmp=com.example.dogglers/androidx.test.core.app.InstrumentationActivityInvoker$EmptyActivity }, activity=androidx.test.core.app.InstrumentationActivityInvoker$EmptyActivity@a2df50a
07-20 12:40:19.493   507   507 I Layer   : id=98359[1] Destroyed ActivityRecord{9850425 u0 com.example.dogglers/androidx.test.core.app.InstrumentationActivityInvoker$BootstrapActivity#0
07-20 12:40:19.500 22314 22314 D LifecycleMonitor: Lifecycle status change: androidx.test.core.app.InstrumentationActivityInvoker$EmptyActivity@a2df50a in: CREATED
07-20 12:40:19.500 22314 22314 V ActivityScenario: Activity lifecycle changed event received but ignored because the intent does not match. startActivityIntent=Intent { act=android.intent.action.MAIN cat=[android.intent.category.LAUNCHER] cmp=com.example.dogglers/.MainActivity }, activity.getIntent()=Intent { act=android.intent.action.MAIN cat=[android.intent.category.LAUNCHER] flg=0x10000000 cmp=com.example.dogglers/androidx.test.core.app.InstrumentationActivityInvoker$EmptyActivity }, activity=androidx.test.core.app.InstrumentationActivityInvoker$EmptyActivity@a2df50a
07-20 12:40:19.504 22314 22314 D LifecycleMonitor: Lifecycle status change: androidx.test.core.app.InstrumentationActivityInvoker$EmptyActivity@a2df50a in: STARTED
07-20 12:40:19.504 22314 22314 V ActivityScenario: Activity lifecycle changed event received but ignored because the intent does not match. startActivityIntent=Intent { act=android.intent.action.MAIN cat=[android.intent.category.LAUNCHER] cmp=com.example.dogglers/.MainActivity }, activity.getIntent()=Intent { act=android.intent.action.MAIN cat=[android.intent.category.LAUNCHER] flg=0x10000000 cmp=com.example.dogglers/androidx.test.core.app.InstrumentationActivityInvoker$EmptyActivity }, activity=androidx.test.core.app.InstrumentationActivityInvoker$EmptyActivity@a2df50a
07-20 12:40:19.507 22314 22314 D LifecycleMonitor: Lifecycle status change: androidx.test.core.app.InstrumentationActivityInvoker$EmptyActivity@a2df50a in: RESUMED
07-20 12:40:19.507 22314 22314 V ActivityScenario: Activity lifecycle changed event received but ignored because the intent does not match. startActivityIntent=Intent { act=android.intent.action.MAIN cat=[android.intent.category.LAUNCHER] cmp=com.example.dogglers/.MainActivity }, activity.getIntent()=Intent { act=android.intent.action.MAIN cat=[android.intent.category.LAUNCHER] flg=0x10000000 cmp=com.example.dogglers/androidx.test.core.app.InstrumentationActivityInvoker$EmptyActivity }, activity=androidx.test.core.app.InstrumentationActivityInvoker$EmptyActivity@a2df50a
07-20 12:40:19.515   507   979 I SurfaceFlinger: id=98383 createSurf (0x0),-1 flag=80004, afd750e com.example.dogglers/androidx.test.core.app.InstrumentationActivityInvoker$EmptyActivity#0
07-20 12:40:19.519 22314 22314 I InputTransport: Create ARC handle: 0xe57c43a0
07-20 12:40:19.519 22314 22314 E libc    : Access denied finding property "ro.vendor.input.resample_latency_ms"
07-20 12:40:19.533   816  5530 V WindowManager: Relayout Window{afd750e u0 com.example.dogglers/androidx.test.core.app.InstrumentationActivityInvoker$EmptyActivity}: viewVisibility=0 req=720x1600
07-20 12:40:19.536   507   979 I SurfaceFlinger: id=98384 createSurf (720x1600),1 flag=404, com.example.dogglers/androidx.test.core.app.InstrumentationActivityInvoker$EmptyActivity#1
07-20 12:40:19.538   816  5530 I SurfaceControl: release : mNativeObject = 3267707232 - Surface(name=Surface(name=7580301 StatusBar)/@0xfd83951 - animation-leash)/@0x4915d12 / android.view.SurfaceControl$Transaction.remove:3169 com.android.server.wm.SurfaceAnimator.cancelAnimation:365 com.android.server.wm.SurfaceAnimator.startAnimation:161 com.android.server.wm.WindowContainer.startAnimation:2127
07-20 12:40:19.538   507   979 I SurfaceFlinger: id=98385 createSurf (0x0),-1 flag=24000, Surface(name=7580301 StatusBar)/@0xfd83951 - animation-leash#0
07-20 12:40:19.539   816  5530 I SurfaceControl: release : mNativeObject = 3267708032 - Surface(name=Surface(name=496386c NavigationBar0)/@0xb856353 - animation-leash)/@0xedc16e0 / android.view.SurfaceControl$Transaction.remove:3169 com.android.server.wm.SurfaceAnimator.cancelAnimation:365 com.android.server.wm.SurfaceAnimator.startAnimation:161 com.android.server.wm.WindowContainer.startAnimation:2127
07-20 12:40:19.540   507   979 I SurfaceFlinger: id=98386 createSurf (0x0),-1 flag=24000, Surface(name=496386c NavigationBar0)/@0xb856353 - animation-leash#1
07-20 12:40:19.542   816  5530 V WindowManager: Relayout hash=afd750e, pid=22314: mAttrs={(0,0)(fillxfill) sim={adjust=pan forwardNavigation} ty=BASE_APPLICATION wanim=0x1030001
07-20 12:40:19.542   816  5530 V WindowManager:   fl=1810100
07-20 12:40:19.542   816  5530 V WindowManager:   pfl=12020000
07-20 12:40:19.542   816  5530 V WindowManager:   fitSides=}
07-20 12:40:19.542   816  5530 I SurfaceControl: release : mNativeObject = 3255643360 - Surface(name=com.example.dogglers/androidx.test.core.app.InstrumentationActivityInvoker$EmptyActivity)/@0x775b928 / android.view.SurfaceControl.writeToParcel:1094 android.view.IWindowSession$Stub.onTransact:894 com.android.server.wm.Session.onTransact:139 android.os.Binder.execTransactInternal:1154
07-20 12:40:19.544   507   979 I Layer   : id=98379 removeFromCurrentState Surface(name=7580301 StatusBar)/@0xfd83951 - animation-leash#1 (62)
07-20 12:40:19.544   507   979 I Layer   : id=98380 removeFromCurrentState Surface(name=496386c NavigationBar0)/@0xb856353 - animation-leash#0 (62)
07-20 12:40:19.548 22314 22346 D OpenGLRenderer: eglCreateWindowSurface : 0xe589fd00
07-20 12:40:19.549   470   470 D IMGGralloc: GBuffer--------------(*format)=1
07-20 12:40:19.550   470   470 D IMGGralloc: Gralloc alloc start  w:720, h:1600, f:0x1, usage:0x900, line = 1643
07-20 12:40:19.551   470   470 D IMGGralloc: Gralloc Alloc end  w:720, h:1600, f:0x1, usage:0x900, handle:0xeba763c0, ui64Stamp:3273585, sSize:4608000, line = 2047
07-20 12:40:19.551   470   470 D IMGGralloc: Gralloc Free  w:720, h:1600, f:0x1, usage:0x900, ui64Stamp:3273585 line = 2441
07-20 12:40:19.551   507   970 D IMGGralloc: Gralloc Register  w:720, h:1600, f:0x1, usage:0x900, ui64Stamp:3273585, sSize:4608000, line = 2335
07-20 12:40:19.552   470   470 D IMGGralloc: GBuffer--------------(*format)=1
07-20 12:40:19.552   470   470 D IMGGralloc: Gralloc alloc start  w:720, h:1600, f:0x1, usage:0x900, line = 1643
07-20 12:40:19.553   470   470 D IMGGralloc: Gralloc Alloc end  w:720, h:1600, f:0x1, usage:0x900, handle:0xeba763c0, ui64Stamp:3273589, sSize:4608000, line = 2047
07-20 12:40:19.554   470   470 D IMGGralloc: Gralloc Free  w:720, h:1600, f:0x1, usage:0x900, ui64Stamp:3273589 line = 2441
07-20 12:40:19.554   507   970 D IMGGralloc: Gralloc Register  w:720, h:1600, f:0x1, usage:0x900, ui64Stamp:3273589, sSize:4608000, line = 2335
07-20 12:40:19.554   470   470 D IMGGralloc: GBuffer--------------(*format)=1
07-20 12:40:19.554   470   470 D IMGGralloc: Gralloc alloc start  w:720, h:1600, f:0x1, usage:0x900, line = 1643
07-20 12:40:19.554   507   979 D IMGGralloc: Gralloc Free  w:720, h:1600, f:0x1, usage:0x900, ui64Stamp:3273589 line = 2441
07-20 12:40:19.557   470   470 D IMGGralloc: Gralloc Alloc end  w:720, h:1600, f:0x1, usage:0x900, handle:0xeba763c0, ui64Stamp:3273593, sSize:4608000, line = 2047
07-20 12:40:19.557   470   470 D IMGGralloc: Gralloc Free  w:720, h:1600, f:0x1, usage:0x900, ui64Stamp:3273593 line = 2441
07-20 12:40:19.557   507   970 D IMGGralloc: Gralloc Register  w:720, h:1600, f:0x1, usage:0x900, ui64Stamp:3273593, sSize:4608000, line = 2335
07-20 12:40:19.558   470   470 D IMGGralloc: GBuffer--------------(*format)=1
07-20 12:40:19.558   470   470 D IMGGralloc: Gralloc alloc start  w:720, h:1600, f:0x1, usage:0xb00, line = 1643
07-20 12:40:19.559   470   470 D IMGGralloc: Gralloc Alloc end  w:720, h:1600, f:0x1, usage:0xb00, handle:0xeba763c0, ui64Stamp:3273597, sSize:4608000, line = 2047
07-20 12:40:19.560   470   470 D IMGGralloc: Gralloc Free  w:720, h:1600, f:0x1, usage:0xb00, ui64Stamp:3273597 line = 2441
07-20 12:40:19.560   507   507 I SurfaceFlinger: SF-Update,layer=com.example.dogglers/androidx.test.core.app.InstrumentationActivityInvoker$EmptyActivity#1,name=Window{afd750e u0 com.example.dogglers/androidx.test.core.app.InstrumentationActivityInvoker$EmptyActivity},token=0xed20fe90,id=98384 dirty=1,inputChanged=0,syncInput=0,visible=0,paused=0,portal=-1,param=0x1810120,feature=0x0
07-20 12:40:19.560   507   979 D IMGGralloc: Gralloc Register  w:720, h:1600, f:0x1, usage:0xb00, ui64Stamp:3273597, sSize:4608000, line = 2335
07-20 12:40:19.561 22314 22346 D IMGGralloc: Gralloc Register  w:720, h:1600, f:0x1, usage:0xb00, ui64Stamp:3273597, sSize:4608000, line = 2335
07-20 12:40:19.572   816   898 I ActivityTaskManager: Displayed com.example.dogglers/androidx.test.core.app.InstrumentationActivityInvoker$EmptyActivity: +145ms
07-20 12:40:19.577   471   532 D IMGGralloc: Gralloc Free  w:720, h:1600, f:0x1, usage:0xb00, ui64Stamp:3273576 line = 2441
07-20 12:40:19.578   471   532 D IMGGralloc: Gralloc Register  w:720, h:1600, f:0x1, usage:0xb00, ui64Stamp:3273597, sSize:4608000, line = 2335
07-20 12:40:19.579 22314 22314 I SurfaceControl: release : mNativeObject = 3212471808 - Surface(name=Surface(name=34a1f20 InputMethod)/@0x63c1a9e - animation-leash)/@0xa3e57d6 / android.view.-$$Lambda$Rl1VZmNJ0VZDLK0BAbaVGis0rrA.accept:2 android.view.InsetsSourceControl.release:170 android.view.InsetsSourceConsumer.setControl:193 android.view.ImeInsetsSourceConsumer.setControl:151
07-20 12:40:19.579 22314 22314 I SurfaceControl: release : mNativeObject = 3212471712 - Surface(name=Surface(name=496386c NavigationBar0)/@0xb856353 - animation-leash)/@0xd2ca57 / android.view.-$$Lambda$Rl1VZmNJ0VZDLK0BAbaVGis0rrA.accept:2 android.view.InsetsSourceControl.release:170 android.view.InsetsSourceConsumer.setControl:193 android.view.InsetsController.onControlsChanged:794
07-20 12:40:19.580 22314 22314 I SurfaceControl: release : mNativeObject = 3212471552 - Surface(name=Surface(name=7580301 StatusBar)/@0xfd83951 - animation-leash)/@0x9b0d944 / android.view.-$$Lambda$Rl1VZmNJ0VZDLK0BAbaVGis0rrA.accept:2 android.view.InsetsSourceControl.release:170 android.view.InsetsSourceConsumer.setControl:193 android.view.InsetsController.onControlsChanged:794
07-20 12:40:19.581   507   507 D SurfaceFlinger: Display 0 HWC layers:
07-20 12:40:19.581   507   507 D SurfaceFlinger:      DEVICE | 0xed753da0 | 0002 | RGBA_8888    |    0.0    0.0  720.0 1600.0 |    0    0  720 1600 | com.example.dogglers/androidx.test.c[...]ationActivityInvoker$EmptyActivity#1
07-20 12:40:19.581   507   507 D SurfaceFlinger:      DEVICE | 0xed755e20 | 0000 | RGBA_8888    |    0.0    0.0  720.0   45.0 |    0    0  720   45 | StatusBar#0
07-20 12:40:19.581   507   507 D SurfaceFlinger:      DEVICE | 0xed7543e0 | 0000 | RGBA_8888    |    0.0    0.0  720.0   96.0 |    0 1504  720 1600 | NavigationBar0#0
07-20 12:40:19.581   507   507 D SurfaceFlinger:
07-20 12:40:19.592   507   507 I Layer   : id=98380[1] Destroyed Surface(name=496386c NavigationBar0)/@0xb856353 - animation-leash#0
07-20 12:40:19.593   507   507 I Layer   : id=98379[1] Destroyed Surface(name=7580301 StatusBar)/@0xfd83951 - animation-leash#1
07-20 12:40:19.593 22314 22346 D OpenGLRenderer: destroyEglSurface : 0xe589ee60
07-20 12:40:19.595 22314 22346 D IMGGralloc: Gralloc Free  w:720, h:1600, f:0x1, usage:0xb00, ui64Stamp:3273576 line = 2441
07-20 12:40:19.595   507   979 D IMGGralloc: Gralloc Free  w:720, h:1600, f:0x1, usage:0x900, ui64Stamp:3273572 line = 2441
07-20 12:40:19.596   507   979 D IMGGralloc: Gralloc Free  w:720, h:1600, f:0x1, usage:0x900, ui64Stamp:3273564 line = 2441
07-20 12:40:19.597   816  5233 V WindowManager: Relayout Window{a30c347 u0 com.example.dogglers/androidx.test.core.app.InstrumentationActivityInvoker$EmptyActivity}: viewVisibility=8 req=720x1600
07-20 12:40:19.602   816  5233 V WindowManager: Relayout hash=a30c347, pid=22314: mAttrs={(0,0)(fillxfill) sim={adjust=pan forwardNavigation} ty=BASE_APPLICATION wanim=0x1030001
07-20 12:40:19.602   816  5233 V WindowManager:   fl=1810100
07-20 12:40:19.602   816  5233 V WindowManager:   pfl=12020000
07-20 12:40:19.602   816  5233 V WindowManager:   fitSides=}
07-20 12:40:19.604 22314 22314 I SurfaceControl: release : mNativeObject = 3539062848 - Surface(name=null)/@0x1176a2d / android.view.SurfaceControl.assignNativeObject:528 android.view.SurfaceControl.readFromParcel:1073 android.view.IWindowSession$Stub$Proxy.relayout:1734 android.view.ViewRootImpl.relayoutWindow:7498
07-20 12:40:19.605 22314 22314 I SurfaceControl: release : mNativeObject = 3539063584 - Surface(name=Surface(name=34a1f20 InputMethod)/@0x63c1a9e - animation-leash)/@0x5201b62 / android.view.-$$Lambda$Rl1VZmNJ0VZDLK0BAbaVGis0rrA.accept:2 android.view.InsetsSourceControl.release:170 android.view.InsetsSourceConsumer.setControl:193 android.view.ImeInsetsSourceConsumer.setControl:151
07-20 12:40:19.606 22314 22314 D InputMethodManager: prepareNavigationBarInfo() DecorView@6cfb4f3[InstrumentationActivityInvoker$EmptyActivity]
07-20 12:40:19.606 22314 22314 D InputMethodManager: getNavigationBarColor() -16777216
07-20 12:40:19.611   816  5530 I SurfaceControl: release : mNativeObject = 3267706944 - Surface(name=Surface(name=34a1f20 InputMethod)/@0x63c1a9e - animation-leash)/@0xc9ef6d1 / android.view.SurfaceControl$Transaction.remove:3169 com.android.server.wm.SurfaceAnimator.cancelAnimation:365 com.android.server.wm.SurfaceAnimator.startAnimation:161 com.android.server.wm.WindowContainer.startAnimation:2127
07-20 12:40:19.611 22314 22314 D LifecycleMonitor: Lifecycle status change: androidx.test.core.app.InstrumentationActivityInvoker$EmptyActivity@d16df50 in: STOPPED
07-20 12:40:19.611   507   979 I SurfaceFlinger: id=98387 createSurf (0x0),-1 flag=24004, Surface(name=34a1f20 InputMethod)/@0x63c1a9e - animation-leash#0
07-20 12:40:19.611 22314 22314 V ActivityScenario: Activity lifecycle changed event received but ignored because the intent does not match. startActivityIntent=Intent { act=android.intent.action.MAIN cat=[android.intent.category.LAUNCHER] cmp=com.example.dogglers/.MainActivity }, activity.getIntent()=Intent { act=android.intent.action.MAIN cat=[android.intent.category.LAUNCHER] flg=0x10000000 cmp=com.example.dogglers/androidx.test.core.app.InstrumentationActivityInvoker$EmptyActivity }, activity=androidx.test.core.app.InstrumentationActivityInvoker$EmptyActivity@d16df50
07-20 12:40:19.612 13023 13023 I GoogleInputMethodService: GoogleInputMethodService.onFinishInput():3220
07-20 12:40:19.613 13023 13023 I GoogleInputMethodService: GoogleInputMethodService.updateDeviceLockedStatus():2116 checkRepeatedly = false, unlocked = true
07-20 12:40:19.613 13023 13023 I GoogleInputMethodService: GoogleInputMethodService.onStartInput():1923 onStartInput(EditorInfo{inputType=0x0(NULL) imeOptions=0x0 privateImeOptions=null actionName=UNSPECIFIED actionLabel=null actionId=0 initialSelStart=-1 initialSelEnd=-1 initialCapsMode=0x0 hintText=null label=null packageName=com.example.dogglers fieldId=-1 fieldName=null extras=Bundle[EMPTY_PARCEL]}, false)
07-20 12:40:19.614 22314 22314 D LifecycleMonitor: Lifecycle status change: androidx.test.core.app.InstrumentationActivityInvoker$EmptyActivity@d16df50 in: DESTROYED
07-20 12:40:19.614 13023 13023 I GoogleInputMethodService: GoogleInputMethodService.updateDeviceLockedStatus():2116 checkRepeatedly = true, unlocked = true
07-20 12:40:19.614 22314 22314 V ActivityScenario: Activity lifecycle changed event received but ignored because the intent does not match. startActivityIntent=Intent { act=android.intent.action.MAIN cat=[android.intent.category.LAUNCHER] cmp=com.example.dogglers/.MainActivity }, activity.getIntent()=Intent { act=android.intent.action.MAIN cat=[android.intent.category.LAUNCHER] flg=0x10000000 cmp=com.example.dogglers/androidx.test.core.app.InstrumentationActivityInvoker$EmptyActivity }, activity=androidx.test.core.app.InstrumentationActivityInvoker$EmptyActivity@d16df50
07-20 12:40:19.617   816  6254 I SurfaceControl: release : mNativeObject = 3176087840 - Surface(name=a30c347 com.example.dogglers/androidx.test.core.app.InstrumentationActivityInvoker$EmptyActivity)/@0x3013fd4 / android.view.SurfaceControl$Transaction.remove:3169 com.android.server.wm.WindowContainer.removeImmediately:607 com.android.server.wm.WindowState.removeImmediately:2199 com.android.server.wm.WindowState.removeIfPossible:2373
07-20 12:40:19.618   816  6254 I SurfaceControl: release : mNativeObject = 3534419168 - Surface(name=com.example.dogglers/androidx.test.core.app.InstrumentationActivityInvoker$EmptyActivity)/@0xaf2f57d / android.view.SurfaceControl$Transaction.remove:3169 com.android.server.wm.WindowSurfaceController.destroyNotInTransaction:218 com.android.server.wm.WindowStateAnimator.destroySurface:1603 com.android.server.wm.WindowStateAnimator.destroySurfaceLocked:638
07-20 12:40:19.618   507   979 I Layer   : id=98378 removeFromCurrentState com.example.dogglers/androidx.test.core.app.InstrumentationActivityInvoker$EmptyActivity#0 (61)
07-20 12:40:19.620   507   979 I Layer   : id=98382 removeFromCurrentState Surface(name=34a1f20 InputMethod)/@0x63c1a9e - animation-leash#1 (61)
07-20 12:40:19.620   507   979 I Layer   : id=98377 removeFromCurrentState a30c347 com.example.dogglers/androidx.test.core.app.InstrumentationActivityInvoker$EmptyActivity#0 (61)
07-20 12:40:19.622 22314 22314 I InputTransport: Destroy ARC handle: 0xe57c44c0
07-20 12:40:19.623   816  5530 I SurfaceControl: release : mNativeObject = 3273122336 - Surface(name=ActivityRecord{cf2d3d6 u0 com.example.dogglers/androidx.test.core.app.InstrumentationActivityInvoker$EmptyActivity)/@0xbeccc72 / android.view.SurfaceControl$Transaction.remove:3169 com.android.server.wm.WindowContainer.removeImmediately:607 com.android.server.wm.WindowToken.removeImmediately:392 com.android.server.wm.ActivityRecord.removeImmediately:3348
07-20 12:40:19.625 22314 22314 D LifecycleMonitor: Lifecycle status change: androidx.test.core.app.InstrumentationActivityInvoker$EmptyActivity@a2df50a in: PAUSED
07-20 12:40:19.625 22314 22314 V ActivityScenario: Activity lifecycle changed event received but ignored because the intent does not match. startActivityIntent=Intent { act=android.intent.action.MAIN cat=[android.intent.category.LAUNCHER] cmp=com.example.dogglers/.MainActivity }, activity.getIntent()=Intent { act=android.intent.action.MAIN cat=[android.intent.category.LAUNCHER] flg=0x10000000 cmp=com.example.dogglers/androidx.test.core.app.InstrumentationActivityInvoker$EmptyActivity }, activity=androidx.test.core.app.InstrumentationActivityInvoker$EmptyActivity@a2df50a
07-20 12:40:19.626   507   507 I Layer   : id=98377[1] Destroyed a30c347 com.example.dogglers/androidx.test.core.app.InstrumentationActivityInvoker$EmptyActivity#0
07-20 12:40:19.626   507   507 D IMGGralloc: Gralloc Free  w:720, h:1600, f:0x1, usage:0xb00, ui64Stamp:3273576 line = 2441
