07-20 12:40:16.658 22314 22314 D LifecycleMonitor: Lifecycle status change: androidx.test.core.app.InstrumentationActivityInvoker$EmptyActivity@429c11c in: PRE_ON_CREATE
07-20 12:40:16.659 22314 22314 V ActivityScenario: Activity lifecycle changed event received but ignored because the intent does not match. startActivityIntent=Intent { act=android.intent.action.MAIN cat=[android.intent.category.LAUNCHER] cmp=com.example.dogglers/.MainActivity }, activity.getIntent()=Intent { act=android.intent.action.MAIN cat=[android.intent.category.LAUNCHER] flg=0x10000000 cmp=com.example.dogglers/androidx.test.core.app.InstrumentationActivityInvoker$EmptyActivity }, activity=androidx.test.core.app.InstrumentationActivityInvoker$EmptyActivity@429c11c
07-20 12:40:16.671 22314 22314 D LifecycleMonitor: Lifecycle status change: androidx.test.core.app.InstrumentationActivityInvoker$EmptyActivity@429c11c in: CREATED
07-20 12:40:16.672 22314 22314 V ActivityScenario: Activity lifecycle changed event received but ignored because the intent does not match. startActivityIntent=Intent { act=android.intent.action.MAIN cat=[android.intent.category.LAUNCHER] cmp=com.example.dogglers/.MainActivity }, activity.getIntent()=Intent { act=android.intent.action.MAIN cat=[android.intent.category.LAUNCHER] flg=0x10000000 cmp=com.example.dogglers/androidx.test.core.app.InstrumentationActivityInvoker$EmptyActivity }, activity=androidx.test.core.app.InstrumentationActivityInvoker$EmptyActivity@429c11c
07-20 12:40:16.675 22314 22314 D LifecycleMonitor: Lifecycle status change: androidx.test.core.app.InstrumentationActivityInvoker$EmptyActivity@429c11c in: STARTED
07-20 12:40:16.676 22314 22314 V ActivityScenario: Activity lifecycle changed event received but ignored because the intent does not match. startActivityIntent=Intent { act=android.intent.action.MAIN cat=[android.intent.category.LAUNCHER] cmp=com.example.dogglers/.MainActivity }, activity.getIntent()=Intent { act=android.intent.action.MAIN cat=[android.intent.category.LAUNCHER] flg=0x10000000 cmp=com.example.dogglers/androidx.test.core.app.InstrumentationActivityInvoker$EmptyActivity }, activity=androidx.test.core.app.InstrumentationActivityInvoker$EmptyActivity@429c11c
07-20 12:40:16.678 22314 22314 D LifecycleMonitor: Lifecycle status change: androidx.test.core.app.InstrumentationActivityInvoker$EmptyActivity@429c11c in: RESUMED
07-20 12:40:16.679 22314 22314 V ActivityScenario: Activity lifecycle changed event received but ignored because the intent does not match. startActivityIntent=Intent { act=android.intent.action.MAIN cat=[android.intent.category.LAUNCHER] cmp=com.example.dogglers/.MainActivity }, activity.getIntent()=Intent { act=android.intent.action.MAIN cat=[android.intent.category.LAUNCHER] flg=0x10000000 cmp=com.example.dogglers/androidx.test.core.app.InstrumentationActivityInvoker$EmptyActivity }, activity=androidx.test.core.app.InstrumentationActivityInvoker$EmptyActivity@429c11c
07-20 12:40:16.685   507   979 I SurfaceFlinger: id=98312 createSurf (0x0),-1 flag=80004, 30814f1 com.example.dogglers/androidx.test.core.app.InstrumentationActivityInvoker$EmptyActivity#0
07-20 12:40:16.689 22314 22314 I InputTransport: Create ARC handle: 0xe57c42d0
07-20 12:40:16.689 22314 22314 E libc    : Access denied finding property "ro.vendor.input.resample_latency_ms"
07-20 12:40:16.692 22314 22314 I SurfaceControl: release : mNativeObject = 3212469696 - Surface(name=Surface(name=34a1f20 InputMethod)/@0x63c1a9e - animation-leash)/@0x29fd308 / android.view.-$$Lambda$Rl1VZmNJ0VZDLK0BAbaVGis0rrA.accept:2 android.view.InsetsSourceControl.release:170 android.view.InsetsSourceConsumer.setControl:193 android.view.ImeInsetsSourceConsumer.setControl:151
07-20 12:40:16.693   816  5530 D InputMethodManagerService: isImeSwitcherDisabledPackage : false
07-20 12:40:16.693 22314 22314 I SurfaceControl: release : mNativeObject = 3212469920 - Surface(name=Surface(name=496386c NavigationBar0)/@0xb856353 - animation-leash)/@0x897aa1 / android.view.-$$Lambda$Rl1VZmNJ0VZDLK0BAbaVGis0rrA.accept:2 android.view.InsetsSourceControl.release:170 android.view.InsetsSourceConsumer.setControl:193 android.view.InsetsController.onControlsChanged:794
07-20 12:40:16.694 22314 22314 I SurfaceControl: release : mNativeObject = 3212469856 - Surface(name=Surface(name=7580301 StatusBar)/@0xfd83951 - animation-leash)/@0x76c74c6 / android.view.-$$Lambda$Rl1VZmNJ0VZDLK0BAbaVGis0rrA.accept:2 android.view.InsetsSourceControl.release:170 android.view.InsetsSourceConsumer.setControl:193 android.view.InsetsController.onControlsChanged:794
07-20 12:40:16.696 22314 22314 I SurfaceControl: release : mNativeObject = 3534360192 - Surface(name=com.example.dogglers/com.example.dogglers.VerticalListActivity)/@0xee317b4 / android.view.ViewRootImpl.destroySurface:1890 android.view.ViewRootImpl.setWindowStopped:1773 android.view.WindowManagerGlobal.setStoppedState:672 android.app.Activity.performStop:8213
07-20 12:40:16.697 22314 22314 D LifecycleMonitor: Lifecycle status change: com.example.dogglers.VerticalListActivity@f78ee60 in: STOPPED
07-20 12:40:16.697 22314 22314 V ActivityScenario: Activity lifecycle changed event received but ignored because the intent does not match. startActivityIntent=Intent { act=android.intent.action.MAIN cat=[android.intent.category.LAUNCHER] cmp=com.example.dogglers/.MainActivity }, activity.getIntent()=Intent { cmp=com.example.dogglers/.VerticalListActivity }, activity=com.example.dogglers.VerticalListActivity@f78ee60
07-20 12:40:16.702 22314 22314 I SurfaceControl: release : mNativeObject = 3534360096 - Surface(name=com.example.dogglers/com.example.dogglers.MainActivity)/@0x273fb20 / android.view.ViewRootImpl.destroySurface:1890 android.view.ViewRootImpl.setWindowStopped:1773 android.view.WindowManagerGlobal.setStoppedState:672 android.app.Activity.performStop:8213
07-20 12:40:16.703 22314 22314 D LifecycleMonitor: Lifecycle status change: com.example.dogglers.MainActivity@8ffe14b in: STOPPED
07-20 12:40:16.703 22314 22314 V ActivityScenario: Update currentActivityStage to STOPPED, currentActivity=com.example.dogglers.MainActivity@8ffe14b
07-20 12:40:16.704   507   507 I Layer   : id=98304[1] Destroyed Surface(name=34a1f20 InputMethod)/@0x63c1a9e - animation-leash#0
07-20 12:40:16.707 22314 22314 D LifecycleMonitor: Lifecycle status change: com.example.dogglers.MainActivity@8ffe14b in: DESTROYED
07-20 12:40:16.708 22314 22314 V ActivityScenario: Update currentActivityStage to DESTROYED, currentActivity=null
07-20 12:40:16.711 22314 22346 D OpenGLRenderer: destroyEglSurface : 0xe56b20e0
07-20 12:40:16.713 22314 22346 D IMGGralloc: Gralloc Free  w:720, h:1600, f:0x1, usage:0xb00, ui64Stamp:3273265 line = 2441
07-20 12:40:16.713 22314 22346 D IMGGralloc: Gralloc Free  w:720, h:1600, f:0x1, usage:0xb00, ui64Stamp:3273262 line = 2441
07-20 12:40:16.713 22314 22346 D IMGGralloc: Gralloc Free  w:720, h:1600, f:0x1, usage:0xb00, ui64Stamp:3273258 line = 2441
07-20 12:40:16.714   507   979 D IMGGralloc: Gralloc Free  w:720, h:1600, f:0x1, usage:0xb00, ui64Stamp:3273262 line = 2441
07-20 12:40:16.714   507   567 D IMGGralloc: Gralloc Free  w:720, h:1600, f:0x1, usage:0xb00, ui64Stamp:3273258 line = 2441
07-20 12:40:16.717   816  5530 I SurfaceControl: release : mNativeObject = 3543416672 - Surface(name=2998b9a com.example.dogglers/com.example.dogglers.MainActivity)/@0x147a757 / android.view.SurfaceControl$Transaction.remove:3169 com.android.server.wm.WindowContainer.removeImmediately:607 com.android.server.wm.WindowState.removeImmediately:2199 com.android.server.wm.WindowState.removeIfPossible:2373
07-20 12:40:16.717   816  5530 I SurfaceControl: release : mNativeObject = 3317416128 - Surface(name=com.example.dogglers/com.example.dogglers.MainActivity)/@0x4c8f244 / android.view.SurfaceControl$Transaction.remove:3169 com.android.server.wm.WindowSurfaceController.destroyNotInTransaction:218 com.android.server.wm.WindowStateAnimator.destroySurface:1603 com.android.server.wm.WindowStateAnimator.destroySurfaceLocked:638
07-20 12:40:16.718   507   979 I Layer   : id=98290 removeFromCurrentState com.example.dogglers/com.example.dogglers.MainActivity#0 (59)
07-20 12:40:16.720   507   979 I Layer   : id=98289 removeFromCurrentState 2998b9a com.example.dogglers/com.example.dogglers.MainActivity#0 (59)
07-20 12:40:16.721   507   507 D IMGGralloc: Gralloc Free  w:720, h:1600, f:0x1, usage:0xb00, ui64Stamp:3273265 line = 2441
07-20 12:40:16.721 22314 22314 I InputTransport: Destroy ARC handle: 0xe5825210
07-20 12:40:16.721   507   507 I Layer   : id=98290[1] Destroyed com.example.dogglers/com.example.dogglers.MainActivity#0
07-20 12:40:16.723   479   502 D PowerHAL: ##Timing deboost
07-20 12:40:16.723   479   502 D PowerHAL: Enter common_set_for_release_when_close: enable:0, duration: 0, /dev/cluster0_freq_max:
07-20 12:40:16.723   479   502 D PowerHAL: ##Timing deboost
07-20 12:40:16.723   479   502 D PowerHAL: Enter common_set_for_release_when_close: enable:0, duration: 0, /dev/cluster1_freq_max:
07-20 12:40:16.723 22314 22346 D OpenGLRenderer: destroyEglSurface : 0xe56b3a00
07-20 12:40:16.724 22314 22346 D IMGGralloc: Gralloc Free  w:720, h:1600, f:0x1, usage:0xb00, ui64Stamp:3273298 line = 2441
07-20 12:40:16.724 22314 22346 D IMGGralloc: Gralloc Free  w:720, h:1600, f:0x1, usage:0xb00, ui64Stamp:3273293 line = 2441
07-20 12:40:16.724   816  6254 I SurfaceControl: release : mNativeObject = 3543413632 - Surface(name=ActivityRecord{3394578 u0 com.example.dogglers/.MainActivity)/@0x9a0ad6d / android.view.SurfaceControl$Transaction.remove:3169 com.android.server.wm.WindowContainer.removeImmediately:607 com.android.server.wm.WindowToken.removeImmediately:392 com.android.server.wm.ActivityRecord.removeImmediately:3348
07-20 12:40:16.724 22314 22346 D IMGGralloc: Gralloc Free  w:720, h:1600, f:0x1, usage:0xb00, ui64Stamp:3273284 line = 2441
07-20 12:40:16.725   507   567 D IMGGralloc: Gralloc Free  w:720, h:1600, f:0x1, usage:0xb00, ui64Stamp:3273298 line = 2441
07-20 12:40:16.725   479   502 D PowerHAL: ##Timing deboost
07-20 12:40:16.725   479   502 D PowerHAL: Enter common_set_for_release_when_close: enable:0, duration: 0, /dev/cluster0_freq_min:
07-20 12:40:16.725   479   502 D PowerHAL: ##Timing deboost
07-20 12:40:16.725   479   502 D PowerHAL: Enter common_set_for_release_when_close: enable:0, duration: 0, /dev/cluster1_freq_min:
07-20 12:40:16.725   507   567 D IMGGralloc: Gralloc Free  w:720, h:1600, f:0x1, usage:0xb00, ui64Stamp:3273293 line = 2441
07-20 12:40:16.726   479   502 D PowerHAL: ##Timing deboost
07-20 12:40:16.726   479   502 D PowerHAL: Enter devfreq_ddr_set: enable:0, duration: 0, /sys/class/devfreq/scene-frequency/sprd-governor/scene_boost_dfs:
07-20 12:40:16.728   507   979 I Layer   : id=98288 removeFromCurrentState ActivityRecord{3394578 u0 com.example.dogglers/.MainActivity#0 (58)
07-20 12:40:16.729   816  6254 V WindowManager: Relayout Window{b03d68f u0 com.example.dogglers/com.example.dogglers.VerticalListActivity}: viewVisibility=8 req=720x1600
07-20 12:40:16.732   816  6254 V WindowManager: Relayout hash=b03d68f, pid=22314: mAttrs={(0,0)(fillxfill) sim={adjust=pan} ty=BASE_APPLICATION wanim=0x1030304
07-20 12:40:16.732   816  6254 V WindowManager:   fl=81810100
07-20 12:40:16.732   816  6254 V WindowManager:   pfl=12020000
07-20 12:40:16.732   816  6254 V WindowManager:   fitSides=}
07-20 12:40:16.737   507   507 I Layer   : id=98289[1] Destroyed 2998b9a com.example.dogglers/com.example.dogglers.MainActivity#0
07-20 12:40:16.737   507   507 I Layer   : id=98288[1] Destroyed ActivityRecord{3394578 u0 com.example.dogglers/.MainActivity#0
07-20 12:40:16.741   816  6254 V WindowManager: Relayout Window{30814f1 u0 com.example.dogglers/androidx.test.core.app.InstrumentationActivityInvoker$EmptyActivity}: viewVisibility=0 req=720x1600
07-20 12:40:16.743   507   979 I SurfaceFlinger: id=98313 createSurf (720x1600),1 flag=404, com.example.dogglers/androidx.test.core.app.InstrumentationActivityInvoker$EmptyActivity#1
07-20 12:40:16.745   816  6254 I SurfaceControl: release : mNativeObject = 3534419168 - Surface(name=Surface(name=7580301 StatusBar)/@0xfd83951 - animation-leash)/@0xc669f4e / android.view.SurfaceControl$Transaction.remove:3169 com.android.server.wm.SurfaceAnimator.cancelAnimation:365 com.android.server.wm.SurfaceAnimator.startAnimation:161 com.android.server.wm.WindowContainer.startAnimation:2127
07-20 12:40:16.746   507   979 I SurfaceFlinger: id=98314 createSurf (0x0),-1 flag=24000, Surface(name=7580301 StatusBar)/@0xfd83951 - animation-leash#1
07-20 12:40:16.746   816  6254 I SurfaceControl: release : mNativeObject = 3534421120 - Surface(name=Surface(name=496386c NavigationBar0)/@0xb856353 - animation-leash)/@0x124597c / android.view.SurfaceControl$Transaction.remove:3169 com.android.server.wm.SurfaceAnimator.cancelAnimation:365 com.android.server.wm.SurfaceAnimator.startAnimation:161 com.android.server.wm.WindowContainer.startAnimation:2127
07-20 12:40:16.747   507   979 I SurfaceFlinger: id=98315 createSurf (0x0),-1 flag=24000, Surface(name=496386c NavigationBar0)/@0xb856353 - animation-leash#0
07-20 12:40:16.749   816  6254 V WindowManager: Relayout hash=30814f1, pid=22314: mAttrs={(0,0)(fillxfill) sim={adjust=pan forwardNavigation} ty=BASE_APPLICATION wanim=0x1030001
07-20 12:40:16.749   816  6254 V WindowManager:   fl=1810100
07-20 12:40:16.749   816  6254 V WindowManager:   pfl=12020000
07-20 12:40:16.749   816  6254 V WindowManager:   fitSides=}
07-20 12:40:16.749   816  6254 I SurfaceControl: release : mNativeObject = 3317551904 - Surface(name=com.example.dogglers/androidx.test.core.app.InstrumentationActivityInvoker$EmptyActivity)/@0xe737129 / android.view.SurfaceControl.writeToParcel:1094 android.view.IWindowSession$Stub.onTransact:894 com.android.server.wm.Session.onTransact:139 android.os.Binder.execTransactInternal:1154
07-20 12:40:16.754 22314 22346 D OpenGLRenderer: eglCreateWindowSurface : 0xe56b20e0
07-20 12:40:16.755   470   470 D IMGGralloc: GBuffer--------------(*format)=1
07-20 12:40:16.755   470   470 D IMGGralloc: Gralloc alloc start  w:720, h:1600, f:0x1, usage:0x900, line = 1643
07-20 12:40:16.755   507   542 I Layer   : id=98309 removeFromCurrentState Surface(name=496386c NavigationBar0)/@0xb856353 - animation-leash#1 (59)
07-20 12:40:16.756   507   542 I Layer   : id=27 removeFromCurrentState 496386c NavigationBar0#0 (59)
07-20 12:40:16.756   507   542 I Layer   : id=39 removeFromCurrentState NavigationBar0#0 (59)
07-20 12:40:16.756   507   542 I Layer   : id=98308 removeFromCurrentState Surface(name=7580301 StatusBar)/@0xfd83951 - animation-leash#0 (59)
07-20 12:40:16.756   470   470 D IMGGralloc: Gralloc Alloc end  w:720, h:1600, f:0x1, usage:0x900, handle:0xeba763c0, ui64Stamp:3273325, sSize:4608000, line = 2047
07-20 12:40:16.756   470   470 D IMGGralloc: Gralloc Free  w:720, h:1600, f:0x1, usage:0x900, ui64Stamp:3273325 line = 2441
07-20 12:40:16.757   507   979 D IMGGralloc: Gralloc Register  w:720, h:1600, f:0x1, usage:0x900, ui64Stamp:3273325, sSize:4608000, line = 2335
07-20 12:40:16.757   470   470 D IMGGralloc: GBuffer--------------(*format)=1
07-20 12:40:16.757   470   470 D IMGGralloc: Gralloc alloc start  w:720, h:1600, f:0x1, usage:0x900, line = 1643
07-20 12:40:16.759   470   470 D IMGGralloc: Gralloc Alloc end  w:720, h:1600, f:0x1, usage:0x900, handle:0xeba763c0, ui64Stamp:3273329, sSize:4608000, line = 2047
07-20 12:40:16.760   470   470 D IMGGralloc: Gralloc Free  w:720, h:1600, f:0x1, usage:0x900, ui64Stamp:3273329 line = 2441
07-20 12:40:16.760   507   979 D IMGGralloc: Gralloc Register  w:720, h:1600, f:0x1, usage:0x900, ui64Stamp:3273329, sSize:4608000, line = 2335
07-20 12:40:16.760   470   470 D IMGGralloc: GBuffer--------------(*format)=1
07-20 12:40:16.760   470   470 D IMGGralloc: Gralloc alloc start  w:720, h:1600, f:0x1, usage:0x900, line = 1643
07-20 12:40:16.761   507   542 D IMGGralloc: Gralloc Free  w:720, h:1600, f:0x1, usage:0x900, ui64Stamp:3273329 line = 2441
07-20 12:40:16.762   470   470 D IMGGralloc: Gralloc Alloc end  w:720, h:1600, f:0x1, usage:0x900, handle:0xeba763c0, ui64Stamp:3273333, sSize:4608000, line = 2047
07-20 12:40:16.762   470   470 D IMGGralloc: Gralloc Free  w:720, h:1600, f:0x1, usage:0x900, ui64Stamp:3273333 line = 2441
07-20 12:40:16.763   507   979 D IMGGralloc: Gralloc Register  w:720, h:1600, f:0x1, usage:0x900, ui64Stamp:3273333, sSize:4608000, line = 2335
07-20 12:40:16.763   470   470 D IMGGralloc: GBuffer--------------(*format)=1
07-20 12:40:16.763   470   470 D IMGGralloc: Gralloc alloc start  w:720, h:1600, f:0x1, usage:0xb00, line = 1643
07-20 12:40:16.765   470   470 D IMGGralloc: Gralloc Alloc end  w:720, h:1600, f:0x1, usage:0xb00, handle:0xeba763c0, ui64Stamp:3273337, sSize:4608000, line = 2047
07-20 12:40:16.765   470   470 D IMGGralloc: Gralloc Free  w:720, h:1600, f:0x1, usage:0xb00, ui64Stamp:3273337 line = 2441
07-20 12:40:16.765   507   542 D IMGGralloc: Gralloc Register  w:720, h:1600, f:0x1, usage:0xb00, ui64Stamp:3273337, sSize:4608000, line = 2335
07-20 12:40:16.766 22314 22346 D IMGGralloc: Gralloc Register  w:720, h:1600, f:0x1, usage:0xb00, ui64Stamp:3273337, sSize:4608000, line = 2335
07-20 12:40:16.771   507   507 I SurfaceFlinger: SF-Update,layer=com.example.dogglers/androidx.test.core.app.InstrumentationActivityInvoker$EmptyActivity#1,name=Window{30814f1 u0 com.example.dogglers/androidx.test.core.app.InstrumentationActivityInvoker$EmptyActivity},token=0xed20e4a0,id=98313 dirty=1,inputChanged=0,syncInput=0,visible=0,paused=0,portal=-1,param=0x1810120,feature=0x0
07-20 12:40:16.776   816   898 I ActivityTaskManager: Displayed com.example.dogglers/androidx.test.core.app.InstrumentationActivityInvoker$EmptyActivity: +166ms
07-20 12:40:16.780   816  5530 I SurfaceControl: release : mNativeObject = 3273624032 - Surface(name=com.example.dogglers/com.example.dogglers.VerticalListActivity)/@0x257dcae / android.view.SurfaceControl$Transaction.remove:3169 com.android.server.wm.WindowSurfaceController.destroyNotInTransaction:218 com.android.server.wm.WindowStateAnimator.destroySurface:1603 com.android.server.wm.WindowStateAnimator.destroySurfaceLocked:638
07-20 12:40:16.780   507   542 I Layer   : id=98297 removeFromCurrentState com.example.dogglers/com.example.dogglers.VerticalListActivity#0 (59)
07-20 12:40:16.783 22314 22314 I SurfaceControl: release : mNativeObject = 3212469152 - Surface(name=Surface(name=34a1f20 InputMethod)/@0x63c1a9e - animation-leash)/@0xc6da94c / android.view.-$$Lambda$Rl1VZmNJ0VZDLK0BAbaVGis0rrA.accept:2 android.view.InsetsSourceControl.release:170 android.view.InsetsSourceConsumer.setControl:193 android.view.ImeInsetsSourceConsumer.setControl:151
07-20 12:40:16.783 22314 22314 I SurfaceControl: release : mNativeObject = 3212468704 - Surface(name=Surface(name=496386c NavigationBar0)/@0xb856353 - animation-leash)/@0x10e6d95 / android.view.-$$Lambda$Rl1VZmNJ0VZDLK0BAbaVGis0rrA.accept:2 android.view.InsetsSourceControl.release:170 android.view.InsetsSourceConsumer.setControl:193 android.view.InsetsController.onControlsChanged:794
07-20 12:40:16.784 22314 22314 I SurfaceControl: release : mNativeObject = 3534360064 - Surface(name=Surface(name=7580301 StatusBar)/@0xfd83951 - animation-leash)/@0xec63eaa / android.view.-$$Lambda$Rl1VZmNJ0VZDLK0BAbaVGis0rrA.accept:2 android.view.InsetsSourceControl.release:170 android.view.InsetsSourceConsumer.setControl:193 android.view.InsetsController.onControlsChanged:794
07-20 12:40:16.787   507   507 I Layer   : id=98309[1] Destroyed Surface(name=496386c NavigationBar0)/@0xb856353 - animation-leash#1
07-20 12:40:16.787   507   507 I Layer   : id=98308[1] Destroyed Surface(name=7580301 StatusBar)/@0xfd83951 - animation-leash#0
07-20 12:40:16.788   507   507 D IMGGralloc: Gralloc Free  w:720, h:1600, f:0x1, usage:0xb00, ui64Stamp:3273284 line = 2441
07-20 12:40:16.788   507   507 I Layer   : id=98297[1] Destroyed com.example.dogglers/com.example.dogglers.VerticalListActivity#0
07-20 12:40:16.790   471   532 D IMGGralloc: Gralloc Free  w:720, h:1600, f:0x1, usage:0xb00, ui64Stamp:3273315 line = 2441
07-20 12:40:16.791   471   532 D IMGGralloc: Gralloc Register  w:720, h:1600, f:0x1, usage:0xb00, ui64Stamp:3273337, sSize:4608000, line = 2335
07-20 12:40:16.793   507   507 D SurfaceFlinger: Display 0 HWC layers:
07-20 12:40:16.793   507   507 D SurfaceFlinger:      DEVICE | 0xed753ee0 | 0002 | RGBA_8888    |    0.0    0.0  720.0 1600.0 |    0    0  720 1600 | com.example.dogglers/androidx.test.c[...]ationActivityInvoker$EmptyActivity#1
07-20 12:40:16.793   507   507 D SurfaceFlinger:      DEVICE | 0xed755e20 | 0000 | RGBA_8888    |    0.0    0.0  720.0   45.0 |    0    0  720   45 | StatusBar#0
07-20 12:40:16.793   507   507 D SurfaceFlinger:      DEVICE | 0xed7543e0 | 0000 | RGBA_8888    |    0.0    0.0  720.0   96.0 |    0 1504  720 1600 | NavigationBar0#0
07-20 12:40:16.793   507   507 D SurfaceFlinger:
07-20 12:40:16.804 22314 22346 D OpenGLRenderer: destroyEglSurface : 0xe589d660
07-20 12:40:16.806 22314 22346 D IMGGralloc: Gralloc Free  w:720, h:1600, f:0x1, usage:0xb00, ui64Stamp:3273315 line = 2441
07-20 12:40:16.807   507   542 D IMGGralloc: Gralloc Free  w:720, h:1600, f:0x1, usage:0x900, ui64Stamp:3273311 line = 2441
07-20 12:40:16.807   507   542 D IMGGralloc: Gralloc Free  w:720, h:1600, f:0x1, usage:0x900, ui64Stamp:3273303 line = 2441
07-20 12:40:16.808   647  3420 D GNSSMGT : watchdog: PowerState: CP SLEEP
07-20 12:40:16.808   816  5530 V WindowManager: Relayout Window{a975e13 u0 com.example.dogglers/androidx.test.core.app.InstrumentationActivityInvoker$EmptyActivity}: viewVisibility=8 req=720x1600
07-20 12:40:16.812   816  5530 V WindowManager: Relayout hash=a975e13, pid=22314: mAttrs={(0,0)(fillxfill) sim={adjust=pan forwardNavigation} ty=BASE_APPLICATION wanim=0x1030001
07-20 12:40:16.812   816  5530 V WindowManager:   fl=1810100
07-20 12:40:16.812   816  5530 V WindowManager:   pfl=12020000
07-20 12:40:16.812   816  5530 V WindowManager:   fitSides=}
07-20 12:40:16.814 22314 22314 I SurfaceControl: release : mNativeObject = 3212469568 - Surface(name=null)/@0x2fcaa9b / android.view.SurfaceControl.assignNativeObject:528 android.view.SurfaceControl.readFromParcel:1073 android.view.IWindowSession$Stub$Proxy.relayout:1734 android.view.ViewRootImpl.relayoutWindow:7498
07-20 12:40:16.815 22314 22314 I SurfaceControl: release : mNativeObject = 3534360160 - Surface(name=Surface(name=34a1f20 InputMethod)/@0x63c1a9e - animation-leash)/@0x720e38 / android.view.-$$Lambda$Rl1VZmNJ0VZDLK0BAbaVGis0rrA.accept:2 android.view.InsetsSourceControl.release:170 android.view.InsetsSourceConsumer.setControl:193 android.view.ImeInsetsSourceConsumer.setControl:151
07-20 12:40:16.823 22314 22314 D InputMethodManager: prepareNavigationBarInfo() DecorView@8354e11[InstrumentationActivityInvoker$EmptyActivity]
07-20 12:40:16.823 22314 22314 D InputMethodManager: getNavigationBarColor() -16777216
07-20 12:40:16.826   816  6254 I SurfaceControl: release : mNativeObject = 3273624768 - Surface(name=Surface(name=34a1f20 InputMethod)/@0x63c1a9e - animation-leash)/@0x95f77fe / android.view.SurfaceControl$Transaction.remove:3169 com.android.server.wm.SurfaceAnimator.cancelAnimation:365 com.android.server.wm.SurfaceAnimator.startAnimation:161 com.android.server.wm.WindowContainer.startAnimation:2127
07-20 12:40:16.826   507   542 I SurfaceFlinger: id=98316 createSurf (0x0),-1 flag=24004, Surface(name=34a1f20 InputMethod)/@0x63c1a9e - animation-leash#0
07-20 12:40:16.826 22314 22314 D LifecycleMonitor: Lifecycle status change: androidx.test.core.app.InstrumentationActivityInvoker$EmptyActivity@fcb5a16 in: STOPPED
07-20 12:40:16.827 22314 22314 V ActivityScenario: Activity lifecycle changed event received but ignored because the intent does not match. startActivityIntent=Intent { act=android.intent.action.MAIN cat=[android.intent.category.LAUNCHER] cmp=com.example.dogglers/.MainActivity }, activity.getIntent()=Intent { act=android.intent.action.MAIN cat=[android.intent.category.LAUNCHER] flg=0x10000000 cmp=com.example.dogglers/androidx.test.core.app.InstrumentationActivityInvoker$EmptyActivity }, activity=androidx.test.core.app.InstrumentationActivityInvoker$EmptyActivity@fcb5a16
07-20 12:40:16.827 13023 13023 I GoogleInputMethodService: GoogleInputMethodService.onFinishInput():3220
07-20 12:40:16.828 13023 13023 I GoogleInputMethodService: GoogleInputMethodService.updateDeviceLockedStatus():2116 checkRepeatedly = false, unlocked = true
07-20 12:40:16.828 13023 13023 I GoogleInputMethodService: GoogleInputMethodService.onStartInput():1923 onStartInput(EditorInfo{inputType=0x0(NULL) imeOptions=0x0 privateImeOptions=null actionName=UNSPECIFIED actionLabel=null actionId=0 initialSelStart=-1 initialSelEnd=-1 initialCapsMode=0x0 hintText=null label=null packageName=com.example.dogglers fieldId=-1 fieldName=null extras=Bundle[EMPTY_PARCEL]}, false)
07-20 12:40:16.829 13023 13023 I GoogleInputMethodService: GoogleInputMethodService.updateDeviceLockedStatus():2116 checkRepeatedly = true, unlocked = true
07-20 12:40:16.830 22314 22314 D LifecycleMonitor: Lifecycle status change: androidx.test.core.app.InstrumentationActivityInvoker$EmptyActivity@fcb5a16 in: DESTROYED
07-20 12:40:16.830 22314 22314 V ActivityScenario: Activity lifecycle changed event received but ignored because the intent does not match. startActivityIntent=Intent { act=android.intent.action.MAIN cat=[android.intent.category.LAUNCHER] cmp=com.example.dogglers/.MainActivity }, activity.getIntent()=Intent { act=android.intent.action.MAIN cat=[android.intent.category.LAUNCHER] flg=0x10000000 cmp=com.example.dogglers/androidx.test.core.app.InstrumentationActivityInvoker$EmptyActivity }, activity=androidx.test.core.app.InstrumentationActivityInvoker$EmptyActivity@fcb5a16
07-20 12:40:16.833   816  6254 I SurfaceControl: release : mNativeObject = 2943042080 - Surface(name=a975e13 com.example.dogglers/androidx.test.core.app.InstrumentationActivityInvoker$EmptyActivity)/@0x4c915ba / android.view.SurfaceControl$Transaction.remove:3169 com.android.server.wm.WindowContainer.removeImmediately:607 com.android.server.wm.WindowState.removeImmediately:2199 com.android.server.wm.WindowState.removeIfPossible:2373
07-20 12:40:16.833   816  6254 I SurfaceControl: release : mNativeObject = 3053370656 - Surface(name=com.example.dogglers/androidx.test.core.app.InstrumentationActivityInvoker$EmptyActivity)/@0x6191c6b / android.view.SurfaceControl$Transaction.remove:3169 com.android.server.wm.WindowSurfaceController.destroyNotInTransaction:218 com.android.server.wm.WindowStateAnimator.destroySurface:1603 com.android.server.wm.WindowStateAnimator.destroySurfaceLocked:638
07-20 12:40:16.834   507   542 I Layer   : id=98307 removeFromCurrentState com.example.dogglers/androidx.test.core.app.InstrumentationActivityInvoker$EmptyActivity#0 (57)
07-20 12:40:16.836   507   542 I Layer   : id=98311 removeFromCurrentState Surface(name=34a1f20 InputMethod)/@0x63c1a9e - animation-leash#1 (57)
07-20 12:40:16.836   507   542 I Layer   : id=98306 removeFromCurrentState a975e13 com.example.dogglers/androidx.test.core.app.InstrumentationActivityInvoker$EmptyActivity#0 (57)
07-20 12:40:16.837   507   507 D IMGGralloc: Gralloc Free  w:720, h:1600, f:0x1, usage:0xb00, ui64Stamp:3273315 line = 2441
07-20 12:40:16.838   507   507 I Layer   : id=98307[1] Destroyed com.example.dogglers/androidx.test.core.app.InstrumentationActivityInvoker$EmptyActivity#0
07-20 12:40:16.838 22314 22314 I InputTransport: Destroy ARC handle: 0xe5825ec0
07-20 12:40:16.843   816  5530 I SurfaceControl: release : mNativeObject = 3053370400 - Surface(name=ActivityRecord{c283a11 u0 com.example.dogglers/androidx.test.core.app.InstrumentationActivityInvoker$EmptyActivity)/@0x51be3c8 / android.view.SurfaceControl$Transaction.remove:3169 com.android.server.wm.WindowContainer.removeImmediately:607 com.android.server.wm.WindowToken.removeImmediately:392 com.android.server.wm.ActivityRecord.removeImmediately:3348
07-20 12:40:16.843 22314 22314 D LifecycleMonitor: Lifecycle status change: androidx.test.core.app.InstrumentationActivityInvoker$EmptyActivity@429c11c in: PAUSED
07-20 12:40:16.844 22314 22314 V ActivityScenario: Activity lifecycle changed event received but ignored because the intent does not match. startActivityIntent=Intent { act=android.intent.action.MAIN cat=[android.intent.category.LAUNCHER] cmp=com.example.dogglers/.MainActivity }, activity.getIntent()=Intent { act=android.intent.action.MAIN cat=[android.intent.category.LAUNCHER] flg=0x10000000 cmp=com.example.dogglers/androidx.test.core.app.InstrumentationActivityInvoker$EmptyActivity }, activity=androidx.test.core.app.InstrumentationActivityInvoker$EmptyActivity@429c11c
07-20 12:40:16.852   507   542 I Layer   : id=98305 removeFromCurrentState ActivityRecord{c283a11 u0 com.example.dogglers/androidx.test.core.app.InstrumentationActivityInvoker$EmptyActivity#0 (56)
07-20 12:40:16.853   507   507 I Layer   : id=98306[1] Destroyed a975e13 com.example.dogglers/androidx.test.core.app.InstrumentationActivityInvoker$EmptyActivity#0
07-20 12:40:16.854   507   507 I Layer   : id=98305[1] Destroyed ActivityRecord{c283a11 u0 com.example.dogglers/androidx.test.core.app.InstrumentationActivityInvoker$EmptyActivity#0
07-20 12:40:16.855   816  5530 D InputMethodManagerService: isImeSwitcherDisabledPackage : false
07-20 12:40:16.855 22314 22314 I SurfaceControl: release : mNativeObject = 3212468544 - Surface(name=Surface(name=496386c NavigationBar0)/@0xb856353 - animation-leash)/@0xea19b76 / android.view.-$$Lambda$Rl1VZmNJ0VZDLK0BAbaVGis0rrA.accept:2 android.view.InsetsSourceControl.release:170 android.view.InsetsSourceConsumer.setControl:193 android.view.InsetsController.onControlsChanged:794
07-20 12:40:16.855 22314 22314 I SurfaceControl: release : mNativeObject = 3212468320 - Surface(name=Surface(name=7580301 StatusBar)/@0xfd83951 - animation-leash)/@0xb715577 / android.view.-$$Lambda$Rl1VZmNJ0VZDLK0BAbaVGis0rrA.accept:2 android.view.InsetsSourceControl.release:170 android.view.InsetsSourceConsumer.setControl:193 android.view.InsetsController.onControlsChanged:794
07-20 12:40:16.858 22314 22314 D LifecycleMonitor: Lifecycle status change: com.example.dogglers.VerticalListActivity@f78ee60 in: RESTARTED
07-20 12:40:16.858 22314 22314 V ActivityScenario: Activity lifecycle changed event received but ignored because the intent does not match. startActivityIntent=Intent { act=android.intent.action.MAIN cat=[android.intent.category.LAUNCHER] cmp=com.example.dogglers/.MainActivity }, activity.getIntent()=Intent { cmp=com.example.dogglers/.VerticalListActivity }, activity=com.example.dogglers.VerticalListActivity@f78ee60
07-20 12:40:16.860 22314 22314 D LifecycleMonitor: Lifecycle status change: com.example.dogglers.VerticalListActivity@f78ee60 in: STARTED
07-20 12:40:16.860 22314 22314 V ActivityScenario: Activity lifecycle changed event received but ignored because the intent does not match. startActivityIntent=Intent { act=android.intent.action.MAIN cat=[android.intent.category.LAUNCHER] cmp=com.example.dogglers/.MainActivity }, activity.getIntent()=Intent { cmp=com.example.dogglers/.VerticalListActivity }, activity=com.example.dogglers.VerticalListActivity@f78ee60
07-20 12:40:16.863 22314 22314 D LifecycleMonitor: Lifecycle status change: com.example.dogglers.VerticalListActivity@f78ee60 in: RESUMED
07-20 12:40:16.863 22314 22314 V ActivityScenario: Activity lifecycle changed event received but ignored because the intent does not match. startActivityIntent=Intent { act=android.intent.action.MAIN cat=[android.intent.category.LAUNCHER] cmp=com.example.dogglers/.MainActivity }, activity.getIntent()=Intent { cmp=com.example.dogglers/.VerticalListActivity }, activity=com.example.dogglers.VerticalListActivity@f78ee60
07-20 12:40:16.873   816  5530 V WindowManager: Relayout Window{b03d68f u0 com.example.dogglers/com.example.dogglers.VerticalListActivity}: viewVisibility=0 req=720x1600
07-20 12:40:16.875   507   542 I SurfaceFlinger: id=98317 createSurf (720x1600),1 flag=404, com.example.dogglers/com.example.dogglers.VerticalListActivity#0
07-20 12:40:16.877   816  5530 I SurfaceControl: release : mNativeObject = 3534418240 - Surface(name=Surface(name=7580301 StatusBar)/@0xfd83951 - animation-leash)/@0x30c5c62 / android.view.SurfaceControl$Transaction.remove:3169 com.android.server.wm.SurfaceAnimator.cancelAnimation:365 com.android.server.wm.SurfaceAnimator.startAnimation:161 com.android.server.wm.WindowContainer.startAnimation:2127
07-20 12:40:16.878   507   542 I SurfaceFlinger: id=98318 createSurf (0x0),-1 flag=24000, Surface(name=7580301 StatusBar)/@0xfd83951 - animation-leash#0
07-20 12:40:16.879   816  5530 I SurfaceControl: release : mNativeObject = 3534421856 - Surface(name=Surface(name=496386c NavigationBar0)/@0xb856353 - animation-leash)/@0xd84eeb0 / android.view.SurfaceControl$Transaction.remove:3169 com.android.server.wm.SurfaceAnimator.cancelAnimation:365 com.android.server.wm.SurfaceAnimator.startAnimation:161 com.android.server.wm.WindowContainer.startAnimation:2127
07-20 12:40:16.879   507   542 I SurfaceFlinger: id=98319 createSurf (0x0),-1 flag=24000, Surface(name=496386c NavigationBar0)/@0xb856353 - animation-leash#1
07-20 12:40:16.881   816  5530 V WindowManager: Relayout hash=b03d68f, pid=22314: mAttrs={(0,0)(fillxfill) sim={adjust=resize} ty=BASE_APPLICATION wanim=0x1030304
07-20 12:40:16.881   816  5530 V WindowManager:   fl=81810100
07-20 12:40:16.881   816  5530 V WindowManager:   pfl=12020000
07-20 12:40:16.881   816  5530 V WindowManager:   fitSides=}
07-20 12:40:16.882   816  5530 I SurfaceControl: release : mNativeObject = 3053369824 - Surface(name=com.example.dogglers/com.example.dogglers.VerticalListActivity)/@0xc88a212 / android.view.SurfaceControl.writeToParcel:1094 android.view.IWindowSession$Stub.onTransact:894 com.android.server.wm.Session.onTransact:139 android.os.Binder.execTransactInternal:1154
07-20 12:40:16.886 22314 22346 D OpenGLRenderer: eglCreateWindowSurface : 0xe589e9e0
07-20 12:40:16.886   470   470 D IMGGralloc: GBuffer--------------(*format)=1
07-20 12:40:16.886   470   470 D IMGGralloc: Gralloc alloc start  w:720, h:1600, f:0x1, usage:0x900, line = 1643
07-20 12:40:16.887   470   470 D IMGGralloc: Gralloc Alloc end  w:720, h:1600, f:0x1, usage:0x900, handle:0xeba763c0, ui64Stamp:3273346, sSize:4608000, line = 2047
07-20 12:40:16.887   470   470 D IMGGralloc: Gralloc Free  w:720, h:1600, f:0x1, usage:0x900, ui64Stamp:3273346 line = 2441
07-20 12:40:16.887   507   542 D IMGGralloc: Gralloc Register  w:720, h:1600, f:0x1, usage:0x900, ui64Stamp:3273346, sSize:4608000, line = 2335
07-20 12:40:16.888   470   470 D IMGGralloc: GBuffer--------------(*format)=1
07-20 12:40:16.888   470   470 D IMGGralloc: Gralloc alloc start  w:720, h:1600, f:0x1, usage:0x900, line = 1643
07-20 12:40:16.888   507   979 I Layer   : id=98315 removeFromCurrentState Surface(name=496386c NavigationBar0)/@0xb856353 - animation-leash#0 (57)
07-20 12:40:16.888   507   979 I Layer   : id=27 removeFromCurrentState 496386c NavigationBar0#0 (57)
07-20 12:40:16.888   507   979 I Layer   : id=39 removeFromCurrentState NavigationBar0#0 (57)
07-20 12:40:16.888   507   979 I Layer   : id=98314 removeFromCurrentState Surface(name=7580301 StatusBar)/@0xfd83951 - animation-leash#1 (57)
07-20 12:40:16.890   470   470 D IMGGralloc: Gralloc Alloc end  w:720, h:1600, f:0x1, usage:0x900, handle:0xeba763c0, ui64Stamp:3273350, sSize:4608000, line = 2047
07-20 12:40:16.890   470   470 D IMGGralloc: Gralloc Free  w:720, h:1600, f:0x1, usage:0x900, ui64Stamp:3273350 line = 2441
07-20 12:40:16.890   507   542 D IMGGralloc: Gralloc Register  w:720, h:1600, f:0x1, usage:0x900, ui64Stamp:3273350, sSize:4608000, line = 2335
07-20 12:40:16.891   470   470 D IMGGralloc: GBuffer--------------(*format)=1
07-20 12:40:16.891   470   470 D IMGGralloc: Gralloc alloc start  w:720, h:1600, f:0x1, usage:0x900, line = 1643
07-20 12:40:16.891   507   979 D IMGGralloc: Gralloc Free  w:720, h:1600, f:0x1, usage:0x900, ui64Stamp:3273350 line = 2441
07-20 12:40:16.893   470   470 D IMGGralloc: Gralloc Alloc end  w:720, h:1600, f:0x1, usage:0x900, handle:0xeba763c0, ui64Stamp:3273354, sSize:4608000, line = 2047
07-20 12:40:16.893   470   470 D IMGGralloc: Gralloc Free  w:720, h:1600, f:0x1, usage:0x900, ui64Stamp:3273354 line = 2441
07-20 12:40:16.893   507   542 D IMGGralloc: Gralloc Register  w:720, h:1600, f:0x1, usage:0x900, ui64Stamp:3273354, sSize:4608000, line = 2335
07-20 12:40:16.893   470   470 D IMGGralloc: GBuffer--------------(*format)=1
07-20 12:40:16.893   470   470 D IMGGralloc: Gralloc alloc start  w:720, h:1600, f:0x1, usage:0xb00, line = 1643
07-20 12:40:16.895   470   470 D IMGGralloc: Gralloc Alloc end  w:720, h:1600, f:0x1, usage:0xb00, handle:0xeba763c0, ui64Stamp:3273358, sSize:4608000, line = 2047
07-20 12:40:16.895   470   470 D IMGGralloc: Gralloc Free  w:720, h:1600, f:0x1, usage:0xb00, ui64Stamp:3273358 line = 2441
07-20 12:40:16.896   507   979 D IMGGralloc: Gralloc Register  w:720, h:1600, f:0x1, usage:0xb00, ui64Stamp:3273358, sSize:4608000, line = 2335
07-20 12:40:16.896 22314 22346 D IMGGralloc: Gralloc Register  w:720, h:1600, f:0x1, usage:0xb00, ui64Stamp:3273358, sSize:4608000, line = 2335
07-20 12:40:16.904   507   507 I SurfaceFlinger: SF-Update,layer=com.example.dogglers/com.example.dogglers.VerticalListActivity#0,name=Window{b03d68f u0 com.example.dogglers/com.example.dogglers.VerticalListActivity},token=0xed211a60,id=98317 dirty=1,inputChanged=0,syncInput=0,visible=0,paused=0,portal=-1,param=0x81810120,feature=0x0
07-20 12:40:16.905   507   542 D IMGGralloc: Gralloc Free  w:720, h:1600, f:0x1, usage:0x900, ui64Stamp:3273354 line = 2441
07-20 12:40:16.906   470   470 D IMGGralloc: GBuffer--------------(*format)=1
07-20 12:40:16.906   470   470 D IMGGralloc: Gralloc alloc start  w:720, h:1600, f:0x1, usage:0xb00, line = 1643
07-20 12:40:16.907 22314 22314 I SurfaceControl: release : mNativeObject = 3212468640 - Surface(name=Surface(name=34a1f20 InputMethod)/@0x63c1a9e - animation-leash)/@0x48c6c50 / android.view.-$$Lambda$Rl1VZmNJ0VZDLK0BAbaVGis0rrA.accept:2 android.view.InsetsSourceControl.release:170 android.view.InsetsSourceConsumer.setControl:193 android.view.ImeInsetsSourceConsumer.setControl:151
07-20 12:40:16.908 22314 22314 I SurfaceControl: release : mNativeObject = 3534360512 - Surface(name=Surface(name=496386c NavigationBar0)/@0xb856353 - animation-leash)/@0xeaaae49 / android.view.-$$Lambda$Rl1VZmNJ0VZDLK0BAbaVGis0rrA.accept:2 android.view.InsetsSourceControl.release:170 android.view.InsetsSourceConsumer.setControl:193 android.view.InsetsController.onControlsChanged:794
07-20 12:40:16.908 22314 22314 I SurfaceControl: release : mNativeObject = 3534360160 - Surface(name=Surface(name=7580301 StatusBar)/@0xfd83951 - animation-leash)/@0x53ca34e / android.view.-$$Lambda$Rl1VZmNJ0VZDLK0BAbaVGis0rrA.accept:2 android.view.InsetsSourceControl.release:170 android.view.InsetsSourceConsumer.setControl:193 android.view.InsetsController.onControlsChanged:794
07-20 12:40:16.910   470   470 D IMGGralloc: Gralloc Alloc end  w:720, h:1600, f:0x1, usage:0xb00, handle:0xeba763c0, ui64Stamp:3273366, sSize:4608000, line = 2047
07-20 12:40:16.911   470   470 D IMGGralloc: Gralloc Free  w:720, h:1600, f:0x1, usage:0xb00, ui64Stamp:3273366 line = 2441
07-20 12:40:16.911   507   542 D IMGGralloc: Gralloc Register  w:720, h:1600, f:0x1, usage:0xb00, ui64Stamp:3273366, sSize:4608000, line = 2335
07-20 12:40:16.912 22314 22346 D IMGGralloc: Gralloc Register  w:720, h:1600, f:0x1, usage:0xb00, ui64Stamp:3273366, sSize:4608000, line = 2335
07-20 12:40:16.920   507   507 I Layer   : id=98315[1] Destroyed Surface(name=496386c NavigationBar0)/@0xb856353 - animation-leash#0
07-20 12:40:16.920   507   507 I Layer   : id=98314[1] Destroyed Surface(name=7580301 StatusBar)/@0xfd83951 - animation-leash#1
07-20 12:40:16.921 22314 22346 D OpenGLRenderer: destroyEglSurface : 0xe56b20e0
07-20 12:40:16.921 22314 22346 D IMGGralloc: Gralloc Free  w:720, h:1600, f:0x1, usage:0xb00, ui64Stamp:3273337 line = 2441
07-20 12:40:16.921   507   542 D IMGGralloc: Gralloc Free  w:720, h:1600, f:0x1, usage:0x900, ui64Stamp:3273333 line = 2441
07-20 12:40:16.922   507   542 D IMGGralloc: Gralloc Free  w:720, h:1600, f:0x1, usage:0x900, ui64Stamp:3273325 line = 2441
07-20 12:40:16.922   471   532 D IMGGralloc: Gralloc Free  w:720, h:1600, f:0x1, usage:0xb00, ui64Stamp:3273337 line = 2441
07-20 12:40:16.923   471   532 D IMGGralloc: Gralloc Register  w:720, h:1600, f:0x1, usage:0xb00, ui64Stamp:3273366, sSize:4608000, line = 2335
07-20 12:40:16.923   816  5530 V WindowManager: Relayout Window{30814f1 u0 com.example.dogglers/androidx.test.core.app.InstrumentationActivityInvoker$EmptyActivity}: viewVisibility=8 req=720x1600
07-20 12:40:16.925   507   507 D SurfaceFlinger: Display 0 HWC layers:
07-20 12:40:16.925   507   507 D SurfaceFlinger:      DEVICE | 0xed754f20 | 0002 | RGBA_8888    |    0.0    0.0  720.0 1600.0 |    0    0  720 1600 | com.example.dogglers/com.example.dogglers.VerticalListActivity#0
07-20 12:40:16.925   507   507 D SurfaceFlinger:      DEVICE | 0xed755e20 | 0000 | RGBA_8888    |    0.0    0.0  720.0   45.0 |    0    0  720   45 | StatusBar#0
07-20 12:40:16.925   507   507 D SurfaceFlinger:      DEVICE | 0xed7543e0 | 0000 | RGBA_8888    |    0.0    0.0  720.0   96.0 |    0 1504  720 1600 | NavigationBar0#0
07-20 12:40:16.925   507   507 D SurfaceFlinger:
07-20 12:40:16.927   816  5530 V WindowManager: Relayout hash=30814f1, pid=22314: mAttrs={(0,0)(fillxfill) sim={adjust=pan forwardNavigation} ty=BASE_APPLICATION wanim=0x1030001
07-20 12:40:16.927   816  5530 V WindowManager:   fl=1810100
07-20 12:40:16.927   816  5530 V WindowManager:   pfl=12020000
07-20 12:40:16.927   816  5530 V WindowManager:   fitSides=}
07-20 12:40:16.929 22314 22314 I SurfaceControl: release : mNativeObject = 3534359872 - Surface(name=null)/@0xe77c6f / android.view.SurfaceControl.assignNativeObject:528 android.view.SurfaceControl.readFromParcel:1073 android.view.IWindowSession$Stub$Proxy.relayout:1734 android.view.ViewRootImpl.relayoutWindow:7498
07-20 12:40:16.930 22314 22314 I SurfaceControl: release : mNativeObject = 3212469120 - Surface(name=Surface(name=34a1f20 InputMethod)/@0x63c1a9e - animation-leash)/@0x753fd7c / android.view.-$$Lambda$Rl1VZmNJ0VZDLK0BAbaVGis0rrA.accept:2 android.view.InsetsSourceControl.release:170 android.view.InsetsSourceConsumer.setControl:193 android.view.ImeInsetsSourceConsumer.setControl:151
07-20 12:40:16.930 22314 22330 W System  : A resource failed to call release.
07-20 12:40:16.931 22314 22314 D InputMethodManager: prepareNavigationBarInfo() DecorView@7fb1cc0[VerticalListActivity]
07-20 12:40:16.931 22314 22314 D InputMethodManager: getNavigationBarColor() -16777216
07-20 12:40:16.932 22314 22330 W System  : A resource failed to call release.
07-20 12:40:16.934 22314 22330 W System  : A resource failed to call release.
07-20 12:40:16.935   816  5530 I SurfaceControl: release : mNativeObject = 3273624032 - Surface(name=Surface(name=34a1f20 InputMethod)/@0x63c1a9e - animation-leash)/@0x628f6e5 / android.view.SurfaceControl$Transaction.remove:3169 com.android.server.wm.SurfaceAnimator.cancelAnimation:365 com.android.server.wm.SurfaceAnimator.startAnimation:161 com.android.server.wm.WindowContainer.startAnimation:2127
07-20 12:40:16.935   507   542 I SurfaceFlinger: id=98320 createSurf (0x0),-1 flag=24004, Surface(name=34a1f20 InputMethod)/@0x63c1a9e - animation-leash#1
07-20 12:40:16.936 13023 13023 I GoogleInputMethodService: GoogleInputMethodService.onFinishInput():3220
07-20 12:40:16.936   507   507 I Layer   : id=98265[1] Destroyed Surface(name=34a1f20 InputMethod)/@0x63c1a9e - animation-leash#0
07-20 12:40:16.937   507   507 I Layer   : id=98223[1] Destroyed Surface(name=34a1f20 InputMethod)/@0x63c1a9e - animation-leash#1
07-20 12:40:16.937 13023 13023 I GoogleInputMethodService: GoogleInputMethodService.updateDeviceLockedStatus():2116 checkRepeatedly = false, unlocked = true
07-20 12:40:16.937 22314 22330 W System  : A resource failed to call release.
07-20 12:40:16.937   507   542 I Layer   : id=98316 removeFromCurrentState Surface(name=34a1f20 InputMethod)/@0x63c1a9e - animation-leash#0 (54)
07-20 12:40:16.937 13023 13023 I GoogleInputMethodService: GoogleInputMethodService.onStartInput():1923 onStartInput(EditorInfo{inputType=0x0(NULL) imeOptions=0x0 privateImeOptions=null actionName=UNSPECIFIED actionLabel=null actionId=0 initialSelStart=-1 initialSelEnd=-1 initialCapsMode=0x0 hintText=null label=null packageName=com.example.dogglers fieldId=-1 fieldName=null extras=Bundle[EMPTY_PARCEL]}, false)
07-20 12:40:16.938 13023 13023 I GoogleInputMethodService: GoogleInputMethodService.updateDeviceLockedStatus():2116 checkRepeatedly = true, unlocked = true
07-20 12:40:16.940   479   479 D PowerHAL: ###Exit launch scene bgn###
07-20 12:40:16.940   479   479 D PowerHAL: Enter common_set_for_release_when_close: enable:0, duration: 0, /dev/cluster0_freq_max: 124F80
07-20 12:40:16.940   479   479 D PowerHAL: ALL cluster0_freq_max requests has been handled
07-20 12:40:16.940   479   479 D PowerHAL: Enter common_set_for_release_when_close: enable:0, duration: 0, /dev/cluster0_freq_min: 124F80
07-20 12:40:16.940   479   479 D PowerHAL: ALL cluster0_freq_min requests has been handled
07-20 12:40:16.940   479   479 D PowerHAL: Enter common_set_for_release_when_close: enable:0, duration: 0, /dev/cluster1_freq_max: 186A00
07-20 12:40:16.940   479   479 D PowerHAL: ALL cluster1_freq_max requests has been handled
07-20 12:40:16.940   479   479 D PowerHAL: Enter common_set_for_release_when_close: enable:0, duration: 0, /dev/cluster1_freq_min: 186A00
07-20 12:40:16.940   479   479 D PowerHAL: ALL cluster1_freq_min requests has been handled
07-20 12:40:16.940   479   479 D PowerHAL: Enter devfreq_ddr_set: enable:0, duration: 0, /sys/class/devfreq/scene-frequency/sprd-governor/scene_boost_dfs: max
07-20 12:40:16.940 22314 22340 I TestRunner: finished: clicking_vertical_list_button_displays_vertical_list(com.example.dogglers.ButtonTests)
