07-20 12:40:18.282   816   894 I SurfaceControl: release : mNativeObject = 3271544032 - Surface(name=Surface(name=abcc8ff Splash Screen com.example.dogglers)/@0x3e15c9 - animation-leash)/@0xaf42e56 / android.view.SurfaceControl$Transaction.remove:3169 com.android.server.wm.SurfaceAnimator.removeLeash:418 com.android.server.wm.SurfaceAnimator.reset:384 com.android.server.wm.SurfaceAnimator.lambda$getFinishedCallback$0$SurfaceAnimator:111
07-20 12:40:18.284   816   894 I SurfaceControl: release : mNativeObject = 3273122336 - Surface(name=Splash Screen com.example.dogglers)/@0x63bc33a / android.view.SurfaceControl$Transaction.remove:3169 com.android.server.wm.WindowSurfaceController.destroyNotInTransaction:218 com.android.server.wm.WindowStateAnimator.destroySurface:1603 com.android.server.wm.WindowStateAnimator.destroySurfaceLocked:638
07-20 12:40:18.285   507   542 I Layer   : id=98331 removeFromCurrentState Splash Screen com.example.dogglers#0 (56)
07-20 12:40:18.286   816   894 I SurfaceControl: release : mNativeObject = 3676983296 - Surface(name=abcc8ff Splash Screen com.example.dogglers)/@0x3e15c9 / android.view.SurfaceControl$Transaction.remove:3169 com.android.server.wm.WindowContainer.removeImmediately:607 com.android.server.wm.WindowState.removeImmediately:2199 com.android.server.wm.WindowState.destroySurface:3326
07-20 12:40:18.288   507   542 I Layer   : id=98330 removeFromCurrentState abcc8ff Splash Screen com.example.dogglers#0 (56)
07-20 12:40:18.288   507   542 I Layer   : id=98340 removeFromCurrentState Surface(name=abcc8ff Splash Screen com.example.dogglers)/@0x3e15c9 - animation-leash#0 (56)
07-20 12:40:18.298   507   507 I Layer   : id=98340[1] Destroyed Surface(name=abcc8ff Splash Screen com.example.dogglers)/@0x3e15c9 - animation-leash#0
07-20 12:40:18.298   507   507 I Layer   : id=98330[1] Destroyed abcc8ff Splash Screen com.example.dogglers#0
07-20 12:40:18.299   471   532 D IMGGralloc: Gralloc Free  w:720, h:1600, f:0x1, usage:0x966, ui64Stamp:3273413 line = 2441
07-20 12:40:18.299   471   532 D IMGGralloc: Gralloc Free  w:720, h:1600, f:0x1, usage:0x966, ui64Stamp:3273426 line = 2441
07-20 12:40:18.300   507   507 D IMGGralloc: Gralloc Free  w:720, h:1600, f:0x1, usage:0x966, ui64Stamp:3273426 line = 2441
07-20 12:40:18.302   507   507 I Layer   : id=98331[1] Destroyed Splash Screen com.example.dogglers#0
07-20 12:40:18.305   507   507 D SurfaceFlinger: Display 0 HWC layers:
07-20 12:40:18.305   507   507 D SurfaceFlinger:      DEVICE | 0xed753b20 | 0002 | RGBA_8888    |    0.0    0.0  720.0 1600.0 |    0    0  720 1600 | com.example.dogglers/com.example.dogglers.MainActivity#0
07-20 12:40:18.305   507   507 D SurfaceFlinger:      DEVICE | 0xed755e20 | 0000 | RGBA_8888    |    0.0    0.0  720.0   45.0 |    0    0  720   45 | StatusBar#0
07-20 12:40:18.305   507   507 D SurfaceFlinger:      DEVICE | 0xed7543e0 | 0000 | RGBA_8888    |    0.0    0.0  720.0   96.0 |    0 1504  720 1600 | NavigationBar0#0
07-20 12:40:18.305   507   507 D SurfaceFlinger:
07-20 12:40:18.305 22314 22314 D LifecycleMonitor: Lifecycle status change: androidx.test.core.app.InstrumentationActivityInvoker$EmptyActivity@834f764 in: PRE_ON_CREATE
07-20 12:40:18.306 22314 22314 V ActivityScenario: Activity lifecycle changed event received but ignored because the intent does not match. startActivityIntent=Intent { act=android.intent.action.MAIN cat=[android.intent.category.LAUNCHER] cmp=com.example.dogglers/.MainActivity }, activity.getIntent()=Intent { act=android.intent.action.MAIN cat=[android.intent.category.LAUNCHER] flg=0x10000000 cmp=com.example.dogglers/androidx.test.core.app.InstrumentationActivityInvoker$EmptyActivity }, activity=androidx.test.core.app.InstrumentationActivityInvoker$EmptyActivity@834f764
07-20 12:40:18.320 22314 22314 D LifecycleMonitor: Lifecycle status change: androidx.test.core.app.InstrumentationActivityInvoker$EmptyActivity@834f764 in: CREATED
07-20 12:40:18.320 22314 22314 V ActivityScenario: Activity lifecycle changed event received but ignored because the intent does not match. startActivityIntent=Intent { act=android.intent.action.MAIN cat=[android.intent.category.LAUNCHER] cmp=com.example.dogglers/.MainActivity }, activity.getIntent()=Intent { act=android.intent.action.MAIN cat=[android.intent.category.LAUNCHER] flg=0x10000000 cmp=com.example.dogglers/androidx.test.core.app.InstrumentationActivityInvoker$EmptyActivity }, activity=androidx.test.core.app.InstrumentationActivityInvoker$EmptyActivity@834f764
07-20 12:40:18.324 22314 22314 D LifecycleMonitor: Lifecycle status change: androidx.test.core.app.InstrumentationActivityInvoker$EmptyActivity@834f764 in: STARTED
07-20 12:40:18.324 22314 22314 V ActivityScenario: Activity lifecycle changed event received but ignored because the intent does not match. startActivityIntent=Intent { act=android.intent.action.MAIN cat=[android.intent.category.LAUNCHER] cmp=com.example.dogglers/.MainActivity }, activity.getIntent()=Intent { act=android.intent.action.MAIN cat=[android.intent.category.LAUNCHER] flg=0x10000000 cmp=com.example.dogglers/androidx.test.core.app.InstrumentationActivityInvoker$EmptyActivity }, activity=androidx.test.core.app.InstrumentationActivityInvoker$EmptyActivity@834f764
07-20 12:40:18.327 22314 22314 D LifecycleMonitor: Lifecycle status change: androidx.test.core.app.InstrumentationActivityInvoker$EmptyActivity@834f764 in: RESUMED
07-20 12:40:18.327 22314 22314 V ActivityScenario: Activity lifecycle changed event received but ignored because the intent does not match. startActivityIntent=Intent { act=android.intent.action.MAIN cat=[android.intent.category.LAUNCHER] cmp=com.example.dogglers/.MainActivity }, activity.getIntent()=Intent { act=android.intent.action.MAIN cat=[android.intent.category.LAUNCHER] flg=0x10000000 cmp=com.example.dogglers/androidx.test.core.app.InstrumentationActivityInvoker$EmptyActivity }, activity=androidx.test.core.app.InstrumentationActivityInvoker$EmptyActivity@834f764
07-20 12:40:18.334   507   542 I SurfaceFlinger: id=98343 createSurf (0x0),-1 flag=80004, 570b5f4 com.example.dogglers/androidx.test.core.app.InstrumentationActivityInvoker$EmptyActivity#0
07-20 12:40:18.338 22314 22314 I InputTransport: Create ARC handle: 0xe58a03d0
07-20 12:40:18.338 22314 22314 E libc    : Access denied finding property "ro.vendor.input.resample_latency_ms"
07-20 12:40:18.349   816  6254 V WindowManager: Relayout Window{570b5f4 u0 com.example.dogglers/androidx.test.core.app.InstrumentationActivityInvoker$EmptyActivity}: viewVisibility=0 req=720x1600
07-20 12:40:18.351   507   542 I SurfaceFlinger: id=98344 createSurf (720x1600),1 flag=404, com.example.dogglers/androidx.test.core.app.InstrumentationActivityInvoker$EmptyActivity#0
07-20 12:40:18.353   816  6254 I SurfaceControl: release : mNativeObject = 3255640384 - Surface(name=Surface(name=7580301 StatusBar)/@0xfd83951 - animation-leash)/@0xae38183 / android.view.SurfaceControl$Transaction.remove:3169 com.android.server.wm.SurfaceAnimator.cancelAnimation:365 com.android.server.wm.SurfaceAnimator.startAnimation:161 com.android.server.wm.WindowContainer.startAnimation:2127
07-20 12:40:18.354   507   542 I SurfaceFlinger: id=98345 createSurf (0x0),-1 flag=24000, Surface(name=7580301 StatusBar)/@0xfd83951 - animation-leash#0
07-20 12:40:18.355   816  6254 I SurfaceControl: release : mNativeObject = 3255640576 - Surface(name=Surface(name=496386c NavigationBar0)/@0xb856353 - animation-leash)/@0x1fb0339 / android.view.SurfaceControl$Transaction.remove:3169 com.android.server.wm.SurfaceAnimator.cancelAnimation:365 com.android.server.wm.SurfaceAnimator.startAnimation:161 com.android.server.wm.WindowContainer.startAnimation:2127
07-20 12:40:18.355   507   542 I SurfaceFlinger: id=98346 createSurf (0x0),-1 flag=24000, Surface(name=496386c NavigationBar0)/@0xb856353 - animation-leash#1
07-20 12:40:18.357   816  6254 V WindowManager: Relayout hash=570b5f4, pid=22314: mAttrs={(0,0)(fillxfill) sim={adjust=pan forwardNavigation} ty=BASE_APPLICATION wanim=0x1030001
07-20 12:40:18.357   816  6254 V WindowManager:   fl=1810100
07-20 12:40:18.357   816  6254 V WindowManager:   pfl=12020000
07-20 12:40:18.357   816  6254 V WindowManager:   fitSides=}
07-20 12:40:18.358   816  6254 I SurfaceControl: release : mNativeObject = 3101752864 - Surface(name=com.example.dogglers/androidx.test.core.app.InstrumentationActivityInvoker$EmptyActivity)/@0x44602de / android.view.SurfaceControl.writeToParcel:1094 android.view.IWindowSession$Stub.onTransact:894 com.android.server.wm.Session.onTransact:139 android.os.Binder.execTransactInternal:1154
07-20 12:40:18.362 22314 22346 D OpenGLRenderer: eglCreateWindowSurface : 0xecb8e880
07-20 12:40:18.363   470   470 D IMGGralloc: GBuffer--------------(*format)=1
07-20 12:40:18.363   470   470 D IMGGralloc: Gralloc alloc start  w:720, h:1600, f:0x1, usage:0x900, line = 1643
07-20 12:40:18.364   470   470 D IMGGralloc: Gralloc Alloc end  w:720, h:1600, f:0x1, usage:0x900, handle:0xeba763c0, ui64Stamp:3273456, sSize:4608000, line = 2047
07-20 12:40:18.364   470   470 D IMGGralloc: Gralloc Free  w:720, h:1600, f:0x1, usage:0x900, ui64Stamp:3273456 line = 2441
07-20 12:40:18.365   507   542 D IMGGralloc: Gralloc Register  w:720, h:1600, f:0x1, usage:0x900, ui64Stamp:3273456, sSize:4608000, line = 2335
07-20 12:40:18.365   470   470 D IMGGralloc: GBuffer--------------(*format)=1
07-20 12:40:18.365   470   470 D IMGGralloc: Gralloc alloc start  w:720, h:1600, f:0x1, usage:0x900, line = 1643
07-20 12:40:18.365   507   760 I Layer   : id=98338 removeFromCurrentState Surface(name=7580301 StatusBar)/@0xfd83951 - animation-leash#1 (57)
07-20 12:40:18.366   507   760 I Layer   : id=98339 removeFromCurrentState Surface(name=496386c NavigationBar0)/@0xb856353 - animation-leash#0 (57)
07-20 12:40:18.367   470   470 D IMGGralloc: Gralloc Alloc end  w:720, h:1600, f:0x1, usage:0x900, handle:0xeba763c0, ui64Stamp:3273460, sSize:4608000, line = 2047
07-20 12:40:18.367   470   470 D IMGGralloc: Gralloc Free  w:720, h:1600, f:0x1, usage:0x900, ui64Stamp:3273460 line = 2441
07-20 12:40:18.367   507   542 D IMGGralloc: Gralloc Register  w:720, h:1600, f:0x1, usage:0x900, ui64Stamp:3273460, sSize:4608000, line = 2335
07-20 12:40:18.368   470   470 D IMGGralloc: GBuffer--------------(*format)=1
07-20 12:40:18.368   470   470 D IMGGralloc: Gralloc alloc start  w:720, h:1600, f:0x1, usage:0x900, line = 1643
07-20 12:40:18.370   470   470 D IMGGralloc: Gralloc Alloc end  w:720, h:1600, f:0x1, usage:0x900, handle:0xeba763c0, ui64Stamp:3273464, sSize:4608000, line = 2047
07-20 12:40:18.370   470   470 D IMGGralloc: Gralloc Free  w:720, h:1600, f:0x1, usage:0x900, ui64Stamp:3273464 line = 2441
07-20 12:40:18.371   507   542 D IMGGralloc: Gralloc Register  w:720, h:1600, f:0x1, usage:0x900, ui64Stamp:3273464, sSize:4608000, line = 2335
07-20 12:40:18.372   507   542 D IMGGralloc: Gralloc Free  w:720, h:1600, f:0x1, usage:0x900, ui64Stamp:3273464 line = 2441
07-20 12:40:18.373   470   470 D IMGGralloc: GBuffer--------------(*format)=1
07-20 12:40:18.373   470   470 D IMGGralloc: Gralloc alloc start  w:720, h:1600, f:0x1, usage:0xb00, line = 1643
07-20 12:40:18.375   470   470 D IMGGralloc: Gralloc Alloc end  w:720, h:1600, f:0x1, usage:0xb00, handle:0xeba763c0, ui64Stamp:3273468, sSize:4608000, line = 2047
07-20 12:40:18.375   470   470 D IMGGralloc: Gralloc Free  w:720, h:1600, f:0x1, usage:0xb00, ui64Stamp:3273468 line = 2441
07-20 12:40:18.376   507   542 D IMGGralloc: Gralloc Register  w:720, h:1600, f:0x1, usage:0xb00, ui64Stamp:3273468, sSize:4608000, line = 2335
07-20 12:40:18.376 22314 22346 D IMGGralloc: Gralloc Register  w:720, h:1600, f:0x1, usage:0xb00, ui64Stamp:3273468, sSize:4608000, line = 2335
07-20 12:40:18.381   507   507 I SurfaceFlinger: SF-Update,layer=com.example.dogglers/androidx.test.core.app.InstrumentationActivityInvoker$EmptyActivity#0,name=Window{570b5f4 u0 com.example.dogglers/androidx.test.core.app.InstrumentationActivityInvoker$EmptyActivity},token=0xed20f620,id=98344 dirty=1,inputChanged=0,syncInput=0,visible=0,paused=0,portal=-1,param=0x1810120,feature=0x0
07-20 12:40:18.386 22314 22314 I SurfaceControl: release : mNativeObject = 3212468256 - Surface(name=Surface(name=34a1f20 InputMethod)/@0x63c1a9e - animation-leash)/@0xcfc25d0 / android.view.-$$Lambda$Rl1VZmNJ0VZDLK0BAbaVGis0rrA.accept:2 android.view.InsetsSourceControl.release:170 android.view.InsetsSourceConsumer.setControl:193 android.view.ImeInsetsSourceConsumer.setControl:151
07-20 12:40:18.387 22314 22314 I SurfaceControl: release : mNativeObject = 3534360096 - Surface(name=Surface(name=496386c NavigationBar0)/@0xb856353 - animation-leash)/@0x9c1a9c9 / android.view.-$$Lambda$Rl1VZmNJ0VZDLK0BAbaVGis0rrA.accept:2 android.view.InsetsSourceControl.release:170 android.view.InsetsSourceConsumer.setControl:193 android.view.InsetsController.onControlsChanged:794
07-20 12:40:18.387   816   898 I ActivityTaskManager: Displayed com.example.dogglers/androidx.test.core.app.InstrumentationActivityInvoker$EmptyActivity: +115ms
07-20 12:40:18.387 22314 22314 I SurfaceControl: release : mNativeObject = 3534359296 - Surface(name=Surface(name=7580301 StatusBar)/@0xfd83951 - animation-leash)/@0x3a6b8ce / android.view.-$$Lambda$Rl1VZmNJ0VZDLK0BAbaVGis0rrA.accept:2 android.view.InsetsSourceControl.release:170 android.view.InsetsSourceConsumer.setControl:193 android.view.InsetsController.onControlsChanged:794
07-20 12:40:18.397   507   507 I Layer   : id=98339[1] Destroyed Surface(name=496386c NavigationBar0)/@0xb856353 - animation-leash#0
07-20 12:40:18.397   507   507 I Layer   : id=98338[1] Destroyed Surface(name=7580301 StatusBar)/@0xfd83951 - animation-leash#1
07-20 12:40:18.398   507   542 I SurfaceFlinger: id=98347 createSurf (0x0),-1 flag=80004, ActivityRecord{ac5b5db u0 com.example.dogglers/androidx.test.core.app.InstrumentationActivityInvoker$EmptyActivity#0
07-20 12:40:18.399   471   532 D IMGGralloc: Gralloc Free  w:720, h:1600, f:0x1, usage:0xb00, ui64Stamp:3273451 line = 2441
07-20 12:40:18.400   471   532 D IMGGralloc: Gralloc Register  w:720, h:1600, f:0x1, usage:0xb00, ui64Stamp:3273468, sSize:4608000, line = 2335
07-20 12:40:18.402   507   507 D SurfaceFlinger: Display 0 HWC layers:
07-20 12:40:18.402   507   507 D SurfaceFlinger:      DEVICE | 0xed755ce0 | 0002 | RGBA_8888    |    0.0    0.0  720.0 1600.0 |    0    0  720 1600 | com.example.dogglers/androidx.test.c[...]ationActivityInvoker$EmptyActivity#0
07-20 12:40:18.402   507   507 D SurfaceFlinger:      DEVICE | 0xed755e20 | 0000 | RGBA_8888    |    0.0    0.0  720.0   45.0 |    0    0  720   45 | StatusBar#0
07-20 12:40:18.402   507   507 D SurfaceFlinger:      DEVICE | 0xed7543e0 | 0000 | RGBA_8888    |    0.0    0.0  720.0   96.0 |    0 1504  720 1600 | NavigationBar0#0
07-20 12:40:18.402   507   507 D SurfaceFlinger:
07-20 12:40:18.406 22314 22314 I SurfaceControl: release : mNativeObject = 3537941728 - Surface(name=com.example.dogglers/com.example.dogglers.MainActivity)/@0x8321985 / android.view.ViewRootImpl.destroySurface:1890 android.view.ViewRootImpl.setWindowStopped:1773 android.view.WindowManagerGlobal.setStoppedState:672 android.app.Activity.performStop:8213
07-20 12:40:18.408 22314 22314 D LifecycleMonitor: Lifecycle status change: com.example.dogglers.MainActivity@32f28f1 in: STOPPED
07-20 12:40:18.408 22314 22314 V ActivityScenario: Update currentActivityStage to STOPPED, currentActivity=com.example.dogglers.MainActivity@32f28f1
07-20 12:40:18.413 22314 22314 D LifecycleMonitor: Lifecycle status change: com.example.dogglers.MainActivity@32f28f1 in: DESTROYED
07-20 12:40:18.414 22314 22314 V ActivityScenario: Update currentActivityStage to DESTROYED, currentActivity=null
07-20 12:40:18.418 22314 22346 D OpenGLRenderer: destroyEglSurface : 0xee949ce0
07-20 12:40:18.418 22314 22346 D IMGGralloc: Gralloc Free  w:720, h:1600, f:0x1, usage:0xb00, ui64Stamp:3273451 line = 2441
07-20 12:40:18.419 22314 22346 D IMGGralloc: Gralloc Free  w:720, h:1600, f:0x1, usage:0xb00, ui64Stamp:3273447 line = 2441
07-20 12:40:18.419 22314 22346 D IMGGralloc: Gralloc Free  w:720, h:1600, f:0x1, usage:0xb00, ui64Stamp:3273443 line = 2441
07-20 12:40:18.419   507   567 D IMGGralloc: Gralloc Free  w:720, h:1600, f:0x1, usage:0xb00, ui64Stamp:3273447 line = 2441
07-20 12:40:18.421   816  6254 I SurfaceControl: release : mNativeObject = 3282852320 - Surface(name=3eedd94 com.example.dogglers/com.example.dogglers.MainActivity)/@0x5f95878 / android.view.SurfaceControl$Transaction.remove:3169 com.android.server.wm.WindowContainer.removeImmediately:607 com.android.server.wm.WindowState.removeImmediately:2199 com.android.server.wm.WindowState.removeIfPossible:2373
07-20 12:40:18.421   816  6254 I SurfaceControl: release : mNativeObject = 3676984672 - Surface(name=com.example.dogglers/com.example.dogglers.MainActivity)/@0x8ef6b51 / android.view.SurfaceControl$Transaction.remove:3169 com.android.server.wm.WindowSurfaceController.destroyNotInTransaction:218 com.android.server.wm.WindowStateAnimator.destroySurface:1603 com.android.server.wm.WindowStateAnimator.destroySurfaceLocked:638
07-20 12:40:18.422   507   760 I Layer   : id=98337 removeFromCurrentState com.example.dogglers/com.example.dogglers.MainActivity#0 (56)
07-20 12:40:18.424   507   760 I Layer   : id=98336 removeFromCurrentState 3eedd94 com.example.dogglers/com.example.dogglers.MainActivity#0 (56)
07-20 12:40:18.425 22314 22314 I InputTransport: Destroy ARC handle: 0xe582f440
07-20 12:40:18.427   816  7155 I SurfaceControl: release : mNativeObject = 3676984128 - Surface(name=ActivityRecord{f36c1d0 u0 com.example.dogglers/.MainActivity)/@0xf2bea65 / android.view.SurfaceControl$Transaction.remove:3169 com.android.server.wm.WindowContainer.removeImmediately:607 com.android.server.wm.WindowToken.removeImmediately:392 com.android.server.wm.ActivityRecord.removeImmediately:3348
07-20 12:40:18.430   507   507 I Layer   : id=98336[1] Destroyed 3eedd94 com.example.dogglers/com.example.dogglers.MainActivity#0
07-20 12:40:18.431   507   507 D IMGGralloc: Gralloc Free  w:720, h:1600, f:0x1, usage:0xb00, ui64Stamp:3273451 line = 2441
07-20 12:40:18.431   507   507 D IMGGralloc: Gralloc Free  w:720, h:1600, f:0x1, usage:0xb00, ui64Stamp:3273443 line = 2441
07-20 12:40:18.433   507   507 I Layer   : id=98337[1] Destroyed com.example.dogglers/com.example.dogglers.MainActivity#0
07-20 12:40:18.433   507   760 I Layer   : id=98335 removeFromCurrentState ActivityRecord{f36c1d0 u0 com.example.dogglers/.MainActivity#0 (54)
07-20 12:40:18.435 22314 22314 D LifecycleMonitor: Lifecycle status change: androidx.test.core.app.InstrumentationActivityInvoker$EmptyActivity@834f764 in: PAUSED
07-20 12:40:18.436 22314 22314 V ActivityScenario: Activity lifecycle changed event received but ignored because the intent does not match. startActivityIntent=Intent { act=android.intent.action.MAIN cat=[android.intent.category.LAUNCHER] cmp=com.example.dogglers/.MainActivity }, activity.getIntent()=Intent { act=android.intent.action.MAIN cat=[android.intent.category.LAUNCHER] flg=0x10000000 cmp=com.example.dogglers/androidx.test.core.app.InstrumentationActivityInvoker$EmptyActivity }, activity=androidx.test.core.app.InstrumentationActivityInvoker$EmptyActivity@834f764
07-20 12:40:18.446 22314 22314 D InputMethodManager: prepareNavigationBarInfo() DecorView@31edee8[InstrumentationActivityInvoker$EmptyActivity]
07-20 12:40:18.446 22314 22314 D InputMethodManager: getNavigationBarColor() -16777216
07-20 12:40:18.447   507   507 I Layer   : id=98335[1] Destroyed ActivityRecord{f36c1d0 u0 com.example.dogglers/.MainActivity#0
07-20 12:40:18.451 22314 22314 D LifecycleMonitor: Lifecycle status change: androidx.test.core.app.InstrumentationActivityInvoker$BootstrapActivity@565f5f in: DESTROYED
07-20 12:40:18.451   816  7155 I SurfaceControl: release : mNativeObject = 3032355008 - Surface(name=Surface(name=34a1f20 InputMethod)/@0x63c1a9e - animation-leash)/@0x7ae12ad / android.view.SurfaceControl$Transaction.remove:3169 com.android.server.wm.SurfaceAnimator.cancelAnimation:365 com.android.server.wm.SurfaceAnimator.startAnimation:161 com.android.server.wm.WindowContainer.startAnimation:2127
07-20 12:40:18.452 22314 22314 V ActivityScenario: Activity lifecycle changed event received but ignored because the intent does not match. startActivityIntent=Intent { act=android.intent.action.MAIN cat=[android.intent.category.LAUNCHER] cmp=com.example.dogglers/.MainActivity }, activity.getIntent()=Intent { act=android.intent.action.MAIN cat=[android.intent.category.LAUNCHER] flg=0x10008000 cmp=com.example.dogglers/androidx.test.core.app.InstrumentationActivityInvoker$BootstrapActivity (has extras) }, activity=androidx.test.core.app.InstrumentationActivityInvoker$BootstrapActivity@565f5f
07-20 12:40:18.452   507   760 I SurfaceFlinger: id=98348 createSurf (0x0),-1 flag=24004, Surface(name=34a1f20 InputMethod)/@0x63c1a9e - animation-leash#0
07-20 12:40:18.453 13023 13023 I GoogleInputMethodService: GoogleInputMethodService.onFinishInput():3220
07-20 12:40:18.453   816  6254 I SurfaceControl: release : mNativeObject = 3276483360 - Surface(name=ActivityRecord{ca0cb70 u0 com.example.dogglers/androidx.test.core.app.InstrumentationActivityInvoker$BootstrapActivity)/@0xdd6f142 / android.view.SurfaceControl$Transaction.remove:3169 com.android.server.wm.WindowContainer.removeImmediately:607 com.android.server.wm.WindowToken.removeImmediately:392 com.android.server.wm.ActivityRecord.removeImmediately:3348
07-20 12:40:18.454 13023 13023 I GoogleInputMethodService: GoogleInputMethodService.updateDeviceLockedStatus():2116 checkRepeatedly = false, unlocked = true
07-20 12:40:18.454 13023 13023 I GoogleInputMethodService: GoogleInputMethodService.onStartInput():1923 onStartInput(EditorInfo{inputType=0x0(NULL) imeOptions=0x0 privateImeOptions=null actionName=UNSPECIFIED actionLabel=null actionId=0 initialSelStart=-1 initialSelEnd=-1 initialCapsMode=0x0 hintText=null label=null packageName=com.example.dogglers fieldId=-1 fieldName=null extras=Bundle[EMPTY_PARCEL]}, false)
07-20 12:40:18.454 13023 13023 I GoogleInputMethodService: GoogleInputMethodService.updateDeviceLockedStatus():2116 checkRepeatedly = true, unlocked = true
07-20 12:40:18.457   507   760 I Layer   : id=98341 removeFromCurrentState Surface(name=34a1f20 InputMethod)/@0x63c1a9e - animation-leash#1 (54)
07-20 12:40:18.457   507   760 I Layer   : id=98329 removeFromCurrentState ActivityRecord{ca0cb70 u0 com.example.dogglers/androidx.test.core.app.InstrumentationActivityInvoker$BootstrapActivity#0 (54)
07-20 12:40:18.460 22314 22314 D LifecycleMonitor: Lifecycle status change: androidx.test.core.app.InstrumentationActivityInvoker$EmptyActivity@c6d13a6 in: PRE_ON_CREATE
07-20 12:40:18.461 22314 22314 V ActivityScenario: Activity lifecycle changed event received but ignored because the intent does not match. startActivityIntent=Intent { act=android.intent.action.MAIN cat=[android.intent.category.LAUNCHER] cmp=com.example.dogglers/.MainActivity }, activity.getIntent()=Intent { act=android.intent.action.MAIN cat=[android.intent.category.LAUNCHER] flg=0x10000000 cmp=com.example.dogglers/androidx.test.core.app.InstrumentationActivityInvoker$EmptyActivity }, activity=androidx.test.core.app.InstrumentationActivityInvoker$EmptyActivity@c6d13a6
07-20 12:40:18.464   507   507 I Layer   : id=98329[1] Destroyed ActivityRecord{ca0cb70 u0 com.example.dogglers/androidx.test.core.app.InstrumentationActivityInvoker$BootstrapActivity#0
07-20 12:40:18.475 22314 22314 D LifecycleMonitor: Lifecycle status change: androidx.test.core.app.InstrumentationActivityInvoker$EmptyActivity@c6d13a6 in: CREATED
07-20 12:40:18.475 22314 22314 V ActivityScenario: Activity lifecycle changed event received but ignored because the intent does not match. startActivityIntent=Intent { act=android.intent.action.MAIN cat=[android.intent.category.LAUNCHER] cmp=com.example.dogglers/.MainActivity }, activity.getIntent()=Intent { act=android.intent.action.MAIN cat=[android.intent.category.LAUNCHER] flg=0x10000000 cmp=com.example.dogglers/androidx.test.core.app.InstrumentationActivityInvoker$EmptyActivity }, activity=androidx.test.core.app.InstrumentationActivityInvoker$EmptyActivity@c6d13a6
07-20 12:40:18.479 22314 22314 D LifecycleMonitor: Lifecycle status change: androidx.test.core.app.InstrumentationActivityInvoker$EmptyActivity@c6d13a6 in: STARTED
07-20 12:40:18.479 22314 22314 V ActivityScenario: Activity lifecycle changed event received but ignored because the intent does not match. startActivityIntent=Intent { act=android.intent.action.MAIN cat=[android.intent.category.LAUNCHER] cmp=com.example.dogglers/.MainActivity }, activity.getIntent()=Intent { act=android.intent.action.MAIN cat=[android.intent.category.LAUNCHER] flg=0x10000000 cmp=com.example.dogglers/androidx.test.core.app.InstrumentationActivityInvoker$EmptyActivity }, activity=androidx.test.core.app.InstrumentationActivityInvoker$EmptyActivity@c6d13a6
07-20 12:40:18.482 22314 22314 D LifecycleMonitor: Lifecycle status change: androidx.test.core.app.InstrumentationActivityInvoker$EmptyActivity@c6d13a6 in: RESUMED
07-20 12:40:18.483 22314 22314 V ActivityScenario: Activity lifecycle changed event received but ignored because the intent does not match. startActivityIntent=Intent { act=android.intent.action.MAIN cat=[android.intent.category.LAUNCHER] cmp=com.example.dogglers/.MainActivity }, activity.getIntent()=Intent { act=android.intent.action.MAIN cat=[android.intent.category.LAUNCHER] flg=0x10000000 cmp=com.example.dogglers/androidx.test.core.app.InstrumentationActivityInvoker$EmptyActivity }, activity=androidx.test.core.app.InstrumentationActivityInvoker$EmptyActivity@c6d13a6
07-20 12:40:18.490   507   542 I SurfaceFlinger: id=98349 createSurf (0x0),-1 flag=80004, ee533bc com.example.dogglers/androidx.test.core.app.InstrumentationActivityInvoker$EmptyActivity#0
07-20 12:40:18.493 22314 22314 I InputTransport: Create ARC handle: 0xe589beb0
07-20 12:40:18.494 22314 22314 E libc    : Access denied finding property "ro.vendor.input.resample_latency_ms"
07-20 12:40:18.497   816  4847 D InputMethodManagerService: isImeSwitcherDisabledPackage : false
07-20 12:40:18.497 22314 22314 I SurfaceControl: release : mNativeObject = 3212470400 - Surface(name=Surface(name=496386c NavigationBar0)/@0xb856353 - animation-leash)/@0x46c432 / android.view.-$$Lambda$Rl1VZmNJ0VZDLK0BAbaVGis0rrA.accept:2 android.view.InsetsSourceControl.release:170 android.view.InsetsSourceConsumer.setControl:193 android.view.InsetsController.onControlsChanged:794
07-20 12:40:18.497 22314 22314 I SurfaceControl: release : mNativeObject = 3212469504 - Surface(name=Surface(name=7580301 StatusBar)/@0xfd83951 - animation-leash)/@0xe94f583 / android.view.-$$Lambda$Rl1VZmNJ0VZDLK0BAbaVGis0rrA.accept:2 android.view.InsetsSourceControl.release:170 android.view.InsetsSourceConsumer.setControl:193 android.view.InsetsController.onControlsChanged:794
07-20 12:40:18.505   816  6254 V WindowManager: Relayout Window{ee533bc u0 com.example.dogglers/androidx.test.core.app.InstrumentationActivityInvoker$EmptyActivity}: viewVisibility=0 req=720x1600
07-20 12:40:18.507   507   542 I SurfaceFlinger: id=98350 createSurf (720x1600),1 flag=404, com.example.dogglers/androidx.test.core.app.InstrumentationActivityInvoker$EmptyActivity#1
07-20 12:40:18.509   816  6254 I SurfaceControl: release : mNativeObject = 3676983488 - Surface(name=Surface(name=7580301 StatusBar)/@0xfd83951 - animation-leash)/@0xd77fd63 / android.view.SurfaceControl$Transaction.remove:3169 com.android.server.wm.SurfaceAnimator.cancelAnimation:365 com.android.server.wm.SurfaceAnimator.startAnimation:161 com.android.server.wm.WindowContainer.startAnimation:2127
07-20 12:40:18.509   507   542 I SurfaceFlinger: id=98351 createSurf (0x0),-1 flag=24000, Surface(name=7580301 StatusBar)/@0xfd83951 - animation-leash#1
07-20 12:40:18.510   816  6254 I SurfaceControl: release : mNativeObject = 3676984256 - Surface(name=Surface(name=496386c NavigationBar0)/@0xb856353 - animation-leash)/@0x7269219 / android.view.SurfaceControl$Transaction.remove:3169 com.android.server.wm.SurfaceAnimator.cancelAnimation:365 com.android.server.wm.SurfaceAnimator.startAnimation:161 com.android.server.wm.WindowContainer.startAnimation:2127
07-20 12:40:18.511   507   542 I SurfaceFlinger: id=98352 createSurf (0x0),-1 flag=24000, Surface(name=496386c NavigationBar0)/@0xb856353 - animation-leash#0
07-20 12:40:18.513   816  6254 V WindowManager: Relayout hash=ee533bc, pid=22314: mAttrs={(0,0)(fillxfill) sim={adjust=pan forwardNavigation} ty=BASE_APPLICATION wanim=0x1030001
07-20 12:40:18.513   816  6254 V WindowManager:   fl=1810100
07-20 12:40:18.513   816  6254 V WindowManager:   pfl=12020000
07-20 12:40:18.513   816  6254 V WindowManager:   fitSides=}
07-20 12:40:18.513   816  6254 I SurfaceControl: release : mNativeObject = 3676983296 - Surface(name=com.example.dogglers/androidx.test.core.app.InstrumentationActivityInvoker$EmptyActivity)/@0xd335266 / android.view.SurfaceControl.writeToParcel:1094 android.view.IWindowSession$Stub.onTransact:894 com.android.server.wm.Session.onTransact:139 android.os.Binder.execTransactInternal:1154
07-20 12:40:18.514   507   542 I Layer   : id=98345 removeFromCurrentState Surface(name=7580301 StatusBar)/@0xfd83951 - animation-leash#0 (57)
07-20 12:40:18.515   507   542 I Layer   : id=98346 removeFromCurrentState Surface(name=496386c NavigationBar0)/@0xb856353 - animation-leash#1 (57)
07-20 12:40:18.518 22314 22346 D OpenGLRenderer: eglCreateWindowSurface : 0xec8f7460
07-20 12:40:18.520   470   470 D IMGGralloc: GBuffer--------------(*format)=1
07-20 12:40:18.520   470   470 D IMGGralloc: Gralloc alloc start  w:720, h:1600, f:0x1, usage:0x900, line = 1643
07-20 12:40:18.521   470   470 D IMGGralloc: Gralloc Alloc end  w:720, h:1600, f:0x1, usage:0x900, handle:0xeba763c0, ui64Stamp:3273477, sSize:4608000, line = 2047
07-20 12:40:18.521   470   470 D IMGGralloc: Gralloc Free  w:720, h:1600, f:0x1, usage:0x900, ui64Stamp:3273477 line = 2441
07-20 12:40:18.522   507   760 D IMGGralloc: Gralloc Register  w:720, h:1600, f:0x1, usage:0x900, ui64Stamp:3273477, sSize:4608000, line = 2335
07-20 12:40:18.522   470   470 D IMGGralloc: GBuffer--------------(*format)=1
07-20 12:40:18.522   470   470 D IMGGralloc: Gralloc alloc start  w:720, h:1600, f:0x1, usage:0x900, line = 1643
07-20 12:40:18.524   470   470 D IMGGralloc: Gralloc Alloc end  w:720, h:1600, f:0x1, usage:0x900, handle:0xeba763c0, ui64Stamp:3273481, sSize:4608000, line = 2047
07-20 12:40:18.524   507   542 D IMGGralloc: Gralloc Free  w:720, h:1600, f:0x1, usage:0x900, ui64Stamp:3273477 line = 2441
07-20 12:40:18.524   470   470 D IMGGralloc: Gralloc Free  w:720, h:1600, f:0x1, usage:0x900, ui64Stamp:3273481 line = 2441
07-20 12:40:18.524   507   760 D IMGGralloc: Gralloc Register  w:720, h:1600, f:0x1, usage:0x900, ui64Stamp:3273481, sSize:4608000, line = 2335
07-20 12:40:18.524   470   470 D IMGGralloc: GBuffer--------------(*format)=1
07-20 12:40:18.524   470   470 D IMGGralloc: Gralloc alloc start  w:720, h:1600, f:0x1, usage:0xb00, line = 1643
07-20 12:40:18.526   470   470 D IMGGralloc: Gralloc Alloc end  w:720, h:1600, f:0x1, usage:0xb00, handle:0xeba763c0, ui64Stamp:3273485, sSize:4608000, line = 2047
07-20 12:40:18.526   470   470 D IMGGralloc: Gralloc Free  w:720, h:1600, f:0x1, usage:0xb00, ui64Stamp:3273485 line = 2441
07-20 12:40:18.526   507   542 D IMGGralloc: Gralloc Register  w:720, h:1600, f:0x1, usage:0xb00, ui64Stamp:3273485, sSize:4608000, line = 2335
07-20 12:40:18.527   470   470 D IMGGralloc: GBuffer--------------(*format)=1
07-20 12:40:18.527   470   470 D IMGGralloc: Gralloc alloc start  w:720, h:1600, f:0x1, usage:0x900, line = 1643
07-20 12:40:18.527 22314 22346 D IMGGralloc: Gralloc Register  w:720, h:1600, f:0x1, usage:0xb00, ui64Stamp:3273485, sSize:4608000, line = 2335
07-20 12:40:18.528   470   470 D IMGGralloc: Gralloc Alloc end  w:720, h:1600, f:0x1, usage:0x900, handle:0xeba763c0, ui64Stamp:3273489, sSize:4608000, line = 2047
07-20 12:40:18.528   470   470 D IMGGralloc: Gralloc Free  w:720, h:1600, f:0x1, usage:0x900, ui64Stamp:3273489 line = 2441
07-20 12:40:18.528   507   760 D IMGGralloc: Gralloc Register  w:720, h:1600, f:0x1, usage:0x900, ui64Stamp:3273489, sSize:4608000, line = 2335
07-20 12:40:18.530   507   507 I SurfaceFlinger: SF-Update,layer=com.example.dogglers/androidx.test.core.app.InstrumentationActivityInvoker$EmptyActivity#1,name=Window{ee533bc u0 com.example.dogglers/androidx.test.core.app.InstrumentationActivityInvoker$EmptyActivity},token=0xed20ff30,id=98350 dirty=1,inputChanged=0,syncInput=0,visible=0,paused=0,portal=-1,param=0x1810120,feature=0x0
07-20 12:40:18.537   816   898 I ActivityTaskManager: Displayed com.example.dogglers/androidx.test.core.app.InstrumentationActivityInvoker$EmptyActivity: +139ms
07-20 12:40:18.542 22314 22314 I SurfaceControl: release : mNativeObject = 3534358240 - Surface(name=Surface(name=34a1f20 InputMethod)/@0x63c1a9e - animation-leash)/@0xe8ca300 / android.view.-$$Lambda$Rl1VZmNJ0VZDLK0BAbaVGis0rrA.accept:2 android.view.InsetsSourceControl.release:170 android.view.InsetsSourceConsumer.setControl:193 android.view.ImeInsetsSourceConsumer.setControl:151
07-20 12:40:18.543 22314 22314 I SurfaceControl: release : mNativeObject = 3537943584 - Surface(name=Surface(name=496386c NavigationBar0)/@0xb856353 - animation-leash)/@0xd8b9739 / android.view.-$$Lambda$Rl1VZmNJ0VZDLK0BAbaVGis0rrA.accept:2 android.view.InsetsSourceControl.release:170 android.view.InsetsSourceConsumer.setControl:193 android.view.InsetsController.onControlsChanged:794
07-20 12:40:18.543 22314 22314 I SurfaceControl: release : mNativeObject = 3537941728 - Surface(name=Surface(name=7580301 StatusBar)/@0xfd83951 - animation-leash)/@0xb98f17e / android.view.-$$Lambda$Rl1VZmNJ0VZDLK0BAbaVGis0rrA.accept:2 android.view.InsetsSourceControl.release:170 android.view.InsetsSourceConsumer.setControl:193 android.view.InsetsController.onControlsChanged:794
07-20 12:40:18.547   507   507 I Layer   : id=98346[1] Destroyed Surface(name=496386c NavigationBar0)/@0xb856353 - animation-leash#1
07-20 12:40:18.547   507   507 I Layer   : id=98345[1] Destroyed Surface(name=7580301 StatusBar)/@0xfd83951 - animation-leash#0
07-20 12:40:18.548   471   532 D IMGGralloc: Gralloc Free  w:720, h:1600, f:0x1, usage:0xb00, ui64Stamp:3273468 line = 2441
07-20 12:40:18.549   471   532 D IMGGralloc: Gralloc Register  w:720, h:1600, f:0x1, usage:0xb00, ui64Stamp:3273485, sSize:4608000, line = 2335
07-20 12:40:18.551   507   507 D SurfaceFlinger: Display 0 HWC layers:
07-20 12:40:18.551   507   507 D SurfaceFlinger:      DEVICE | 0xed754f20 | 0002 | RGBA_8888    |    0.0    0.0  720.0 1600.0 |    0    0  720 1600 | com.example.dogglers/androidx.test.c[...]ationActivityInvoker$EmptyActivity#1
07-20 12:40:18.551   507   507 D SurfaceFlinger:      DEVICE | 0xed755e20 | 0000 | RGBA_8888    |    0.0    0.0  720.0   45.0 |    0    0  720   45 | StatusBar#0
07-20 12:40:18.551   507   507 D SurfaceFlinger:      DEVICE | 0xed7543e0 | 0000 | RGBA_8888    |    0.0    0.0  720.0   96.0 |    0 1504  720 1600 | NavigationBar0#0
07-20 12:40:18.551   507   507 D SurfaceFlinger:
07-20 12:40:18.555 22314 22346 D OpenGLRenderer: destroyEglSurface : 0xecb8e880
07-20 12:40:18.557 22314 22346 D IMGGralloc: Gralloc Free  w:720, h:1600, f:0x1, usage:0xb00, ui64Stamp:3273468 line = 2441
07-20 12:40:18.557   507   760 D IMGGralloc: Gralloc Free  w:720, h:1600, f:0x1, usage:0x900, ui64Stamp:3273460 line = 2441
07-20 12:40:18.557   507   760 D IMGGralloc: Gralloc Free  w:720, h:1600, f:0x1, usage:0x900, ui64Stamp:3273456 line = 2441
07-20 12:40:18.559   816  6254 V WindowManager: Relayout Window{570b5f4 u0 com.example.dogglers/androidx.test.core.app.InstrumentationActivityInvoker$EmptyActivity}: viewVisibility=8 req=720x1600
07-20 12:40:18.563   816  6254 V WindowManager: Relayout hash=570b5f4, pid=22314: mAttrs={(0,0)(fillxfill) sim={adjust=pan forwardNavigation} ty=BASE_APPLICATION wanim=0x1030001
07-20 12:40:18.563   816  6254 V WindowManager:   fl=1810100
07-20 12:40:18.563   816  6254 V WindowManager:   pfl=12020000
07-20 12:40:18.563   816  6254 V WindowManager:   fitSides=}
07-20 12:40:18.566 22314 22314 I SurfaceControl: release : mNativeObject = 3212469152 - Surface(name=null)/@0xf2766df / android.view.SurfaceControl.assignNativeObject:528 android.view.SurfaceControl.readFromParcel:1073 android.view.IWindowSession$Stub$Proxy.relayout:1734 android.view.ViewRootImpl.relayoutWindow:7498
07-20 12:40:18.567 22314 22314 I SurfaceControl: release : mNativeObject = 3212471552 - Surface(name=Surface(name=34a1f20 InputMethod)/@0x63c1a9e - animation-leash)/@0x498ef2c / android.view.-$$Lambda$Rl1VZmNJ0VZDLK0BAbaVGis0rrA.accept:2 android.view.InsetsSourceControl.release:170 android.view.InsetsSourceConsumer.setControl:193 android.view.ImeInsetsSourceConsumer.setControl:151
07-20 12:40:18.568 22314 22314 D LifecycleMonitor: Lifecycle status change: androidx.test.core.app.InstrumentationActivityInvoker$EmptyActivity@834f764 in: STOPPED
07-20 12:40:18.569 22314 22314 V ActivityScenario: Activity lifecycle changed event received but ignored because the intent does not match. startActivityIntent=Intent { act=android.intent.action.MAIN cat=[android.intent.category.LAUNCHER] cmp=com.example.dogglers/.MainActivity }, activity.getIntent()=Intent { act=android.intent.action.MAIN cat=[android.intent.category.LAUNCHER] flg=0x10000000 cmp=com.example.dogglers/androidx.test.core.app.InstrumentationActivityInvoker$EmptyActivity }, activity=androidx.test.core.app.InstrumentationActivityInvoker$EmptyActivity@834f764
07-20 12:40:18.571 22314 22314 D LifecycleMonitor: Lifecycle status change: androidx.test.core.app.InstrumentationActivityInvoker$EmptyActivity@834f764 in: DESTROYED
07-20 12:40:18.572 22314 22314 V ActivityScenario: Activity lifecycle changed event received but ignored because the intent does not match. startActivityIntent=Intent { act=android.intent.action.MAIN cat=[android.intent.category.LAUNCHER] cmp=com.example.dogglers/.MainActivity }, activity.getIntent()=Intent { act=android.intent.action.MAIN cat=[android.intent.category.LAUNCHER] flg=0x10000000 cmp=com.example.dogglers/androidx.test.core.app.InstrumentationActivityInvoker$EmptyActivity }, activity=androidx.test.core.app.InstrumentationActivityInvoker$EmptyActivity@834f764
07-20 12:40:18.575   816  4847 I SurfaceControl: release : mNativeObject = 3101753120 - Surface(name=570b5f4 com.example.dogglers/androidx.test.core.app.InstrumentationActivityInvoker$EmptyActivity)/@0x2d959a7 / android.view.SurfaceControl$Transaction.remove:3169 com.android.server.wm.WindowContainer.removeImmediately:607 com.android.server.wm.WindowState.removeImmediately:2199 com.android.server.wm.WindowState.removeIfPossible:2373
07-20 12:40:18.575   816  4847 I SurfaceControl: release : mNativeObject = 3273122336 - Surface(name=com.example.dogglers/androidx.test.core.app.InstrumentationActivityInvoker$EmptyActivity)/@0xe063e54 / android.view.SurfaceControl$Transaction.remove:3169 com.android.server.wm.WindowSurfaceController.destroyNotInTransaction:218 com.android.server.wm.WindowStateAnimator.destroySurface:1603 com.android.server.wm.WindowStateAnimator.destroySurfaceLocked:638
07-20 12:40:18.576   507   760 I Layer   : id=98344 removeFromCurrentState com.example.dogglers/androidx.test.core.app.InstrumentationActivityInvoker$EmptyActivity#0 (55)
07-20 12:40:18.578   507   760 I Layer   : id=98343 removeFromCurrentState 570b5f4 com.example.dogglers/androidx.test.core.app.InstrumentationActivityInvoker$EmptyActivity#0 (55)
07-20 12:40:18.579 22314 22314 I InputTransport: Destroy ARC handle: 0xe58a03d0
07-20 12:40:18.580   507   507 I Layer   : id=98343[1] Destroyed 570b5f4 com.example.dogglers/androidx.test.core.app.InstrumentationActivityInvoker$EmptyActivity#0
07-20 12:40:18.580   507   507 D IMGGralloc: Gralloc Free  w:720, h:1600, f:0x1, usage:0xb00, ui64Stamp:3273468 line = 2441
07-20 12:40:18.581   507   507 I Layer   : id=98344[1] Destroyed com.example.dogglers/androidx.test.core.app.InstrumentationActivityInvoker$EmptyActivity#0
07-20 12:40:18.582   816  6254 I SurfaceControl: release : mNativeObject = 3100697504 - Surface(name=ActivityRecord{67411cf u0 com.example.dogglers/androidx.test.core.app.InstrumentationActivityInvoker$EmptyActivity)/@0x89e51fd / android.view.SurfaceControl$Transaction.remove:3169 com.android.server.wm.WindowContainer.removeImmediately:607 com.android.server.wm.WindowToken.removeImmediately:392 com.android.server.wm.ActivityRecord.removeImmediately:3348
07-20 12:40:18.584 22314 22314 D LifecycleMonitor: Lifecycle status change: androidx.test.core.app.InstrumentationActivityInvoker$EmptyActivity@c6d13a6 in: PAUSED
07-20 12:40:18.585 22314 22314 V ActivityScenario: Activity lifecycle changed event received but ignored because the intent does not match. startActivityIntent=Intent { act=android.intent.action.MAIN cat=[android.intent.category.LAUNCHER] cmp=com.example.dogglers/.MainActivity }, activity.getIntent()=Intent { act=android.intent.action.MAIN cat=[android.intent.category.LAUNCHER] flg=0x10000000 cmp=com.example.dogglers/androidx.test.core.app.InstrumentationActivityInvoker$EmptyActivity }, activity=androidx.test.core.app.InstrumentationActivityInvoker$EmptyActivity@c6d13a6
07-20 12:40:18.586   455   461 E statsd  : Predicate 5980654721335871649 dropping data for dimension key (10)0x2010101->10223[I] (10)0x30000->*launch*[S]
07-20 12:40:18.587   455   461 E statsd  : Predicate 5980654721335871649 dropping data for dimension key (10)0x2010101->10225[I] (10)0x30000->*launch*[S]
07-20 12:40:18.591   507   760 I Layer   : id=98342 removeFromCurrentState ActivityRecord{67411cf u0 com.example.dogglers/androidx.test.core.app.InstrumentationActivityInvoker$EmptyActivity#0 (53)
07-20 12:40:18.594 22314 22340 I TestRunner: finished: horizontal_list_button_is_displayed(com.example.dogglers.ButtonTests)
