07-20 12:40:15.503 22314 22340 I TestRunner: started: clicking_vertical_list_button_displays_vertical_list(com.example.dogglers.ButtonTests)
07-20 12:40:15.503 22314 22314 D LifecycleMonitor: Lifecycle status change: com.example.dogglers.GridListActivity@6c9bb8f in: DESTROYED
07-20 12:40:15.508   816  5530 I SurfaceControl: release : mNativeObject = 3274162880 - Surface(name=b29bf99 com.example.dogglers/com.example.dogglers.GridListActivity)/@0x4ed7530 / android.view.SurfaceControl$Transaction.remove:3169 com.android.server.wm.WindowContainer.removeImmediately:607 com.android.server.wm.WindowState.removeImmediately:2199 com.android.server.wm.WindowState.removeIfPossible:2373
07-20 12:40:15.509   816  5530 I SurfaceControl: release : mNativeObject = 3274163040 - Surface(name=com.example.dogglers/com.example.dogglers.GridListActivity)/@0x5efb5a9 / android.view.SurfaceControl$Transaction.remove:3169 com.android.server.wm.WindowSurfaceController.destroyNotInTransaction:218 com.android.server.wm.WindowStateAnimator.destroySurface:1603 com.android.server.wm.WindowStateAnimator.destroySurfaceLocked:638
07-20 12:40:15.509   507   760 I Layer   : id=98270 removeFromCurrentState com.example.dogglers/com.example.dogglers.GridListActivity#0 (58)
07-20 12:40:15.512   507   970 I Layer   : id=98250 removeFromCurrentState b29bf99 com.example.dogglers/com.example.dogglers.GridListActivity#0 (58)
07-20 12:40:15.513 22314 22314 I InputTransport: Destroy ARC handle: 0xe58a08e0
07-20 12:40:15.515   816  5530 I SurfaceControl: release : mNativeObject = 3534421376 - Surface(name=ActivityRecord{94be712 u0 com.example.dogglers/.GridListActivity)/@0x45a9fa4 / android.view.SurfaceControl$Transaction.remove:3169 com.android.server.wm.WindowContainer.removeImmediately:607 com.android.server.wm.WindowToken.removeImmediately:392 com.android.server.wm.ActivityRecord.removeImmediately:3348
07-20 12:40:15.516   816  5530 I SurfaceControl: release : mNativeObject = 3532755520 - Surface(name=Task=1214)/@0x61441ca / android.view.SurfaceControl$Transaction.remove:3169 com.android.server.wm.WindowContainer.removeImmediately:607 com.android.server.wm.Task.removeImmediately:2870 com.android.server.wm.Task.removeIfPossible:654
07-20 12:40:15.519   507   970 I Layer   : id=98249 removeFromCurrentState ActivityRecord{94be712 u0 com.example.dogglers/.GridListActivity#0 (58)
07-20 12:40:15.519   507   970 I Layer   : id=98235 removeFromCurrentState Task=1214#0 (58)
07-20 12:40:15.523 22314 22340 W Settings: Setting always_finish_activities has moved from android.provider.Settings.System to android.provider.Settings.Global, returning read-only value.
07-20 12:40:15.526   507   507 I Layer   : id=98235[1] Destroyed Task=1214#0
07-20 12:40:15.526   625 19321 I SprdSimpleOMXComponent: fillThisBuffer, buffer: 0x0xf65aa058, header: 0x0xf68644b0, iRefCount: 0
07-20 12:40:15.526   507   507 I Layer   : id=98249[1] Destroyed ActivityRecord{94be712 u0 com.example.dogglers/.GridListActivity#0
07-20 12:40:15.526   625 19321 I SPRDHEVCDecoder: onQueueFilled, 963, outHeader:0xf68644b0, inHeader: 0xf6865040, len: 1018, nOffset: 0, time: 117733000, EOS: 0
07-20 12:40:15.526   507   507 I Layer   : id=98250[1] Destroyed b29bf99 com.example.dogglers/com.example.dogglers.GridListActivity#0
07-20 12:40:15.526   625 19321 I SPRDHEVCDecoder: onQueueFilled, 1037, dec_in.dataLen: 1018, mPicId: 54096
07-20 12:40:15.526   507   507 I Layer   : id=98270[1] Destroyed com.example.dogglers/com.example.dogglers.GridListActivity#0
07-20 12:40:15.527   625 19321 I VSP     : VSP_CFG_FREQ, 78, vsp clock level: 4 ,codec cnt 0
07-20 12:40:15.527   625 19321 I SPRDHEVCDecoder: VSP_unbind_cb, pBuffer: 0xf6857a40, pHeader: 0xf68645a0; phyAddr=0x20492000, iRefCount=2
07-20 12:40:15.527   625 19321 I SPRDHEVCDecoder: VSP_bind_cb, pBuffer: 0xf68570e0, pHeader: 0xf68644b0; phyAddr=0x2029a000, iRefCount=1
07-20 12:40:15.528   625 19321 I SPRDHEVCDecoder: VSP_unbind_cb, pBuffer: 0xf6858ee0, pHeader: 0xf6864be0; phyAddr=0x20a7a000, iRefCount=1
07-20 12:40:15.528   625 19321 I SPRDHEVCDecoder: onQueueFilled, 1099, decRet: 0, 1ms, dec_out.frameEffective: 1, needIVOP: 0
07-20 12:40:15.528   625 19321 I SPRDHEVCDecoder: onQueueFilled, 1181, dec_out.pBufferHeader: 0xf6864be0, dec_out.mPicId: 54095
07-20 12:40:15.528   625 19321 I SPRDHEVCDecoder: drainOneOutputBuffer, 1330, outHeader: 0xf6864be0, outHeader->pBuffer: 0xf6858ee0, outHeader->nOffset: 0, outHeader->nFlags: 16, outHeader->nTimeStamp: 117633000
07-20 12:40:15.531   507   507 D IMGGralloc: Gralloc Free  w:720, h:1600, f:0x1, usage:0xb00, ui64Stamp:3273174 line = 2441
07-20 12:40:15.537   507   760 I SurfaceFlinger: id=98281 createSurf (0x0),-1 flag=24004, Task=1215#0
07-20 12:40:15.539   507   760 I SurfaceFlinger: id=98282 createSurf (0x0),-1 flag=80004, ActivityRecord{529683a u0 com.example.dogglers/androidx.test.core.app.InstrumentationActivityInvoker$BootstrapActivity#0
07-20 12:40:15.541   479   479 D PowerHAL: ###Enter launch scene bgn###
07-20 12:40:15.541   479   479 D PowerHAL: Enter common_set_for_release_when_close: enable:1, duration: 0, /dev/cluster0_freq_max: 124F80
07-20 12:40:15.541   479   479 D PowerHAL: Set /dev/cluster0_freq_max: 124F80
07-20 12:40:15.541   479   479 D PowerHAL: Enter common_set_for_release_when_close: enable:1, duration: 0, /dev/cluster0_freq_min: 124F80
07-20 12:40:15.541   479   479 D PowerHAL: Set /dev/cluster0_freq_min: 124F80
07-20 12:40:15.542   479   479 D PowerHAL: Enter common_set_for_release_when_close: enable:1, duration: 0, /dev/cluster1_freq_max: 186A00
07-20 12:40:15.542   479   479 D PowerHAL: Set /dev/cluster1_freq_max: 186A00
07-20 12:40:15.542   479   479 D PowerHAL: Enter common_set_for_release_when_close: enable:1, duration: 0, /dev/cluster1_freq_min: 186A00
07-20 12:40:15.542   479   479 D PowerHAL: Set /dev/cluster1_freq_min: 186A00
07-20 12:40:15.542   479   479 D PowerHAL: Enter devfreq_ddr_set: enable:1, duration: 0, /sys/class/devfreq/scene-frequency/sprd-governor/scene_boost_dfs: max
07-20 12:40:15.543   479   479 D PowerHAL: ###Enter launch scene end###
07-20 12:40:15.543   455   461 E statsd  : Predicate 5980654721335871649 dropping data for dimension key (10)0x2010101->10225[I] (10)0x30000->*launch*[S]
07-20 12:40:15.553   507   760 I SurfaceFlinger: id=98283 createSurf (0x0),-1 flag=80004, 852bcc7 Splash Screen com.example.dogglers#0
07-20 12:40:15.556   816   894 I InputTransport: Create ARC handle: 0xb8e58380
07-20 12:40:15.559   625 19321 I SprdSimpleOMXComponent: fillThisBuffer, buffer: 0x0xf65aa160, header: 0x0xf6864b90, iRefCount: 0
07-20 12:40:15.560   625 19321 I SPRDHEVCDecoder: onQueueFilled, 963, outHeader:0xf6864b90, inHeader: 0xf6865090, len: 627, nOffset: 0, time: 117700000, EOS: 0
07-20 12:40:15.560   625 19321 I SPRDHEVCDecoder: onQueueFilled, 1037, dec_in.dataLen: 627, mPicId: 54097
07-20 12:40:15.560   816   894 V WindowManager: Relayout Window{852bcc7 u0 Splash Screen com.example.dogglers}: viewVisibility=0 req=720x1600
07-20 12:40:15.560   625 19321 I VSP     : VSP_CFG_FREQ, 78, vsp clock level: 4 ,codec cnt 0
07-20 12:40:15.560   625 19321 I SPRDHEVCDecoder: VSP_bind_cb, pBuffer: 0xf6858c60, pHeader: 0xf6864b90; phyAddr=0x209d2000, iRefCount=1
07-20 12:40:15.561   625 19321 I SPRDHEVCDecoder: onQueueFilled, 1099, decRet: 0, 1ms, dec_out.frameEffective: 1, needIVOP: 0
07-20 12:40:15.562   625 19321 I SPRDHEVCDecoder: onQueueFilled, 1181, dec_out.pBufferHeader: 0xf6864730, dec_out.mPicId: 54092
07-20 12:40:15.562   625 19321 I SPRDHEVCDecoder: drainOneOutputBuffer, 1330, outHeader: 0xf6864730, outHeader->pBuffer: 0xf68586c0, outHeader->nOffset: 0, outHeader->nFlags: 16, outHeader->nTimeStamp: 117667000
07-20 12:40:15.562   625 19321 I SprdSimpleOMXComponent: fillThisBuffer, buffer: 0x0xf65aa1a8, header: 0x0xf6864c80, iRefCount: 0
07-20 12:40:15.562   625 19321 I SPRDHEVCDecoder: onQueueFilled, 963, outHeader:0xf6864c80, inHeader: 0xf68650e0, len: 628, nOffset: 0, time: 117767000, EOS: 0
07-20 12:40:15.562   625 19321 I SPRDHEVCDecoder: onQueueFilled, 1037, dec_in.dataLen: 628, mPicId: 54098
07-20 12:40:15.563   507   760 I SurfaceFlinger: id=98284 createSurf (720x1600),1 flag=404, Splash Screen com.example.dogglers#0
07-20 12:40:15.563   625 19321 I VSP     : VSP_CFG_FREQ, 78, vsp clock level: 4 ,codec cnt 0
07-20 12:40:15.563   625 19321 I SPRDHEVCDecoder: VSP_bind_cb, pBuffer: 0xf68593e0, pHeader: 0xf6864c80; phyAddr=0x20bca000, iRefCount=1
07-20 12:40:15.564   625 19321 I SPRDHEVCDecoder: VSP_unbind_cb, pBuffer: 0xf6858c60, pHeader: 0xf6864b90; phyAddr=0x209d2000, iRefCount=1
07-20 12:40:15.564   625 19321 I SPRDHEVCDecoder: onQueueFilled, 1099, decRet: 0, 1ms, dec_out.frameEffective: 1, needIVOP: 0
07-20 12:40:15.564   625 19321 I SPRDHEVCDecoder: onQueueFilled, 1181, dec_out.pBufferHeader: 0xf6864b90, dec_out.mPicId: 54097
07-20 12:40:15.564   625 19321 I SPRDHEVCDecoder: drainOneOutputBuffer, 1330, outHeader: 0xf6864b90, outHeader->pBuffer: 0xf6858c60, outHeader->nOffset: 0, outHeader->nFlags: 16, outHeader->nTimeStamp: 117700000
07-20 12:40:15.566   816   894 V WindowManager: Relayout hash=852bcc7, pid=816: mAttrs={(0,0)(fillxfill) sim={adjust=pan} layoutInDisplayCutoutMode=shortEdges ty=APPLICATION_STARTING wanim=0x1030001
07-20 12:40:15.566   816   894 V WindowManager:   fl=1830118
07-20 12:40:15.566   816   894 V WindowManager:   pfl=12020011
07-20 12:40:15.566   816   894 V WindowManager:   fitSides=}
07-20 12:40:15.569   816   816 D MediaSessionService: Audio playback is changed, config=AudioPlaybackConfiguration piid:59391 type:android.media.AudioTrack u/pid:10223/8793 state:paused attr:AudioAttributes: usage=USAGE_MEDIA content=CONTENT_TYPE_MUSIC flags=0x800 tags= bundle=null, removed=false
07-20 12:40:15.570   816   816 D MediaSessionStack: updateMediaButtonSessionIfNeeded, callers=com.android.server.media.MediaSessionService.lambda$onStart$0$MediaSessionService:209 com.android.server.media.-$$Lambda$MediaSessionService$za_9dlUSlnaiZw6eCdPVEZq0XLw.onAudioPlayerActiveStateChanged:2
07-20 12:40:15.570   816   816 D MediaSessionStack: updateMediaButtonSessionIfNeeded, skipping uid=10223
07-20 12:40:15.576   470   470 D IMGGralloc: GBuffer--------------(*format)=1
07-20 12:40:15.576   470   470 D IMGGralloc: Gralloc alloc start  w:720, h:1600, f:0x1, usage:0x966, line = 1643
07-20 12:40:15.577   470   470 D IMGGralloc: Gralloc Alloc end  w:720, h:1600, f:0x1, usage:0x966, handle:0xeba763c0, ui64Stamp:3273229, sSize:4608000, line = 2047
07-20 12:40:15.578   470   470 D IMGGralloc: Gralloc Free  w:720, h:1600, f:0x1, usage:0x966, ui64Stamp:3273229 line = 2441
07-20 12:40:15.579   507   760 D IMGGralloc: Gralloc Register  w:720, h:1600, f:0x1, usage:0x966, ui64Stamp:3273229, sSize:4608000, line = 2335
07-20 12:40:15.584   816   894 D IMGGralloc: Gralloc Register  w:720, h:1600, f:0x1, usage:0x966, ui64Stamp:3273229, sSize:4608000, line = 2335
07-20 12:40:15.586 22314 22314 D LifecycleMonitor: Lifecycle status change: androidx.test.core.app.InstrumentationActivityInvoker$BootstrapActivity@54c5509 in: PRE_ON_CREATE
07-20 12:40:15.587 22314 22314 V ActivityScenario: Activity lifecycle changed event received but ignored because the intent does not match. startActivityIntent=Intent { act=android.intent.action.MAIN cat=[android.intent.category.LAUNCHER] cmp=com.example.dogglers/.MainActivity }, activity.getIntent()=Intent { act=android.intent.action.MAIN cat=[android.intent.category.LAUNCHER] flg=0x10008000 cmp=com.example.dogglers/androidx.test.core.app.InstrumentationActivityInvoker$BootstrapActivity (has extras) }, activity=androidx.test.core.app.InstrumentationActivityInvoker$BootstrapActivity@54c5509
07-20 12:40:15.605   470   470 D IMGGralloc: GBuffer--------------(*format)=1
07-20 12:40:15.605   470   470 D IMGGralloc: Gralloc alloc start  w:576, h:1280, f:0x1, usage:0x366, line = 1643
07-20 12:40:15.607   470   470 D IMGGralloc: Gralloc Alloc end  w:576, h:1280, f:0x1, usage:0x366, handle:0xeba763c0, ui64Stamp:3273233, sSize:2949120, line = 2047
07-20 12:40:15.608   470   470 D IMGGralloc: Gralloc Free  w:576, h:1280, f:0x1, usage:0x366, ui64Stamp:3273233 line = 2441
07-20 12:40:15.609   507   970 D IMGGralloc: Gralloc Register  w:576, h:1280, f:0x1, usage:0x366, ui64Stamp:3273233, sSize:2949120, line = 2335
07-20 12:40:15.609 22314 22314 D LifecycleMonitor: Lifecycle status change: androidx.test.core.app.InstrumentationActivityInvoker$BootstrapActivity@54c5509 in: CREATED
07-20 12:40:15.609 22314 22314 V ActivityScenario: Activity lifecycle changed event received but ignored because the intent does not match. startActivityIntent=Intent { act=android.intent.action.MAIN cat=[android.intent.category.LAUNCHER] cmp=com.example.dogglers/.MainActivity }, activity.getIntent()=Intent { act=android.intent.action.MAIN cat=[android.intent.category.LAUNCHER] flg=0x10008000 cmp=com.example.dogglers/androidx.test.core.app.InstrumentationActivityInvoker$BootstrapActivity (has extras) }, activity=androidx.test.core.app.InstrumentationActivityInvoker$BootstrapActivity@54c5509
07-20 12:40:15.614   507   507 I Layer   : id=98285[0] Destroyed Screenshot Parent
07-20 12:40:15.615  8793  8914 D OpenGLRenderer: destroyEglSurface : 0xa97249c0
07-20 12:40:15.616  8793  8914 D IMGGralloc: Gralloc Free  w:720, h:1600, f:0x1, usage:0xb00, ui64Stamp:3273219 line = 2441
07-20 12:40:15.616  8793  8914 D IMGGralloc: Gralloc Free  w:720, h:1600, f:0x1, usage:0xb00, ui64Stamp:3273214 line = 2441
07-20 12:40:15.616  8793  8914 D IMGGralloc: Gralloc Free  w:720, h:1600, f:0x1, usage:0xb00, ui64Stamp:3273199 line = 2441
07-20 12:40:15.617   507   567 D IMGGralloc: Gralloc Free  w:720, h:1600, f:0x1, usage:0xb00, ui64Stamp:3273214 line = 2441
07-20 12:40:15.617   816   894 D IMGGralloc: Gralloc Register  w:576, h:1280, f:0x1, usage:0x366, ui64Stamp:3273233, sSize:2949120, line = 2335
07-20 12:40:15.620   816   894 I SurfaceControl: release : mNativeObject = 3176090752 - Surface(name=Surface(name=7580301 StatusBar)/@0xfd83951 - animation-leash)/@0x77674da / android.view.SurfaceControl$Transaction.remove:3169 com.android.server.wm.SurfaceAnimator.cancelAnimation:365 com.android.server.wm.SurfaceAnimator.startAnimation:161 com.android.server.wm.WindowContainer.startAnimation:2127
07-20 12:40:15.620   507   970 I SurfaceFlinger: id=98286 createSurf (0x0),-1 flag=24000, Surface(name=7580301 StatusBar)/@0xfd83951 - animation-leash#1
07-20 12:40:15.621   816   894 I SurfaceControl: release : mNativeObject = 3274162560 - Surface(name=Surface(name=496386c NavigationBar0)/@0xb856353 - animation-leash)/@0xbb127e8 / android.view.SurfaceControl$Transaction.remove:3169 com.android.server.wm.SurfaceAnimator.cancelAnimation:365 com.android.server.wm.SurfaceAnimator.startAnimation:161 com.android.server.wm.WindowContainer.startAnimation:2127
07-20 12:40:15.622   507   970 I SurfaceFlinger: id=98287 createSurf (0x0),-1 flag=24000, Surface(name=496386c NavigationBar0)/@0xb856353 - animation-leash#0
07-20 12:40:15.622   816   891 D StatusBarManagerService: disableLocked net1 0net2 0
07-20 12:40:15.624   507   970 I Layer   : id=98275 removeFromCurrentState Surface(name=7580301 StatusBar)/@0xfd83951 - animation-leash#0 (60)
07-20 12:40:15.624   507   970 I Layer   : id=98276 removeFromCurrentState Surface(name=496386c NavigationBar0)/@0xb856353 - animation-leash#1 (60)
07-20 12:40:15.625   479   479 D PowerHAL: ###Enter interaction_other scene bgn###
07-20 12:40:15.625   479   479 D PowerHAL: Enter common_set_for_release_when_close: enable:1, duration: 500, /dev/cluster0_freq_max: 124F80
07-20 12:40:15.625   479   479 D PowerHAL: Enter common_set_for_release_when_close: enable:1, duration: 500, /dev/cluster0_freq_min: F4240
07-20 12:40:15.625   479   479 D PowerHAL: Enter common_set_for_release_when_close: enable:1, duration: 500, /dev/cluster1_freq_max: 186A00
07-20 12:40:15.625   479   479 D PowerHAL: Enter common_set_for_release_when_close: enable:1, duration: 500, /dev/cluster1_freq_min: 12B128
07-20 12:40:15.625   479   479 D PowerHAL: Enter devfreq_ddr_set: enable:1, duration: 500, /sys/class/devfreq/scene-frequency/sprd-governor/scene_boost_dfs: max
07-20 12:40:15.625   479   479 D PowerHAL: ###Enter interaction_other scene end###
07-20 12:40:15.626   471   532 D IMGGralloc: Gralloc Free  w:720, h:1600, f:0x1, usage:0xb00, ui64Stamp:3273219 line = 2441
07-20 12:40:15.626   471   532 D IMGGralloc: Gralloc Free  w:720, h:1600, f:0x1, usage:0xb00, ui64Stamp:3273214 line = 2441
07-20 12:40:15.627   471   532 D IMGGralloc: Gralloc Free  w:720, h:1600, f:0x1, usage:0xb00, ui64Stamp:3273199 line = 2441
07-20 12:40:15.628   471   532 D IMGGralloc: Gralloc Register  w:720, h:1600, f:0x1, usage:0x966, ui64Stamp:3273229, sSize:4608000, line = 2335
07-20 12:40:15.629   816  5233 V WindowManager: Relayout Window{afa820d u0 com.zhiliaoapp.musically/com.ss.android.ugc.aweme.splash.SplashActivity}: viewVisibility=8 req=720x1600
07-20 12:40:15.630   507   507 D SurfaceFlinger: Display 0 HWC layers:
07-20 12:40:15.630   507   507 D SurfaceFlinger:      DEVICE | 0xed7548e0 | 0002 | RGBA_8888    |    0.0    0.0  720.0 1600.0 |    0    0  720 1600 | Splash Screen com.example.dogglers#0
07-20 12:40:15.630   507   507 D SurfaceFlinger:      DEVICE | 0xed755e20 | 0000 | RGBA_8888    |    0.0    0.0  720.0   45.0 |    0    0  720   45 | StatusBar#0
07-20 12:40:15.630   507   507 D SurfaceFlinger:      DEVICE | 0xed7543e0 | 0000 | RGBA_8888    |    0.0    0.0  720.0   96.0 |    0 1504  720 1600 | NavigationBar0#0
07-20 12:40:15.630   507   507 D SurfaceFlinger:
07-20 12:40:15.631   507   507 D IMGGralloc: Gralloc Free  w:576, h:1280, f:0x1, usage:0x366, ui64Stamp:3273233 line = 2441
07-20 12:40:15.632  3152 15018 D IMGGralloc: Gralloc Register  w:576, h:1280, f:0x1, usage:0x366, ui64Stamp:3273233, sSize:2949120, line = 2335
07-20 12:40:15.632 12816 12844 D IMGGralloc: Gralloc Register  w:576, h:1280, f:0x1, usage:0x366, ui64Stamp:3273233, sSize:2949120, line = 2335
07-20 12:40:15.632 22314 22314 D LifecycleMonitor: Lifecycle status change: androidx.test.core.app.InstrumentationActivityInvoker$BootstrapActivity@54c5509 in: STARTED
07-20 12:40:15.632  3152 15018 D IMGGralloc: Gralloc Free  w:576, h:1280, f:0x1, usage:0x366, ui64Stamp:3273233 line = 2441
07-20 12:40:15.633 22314 22314 V ActivityScenario: Activity lifecycle changed event received but ignored because the intent does not match. startActivityIntent=Intent { act=android.intent.action.MAIN cat=[android.intent.category.LAUNCHER] cmp=com.example.dogglers/.MainActivity }, activity.getIntent()=Intent { act=android.intent.action.MAIN cat=[android.intent.category.LAUNCHER] flg=0x10008000 cmp=com.example.dogglers/androidx.test.core.app.InstrumentationActivityInvoker$BootstrapActivity (has extras) }, activity=androidx.test.core.app.InstrumentationActivityInvoker$BootstrapActivity@54c5509
07-20 12:40:15.633   816  5233 V WindowManager: Relayout hash=afa820d, pid=8793: mAttrs={(0,0)(fillxfill) sim={adjust=pan} ty=BASE_APPLICATION wanim=0x1030304
07-20 12:40:15.633   816  5233 V WindowManager:   fl=81810180
07-20 12:40:15.633   816  5233 V WindowManager:   pfl=12020000
07-20 12:40:15.633   816  5233 V WindowManager:   vsysui=400
07-20 12:40:15.633   816  5233 V WindowManager:   fitSides=}
07-20 12:40:15.633  3152  3190 D IMGGralloc: Gralloc Register  w:576, h:1280, f:0x1, usage:0x366, ui64Stamp:3273233, sSize:2949120, line = 2335
07-20 12:40:15.634  8793  8793 I SurfaceControl: release : mNativeObject = 3016974560 - Surface(name=null)/@0xa272c5d / android.view.SurfaceControl.assignNativeObject:528 android.view.SurfaceControl.readFromParcel:1073 android.view.IWindowSession$Stub$Proxy.relayout:1734 android.view.ViewRootImpl.relayoutWindow:7498
07-20 12:40:15.635  8793  8793 I SurfaceControl: release : mNativeObject = 3114472544 - Surface(name=Surface(name=34a1f20 InputMethod)/@0x63c1a9e - animation-leash)/@0x8ff57be / android.view.-$$Lambda$Rl1VZmNJ0VZDLK0BAbaVGis0rrA.accept:2 android.view.InsetsSourceControl.release:170 android.view.InsetsSourceConsumer.setControl:193 android.view.ImeInsetsSourceConsumer.setControl:151
07-20 12:40:15.635  8793  8793 I SurfaceControl: release : mNativeObject = 3114472384 - Surface(name=Surface(name=496386c NavigationBar0)/@0xb856353 - animation-leash)/@0xc68701f / android.view.-$$Lambda$Rl1VZmNJ0VZDLK0BAbaVGis0rrA.accept:2 android.view.InsetsSourceControl.release:170 android.view.InsetsSourceConsumer.setControl:193 android.view.InsetsController.onControlsChanged:794
07-20 12:40:15.636  8793  8793 I SurfaceControl: release : mNativeObject = 3114471904 - Surface(name=Surface(name=7580301 StatusBar)/@0xfd83951 - animation-leash)/@0x19b5f6c / android.view.-$$Lambda$Rl1VZmNJ0VZDLK0BAbaVGis0rrA.accept:2 android.view.InsetsSourceControl.release:170 android.view.InsetsSourceConsumer.setControl:193 android.view.InsetsController.onControlsChanged:794
07-20 12:40:15.637  8793  8793 I SurfaceControl: release : mNativeObject = 3122090592 - Surface(name=Surface(name=34a1f20 InputMethod)/@0x63c1a9e - animation-leash)/@0xa950658 / android.view.-$$Lambda$Rl1VZmNJ0VZDLK0BAbaVGis0rrA.accept:2 android.view.InsetsSourceControl.release:170 android.view.InsetsSourceConsumer.setControl:193 android.view.ImeInsetsSourceConsumer.setControl:151
07-20 12:40:15.639   507   760 I SurfaceFlinger: id=98288 createSurf (0x0),-1 flag=80004, ActivityRecord{3394578 u0 com.example.dogglers/.MainActivity#0
07-20 12:40:15.642   507   507 I Layer   : id=98276[1] Destroyed Surface(name=496386c NavigationBar0)/@0xb856353 - animation-leash#1
07-20 12:40:15.642   507   507 I Layer   : id=98275[1] Destroyed Surface(name=7580301 StatusBar)/@0xfd83951 - animation-leash#0
07-20 12:40:15.646 22314 22314 D LifecycleMonitor: Lifecycle status change: androidx.test.core.app.InstrumentationActivityInvoker$BootstrapActivity@54c5509 in: RESUMED
07-20 12:40:15.647 22314 22314 V ActivityScenario: Activity lifecycle changed event received but ignored because the intent does not match. startActivityIntent=Intent { act=android.intent.action.MAIN cat=[android.intent.category.LAUNCHER] cmp=com.example.dogglers/.MainActivity }, activity.getIntent()=Intent { act=android.intent.action.MAIN cat=[android.intent.category.LAUNCHER] flg=0x10008000 cmp=com.example.dogglers/androidx.test.core.app.InstrumentationActivityInvoker$BootstrapActivity (has extras) }, activity=androidx.test.core.app.InstrumentationActivityInvoker$BootstrapActivity@54c5509
07-20 12:40:15.652 22314 22314 D LifecycleMonitor: Lifecycle status change: androidx.test.core.app.InstrumentationActivityInvoker$BootstrapActivity@54c5509 in: PAUSED
07-20 12:40:15.653 22314 22314 V ActivityScenario: Activity lifecycle changed event received but ignored because the intent does not match. startActivityIntent=Intent { act=android.intent.action.MAIN cat=[android.intent.category.LAUNCHER] cmp=com.example.dogglers/.MainActivity }, activity.getIntent()=Intent { act=android.intent.action.MAIN cat=[android.intent.category.LAUNCHER] flg=0x10008000 cmp=com.example.dogglers/androidx.test.core.app.InstrumentationActivityInvoker$BootstrapActivity (has extras) }, activity=androidx.test.core.app.InstrumentationActivityInvoker$BootstrapActivity@54c5509
07-20 12:40:15.660   498   636 V APM_AudioPolicyManager: stopOutput portId 9893
07-20 12:40:15.660   498   636 V APM_AudioPolicyManager: stopOutput() output 13, stream 3, session 34329
07-20 12:40:15.660   498   636 V APM_AudioPolicyManager: setBeaconMute(1) mBeaconMuteRefCount=60 mBeaconPlayingRefCount=0
07-20 12:40:15.660   498   636 V APM_AudioPolicyManager: getNewOutputDevices selected devices AUDIO_DEVICE_NONE
07-20 12:40:15.660   498   636 V APM_AudioPolicyManager: setOutputDevices device AUDIO_DEVICE_NONE delayMs 86
07-20 12:40:15.660   498   636 V APM_AudioPolicyManager: setOutputDevices() prevDevice {type:0x2,@:}
07-20 12:40:15.661   816  5530 I system_server: oneway function results will be dropped but finished with status OK and parcel size 4
07-20 12:40:15.661   498   636 V APM_AudioPolicyManager: setOutputDevices setting same device AUDIO_DEVICE_NONE or null device, force=0, patch handle=9776
07-20 12:40:15.661   455   461 E statsd  : Predicate 5980654721335871649 dropping data for dimension key (10)0x2010101->10223[I] (10)0x30000->AudioMix[S]
07-20 12:40:15.661   498   636 W APM::AudioPolicyEngine: getDevicesForStrategy() unknown strategy: -1
07-20 12:40:15.661   498   636 W APM::AudioPolicyEngine: getDevicesForStrategy() unknown strategy: -1
07-20 12:40:15.661   498   636 V APM_AudioPolicyManager: selectOutputForMusicEffects selected output 13
07-20 12:40:15.664   816   894 V WindowManager: Relayout Window{852bcc7 u0 Splash Screen com.example.dogglers}: viewVisibility=0 req=720x1600
07-20 12:40:15.666   816   894 I SurfaceControl: release : mNativeObject = 3543413664 - Surface(name=Splash Screen com.example.dogglers)/@0x651e48d / android.view.SurfaceControl.assignNativeObject:528 android.view.SurfaceControl.copyFrom:545 com.android.server.wm.WindowSurfaceController.getSurfaceControl:531 com.android.server.wm.WindowManagerService.createSurfaceControl:2617
07-20 12:40:15.666  8793 18312 W ttmdl   : <0x0,AVMDLManagerBridge.cpp,native_setIntValue,753>set key:950 value:1
07-20 12:40:15.668   816   894 V WindowManager: Relayout hash=852bcc7, pid=816: mAttrs={(0,0)(fillxfill) sim={adjust=pan} layoutInDisplayCutoutMode=shortEdges ty=APPLICATION_STARTING wanim=0x1030001
07-20 12:40:15.668   816   894 V WindowManager:   fl=1830118
07-20 12:40:15.668   816   894 V WindowManager:   pfl=12020011
07-20 12:40:15.668   816   894 V WindowManager:   fitSides=}
07-20 12:40:15.668   816   894 I SurfaceControl: release : mNativeObject = 3176090752 - Surface(name=Surface(name=496386c NavigationBar0)/@0xb856353 - animation-leash)/@0xa29a653 / android.view.-$$Lambda$Rl1VZmNJ0VZDLK0BAbaVGis0rrA.accept:2 android.view.InsetsSourceControl.release:170 android.view.InsetsSourceConsumer.setControl:193 android.view.InsetsController.onControlsChanged:794
07-20 12:40:15.669   816   894 I SurfaceControl: release : mNativeObject = 3274162560 - Surface(name=Surface(name=7580301 StatusBar)/@0xfd83951 - animation-leash)/@0xb9b4b90 / android.view.-$$Lambda$Rl1VZmNJ0VZDLK0BAbaVGis0rrA.accept:2 android.view.InsetsSourceControl.release:170 android.view.InsetsSourceConsumer.setControl:193 android.view.InsetsController.onControlsChanged:794
07-20 12:40:15.669   470   470 D IMGGralloc: GBuffer--------------(*format)=1
07-20 12:40:15.669   470   470 D IMGGralloc: Gralloc alloc start  w:720, h:1600, f:0x1, usage:0x966, line = 1643
07-20 12:40:15.672   470   470 D IMGGralloc: Gralloc Alloc end  w:720, h:1600, f:0x1, usage:0x966, handle:0xeba763c0, ui64Stamp:3273242, sSize:4608000, line = 2047
07-20 12:40:15.672   507   760 D IMGGralloc: Gralloc Register  w:720, h:1600, f:0x1, usage:0x966, ui64Stamp:3273242, sSize:4608000, line = 2335
07-20 12:40:15.673   816   894 D IMGGralloc: Gralloc Register  w:720, h:1600, f:0x1, usage:0x966, ui64Stamp:3273242, sSize:4608000, line = 2335
07-20 12:40:15.678   470   470 D IMGGralloc: Gralloc Free  w:720, h:1600, f:0x1, usage:0x966, ui64Stamp:3273242 line = 2441
07-20 12:40:15.680 22314 22314 D LifecycleMonitor: Lifecycle status change: com.example.dogglers.MainActivity@8ffe14b in: PRE_ON_CREATE
07-20 12:40:15.680 22314 22314 V ActivityScenario: Activity lifecycle changed event received but ignored because the reported transition was not ON_CREATE while the last known transition was PRE_ON_CREATE
07-20 12:40:15.682   816  5233 I MediaFocusControl: abandonAudioFocus() from uid/pid 10223/8793 clientId=android.media.AudioManager@7fd709X.1mp@3e97d0e
07-20 12:40:15.693   471   532 D IMGGralloc: Gralloc Register  w:720, h:1600, f:0x1, usage:0x966, ui64Stamp:3273242, sSize:4608000, line = 2335
07-20 12:40:15.711  8793 18308 W System.err: java.lang.NullPointerException: Attempt to invoke virtual method 'java.lang.Class java.lang.Object.getClass()' on a null object reference
07-20 12:40:15.711  8793 18308 W System.err: 	at X.2Qv.LIZIZ(Unknown Source:26)
07-20 12:40:15.711  8793 18308 W System.err: 	at X.2Qv.LIZ(Unknown Source:0)
07-20 12:40:15.711  8793 18308 W System.err: 	at com.ss.android.ugc.aweme.legoImp.task.TrimMemoryTask.run(Unknown Source:70)
07-20 12:40:15.711  8793 18308 W System.err: 	at X.0mb.LIZIZ(Unknown Source:48)
07-20 12:40:15.711  8793 18308 W System.err: 	at X.1Mq.LIZ(Unknown Source:2)
07-20 12:40:15.711  8793 18308 W System.err: 	at X.0lY.run(Unknown Source:4)
07-20 12:40:15.711  8793 18308 W System.err: 	at X.0i9.run(Unknown Source:253)
07-20 12:40:15.711  8793 18308 W System.err: 	at java.util.concurrent.ThreadPoolExecutor.runWorker(ThreadPoolExecutor.java:1167)
07-20 12:40:15.711  8793 18308 W System.err: 	at java.util.concurrent.ThreadPoolExecutor$Worker.run(ThreadPoolExecutor.java:641)
07-20 12:40:15.711  8793 18308 W System.err: 	at X.0iD.run(Unknown Source:9)
07-20 12:40:15.712  8793 18308 W System.err: 	at java.lang.Thread.run(Thread.java:923)
07-20 12:40:15.712   816  7155 I SurfaceControl: release : mNativeObject = 3534421856 - Surface(name=com.zhiliaoapp.musically/com.ss.android.ugc.aweme.splash.SplashActivity)/@0x322b48e / android.view.SurfaceControl$Transaction.remove:3169 com.android.server.wm.WindowSurfaceController.destroyNotInTransaction:218 com.android.server.wm.WindowStateAnimator.destroySurface:1603 com.android.server.wm.WindowStateAnimator.destroySurfaceLocked:638
07-20 12:40:15.712   507   970 I Layer   : id=98274 removeFromCurrentState com.zhiliaoapp.musically/com.ss.android.ugc.aweme.splash.SplashActivity#0 (59)
07-20 12:40:15.725   507   507 D IMGGralloc: Gralloc Free  w:720, h:1600, f:0x1, usage:0xb00, ui64Stamp:3273199 line = 2441
07-20 12:40:15.725   507   507 I Layer   : id=98274[1] Destroyed com.zhiliaoapp.musically/com.ss.android.ugc.aweme.splash.SplashActivity#0
07-20 12:40:15.730   507   507 D IMGGralloc: Gralloc Free  w:720, h:1600, f:0x1, usage:0xb00, ui64Stamp:3273219 line = 2441
07-20 12:40:15.788 22314 22314 D LifecycleMonitor: Lifecycle status change: com.example.dogglers.MainActivity@8ffe14b in: CREATED
07-20 12:40:15.789 22314 22314 V ActivityScenario: Update currentActivityStage to CREATED, currentActivity=com.example.dogglers.MainActivity@8ffe14b
07-20 12:40:15.793 22314 22314 D LifecycleMonitor: Lifecycle status change: com.example.dogglers.MainActivity@8ffe14b in: STARTED
07-20 12:40:15.794 22314 22314 V ActivityScenario: Update currentActivityStage to STARTED, currentActivity=com.example.dogglers.MainActivity@8ffe14b
07-20 12:40:15.797 22314 22314 D LifecycleMonitor: Lifecycle status change: com.example.dogglers.MainActivity@8ffe14b in: RESUMED
07-20 12:40:15.797 22314 22314 V ActivityScenario: Update currentActivityStage to RESUMED, currentActivity=com.example.dogglers.MainActivity@8ffe14b
07-20 12:40:15.808   507   970 I SurfaceFlinger: id=98289 createSurf (0x0),-1 flag=80004, 2998b9a com.example.dogglers/com.example.dogglers.MainActivity#0
07-20 12:40:15.812 22314 22314 I InputTransport: Create ARC handle: 0xe5825210
07-20 12:40:15.812 22314 22314 E libc    : Access denied finding property "ro.vendor.input.resample_latency_ms"
07-20 12:40:15.815 22314 22314 D LifecycleMonitor: Lifecycle status change: androidx.test.core.app.InstrumentationActivityInvoker$BootstrapActivity@54c5509 in: STOPPED
07-20 12:40:15.816 22314 22314 V ActivityScenario: Activity lifecycle changed event received but ignored because the intent does not match. startActivityIntent=Intent { act=android.intent.action.MAIN cat=[android.intent.category.LAUNCHER] cmp=com.example.dogglers/.MainActivity }, activity.getIntent()=Intent { act=android.intent.action.MAIN cat=[android.intent.category.LAUNCHER] flg=0x10008000 cmp=com.example.dogglers/androidx.test.core.app.InstrumentationActivityInvoker$BootstrapActivity (has extras) }, activity=androidx.test.core.app.InstrumentationActivityInvoker$BootstrapActivity@54c5509
07-20 12:40:15.844   816  7155 V WindowManager: Relayout Window{2998b9a u0 com.example.dogglers/com.example.dogglers.MainActivity}: viewVisibility=0 req=720x1600
07-20 12:40:15.847   507   970 I SurfaceFlinger: id=98290 createSurf (720x1600),1 flag=404, com.example.dogglers/com.example.dogglers.MainActivity#0
07-20 12:40:15.850   816  7155 I SurfaceControl: release : mNativeObject = 3274162464 - Surface(name=Surface(name=7580301 StatusBar)/@0xfd83951 - animation-leash)/@0x7f3ec8c / android.view.SurfaceControl$Transaction.remove:3169 com.android.server.wm.SurfaceAnimator.cancelAnimation:365 com.android.server.wm.SurfaceAnimator.startAnimation:161 com.android.server.wm.WindowContainer.startAnimation:2127
07-20 12:40:15.850   507   760 I SurfaceFlinger: id=98291 createSurf (0x0),-1 flag=24000, Surface(name=7580301 StatusBar)/@0xfd83951 - animation-leash#0
07-20 12:40:15.851   816  7155 I SurfaceControl: release : mNativeObject = 3543413600 - Surface(name=Surface(name=496386c NavigationBar0)/@0xb856353 - animation-leash)/@0xbcc53ea / android.view.SurfaceControl$Transaction.remove:3169 com.android.server.wm.SurfaceAnimator.cancelAnimation:365 com.android.server.wm.SurfaceAnimator.startAnimation:161 com.android.server.wm.WindowContainer.startAnimation:2127
07-20 12:40:15.852   507   760 I SurfaceFlinger: id=98292 createSurf (0x0),-1 flag=24000, Surface(name=496386c NavigationBar0)/@0xb856353 - animation-leash#1
07-20 12:40:15.854   816  7155 V WindowManager: Relayout hash=2998b9a, pid=22314: mAttrs={(0,0)(fillxfill) sim={adjust=pan forwardNavigation} ty=BASE_APPLICATION wanim=0x1030304
07-20 12:40:15.854   816  7155 V WindowManager:   fl=81810100
07-20 12:40:15.854   816  7155 V WindowManager:   pfl=12020000
07-20 12:40:15.854   816  7155 V WindowManager:   fitSides=}
07-20 12:40:15.855   816  7155 I SurfaceControl: release : mNativeObject = 3317416160 - Surface(name=com.example.dogglers/com.example.dogglers.MainActivity)/@0x8d20afd / android.view.SurfaceControl.writeToParcel:1094 android.view.IWindowSession$Stub.onTransact:894 com.android.server.wm.Session.onTransact:139 android.os.Binder.execTransactInternal:1154
07-20 12:40:15.858  3152  3184 I ndroid.systemu: NativeAlloc concurrent copying GC freed 15149(714KB) AllocSpace objects, 0(0B) LOS objects, 49% free, 16MB/33MB, paused 166us total 224.777ms
07-20 12:40:15.860   507   760 I Layer   : id=98286 removeFromCurrentState Surface(name=7580301 StatusBar)/@0xfd83951 - animation-leash#1 (62)
07-20 12:40:15.860  3152  3187 D IMGGralloc: Gralloc Free  w:576, h:1280, f:0x1, usage:0x366, ui64Stamp:3273233 line = 2441
07-20 12:40:15.860   507   760 I Layer   : id=98287 removeFromCurrentState Surface(name=496386c NavigationBar0)/@0xb856353 - animation-leash#0 (62)
07-20 12:40:15.860  3152  3187 D IMGGralloc: Gralloc Free  w:576, h:1280, f:0x1, usage:0x366, ui64Stamp:3273210 line = 2441
07-20 12:40:15.860  3152  3187 D IMGGralloc: Gralloc Free  w:576, h:1280, f:0x1, usage:0x366, ui64Stamp:3273060 line = 2441
07-20 12:40:15.860  3152  3187 D IMGGralloc: Gralloc Free  w:576, h:1280, f:0x1, usage:0x366, ui64Stamp:3273017 line = 2441
07-20 12:40:15.861   816   894 I SurfaceControl: release : mNativeObject = 3543414080 - Surface(name=Surface(name=496386c NavigationBar0)/@0xb856353 - animation-leash)/@0xd75f3f2 / android.view.-$$Lambda$Rl1VZmNJ0VZDLK0BAbaVGis0rrA.accept:2 android.view.InsetsSourceControl.release:170 android.view.InsetsSourceConsumer.setControl:193 android.view.InsetsController.onControlsChanged:794
07-20 12:40:15.861   816   894 I SurfaceControl: release : mNativeObject = 3543413664 - Surface(name=Surface(name=7580301 StatusBar)/@0xfd83951 - animation-leash)/@0xab8ca43 / android.view.-$$Lambda$Rl1VZmNJ0VZDLK0BAbaVGis0rrA.accept:2 android.view.InsetsSourceControl.release:170 android.view.InsetsSourceConsumer.setControl:193 android.view.InsetsController.onControlsChanged:794
07-20 12:40:15.864 22314 22346 D OpenGLRenderer: eglCreateWindowSurface : 0xe56b20e0
07-20 12:40:15.864   470   470 D IMGGralloc: GBuffer--------------(*format)=1
07-20 12:40:15.865   470   470 D IMGGralloc: Gralloc alloc start  w:720, h:1600, f:0x1, usage:0x900, line = 1643
07-20 12:40:15.865   470   470 D IMGGralloc: Gralloc Alloc end  w:720, h:1600, f:0x1, usage:0x900, handle:0xeba763c0, ui64Stamp:3273246, sSize:4608000, line = 2047
07-20 12:40:15.865   470   470 D IMGGralloc: Gralloc Free  w:720, h:1600, f:0x1, usage:0x900, ui64Stamp:3273246 line = 2441
07-20 12:40:15.866   507   760 D IMGGralloc: Gralloc Register  w:720, h:1600, f:0x1, usage:0x900, ui64Stamp:3273246, sSize:4608000, line = 2335
07-20 12:40:15.866   470   470 D IMGGralloc: GBuffer--------------(*format)=1
07-20 12:40:15.866   470   470 D IMGGralloc: Gralloc alloc start  w:720, h:1600, f:0x1, usage:0x900, line = 1643
07-20 12:40:15.867   470   470 D IMGGralloc: Gralloc Alloc end  w:720, h:1600, f:0x1, usage:0x900, handle:0xeba763c0, ui64Stamp:3273250, sSize:4608000, line = 2047
07-20 12:40:15.867   470   470 D IMGGralloc: Gralloc Free  w:720, h:1600, f:0x1, usage:0x900, ui64Stamp:3273250 line = 2441
07-20 12:40:15.867   507   760 D IMGGralloc: Gralloc Register  w:720, h:1600, f:0x1, usage:0x900, ui64Stamp:3273250, sSize:4608000, line = 2335
07-20 12:40:15.868   470   470 D IMGGralloc: GBuffer--------------(*format)=1
07-20 12:40:15.868   470   470 D IMGGralloc: Gralloc alloc start  w:720, h:1600, f:0x1, usage:0x900, line = 1643
07-20 12:40:15.870   470   470 D IMGGralloc: Gralloc Alloc end  w:720, h:1600, f:0x1, usage:0x900, handle:0xeba763c0, ui64Stamp:3273254, sSize:4608000, line = 2047
07-20 12:40:15.870   470   470 D IMGGralloc: Gralloc Free  w:720, h:1600, f:0x1, usage:0x900, ui64Stamp:3273254 line = 2441
07-20 12:40:15.871   507   760 D IMGGralloc: Gralloc Register  w:720, h:1600, f:0x1, usage:0x900, ui64Stamp:3273254, sSize:4608000, line = 2335
07-20 12:40:15.874   507   507 I Layer   : id=98286[1] Destroyed Surface(name=7580301 StatusBar)/@0xfd83951 - animation-leash#1
07-20 12:40:15.874   507   507 I Layer   : id=98287[1] Destroyed Surface(name=496386c NavigationBar0)/@0xb856353 - animation-leash#0
07-20 12:40:15.875   507   507 I SurfaceFlinger: SF-Update,layer=com.example.dogglers/com.example.dogglers.MainActivity#0,name=Window{2998b9a u0 com.example.dogglers/com.example.dogglers.MainActivity},token=0xed2119c0,id=98290 dirty=1,inputChanged=0,syncInput=0,visible=0,paused=0,portal=-1,param=0x81810120,feature=0x0
07-20 12:40:15.896   507   760 D IMGGralloc: Gralloc Free  w:720, h:1600, f:0x1, usage:0x900, ui64Stamp:3273254 line = 2441
07-20 12:40:15.897   470   470 D IMGGralloc: GBuffer--------------(*format)=1
07-20 12:40:15.897   470   470 D IMGGralloc: Gralloc alloc start  w:720, h:1600, f:0x1, usage:0xb00, line = 1643
07-20 12:40:15.899   470   470 D IMGGralloc: Gralloc Alloc end  w:720, h:1600, f:0x1, usage:0xb00, handle:0xeba763c0, ui64Stamp:3273258, sSize:4608000, line = 2047
07-20 12:40:15.899   470   470 D IMGGralloc: Gralloc Free  w:720, h:1600, f:0x1, usage:0xb00, ui64Stamp:3273258 line = 2441
07-20 12:40:15.899   507   760 D IMGGralloc: Gralloc Register  w:720, h:1600, f:0x1, usage:0xb00, ui64Stamp:3273258, sSize:4608000, line = 2335
07-20 12:40:15.900 22314 22346 D IMGGralloc: Gralloc Register  w:720, h:1600, f:0x1, usage:0xb00, ui64Stamp:3273258, sSize:4608000, line = 2335
07-20 12:40:15.910   816   898 D ArtManagerInternalImpl: /data/misc/iorapd/com.example.dogglers/1/com.example.dogglers.MainActivity/compiled_traces/compiled_trace.pb doesn't exist
07-20 12:40:15.912   816   894 D IMGGralloc: Gralloc Free  w:720, h:1600, f:0x1, usage:0x966, ui64Stamp:3273229 line = 2441
07-20 12:40:15.912   816   898 I ActivityTaskManager: Displayed com.example.dogglers/.MainActivity: +374ms
07-20 12:40:15.912   507   760 D IMGGralloc: Gralloc Free  w:720, h:1600, f:0x1, usage:0x966, ui64Stamp:3273229 line = 2441
07-20 12:40:15.913   816   894 D IMGGralloc: Gralloc Free  w:720, h:1600, f:0x1, usage:0x966, ui64Stamp:3273242 line = 2441
07-20 12:40:15.913   816   894 I SurfaceControl: release : mNativeObject = 3543413760 - Surface(name=Splash Screen com.example.dogglers)/@0x651e48d / android.view.ViewRootImpl.destroySurface:1890 android.view.ViewRootImpl.dispatchDetachedFromWindow:4713 android.view.ViewRootImpl.doDie:7760 android.view.ViewRootImpl$ViewRootHandler.handleMessage:5099
07-20 12:40:15.915   507   760 I SurfaceFlinger: id=98293 createSurf (0x0),-1 flag=24000, Surface(name=852bcc7 Splash Screen com.example.dogglers)/@0x91e65b7 - animation-leash#0
07-20 12:40:15.918   816   894 I InputTransport: Destroy ARC handle: 0xb8e58380
07-20 12:40:15.924   479   479 D PowerHAL: ###Enter interaction_other scene bgn###
07-20 12:40:15.924   479   479 D PowerHAL: Enter common_set_for_release_when_close: enable:1, duration: 500, /dev/cluster0_freq_max: 124F80
07-20 12:40:15.924   479   479 D PowerHAL: Enter common_set_for_release_when_close: enable:1, duration: 500, /dev/cluster0_freq_min: F4240
07-20 12:40:15.924   479   479 D PowerHAL: Enter common_set_for_release_when_close: enable:1, duration: 500, /dev/cluster1_freq_max: 186A00
07-20 12:40:15.924   479   479 D PowerHAL: Enter common_set_for_release_when_close: enable:1, duration: 500, /dev/cluster1_freq_min: 12B128
07-20 12:40:15.924   479   479 D PowerHAL: Enter devfreq_ddr_set: enable:1, duration: 500, /sys/class/devfreq/scene-frequency/sprd-governor/scene_boost_dfs: max
07-20 12:40:15.924   479   479 D PowerHAL: ###Enter interaction_other scene end###
07-20 12:40:15.930   507   760 D IMGGralloc: Gralloc Free  w:720, h:1600, f:0x1, usage:0x900, ui64Stamp:3273250 line = 2441
07-20 12:40:15.930   470   470 D IMGGralloc: GBuffer--------------(*format)=1
07-20 12:40:15.930   470   470 D IMGGralloc: Gralloc alloc start  w:720, h:1600, f:0x1, usage:0xb00, line = 1643
07-20 12:40:15.933   470   470 D IMGGralloc: Gralloc Alloc end  w:720, h:1600, f:0x1, usage:0xb00, handle:0xeba763c0, ui64Stamp:3273262, sSize:4608000, line = 2047
07-20 12:40:15.933   470   470 D IMGGralloc: Gralloc Free  w:720, h:1600, f:0x1, usage:0xb00, ui64Stamp:3273262 line = 2441
07-20 12:40:15.933   507   760 D IMGGralloc: Gralloc Register  w:720, h:1600, f:0x1, usage:0xb00, ui64Stamp:3273262, sSize:4608000, line = 2335
07-20 12:40:15.934 22314 22346 D IMGGralloc: Gralloc Register  w:720, h:1600, f:0x1, usage:0xb00, ui64Stamp:3273262, sSize:4608000, line = 2335
07-20 12:40:15.935 22314 22314 D InputMethodManager: prepareNavigationBarInfo() DecorView@7106673[MainActivity]
07-20 12:40:15.935 22314 22314 D InputMethodManager: getNavigationBarColor() -16777216
07-20 12:40:15.940   816  7155 D InputMethodManagerService: isImeSwitcherDisabledPackage : false
07-20 12:40:15.947   816  5530 I SurfaceControl: release : mNativeObject = 3274162944 - Surface(name=Surface(name=34a1f20 InputMethod)/@0x63c1a9e - animation-leash)/@0xa45c88a / android.view.SurfaceControl$Transaction.remove:3169 com.android.server.wm.SurfaceAnimator.cancelAnimation:365 com.android.server.wm.SurfaceAnimator.startAnimation:161 com.android.server.wm.WindowContainer.startAnimation:2127
07-20 12:40:15.948   507   760 I SurfaceFlinger: id=98294 createSurf (0x0),-1 flag=24004, Surface(name=34a1f20 InputMethod)/@0x63c1a9e - animation-leash#1
07-20 12:40:15.948   507   970 D IMGGralloc: Gralloc Free  w:720, h:1600, f:0x1, usage:0x900, ui64Stamp:3273246 line = 2441
07-20 12:40:15.949   470   470 D IMGGralloc: GBuffer--------------(*format)=1
07-20 12:40:15.949   470   470 D IMGGralloc: Gralloc alloc start  w:720, h:1600, f:0x1, usage:0xb00, line = 1643
07-20 12:40:15.950   470   470 D IMGGralloc: Gralloc Alloc end  w:720, h:1600, f:0x1, usage:0xb00, handle:0xeba763c0, ui64Stamp:3273265, sSize:4608000, line = 2047
07-20 12:40:15.951   470   470 D IMGGralloc: Gralloc Free  w:720, h:1600, f:0x1, usage:0xb00, ui64Stamp:3273265 line = 2441
07-20 12:40:15.951   507   970 D IMGGralloc: Gralloc Register  w:720, h:1600, f:0x1, usage:0xb00, ui64Stamp:3273265, sSize:4608000, line = 2335
07-20 12:40:15.951 13023 13023 I GoogleInputMethodService: GoogleInputMethodService.onFinishInput():3220
07-20 12:40:15.952 13023 13023 I GoogleInputMethodService: GoogleInputMethodService.updateDeviceLockedStatus():2116 checkRepeatedly = false, unlocked = true
07-20 12:40:15.952 22314 22346 D IMGGralloc: Gralloc Register  w:720, h:1600, f:0x1, usage:0xb00, ui64Stamp:3273265, sSize:4608000, line = 2335
07-20 12:40:15.953 13023 13023 I GoogleInputMethodService: GoogleInputMethodService.onStartInput():1923 onStartInput(EditorInfo{inputType=0x0(NULL) imeOptions=0x0 privateImeOptions=null actionName=UNSPECIFIED actionLabel=null actionId=0 initialSelStart=-1 initialSelEnd=-1 initialCapsMode=0x0 hintText=null label=null packageName=com.example.dogglers fieldId=-1 fieldName=null extras=Bundle[EMPTY_PARCEL]}, false)
07-20 12:40:15.953 22314 22314 I ViewInteraction: Performing 'single click' action on view view.getId() is <2131231205/com.example.dogglers:id/vertical_btn>
07-20 12:40:15.953 13023 13023 I GoogleInputMethodService: GoogleInputMethodService.updateDeviceLockedStatus():2116 checkRepeatedly = true, unlocked = true
07-20 12:40:15.956   816   958 W InputDispatcher: obscured by Splash Screen
07-20 12:40:15.957   816   958 I InputDispatcher: Delivering touch to (3152): action: 0x4, f=0x0, d=0, '496386c', t=0
07-20 12:40:15.958   816   958 I InputDispatcher: Delivering touch to (22314): action: 0x0, f=0x1, d=0, '2998b9a', t=0
07-20 12:40:15.958   479   479 D PowerHAL: ###Enter interaction_other scene bgn###
07-20 12:40:15.958   479   479 D PowerHAL: Enter common_set_for_release_when_close: enable:1, duration: 500, /dev/cluster0_freq_max: 124F80
07-20 12:40:15.958   479   479 D PowerHAL: Enter common_set_for_release_when_close: enable:1, duration: 500, /dev/cluster0_freq_min: F4240
07-20 12:40:15.959   479   479 D PowerHAL: Enter common_set_for_release_when_close: enable:1, duration: 500, /dev/cluster1_freq_max: 186A00
07-20 12:40:15.959   479   479 D PowerHAL: Enter common_set_for_release_when_close: enable:1, duration: 500, /dev/cluster1_freq_min: 12B128
07-20 12:40:15.959   479   479 D PowerHAL: Enter devfreq_ddr_set: enable:1, duration: 500, /sys/class/devfreq/scene-frequency/sprd-governor/scene_boost_dfs: max
07-20 12:40:15.959   479   479 D PowerHAL: ###Enter interaction_other scene end###
07-20 12:40:15.959   479   479 D PowerHAL: ###Enter interaction_other scene bgn###
07-20 12:40:15.959   479   479 D PowerHAL: Enter common_set_for_release_when_close: enable:1, duration: 500, /dev/cluster0_freq_max: 124F80
07-20 12:40:15.959   479   479 D PowerHAL: Enter common_set_for_release_when_close: enable:1, duration: 500, /dev/cluster0_freq_min: F4240
07-20 12:40:15.959   479   479 D PowerHAL: Enter common_set_for_release_when_close: enable:1, duration: 500, /dev/cluster1_freq_max: 186A00
07-20 12:40:15.959   479   479 D PowerHAL: Enter common_set_for_release_when_close: enable:1, duration: 500, /dev/cluster1_freq_min: 12B128
07-20 12:40:15.959   479   479 D PowerHAL: Enter devfreq_ddr_set: enable:1, duration: 500, /sys/class/devfreq/scene-frequency/sprd-governor/scene_boost_dfs: max
07-20 12:40:15.959   479   479 D PowerHAL: ###Enter interaction_other scene end###
07-20 12:40:15.960   471   532 D IMGGralloc: Gralloc Register  w:720, h:1600, f:0x1, usage:0xb00, ui64Stamp:3273265, sSize:4608000, line = 2335
07-20 12:40:15.960   479   479 D PowerHAL: ###Exit launch scene bgn###
07-20 12:40:15.960   479   479 D PowerHAL: Enter common_set_for_release_when_close: enable:0, duration: 0, /dev/cluster0_freq_max: 124F80
07-20 12:40:15.960   479   479 D PowerHAL: Enter common_set_for_release_when_close: enable:0, duration: 0, /dev/cluster0_freq_min: 124F80
07-20 12:40:15.960   479   479 D PowerHAL: Set /dev/cluster0_freq_min: F4240
07-20 12:40:15.960   479   479 D PowerHAL: Enter common_set_for_release_when_close: enable:0, duration: 0, /dev/cluster1_freq_max: 186A00
07-20 12:40:15.960   479   479 D PowerHAL: Enter common_set_for_release_when_close: enable:0, duration: 0, /dev/cluster1_freq_min: 186A00
07-20 12:40:15.960   479   479 D PowerHAL: Set /dev/cluster1_freq_min: 12B128
07-20 12:40:15.960   479   479 D PowerHAL: Enter devfreq_ddr_set: enable:0, duration: 0, /sys/class/devfreq/scene-frequency/sprd-governor/scene_boost_dfs: max
07-20 12:40:15.961   479   479 D PowerHAL: ###Exit launch scene end###
07-20 12:40:15.964   507   507 D SurfaceFlinger: Display 0 HWC layers:
07-20 12:40:15.964   507   507 D SurfaceFlinger:      DEVICE | 0xed753b20 | 0002 | RGBA_8888    |    0.0    0.0  720.0 1600.0 |    0    0  720 1600 | com.example.dogglers/com.example.dogglers.MainActivity#0
07-20 12:40:15.964   507   507 D SurfaceFlinger:      DEVICE | 0xed754700 | 0002 | RGBA_8888    |    0.0    0.0  720.0 1600.0 |    0    0  720 1600 | Splash Screen com.example.dogglers#0
07-20 12:40:15.964   507   507 D SurfaceFlinger:      DEVICE | 0xed755e20 | 0000 | RGBA_8888    |    0.0    0.0  720.0   45.0 |    0    0  720   45 | StatusBar#0
07-20 12:40:15.964   507   507 D SurfaceFlinger:      DEVICE | 0xed7543e0 | 0000 | RGBA_8888    |    0.0    0.0  720.0   96.0 |    0 1504  720 1600 | NavigationBar0#0
07-20 12:40:15.964   507   507 D SurfaceFlinger:
07-20 12:40:15.964   455   461 E statsd  : Predicate 5980654721335871649 dropping data for dimension key (10)0x2010101->10225[I] (10)0x30000->*launch*[S]
07-20 12:40:15.966   507   760 I Layer   : id=98280 removeFromCurrentState Surface(name=34a1f20 InputMethod)/@0x63c1a9e - animation-leash#0 (62)
07-20 12:40:15.968  8793  8793 I SurfaceControl: release : mNativeObject = 3152625024 - Surface(name=Surface(name=34a1f20 InputMethod)/@0x63c1a9e - animation-leash)/@0xdbe4ab1 / android.view.-$$Lambda$Rl1VZmNJ0VZDLK0BAbaVGis0rrA.accept:2 android.view.InsetsSourceControl.release:170 android.view.InsetsSourceConsumer.setControl:193 android.view.ImeInsetsSourceConsumer.setControl:151
