07-20 12:40:11.952   816  5530 V WindowManager: Relayout hash=b668f9d, pid=22314: mAttrs={(0,0)(fillxfill) sim={adjust=pan} ty=BASE_APPLICATION wanim=0x1030304
07-20 12:40:11.952   816  5530 V WindowManager:   fl=81810100
07-20 12:40:11.952   816  5530 V WindowManager:   pfl=12020000
07-20 12:40:11.952   816  5530 V WindowManager:   fitSides=}
07-20 12:40:11.955 22314 22314 I SurfaceControl: release : mNativeObject = 3537944224 - Surface(name=Surface(name=34a1f20 InputMethod)/@0x63c1a9e - animation-leash)/@0x974871a / android.view.-$$Lambda$Rl1VZmNJ0VZDLK0BAbaVGis0rrA.accept:2 android.view.InsetsSourceControl.release:170 android.view.InsetsSourceConsumer.setControl:193 android.view.ImeInsetsSourceConsumer.setControl:151
07-20 12:40:11.956 22314 22314 D InputMethodManager: prepareNavigationBarInfo() DecorView@fe3a24b[InstrumentationActivityInvoker$EmptyActivity]
07-20 12:40:11.956 22314 22314 D InputMethodManager: getNavigationBarColor() -16777216
07-20 12:40:11.959   816  5530 I SurfaceControl: release : mNativeObject = 3676985824 - Surface(name=Surface(name=34a1f20 InputMethod)/@0x63c1a9e - animation-leash)/@0x942bdc2 / android.view.SurfaceControl$Transaction.remove:3169 com.android.server.wm.SurfaceAnimator.cancelAnimation:365 com.android.server.wm.SurfaceAnimator.startAnimation:161 com.android.server.wm.WindowContainer.startAnimation:2127
07-20 12:40:11.960   507   542 I SurfaceFlinger: id=98218 createSurf (0x0),-1 flag=24004, Surface(name=34a1f20 InputMethod)/@0x63c1a9e - animation-leash#0
07-20 12:40:11.961 13023 13023 I GoogleInputMethodService: GoogleInputMethodService.onFinishInput():3220
07-20 12:40:11.961 22314 22314 D LifecycleMonitor: Lifecycle status change: androidx.test.core.app.InstrumentationActivityInvoker$BootstrapActivity@60294fb in: DESTROYED
07-20 12:40:11.962 13023 13023 I GoogleInputMethodService: GoogleInputMethodService.updateDeviceLockedStatus():2116 checkRepeatedly = false, unlocked = true
07-20 12:40:11.962 22314 22314 V ActivityScenario: Activity lifecycle changed event received but ignored because the intent does not match. startActivityIntent=Intent { act=android.intent.action.MAIN cat=[android.intent.category.LAUNCHER] cmp=com.example.dogglers/.MainActivity }, activity.getIntent()=Intent { act=android.intent.action.MAIN cat=[android.intent.category.LAUNCHER] flg=0x10008000 cmp=com.example.dogglers/androidx.test.core.app.InstrumentationActivityInvoker$BootstrapActivity (has extras) }, activity=androidx.test.core.app.InstrumentationActivityInvoker$BootstrapActivity@60294fb
07-20 12:40:11.962 13023 13023 I GoogleInputMethodService: GoogleInputMethodService.onStartInput():1923 onStartInput(EditorInfo{inputType=0x0(NULL) imeOptions=0x0 privateImeOptions=null actionName=UNSPECIFIED actionLabel=null actionId=0 initialSelStart=-1 initialSelEnd=-1 initialCapsMode=0x0 hintText=null label=null packageName=com.example.dogglers fieldId=-1 fieldName=null extras=Bundle[EMPTY_PARCEL]}, false)
07-20 12:40:11.962 13023 13023 I GoogleInputMethodService: GoogleInputMethodService.updateDeviceLockedStatus():2116 checkRepeatedly = true, unlocked = true
07-20 12:40:11.963   816  4847 I SurfaceControl: release : mNativeObject = 3282850080 - Surface(name=ActivityRecord{8c34b95 u0 com.example.dogglers/androidx.test.core.app.InstrumentationActivityInvoker$BootstrapActivity)/@0xfeee570 / android.view.SurfaceControl$Transaction.remove:3169 com.android.server.wm.WindowContainer.removeImmediately:607 com.android.server.wm.WindowToken.removeImmediately:392 com.android.server.wm.ActivityRecord.removeImmediately:3348
07-20 12:40:11.966   507   542 I Layer   : id=98211 removeFromCurrentState Surface(name=34a1f20 InputMethod)/@0x63c1a9e - animation-leash#1 (58)
07-20 12:40:11.966   507   542 I Layer   : id=98189 removeFromCurrentState ActivityRecord{8c34b95 u0 com.example.dogglers/androidx.test.core.app.InstrumentationActivityInvoker$BootstrapActivity#0 (58)
07-20 12:40:11.968   816  4847 I SurfaceControl: release : mNativeObject = 3534421120 - Surface(name=com.example.dogglers/com.example.dogglers.HorizontalListActivity)/@0x74000e9 / android.view.SurfaceControl$Transaction.remove:3169 com.android.server.wm.WindowSurfaceController.destroyNotInTransaction:218 com.android.server.wm.WindowStateAnimator.destroySurface:1603 com.android.server.wm.WindowStateAnimator.destroySurfaceLocked:638
07-20 12:40:11.969   507   542 I Layer   : id=98204 removeFromCurrentState com.example.dogglers/com.example.dogglers.HorizontalListActivity#0 (58)
07-20 12:40:11.973   507   507 D IMGGralloc: Gralloc Free  w:720, h:1600, f:0x1, usage:0xb00, ui64Stamp:3272953 line = 2441
07-20 12:40:11.974   507   507 I Layer   : id=98204[1] Destroyed com.example.dogglers/com.example.dogglers.HorizontalListActivity#0
07-20 12:40:11.974   507   507 I Layer   : id=98189[1] Destroyed ActivityRecord{8c34b95 u0 com.example.dogglers/androidx.test.core.app.InstrumentationActivityInvoker$BootstrapActivity#0
07-20 12:40:11.976   479   502 D PowerHAL: ##Timing deboost
07-20 12:40:11.976   479   502 D PowerHAL: Enter common_set_for_release_when_close: enable:0, duration: 0, /dev/cluster0_freq_max:
07-20 12:40:11.976   479   502 D PowerHAL: ##Timing deboost
07-20 12:40:11.976   479   502 D PowerHAL: Enter common_set_for_release_when_close: enable:0, duration: 0, /dev/cluster0_freq_min:
07-20 12:40:11.976   479   502 D PowerHAL: ##Timing deboost
07-20 12:40:11.976   479   502 D PowerHAL: Enter common_set_for_release_when_close: enable:0, duration: 0, /dev/cluster1_freq_max:
07-20 12:40:11.976   479   502 D PowerHAL: ##Timing deboost
07-20 12:40:11.976   479   502 D PowerHAL: Enter common_set_for_release_when_close: enable:0, duration: 0, /dev/cluster1_freq_min:
07-20 12:40:11.976   479   502 D PowerHAL: ##Timing deboost
07-20 12:40:11.976   479   502 D PowerHAL: Enter devfreq_ddr_set: enable:0, duration: 0, /sys/class/devfreq/scene-frequency/sprd-governor/scene_boost_dfs:
07-20 12:40:11.978 22314 22314 D LifecycleMonitor: Lifecycle status change: androidx.test.core.app.InstrumentationActivityInvoker$EmptyActivity@6b85ad4 in: PRE_ON_CREATE
07-20 12:40:11.978 22314 22314 V ActivityScenario: Activity lifecycle changed event received but ignored because the intent does not match. startActivityIntent=Intent { act=android.intent.action.MAIN cat=[android.intent.category.LAUNCHER] cmp=com.example.dogglers/.MainActivity }, activity.getIntent()=Intent { act=android.intent.action.MAIN cat=[android.intent.category.LAUNCHER] flg=0x10000000 cmp=com.example.dogglers/androidx.test.core.app.InstrumentationActivityInvoker$EmptyActivity }, activity=androidx.test.core.app.InstrumentationActivityInvoker$EmptyActivity@6b85ad4
07-20 12:40:11.992 22314 22314 D LifecycleMonitor: Lifecycle status change: androidx.test.core.app.InstrumentationActivityInvoker$EmptyActivity@6b85ad4 in: CREATED
07-20 12:40:11.993 22314 22314 V ActivityScenario: Activity lifecycle changed event received but ignored because the intent does not match. startActivityIntent=Intent { act=android.intent.action.MAIN cat=[android.intent.category.LAUNCHER] cmp=com.example.dogglers/.MainActivity }, activity.getIntent()=Intent { act=android.intent.action.MAIN cat=[android.intent.category.LAUNCHER] flg=0x10000000 cmp=com.example.dogglers/androidx.test.core.app.InstrumentationActivityInvoker$EmptyActivity }, activity=androidx.test.core.app.InstrumentationActivityInvoker$EmptyActivity@6b85ad4
07-20 12:40:11.997 22314 22314 D LifecycleMonitor: Lifecycle status change: androidx.test.core.app.InstrumentationActivityInvoker$EmptyActivity@6b85ad4 in: STARTED
07-20 12:40:11.997 22314 22314 V ActivityScenario: Activity lifecycle changed event received but ignored because the intent does not match. startActivityIntent=Intent { act=android.intent.action.MAIN cat=[android.intent.category.LAUNCHER] cmp=com.example.dogglers/.MainActivity }, activity.getIntent()=Intent { act=android.intent.action.MAIN cat=[android.intent.category.LAUNCHER] flg=0x10000000 cmp=com.example.dogglers/androidx.test.core.app.InstrumentationActivityInvoker$EmptyActivity }, activity=androidx.test.core.app.InstrumentationActivityInvoker$EmptyActivity@6b85ad4
07-20 12:40:12.000 22314 22314 D LifecycleMonitor: Lifecycle status change: androidx.test.core.app.InstrumentationActivityInvoker$EmptyActivity@6b85ad4 in: RESUMED
07-20 12:40:12.001 22314 22314 V ActivityScenario: Activity lifecycle changed event received but ignored because the intent does not match. startActivityIntent=Intent { act=android.intent.action.MAIN cat=[android.intent.category.LAUNCHER] cmp=com.example.dogglers/.MainActivity }, activity.getIntent()=Intent { act=android.intent.action.MAIN cat=[android.intent.category.LAUNCHER] flg=0x10000000 cmp=com.example.dogglers/androidx.test.core.app.InstrumentationActivityInvoker$EmptyActivity }, activity=androidx.test.core.app.InstrumentationActivityInvoker$EmptyActivity@6b85ad4
07-20 12:40:12.008   507   979 I SurfaceFlinger: id=98219 createSurf (0x0),-1 flag=80004, db5567a com.example.dogglers/androidx.test.core.app.InstrumentationActivityInvoker$EmptyActivity#0
07-20 12:40:12.012 22314 22314 I InputTransport: Create ARC handle: 0xe582f6d0
07-20 12:40:12.012 22314 22314 E libc    : Access denied finding property "ro.vendor.input.resample_latency_ms"
07-20 12:40:12.016 22314 22314 I SurfaceControl: release : mNativeObject = 3850578240 - Surface(name=Surface(name=34a1f20 InputMethod)/@0x63c1a9e - animation-leash)/@0x6aa5040 / android.view.-$$Lambda$Rl1VZmNJ0VZDLK0BAbaVGis0rrA.accept:2 android.view.InsetsSourceControl.release:170 android.view.InsetsSourceConsumer.setControl:193 android.view.ImeInsetsSourceConsumer.setControl:151
07-20 12:40:12.017   816  4847 D InputMethodManagerService: isImeSwitcherDisabledPackage : false
07-20 12:40:12.018 22314 22314 I SurfaceControl: release : mNativeObject = 3537943936 - Surface(name=Surface(name=496386c NavigationBar0)/@0xb856353 - animation-leash)/@0xc77db79 / android.view.-$$Lambda$Rl1VZmNJ0VZDLK0BAbaVGis0rrA.accept:2 android.view.InsetsSourceControl.release:170 android.view.InsetsSourceConsumer.setControl:193 android.view.InsetsController.onControlsChanged:794
07-20 12:40:12.018 22314 22314 I SurfaceControl: release : mNativeObject = 3537943872 - Surface(name=Surface(name=7580301 StatusBar)/@0xfd83951 - animation-leash)/@0xc7d80be / android.view.-$$Lambda$Rl1VZmNJ0VZDLK0BAbaVGis0rrA.accept:2 android.view.InsetsSourceControl.release:170 android.view.InsetsSourceConsumer.setControl:193 android.view.InsetsController.onControlsChanged:794
07-20 12:40:12.030   816  4847 V WindowManager: Relayout Window{db5567a u0 com.example.dogglers/androidx.test.core.app.InstrumentationActivityInvoker$EmptyActivity}: viewVisibility=0 req=720x1600
07-20 12:40:12.032   507   979 I SurfaceFlinger: id=98220 createSurf (720x1600),1 flag=404, com.example.dogglers/androidx.test.core.app.InstrumentationActivityInvoker$EmptyActivity#1
07-20 12:40:12.034   816  4847 I SurfaceControl: release : mNativeObject = 3676987360 - Surface(name=Surface(name=7580301 StatusBar)/@0xfd83951 - animation-leash)/@0xe1436d4 / android.view.SurfaceControl$Transaction.remove:3169 com.android.server.wm.SurfaceAnimator.cancelAnimation:365 com.android.server.wm.SurfaceAnimator.startAnimation:161 com.android.server.wm.WindowContainer.startAnimation:2127
07-20 12:40:12.035   507   979 I SurfaceFlinger: id=98221 createSurf (0x0),-1 flag=24000, Surface(name=7580301 StatusBar)/@0xfd83951 - animation-leash#1
07-20 12:40:12.036   816  4847 I SurfaceControl: release : mNativeObject = 3255640128 - Surface(name=Surface(name=496386c NavigationBar0)/@0xb856353 - animation-leash)/@0xd4a1b72 / android.view.SurfaceControl$Transaction.remove:3169 com.android.server.wm.SurfaceAnimator.cancelAnimation:365 com.android.server.wm.SurfaceAnimator.startAnimation:161 com.android.server.wm.WindowContainer.startAnimation:2127
07-20 12:40:12.036   507   979 I SurfaceFlinger: id=98222 createSurf (0x0),-1 flag=24000, Surface(name=496386c NavigationBar0)/@0xb856353 - animation-leash#0
07-20 12:40:12.038   816  4847 V WindowManager: Relayout hash=db5567a, pid=22314: mAttrs={(0,0)(fillxfill) sim={adjust=pan forwardNavigation} ty=BASE_APPLICATION wanim=0x1030001
07-20 12:40:12.038   816  4847 V WindowManager:   fl=1810100
07-20 12:40:12.038   816  4847 V WindowManager:   pfl=12020000
07-20 12:40:12.038   816  4847 V WindowManager:   fitSides=}
07-20 12:40:12.038   816  4847 I SurfaceControl: release : mNativeObject = 3101752928 - Surface(name=com.example.dogglers/androidx.test.core.app.InstrumentationActivityInvoker$EmptyActivity)/@0x6bbaf34 / android.view.SurfaceControl.writeToParcel:1094 android.view.IWindowSession$Stub.onTransact:894 com.android.server.wm.Session.onTransact:139 android.os.Binder.execTransactInternal:1154
07-20 12:40:12.041   507   979 I Layer   : id=98215 removeFromCurrentState Surface(name=7580301 StatusBar)/@0xfd83951 - animation-leash#0 (60)
07-20 12:40:12.041   507   979 I Layer   : id=98216 removeFromCurrentState Surface(name=496386c NavigationBar0)/@0xb856353 - animation-leash#1 (60)
07-20 12:40:12.045 22314 22346 D OpenGLRenderer: eglCreateWindowSurface : 0xec8f6980
07-20 12:40:12.046   470   470 D IMGGralloc: GBuffer--------------(*format)=1
07-20 12:40:12.046   470   470 D IMGGralloc: Gralloc alloc start  w:720, h:1600, f:0x1, usage:0x900, line = 1643
07-20 12:40:12.047   470   470 D IMGGralloc: Gralloc Alloc end  w:720, h:1600, f:0x1, usage:0x900, handle:0xeba763c0, ui64Stamp:3272980, sSize:4608000, line = 2047
07-20 12:40:12.047   470   470 D IMGGralloc: Gralloc Free  w:720, h:1600, f:0x1, usage:0x900, ui64Stamp:3272980 line = 2441
07-20 12:40:12.047   507   542 D IMGGralloc: Gralloc Register  w:720, h:1600, f:0x1, usage:0x900, ui64Stamp:3272980, sSize:4608000, line = 2335
07-20 12:40:12.048   470   470 D IMGGralloc: GBuffer--------------(*format)=1
07-20 12:40:12.048   470   470 D IMGGralloc: Gralloc alloc start  w:720, h:1600, f:0x1, usage:0x900, line = 1643
07-20 12:40:12.050   470   470 D IMGGralloc: Gralloc Alloc end  w:720, h:1600, f:0x1, usage:0x900, handle:0xeba763c0, ui64Stamp:3272984, sSize:4608000, line = 2047
07-20 12:40:12.050   470   470 D IMGGralloc: Gralloc Free  w:720, h:1600, f:0x1, usage:0x900, ui64Stamp:3272984 line = 2441
07-20 12:40:12.050   507   542 D IMGGralloc: Gralloc Register  w:720, h:1600, f:0x1, usage:0x900, ui64Stamp:3272984, sSize:4608000, line = 2335
07-20 12:40:12.050   470   470 D IMGGralloc: GBuffer--------------(*format)=1
07-20 12:40:12.050   470   470 D IMGGralloc: Gralloc alloc start  w:720, h:1600, f:0x1, usage:0x900, line = 1643
07-20 12:40:12.051   507   979 D IMGGralloc: Gralloc Free  w:720, h:1600, f:0x1, usage:0x900, ui64Stamp:3272984 line = 2441
07-20 12:40:12.053   470   470 D IMGGralloc: Gralloc Alloc end  w:720, h:1600, f:0x1, usage:0x900, handle:0xeba763c0, ui64Stamp:3272988, sSize:4608000, line = 2047
07-20 12:40:12.053   470   470 D IMGGralloc: Gralloc Free  w:720, h:1600, f:0x1, usage:0x900, ui64Stamp:3272988 line = 2441
07-20 12:40:12.054   507   542 D IMGGralloc: Gralloc Register  w:720, h:1600, f:0x1, usage:0x900, ui64Stamp:3272988, sSize:4608000, line = 2335
07-20 12:40:12.054   470   470 D IMGGralloc: GBuffer--------------(*format)=1
07-20 12:40:12.054   470   470 D IMGGralloc: Gralloc alloc start  w:720, h:1600, f:0x1, usage:0xb00, line = 1643
07-20 12:40:12.056   470   470 D IMGGralloc: Gralloc Alloc end  w:720, h:1600, f:0x1, usage:0xb00, handle:0xeba763c0, ui64Stamp:3272992, sSize:4608000, line = 2047
07-20 12:40:12.056   470   470 D IMGGralloc: Gralloc Free  w:720, h:1600, f:0x1, usage:0xb00, ui64Stamp:3272992 line = 2441
07-20 12:40:12.057   507   979 D IMGGralloc: Gralloc Register  w:720, h:1600, f:0x1, usage:0xb00, ui64Stamp:3272992, sSize:4608000, line = 2335
07-20 12:40:12.057   507   507 I SurfaceFlinger: SF-Update,layer=com.example.dogglers/androidx.test.core.app.InstrumentationActivityInvoker$EmptyActivity#1,name=Window{db5567a u0 com.example.dogglers/androidx.test.core.app.InstrumentationActivityInvoker$EmptyActivity},token=0xed20dcd0,id=98220 dirty=1,inputChanged=0,syncInput=0,visible=0,paused=0,portal=-1,param=0x1810120,feature=0x0
07-20 12:40:12.057 22314 22346 D IMGGralloc: Gralloc Register  w:720, h:1600, f:0x1, usage:0xb00, ui64Stamp:3272992, sSize:4608000, line = 2335
07-20 12:40:12.067   816   898 I ActivityTaskManager: Displayed com.example.dogglers/androidx.test.core.app.InstrumentationActivityInvoker$EmptyActivity: +176ms
07-20 12:40:12.070 22314 22314 I SurfaceControl: release : mNativeObject = 3850579200 - Surface(name=Surface(name=34a1f20 InputMethod)/@0x63c1a9e - animation-leash)/@0xf9de51f / android.view.-$$Lambda$Rl1VZmNJ0VZDLK0BAbaVGis0rrA.accept:2 android.view.InsetsSourceControl.release:170 android.view.InsetsSourceConsumer.setControl:193 android.view.ImeInsetsSourceConsumer.setControl:151
07-20 12:40:12.071 22314 22314 I SurfaceControl: release : mNativeObject = 3850579008 - Surface(name=Surface(name=496386c NavigationBar0)/@0xb856353 - animation-leash)/@0x704306c / android.view.-$$Lambda$Rl1VZmNJ0VZDLK0BAbaVGis0rrA.accept:2 android.view.InsetsSourceControl.release:170 android.view.InsetsSourceConsumer.setControl:193 android.view.InsetsController.onControlsChanged:794
07-20 12:40:12.071 22314 22314 I SurfaceControl: release : mNativeObject = 3850578464 - Surface(name=Surface(name=7580301 StatusBar)/@0xfd83951 - animation-leash)/@0x311b635 / android.view.-$$Lambda$Rl1VZmNJ0VZDLK0BAbaVGis0rrA.accept:2 android.view.InsetsSourceControl.release:170 android.view.InsetsSourceConsumer.setControl:193 android.view.InsetsController.onControlsChanged:794
07-20 12:40:12.073   507   507 I Layer   : id=98216[1] Destroyed Surface(name=496386c NavigationBar0)/@0xb856353 - animation-leash#1
07-20 12:40:12.073   507   507 I Layer   : id=98215[1] Destroyed Surface(name=7580301 StatusBar)/@0xfd83951 - animation-leash#0
07-20 12:40:12.074   471   532 D IMGGralloc: Gralloc Free  w:720, h:1600, f:0x1, usage:0xb00, ui64Stamp:3272970 line = 2441
07-20 12:40:12.075   471   532 D IMGGralloc: Gralloc Register  w:720, h:1600, f:0x1, usage:0xb00, ui64Stamp:3272992, sSize:4608000, line = 2335
07-20 12:40:12.078   507   507 D SurfaceFlinger: Display 0 HWC layers:
07-20 12:40:12.078   507   507 D SurfaceFlinger:      DEVICE | 0xed753bc0 | 0002 | RGBA_8888    |    0.0    0.0  720.0 1600.0 |    0    0  720 1600 | com.example.dogglers/androidx.test.c[...]ationActivityInvoker$EmptyActivity#1
07-20 12:40:12.078   507   507 D SurfaceFlinger:      DEVICE | 0xed755e20 | 0000 | RGBA_8888    |    0.0    0.0  720.0   45.0 |    0    0  720   45 | StatusBar#0
07-20 12:40:12.078   507   507 D SurfaceFlinger:      DEVICE | 0xed7543e0 | 0000 | RGBA_8888    |    0.0    0.0  720.0   96.0 |    0 1504  720 1600 | NavigationBar0#0
07-20 12:40:12.078   507   507 D SurfaceFlinger:
07-20 12:40:12.090 22314 22346 D OpenGLRenderer: destroyEglSurface : 0xec8f5e40
07-20 12:40:12.092 22314 22346 D IMGGralloc: Gralloc Free  w:720, h:1600, f:0x1, usage:0xb00, ui64Stamp:3272970 line = 2441
07-20 12:40:12.092   507   542 D IMGGralloc: Gralloc Free  w:720, h:1600, f:0x1, usage:0x900, ui64Stamp:3272966 line = 2441
07-20 12:40:12.093   507   542 D IMGGralloc: Gralloc Free  w:720, h:1600, f:0x1, usage:0x900, ui64Stamp:3272958 line = 2441
07-20 12:40:12.094   816  4847 V WindowManager: Relayout Window{d42b141 u0 com.example.dogglers/androidx.test.core.app.InstrumentationActivityInvoker$EmptyActivity}: viewVisibility=8 req=720x1600
07-20 12:40:12.098   816  4847 V WindowManager: Relayout hash=d42b141, pid=22314: mAttrs={(0,0)(fillxfill) sim={adjust=pan forwardNavigation} ty=BASE_APPLICATION wanim=0x1030001
07-20 12:40:12.098   816  4847 V WindowManager:   fl=1810100
07-20 12:40:12.098   816  4847 V WindowManager:   pfl=12020000
07-20 12:40:12.098   816  4847 V WindowManager:   fitSides=}
07-20 12:40:12.100 22314 22314 I SurfaceControl: release : mNativeObject = 3534357152 - Surface(name=null)/@0x60ceaca / android.view.SurfaceControl.assignNativeObject:528 android.view.SurfaceControl.readFromParcel:1073 android.view.IWindowSession$Stub$Proxy.relayout:1734 android.view.ViewRootImpl.relayoutWindow:7498
07-20 12:40:12.102 22314 22314 I SurfaceControl: release : mNativeObject = 3850578240 - Surface(name=Surface(name=34a1f20 InputMethod)/@0x63c1a9e - animation-leash)/@0x545b43b / android.view.-$$Lambda$Rl1VZmNJ0VZDLK0BAbaVGis0rrA.accept:2 android.view.InsetsSourceControl.release:170 android.view.InsetsSourceConsumer.setControl:193 android.view.ImeInsetsSourceConsumer.setControl:151
07-20 12:40:12.103 22314 22314 D InputMethodManager: prepareNavigationBarInfo() DecorView@c39e758[InstrumentationActivityInvoker$EmptyActivity]
07-20 12:40:12.103 22314 22314 D InputMethodManager: getNavigationBarColor() -16777216
07-20 12:40:12.106   816  4847 I SurfaceControl: release : mNativeObject = 3317551904 - Surface(name=Surface(name=34a1f20 InputMethod)/@0x63c1a9e - animation-leash)/@0x45fbb3 / android.view.SurfaceControl$Transaction.remove:3169 com.android.server.wm.SurfaceAnimator.cancelAnimation:365 com.android.server.wm.SurfaceAnimator.startAnimation:161 com.android.server.wm.WindowContainer.startAnimation:2127
07-20 12:40:12.106   507   542 I SurfaceFlinger: id=98223 createSurf (0x0),-1 flag=24004, Surface(name=34a1f20 InputMethod)/@0x63c1a9e - animation-leash#1
07-20 12:40:12.107 22314 22314 D LifecycleMonitor: Lifecycle status change: androidx.test.core.app.InstrumentationActivityInvoker$EmptyActivity@d696f6a in: STOPPED
07-20 12:40:12.107 22314 22314 V ActivityScenario: Activity lifecycle changed event received but ignored because the intent does not match. startActivityIntent=Intent { act=android.intent.action.MAIN cat=[android.intent.category.LAUNCHER] cmp=com.example.dogglers/.MainActivity }, activity.getIntent()=Intent { act=android.intent.action.MAIN cat=[android.intent.category.LAUNCHER] flg=0x10000000 cmp=com.example.dogglers/androidx.test.core.app.InstrumentationActivityInvoker$EmptyActivity }, activity=androidx.test.core.app.InstrumentationActivityInvoker$EmptyActivity@d696f6a
07-20 12:40:12.108 13023 13023 I GoogleInputMethodService: GoogleInputMethodService.onFinishInput():3220
07-20 12:40:12.109 13023 13023 I GoogleInputMethodService: GoogleInputMethodService.updateDeviceLockedStatus():2116 checkRepeatedly = false, unlocked = true
07-20 12:40:12.109   507   542 I Layer   : id=98218 removeFromCurrentState Surface(name=34a1f20 InputMethod)/@0x63c1a9e - animation-leash#0 (59)
07-20 12:40:12.109 13023 13023 I GoogleInputMethodService: GoogleInputMethodService.onStartInput():1923 onStartInput(EditorInfo{inputType=0x0(NULL) imeOptions=0x0 privateImeOptions=null actionName=UNSPECIFIED actionLabel=null actionId=0 initialSelStart=-1 initialSelEnd=-1 initialCapsMode=0x0 hintText=null label=null packageName=com.example.dogglers fieldId=-1 fieldName=null extras=Bundle[EMPTY_PARCEL]}, false)
07-20 12:40:12.110 13023 13023 I GoogleInputMethodService: GoogleInputMethodService.updateDeviceLockedStatus():2116 checkRepeatedly = true, unlocked = true
07-20 12:40:12.110 22314 22314 D LifecycleMonitor: Lifecycle status change: androidx.test.core.app.InstrumentationActivityInvoker$EmptyActivity@d696f6a in: DESTROYED
07-20 12:40:12.111 22314 22314 V ActivityScenario: Activity lifecycle changed event received but ignored because the intent does not match. startActivityIntent=Intent { act=android.intent.action.MAIN cat=[android.intent.category.LAUNCHER] cmp=com.example.dogglers/.MainActivity }, activity.getIntent()=Intent { act=android.intent.action.MAIN cat=[android.intent.category.LAUNCHER] flg=0x10000000 cmp=com.example.dogglers/androidx.test.core.app.InstrumentationActivityInvoker$EmptyActivity }, activity=androidx.test.core.app.InstrumentationActivityInvoker$EmptyActivity@d696f6a
07-20 12:40:12.114   816  4847 I SurfaceControl: release : mNativeObject = 3676987200 - Surface(name=d42b141 com.example.dogglers/androidx.test.core.app.InstrumentationActivityInvoker$EmptyActivity)/@0x7fe8aa0 / android.view.SurfaceControl$Transaction.remove:3169 com.android.server.wm.WindowContainer.removeImmediately:607 com.android.server.wm.WindowState.removeImmediately:2199 com.android.server.wm.WindowState.removeIfPossible:2373
07-20 12:40:12.114   816  4847 I SurfaceControl: release : mNativeObject = 3676986272 - Surface(name=com.example.dogglers/androidx.test.core.app.InstrumentationActivityInvoker$EmptyActivity)/@0xd5df659 / android.view.SurfaceControl$Transaction.remove:3169 com.android.server.wm.WindowSurfaceController.destroyNotInTransaction:218 com.android.server.wm.WindowStateAnimator.destroySurface:1603 com.android.server.wm.WindowStateAnimator.destroySurfaceLocked:638
07-20 12:40:12.114   507   542 I Layer   : id=98214 removeFromCurrentState com.example.dogglers/androidx.test.core.app.InstrumentationActivityInvoker$EmptyActivity#0 (59)
07-20 12:40:12.116   507   542 I Layer   : id=98213 removeFromCurrentState d42b141 com.example.dogglers/androidx.test.core.app.InstrumentationActivityInvoker$EmptyActivity#0 (59)
07-20 12:40:12.117 22314 22314 I InputTransport: Destroy ARC handle: 0xe589b950
07-20 12:40:12.119   816  5530 I SurfaceControl: release : mNativeObject = 3534421376 - Surface(name=ActivityRecord{4f25e2f u0 com.example.dogglers/androidx.test.core.app.InstrumentationActivityInvoker$EmptyActivity)/@0x3e7321e / android.view.SurfaceControl$Transaction.remove:3169 com.android.server.wm.WindowContainer.removeImmediately:607 com.android.server.wm.WindowToken.removeImmediately:392 com.android.server.wm.ActivityRecord.removeImmediately:3348
07-20 12:40:12.121 22314 22314 D LifecycleMonitor: Lifecycle status change: androidx.test.core.app.InstrumentationActivityInvoker$EmptyActivity@6b85ad4 in: PAUSED
07-20 12:40:12.121 22314 22314 V ActivityScenario: Activity lifecycle changed event received but ignored because the intent does not match. startActivityIntent=Intent { act=android.intent.action.MAIN cat=[android.intent.category.LAUNCHER] cmp=com.example.dogglers/.MainActivity }, activity.getIntent()=Intent { act=android.intent.action.MAIN cat=[android.intent.category.LAUNCHER] flg=0x10000000 cmp=com.example.dogglers/androidx.test.core.app.InstrumentationActivityInvoker$EmptyActivity }, activity=androidx.test.core.app.InstrumentationActivityInvoker$EmptyActivity@6b85ad4
07-20 12:40:12.123   507   507 I Layer   : id=98213[1] Destroyed d42b141 com.example.dogglers/androidx.test.core.app.InstrumentationActivityInvoker$EmptyActivity#0
07-20 12:40:12.123   507   507 D IMGGralloc: Gralloc Free  w:720, h:1600, f:0x1, usage:0xb00, ui64Stamp:3272970 line = 2441
07-20 12:40:12.123   507   507 I Layer   : id=98214[1] Destroyed com.example.dogglers/androidx.test.core.app.InstrumentationActivityInvoker$EmptyActivity#0
07-20 12:40:12.131   507   542 I Layer   : id=98212 removeFromCurrentState ActivityRecord{4f25e2f u0 com.example.dogglers/androidx.test.core.app.InstrumentationActivityInvoker$EmptyActivity#0 (57)
07-20 12:40:12.133 22314 22314 I SurfaceControl: release : mNativeObject = 3850578464 - Surface(name=Surface(name=34a1f20 InputMethod)/@0x63c1a9e - animation-leash)/@0xf3480b1 / android.view.-$$Lambda$Rl1VZmNJ0VZDLK0BAbaVGis0rrA.accept:2 android.view.InsetsSourceControl.release:170 android.view.InsetsSourceConsumer.setControl:193 android.view.ImeInsetsSourceConsumer.setControl:151
07-20 12:40:12.135   816  4847 D InputMethodManagerService: isImeSwitcherDisabledPackage : false
07-20 12:40:12.135 22314 22314 I SurfaceControl: release : mNativeObject = 3537944256 - Surface(name=Surface(name=496386c NavigationBar0)/@0xb856353 - animation-leash)/@0x276e996 / android.view.-$$Lambda$Rl1VZmNJ0VZDLK0BAbaVGis0rrA.accept:2 android.view.InsetsSourceControl.release:170 android.view.InsetsSourceConsumer.setControl:193 android.view.InsetsController.onControlsChanged:794
07-20 12:40:12.135 22314 22314 I SurfaceControl: release : mNativeObject = 3537943936 - Surface(name=Surface(name=7580301 StatusBar)/@0xfd83951 - animation-leash)/@0x7d15917 / android.view.-$$Lambda$Rl1VZmNJ0VZDLK0BAbaVGis0rrA.accept:2 android.view.InsetsSourceControl.release:170 android.view.InsetsSourceConsumer.setControl:193 android.view.InsetsController.onControlsChanged:794
07-20 12:40:12.137 22314 22314 D LifecycleMonitor: Lifecycle status change: com.example.dogglers.HorizontalListActivity@e06b826 in: RESTARTED
07-20 12:40:12.138 22314 22314 V ActivityScenario: Activity lifecycle changed event received but ignored because the intent does not match. startActivityIntent=Intent { act=android.intent.action.MAIN cat=[android.intent.category.LAUNCHER] cmp=com.example.dogglers/.MainActivity }, activity.getIntent()=Intent { cmp=com.example.dogglers/.HorizontalListActivity }, activity=com.example.dogglers.HorizontalListActivity@e06b826
07-20 12:40:12.139   507   507 I Layer   : id=98212[1] Destroyed ActivityRecord{4f25e2f u0 com.example.dogglers/androidx.test.core.app.InstrumentationActivityInvoker$EmptyActivity#0
07-20 12:40:12.139 22314 22314 D LifecycleMonitor: Lifecycle status change: com.example.dogglers.HorizontalListActivity@e06b826 in: STARTED
07-20 12:40:12.140 22314 22314 V ActivityScenario: Activity lifecycle changed event received but ignored because the intent does not match. startActivityIntent=Intent { act=android.intent.action.MAIN cat=[android.intent.category.LAUNCHER] cmp=com.example.dogglers/.MainActivity }, activity.getIntent()=Intent { cmp=com.example.dogglers/.HorizontalListActivity }, activity=com.example.dogglers.HorizontalListActivity@e06b826
07-20 12:40:12.142 22314 22314 D LifecycleMonitor: Lifecycle status change: com.example.dogglers.HorizontalListActivity@e06b826 in: RESUMED
07-20 12:40:12.142 22314 22314 V ActivityScenario: Activity lifecycle changed event received but ignored because the intent does not match. startActivityIntent=Intent { act=android.intent.action.MAIN cat=[android.intent.category.LAUNCHER] cmp=com.example.dogglers/.MainActivity }, activity.getIntent()=Intent { cmp=com.example.dogglers/.HorizontalListActivity }, activity=com.example.dogglers.HorizontalListActivity@e06b826
07-20 12:40:12.147   816  5530 V WindowManager: Relayout Window{b668f9d u0 com.example.dogglers/com.example.dogglers.HorizontalListActivity}: viewVisibility=0 req=720x1600
07-20 12:40:12.149   507   543 I SurfaceFlinger: id=98224 createSurf (720x1600),1 flag=404, com.example.dogglers/com.example.dogglers.HorizontalListActivity#0
07-20 12:40:12.151   816  5530 I SurfaceControl: release : mNativeObject = 3101753120 - Surface(name=Surface(name=7580301 StatusBar)/@0xfd83951 - animation-leash)/@0xd4de421 / android.view.SurfaceControl$Transaction.remove:3169 com.android.server.wm.SurfaceAnimator.cancelAnimation:365 com.android.server.wm.SurfaceAnimator.startAnimation:161 com.android.server.wm.WindowContainer.startAnimation:2127
07-20 12:40:12.151   507   543 I SurfaceFlinger: id=98225 createSurf (0x0),-1 flag=24000, Surface(name=7580301 StatusBar)/@0xfd83951 - animation-leash#0
07-20 12:40:12.152   816  5530 I SurfaceControl: release : mNativeObject = 3676983328 - Surface(name=Surface(name=496386c NavigationBar0)/@0xb856353 - animation-leash)/@0x2ec8207 / android.view.SurfaceControl$Transaction.remove:3169 com.android.server.wm.SurfaceAnimator.cancelAnimation:365 com.android.server.wm.SurfaceAnimator.startAnimation:161 com.android.server.wm.WindowContainer.startAnimation:2127
07-20 12:40:12.153   507   543 I SurfaceFlinger: id=98226 createSurf (0x0),-1 flag=24000, Surface(name=496386c NavigationBar0)/@0xb856353 - animation-leash#1
07-20 12:40:12.155   816  5530 V WindowManager: Relayout hash=b668f9d, pid=22314: mAttrs={(0,0)(fillxfill) sim={adjust=resize} ty=BASE_APPLICATION wanim=0x1030304
07-20 12:40:12.155   816  5530 V WindowManager:   fl=81810100
07-20 12:40:12.155   816  5530 V WindowManager:   pfl=12020000
07-20 12:40:12.155   816  5530 V WindowManager:   fitSides=}
07-20 12:40:12.155   816  5530 I SurfaceControl: release : mNativeObject = 3676984160 - Surface(name=com.example.dogglers/com.example.dogglers.HorizontalListActivity)/@0xbcf0db8 / android.view.SurfaceControl.writeToParcel:1094 android.view.IWindowSession$Stub.onTransact:894 com.android.server.wm.Session.onTransact:139 android.os.Binder.execTransactInternal:1154
07-20 12:40:12.157   507   543 I Layer   : id=98222 removeFromCurrentState Surface(name=496386c NavigationBar0)/@0xb856353 - animation-leash#0 (59)
07-20 12:40:12.157   507   543 I Layer   : id=27 removeFromCurrentState 496386c NavigationBar0#0 (59)
07-20 12:40:12.157   507   543 I Layer   : id=39 removeFromCurrentState NavigationBar0#0 (59)
07-20 12:40:12.157   507   543 I Layer   : id=98221 removeFromCurrentState Surface(name=7580301 StatusBar)/@0xfd83951 - animation-leash#1 (59)
07-20 12:40:12.160 22314 22346 D OpenGLRenderer: eglCreateWindowSurface : 0xec8f62c0
07-20 12:40:12.160   470   470 D IMGGralloc: GBuffer--------------(*format)=1
07-20 12:40:12.160   470   470 D IMGGralloc: Gralloc alloc start  w:720, h:1600, f:0x1, usage:0x900, line = 1643
07-20 12:40:12.161   470   470 D IMGGralloc: Gralloc Alloc end  w:720, h:1600, f:0x1, usage:0x900, handle:0xeba763c0, ui64Stamp:3272997, sSize:4608000, line = 2047
07-20 12:40:12.161   470   470 D IMGGralloc: Gralloc Free  w:720, h:1600, f:0x1, usage:0x900, ui64Stamp:3272997 line = 2441
07-20 12:40:12.162   507   543 D IMGGralloc: Gralloc Register  w:720, h:1600, f:0x1, usage:0x900, ui64Stamp:3272997, sSize:4608000, line = 2335
07-20 12:40:12.162   470   470 D IMGGralloc: GBuffer--------------(*format)=1
07-20 12:40:12.162   470   470 D IMGGralloc: Gralloc alloc start  w:720, h:1600, f:0x1, usage:0x900, line = 1643
07-20 12:40:12.164   470   470 D IMGGralloc: Gralloc Alloc end  w:720, h:1600, f:0x1, usage:0x900, handle:0xeba763c0, ui64Stamp:3273001, sSize:4608000, line = 2047
07-20 12:40:12.164   507   542 D IMGGralloc: Gralloc Free  w:720, h:1600, f:0x1, usage:0x900, ui64Stamp:3272997 line = 2441
07-20 12:40:12.164   470   470 D IMGGralloc: Gralloc Free  w:720, h:1600, f:0x1, usage:0x900, ui64Stamp:3273001 line = 2441
07-20 12:40:12.164   507   543 D IMGGralloc: Gralloc Register  w:720, h:1600, f:0x1, usage:0x900, ui64Stamp:3273001, sSize:4608000, line = 2335
07-20 12:40:12.164   470   470 D IMGGralloc: GBuffer--------------(*format)=1
07-20 12:40:12.164   470   470 D IMGGralloc: Gralloc alloc start  w:720, h:1600, f:0x1, usage:0xb00, line = 1643
07-20 12:40:12.166   470   470 D IMGGralloc: Gralloc Alloc end  w:720, h:1600, f:0x1, usage:0xb00, handle:0xeba763c0, ui64Stamp:3273005, sSize:4608000, line = 2047
07-20 12:40:12.167   470   470 D IMGGralloc: Gralloc Free  w:720, h:1600, f:0x1, usage:0xb00, ui64Stamp:3273005 line = 2441
07-20 12:40:12.167   507   542 D IMGGralloc: Gralloc Register  w:720, h:1600, f:0x1, usage:0xb00, ui64Stamp:3273005, sSize:4608000, line = 2335
07-20 12:40:12.167   470   470 D IMGGralloc: GBuffer--------------(*format)=1
07-20 12:40:12.167   470   470 D IMGGralloc: Gralloc alloc start  w:720, h:1600, f:0x1, usage:0x900, line = 1643
07-20 12:40:12.168 22314 22346 D IMGGralloc: Gralloc Register  w:720, h:1600, f:0x1, usage:0xb00, ui64Stamp:3273005, sSize:4608000, line = 2335
07-20 12:40:12.168   470   470 D IMGGralloc: Gralloc Alloc end  w:720, h:1600, f:0x1, usage:0x900, handle:0xeba763c0, ui64Stamp:3273009, sSize:4608000, line = 2047
07-20 12:40:12.168   470   470 D IMGGralloc: Gralloc Free  w:720, h:1600, f:0x1, usage:0x900, ui64Stamp:3273009 line = 2441
07-20 12:40:12.168   507   543 D IMGGralloc: Gralloc Register  w:720, h:1600, f:0x1, usage:0x900, ui64Stamp:3273009, sSize:4608000, line = 2335
07-20 12:40:12.173   507   507 I SurfaceFlinger: SF-Update,layer=com.example.dogglers/com.example.dogglers.HorizontalListActivity#0,name=Window{b668f9d u0 com.example.dogglers/com.example.dogglers.HorizontalListActivity},token=0xed211920,id=98224 dirty=1,inputChanged=0,syncInput=0,visible=0,paused=0,portal=-1,param=0x81810120,feature=0x0
07-20 12:40:12.178 22314 22314 I SurfaceControl: release : mNativeObject = 3850579200 - Surface(name=Surface(name=34a1f20 InputMethod)/@0x63c1a9e - animation-leash)/@0x124970 / android.view.-$$Lambda$Rl1VZmNJ0VZDLK0BAbaVGis0rrA.accept:2 android.view.InsetsSourceControl.release:170 android.view.InsetsSourceConsumer.setControl:193 android.view.ImeInsetsSourceConsumer.setControl:151
07-20 12:40:12.178 22314 22314 I SurfaceControl: release : mNativeObject = 3850579136 - Surface(name=Surface(name=496386c NavigationBar0)/@0xb856353 - animation-leash)/@0x6c994e9 / android.view.-$$Lambda$Rl1VZmNJ0VZDLK0BAbaVGis0rrA.accept:2 android.view.InsetsSourceControl.release:170 android.view.InsetsSourceConsumer.setControl:193 android.view.InsetsController.onControlsChanged:794
07-20 12:40:12.179 22314 22314 I SurfaceControl: release : mNativeObject = 3850578304 - Surface(name=Surface(name=7580301 StatusBar)/@0xfd83951 - animation-leash)/@0x469956e / android.view.-$$Lambda$Rl1VZmNJ0VZDLK0BAbaVGis0rrA.accept:2 android.view.InsetsSourceControl.release:170 android.view.InsetsSourceConsumer.setControl:193 android.view.InsetsController.onControlsChanged:794
07-20 12:40:12.189   507   507 I Layer   : id=98222[1] Destroyed Surface(name=496386c NavigationBar0)/@0xb856353 - animation-leash#0
07-20 12:40:12.189   507   507 I Layer   : id=98221[1] Destroyed Surface(name=7580301 StatusBar)/@0xfd83951 - animation-leash#1
07-20 12:40:12.190 22314 22346 D OpenGLRenderer: destroyEglSurface : 0xec8f6980
07-20 12:40:12.191   471   532 D IMGGralloc: Gralloc Free  w:720, h:1600, f:0x1, usage:0xb00, ui64Stamp:3272992 line = 2441
07-20 12:40:12.191 22314 22346 D IMGGralloc: Gralloc Free  w:720, h:1600, f:0x1, usage:0xb00, ui64Stamp:3272992 line = 2441
07-20 12:40:12.191   471   532 D IMGGralloc: Gralloc Register  w:720, h:1600, f:0x1, usage:0xb00, ui64Stamp:3273005, sSize:4608000, line = 2335
07-20 12:40:12.193   507   543 D IMGGralloc: Gralloc Free  w:720, h:1600, f:0x1, usage:0x900, ui64Stamp:3272988 line = 2441
07-20 12:40:12.193   507   543 D IMGGralloc: Gralloc Free  w:720, h:1600, f:0x1, usage:0x900, ui64Stamp:3272980 line = 2441
07-20 12:40:12.194   507   507 D SurfaceFlinger: Display 0 HWC layers:
07-20 12:40:12.194   507   507 D SurfaceFlinger:      DEVICE | 0xed755d80 | 0002 | RGBA_8888    |    0.0    0.0  720.0 1600.0 |    0    0  720 1600 | com.example.dogglers/com.example.dogglers.HorizontalListActivity#0
07-20 12:40:12.194   507   507 D SurfaceFlinger:      DEVICE | 0xed755e20 | 0000 | RGBA_8888    |    0.0    0.0  720.0   45.0 |    0    0  720   45 | StatusBar#0
07-20 12:40:12.194   507   507 D SurfaceFlinger:      DEVICE | 0xed7543e0 | 0000 | RGBA_8888    |    0.0    0.0  720.0   96.0 |    0 1504  720 1600 | NavigationBar0#0
07-20 12:40:12.194   507   507 D SurfaceFlinger:
07-20 12:40:12.195   816  4847 V WindowManager: Relayout Window{db5567a u0 com.example.dogglers/androidx.test.core.app.InstrumentationActivityInvoker$EmptyActivity}: viewVisibility=8 req=720x1600
07-20 12:40:12.199   816  4847 V WindowManager: Relayout hash=db5567a, pid=22314: mAttrs={(0,0)(fillxfill) sim={adjust=pan forwardNavigation} ty=BASE_APPLICATION wanim=0x1030001
07-20 12:40:12.199   816  4847 V WindowManager:   fl=1810100
07-20 12:40:12.199   816  4847 V WindowManager:   pfl=12020000
07-20 12:40:12.199   816  4847 V WindowManager:   fitSides=}
07-20 12:40:12.202 22314 22314 I SurfaceControl: release : mNativeObject = 3850578432 - Surface(name=null)/@0xd90540f / android.view.SurfaceControl.assignNativeObject:528 android.view.SurfaceControl.readFromParcel:1073 android.view.IWindowSession$Stub$Proxy.relayout:1734 android.view.ViewRootImpl.relayoutWindow:7498
07-20 12:40:12.203 22314 22314 I SurfaceControl: release : mNativeObject = 3537944000 - Surface(name=Surface(name=34a1f20 InputMethod)/@0x63c1a9e - animation-leash)/@0x2aa8c9c / android.view.-$$Lambda$Rl1VZmNJ0VZDLK0BAbaVGis0rrA.accept:2 android.view.InsetsSourceControl.release:170 android.view.InsetsSourceConsumer.setControl:193 android.view.ImeInsetsSourceConsumer.setControl:151
07-20 12:40:12.205 22314 22314 D InputMethodManager: prepareNavigationBarInfo() DecorView@597ea47[HorizontalListActivity]
07-20 12:40:12.205 22314 22314 D InputMethodManager: getNavigationBarColor() -16777216
07-20 12:40:12.209   816  4847 I SurfaceControl: release : mNativeObject = 3676985824 - Surface(name=Surface(name=34a1f20 InputMethod)/@0x63c1a9e - animation-leash)/@0xac537a3 / android.view.SurfaceControl$Transaction.remove:3169 com.android.server.wm.SurfaceAnimator.cancelAnimation:365 com.android.server.wm.SurfaceAnimator.startAnimation:161 com.android.server.wm.WindowContainer.startAnimation:2127
07-20 12:40:12.210 22314 22340 E TestRunner: failed: clicking_horizontal_list_button_displays_horizontal_list(com.example.dogglers.ButtonTests)
07-20 12:40:12.210 22314 22340 E TestRunner: ----- begin exception -----
07-20 12:40:12.210   507   543 I SurfaceFlinger: id=98227 createSurf (0x0),-1 flag=24004, Surface(name=34a1f20 InputMethod)/@0x63c1a9e - animation-leash#0
07-20 12:40:12.211   479   479 D PowerHAL: ###Exit launch scene bgn###
07-20 12:40:12.211 13023 13023 I GoogleInputMethodService: GoogleInputMethodService.onFinishInput():3220
07-20 12:40:12.211   479   479 D PowerHAL: Enter common_set_for_release_when_close: enable:0, duration: 0, /dev/cluster0_freq_max: 124F80
07-20 12:40:12.211   479   479 D PowerHAL: ALL cluster0_freq_max requests has been handled
07-20 12:40:12.211   479   479 D PowerHAL: Enter common_set_for_release_when_close: enable:0, duration: 0, /dev/cluster0_freq_min: 124F80
07-20 12:40:12.211   479   479 D PowerHAL: ALL cluster0_freq_min requests has been handled
07-20 12:40:12.211   479   479 D PowerHAL: Enter common_set_for_release_when_close: enable:0, duration: 0, /dev/cluster1_freq_max: 186A00
07-20 12:40:12.212   479   479 D PowerHAL: ALL cluster1_freq_max requests has been handled
07-20 12:40:12.212   479   479 D PowerHAL: Enter common_set_for_release_when_close: enable:0, duration: 0, /dev/cluster1_freq_min: 186A00
07-20 12:40:12.212   479   479 D PowerHAL: ALL cluster1_freq_min requests has been handled
07-20 12:40:12.212   479   479 D PowerHAL: Enter devfreq_ddr_set: enable:0, duration: 0, /sys/class/devfreq/scene-frequency/sprd-governor/scene_boost_dfs: max
07-20 12:40:12.212 13023 13023 I GoogleInputMethodService: GoogleInputMethodService.updateDeviceLockedStatus():2116 checkRepeatedly = false, unlocked = true
07-20 12:40:12.212 13023 13023 I GoogleInputMethodService: GoogleInputMethodService.onStartInput():1923 onStartInput(EditorInfo{inputType=0x0(NULL) imeOptions=0x0 privateImeOptions=null actionName=UNSPECIFIED actionLabel=null actionId=0 initialSelStart=-1 initialSelEnd=-1 initialCapsMode=0x0 hintText=null label=null packageName=com.example.dogglers fieldId=-1 fieldName=null extras=Bundle[EMPTY_PARCEL]}, false)
07-20 12:40:12.212   479   479 D PowerHAL: ###Exit launch scene end###
07-20 12:40:12.213   455   461 E statsd  : Predicate 5980654721335871649 dropping data for dimension key (10)0x2010101->10225[I] (10)0x30000->*launch*[S]
07-20 12:40:12.213 22314 22340 E TestRunner: androidx.test.espresso.base.DefaultFailureHandler$AssertionFailedWithCauseError: '(view has effective visibility <VISIBLE> and view.getGlobalVisibleRect() to return non-empty rectangle)' doesn't match the selected view.
07-20 12:40:12.213 22314 22340 E TestRunner: Expected: (view has effective visibility <VISIBLE> and view.getGlobalVisibleRect() to return non-empty rectangle)
07-20 12:40:12.213 22314 22340 E TestRunner:      Got: view.getGlobalVisibleRect() returned empty rectangle
07-20 12:40:12.213 22314 22340 E TestRunner: View Details: RecyclerView{id=2131230949, res-name=horizontal_recycler_view, visibility=VISIBLE, width=720, height=0, has-focus=false, has-focusable=true, has-window-focus=true, is-clickable=false, is-enabled=true, is-focused=false, is-focusable=true, is-layout-requested=false, is-selected=false, layout-params=android.widget.FrameLayout$LayoutParams@d841c99, tag=null, root-is-layout-requested=false, has-input-connection=false, x=0.0, y=673.0, child-count=0}
07-20 12:40:12.213 22314 22340 E TestRunner:
07-20 12:40:12.213 22314 22340 E TestRunner: 	at dalvik.system.VMStack.getThreadStackTrace(Native Method)
07-20 12:40:12.213 22314 22340 E TestRunner: 	at java.lang.Thread.getStackTrace(Thread.java:1736)
07-20 12:40:12.213 22314 22340 E TestRunner: 	at androidx.test.espresso.base.DefaultFailureHandler.getUserFriendlyError(DefaultFailureHandler.java:12)
07-20 12:40:12.213 22314 22340 E TestRunner: 	at androidx.test.espresso.base.DefaultFailureHandler.handle(DefaultFailureHandler.java:7)
07-20 12:40:12.213 22314 22340 E TestRunner: 	at androidx.test.espresso.ViewInteraction.waitForAndHandleInteractionResults(ViewInteraction.java:5)
07-20 12:40:12.213 22314 22340 E TestRunner: 	at androidx.test.espresso.ViewInteraction.check(ViewInteraction.java:12)
07-20 12:40:12.213 22314 22340 E TestRunner: 	at com.example.dogglers.ButtonTests.clicking_horizontal_list_button_displays_horizontal_list(ButtonTests.kt:61)
07-20 12:40:12.213 22314 22340 E TestRunner: 	at java.lang.reflect.Method.invoke(Native Method)
07-20 12:40:12.213 22314 22340 E TestRunner: 	at org.junit.runners.model.FrameworkMethod$1.runReflectiveCall(FrameworkMethod.java:50)
07-20 12:40:12.213 22314 22340 E TestRunner: 	at org.junit.internal.runners.model.ReflectiveCallable.run(ReflectiveCallable.java:12)
07-20 12:40:12.213 22314 22340 E TestRunner: 	at org.junit.runners.model.FrameworkMethod.invokeExplosively(FrameworkMethod.java:47)
07-20 12:40:12.213 22314 22340 E TestRunner: 	at org.junit.internal.runners.statements.InvokeMethod.evaluate(InvokeMethod.java:17)
07-20 12:40:12.213 22314 22340 E TestRunner: 	at org.junit.rules.ExternalResource$1.evaluate(ExternalResource.java:48)
07-20 12:40:12.213 22314 22340 E TestRunner: 	at org.junit.rules.RunRules.evaluate(RunRules.java:20)
07-20 12:40:12.213 22314 22340 E TestRunner: 	at org.junit.runners.ParentRunner.runLeaf(ParentRunner.java:325)
07-20 12:40:12.213 22314 22340 E TestRunner: 	at org.junit.runners.BlockJUnit4ClassRunner.runChild(BlockJUnit4ClassRunner.java:78)
07-20 12:40:12.213 22314 22340 E TestRunner: 	at org.junit.runners.BlockJUnit4ClassRunner.runChild(BlockJUnit4ClassRunner.java:57)
07-20 12:40:12.213 22314 22340 E TestRunner: 	at org.junit.runners.ParentRunner$3.run(ParentRunner.java:290)
07-20 12:40:12.213 22314 22340 E TestRunner: 	at org.junit.runners.ParentRunner$1.schedule(ParentRunner.java:71)
07-20 12:40:12.213 22314 22340 E TestRunner: 	at org.junit.runners.ParentRunner.runChildren(ParentRunner.java:288)
07-20 12:40:12.213 22314 22340 E TestRunner: 	at org.junit.runners.ParentRunner.access$000(ParentRunner.java:58)
07-20 12:40:12.213 22314 22340 E TestRunner: 	at org.junit.runners.ParentRunner$2.evaluate(ParentRunner.java:268)
07-20 12:40:12.213 22314 22340 E TestRunner: 	at org.junit.runners.ParentRunner.run(ParentRunner.java:363)
07-20 12:40:12.213 22314 22340 E TestRunner: 	at androidx.test.ext.junit.runners.AndroidJUnit4.run(AndroidJUnit4.java:162)
07-20 12:40:12.213 22314 22340 E TestRunner: 	at org.junit.runners.Suite.runChild(Suite.java:128)
07-20 12:40:12.213 22314 22340 E TestRunner: 	at org.junit.runners.Suite.runChild(Suite.java:27)
07-20 12:40:12.213 22314 22340 E TestRunner: 	at org.junit.runners.ParentRunner$3.run(ParentRunner.java:290)
07-20 12:40:12.213 22314 22340 E TestRunner: 	at org.junit.runners.ParentRunner$1.schedule(ParentRunner.java:71)
07-20 12:40:12.213 22314 22340 E TestRunner: 	at org.junit.runners.ParentRunner.runChildren(ParentRunner.java:288)
07-20 12:40:12.213 22314 22340 E TestRunner: 	at org.junit.runners.ParentRunner.access$000(ParentRunner.java:58)
07-20 12:40:12.213 22314 22340 E TestRunner: 	at org.junit.runners.ParentRunner$2.evaluate(ParentRunner.java:268)
07-20 12:40:12.213 22314 22340 E TestRunner: 	at org.junit.runners.ParentRunner.run(ParentRunner.java:363)
07-20 12:40:12.213 22314 22340 E TestRunner: 	at org.junit.runner.JUnitCore.run(JUnitCore.java:137)
07-20 12:40:12.213 22314 22340 E TestRunner: 	at org.junit.runner.JUnitCore.run(JUnitCore.java:115)
07-20 12:40:12.213 22314 22340 E TestRunner: 	at androidx.test.internal.runner.TestExecutor.execute(TestExecutor.java:56)
07-20 12:40:12.213 22314 22340 E TestRunner: 	at androidx.test.runner.AndroidJUnitRunner.onStart(AndroidJUnitRunner.java:444)
07-20 12:40:12.213 22314 22340 E TestRunner: 	at android.app.Instrumentation$InstrumentationThread.run(Instrumentation.java:2207)
07-20 12:40:12.213 22314 22340 E TestRunner: Caused by: junit.framework.AssertionFailedError: '(view has effective visibility <VISIBLE> and view.getGlobalVisibleRect() to return non-empty rectangle)' doesn't match the selected view.
07-20 12:40:12.213 22314 22340 E TestRunner: Expected: (view has effective visibility <VISIBLE> and view.getGlobalVisibleRect() to return non-empty rectangle)
07-20 12:40:12.213 22314 22340 E TestRunner:      Got: view.getGlobalVisibleRect() returned empty rectangle
07-20 12:40:12.213 22314 22340 E TestRunner: View Details: RecyclerView{id=2131230949, res-name=horizontal_recycler_view, visibility=VISIBLE, width=720, height=0, has-focus=false, has-focusable=true, has-window-focus=true, is-clickable=false, is-enabled=true, is-focused=false, is-focusable=true, is-layout-requested=false, is-selected=false, layout-params=android.widget.FrameLayout$LayoutParams@d841c99, tag=null, root-is-layout-requested=false, has-input-connection=false, x=0.0, y=673.0, child-count=0}
07-20 12:40:12.213 22314 22340 E TestRunner:
07-20 12:40:12.213 22314 22340 E TestRunner: 	at androidx.test.espresso.matcher.ViewMatchers.assertThat(ViewMatchers.java:16)
07-20 12:40:12.213 22314 22340 E TestRunner: 	at androidx.test.espresso.assertion.ViewAssertions$MatchesViewAssertion.check(ViewAssertions.java:11)
07-20 12:40:12.213 22314 22340 E TestRunner: 	at androidx.test.espresso.ViewInteraction$SingleExecutionViewAssertion.check(ViewInteraction.java:2)
