07-20 12:40:15.974   816   894 I SurfaceControl: release : mNativeObject = 3274162464 - Surface(name=Surface(name=852bcc7 Splash Screen com.example.dogglers)/@0x91e65b7 - animation-leash)/@0x72c9cb5 / android.view.SurfaceControl$Transaction.remove:3169 com.android.server.wm.SurfaceAnimator.removeLeash:418 com.android.server.wm.SurfaceAnimator.reset:384 com.android.server.wm.SurfaceAnimator.lambda$getFinishedCallback$0$SurfaceAnimator:111
07-20 12:40:15.976   816   894 I SurfaceControl: release : mNativeObject = 3543413696 - Surface(name=Splash Screen com.example.dogglers)/@0xd8f3da2 / android.view.SurfaceControl$Transaction.remove:3169 com.android.server.wm.WindowSurfaceController.destroyNotInTransaction:218 com.android.server.wm.WindowStateAnimator.destroySurface:1603 com.android.server.wm.WindowStateAnimator.destroySurfaceLocked:638
07-20 12:40:15.977   507   970 I Layer   : id=98284 removeFromCurrentState Splash Screen com.example.dogglers#0 (62)
07-20 12:40:15.979   816   894 I SurfaceControl: release : mNativeObject = 3543413504 - Surface(name=852bcc7 Splash Screen com.example.dogglers)/@0x91e65b7 / android.view.SurfaceControl$Transaction.remove:3169 com.android.server.wm.WindowContainer.removeImmediately:607 com.android.server.wm.WindowState.removeImmediately:2199 com.android.server.wm.WindowState.destroySurface:3326
07-20 12:40:15.982   507   970 I Layer   : id=98283 removeFromCurrentState 852bcc7 Splash Screen com.example.dogglers#0 (62)
07-20 12:40:15.982   507   970 I Layer   : id=98293 removeFromCurrentState Surface(name=852bcc7 Splash Screen com.example.dogglers)/@0x91e65b7 - animation-leash#0 (62)
07-20 12:40:15.984   816  5530 D InputMethodManagerService: isImeSwitcherDisabledPackage : false
07-20 12:40:15.984 22314 22314 I SurfaceControl: release : mNativeObject = 3534360256 - Surface(name=Surface(name=496386c NavigationBar0)/@0xb856353 - animation-leash)/@0x7b7d765 / android.view.-$$Lambda$Rl1VZmNJ0VZDLK0BAbaVGis0rrA.accept:2 android.view.InsetsSourceControl.release:170 android.view.InsetsSourceConsumer.setControl:193 android.view.InsetsController.onControlsChanged:794
07-20 12:40:15.985 22314 22314 I SurfaceControl: release : mNativeObject = 3534360192 - Surface(name=Surface(name=7580301 StatusBar)/@0xfd83951 - animation-leash)/@0xa05ac3a / android.view.-$$Lambda$Rl1VZmNJ0VZDLK0BAbaVGis0rrA.accept:2 android.view.InsetsSourceControl.release:170 android.view.InsetsSourceConsumer.setControl:193 android.view.InsetsController.onControlsChanged:794
07-20 12:40:15.991   507   507 I Layer   : id=98293[1] Destroyed Surface(name=852bcc7 Splash Screen com.example.dogglers)/@0x91e65b7 - animation-leash#0
07-20 12:40:15.991   507   507 I Layer   : id=98283[1] Destroyed 852bcc7 Splash Screen com.example.dogglers#0
07-20 12:40:15.992   471   532 D IMGGralloc: Gralloc Free  w:720, h:1600, f:0x1, usage:0x966, ui64Stamp:3273229 line = 2441
07-20 12:40:15.993   471   532 D IMGGralloc: Gralloc Free  w:720, h:1600, f:0x1, usage:0x966, ui64Stamp:3273242 line = 2441
07-20 12:40:15.994   507   507 D IMGGralloc: Gralloc Free  w:720, h:1600, f:0x1, usage:0x966, ui64Stamp:3273242 line = 2441
07-20 12:40:15.995   507   507 I Layer   : id=98284[1] Destroyed Splash Screen com.example.dogglers#0
07-20 12:40:15.996   471   532 D IMGGralloc: Gralloc Register  w:720, h:1600, f:0x1, usage:0xb00, ui64Stamp:3273258, sSize:4608000, line = 2335
07-20 12:40:15.998   507   507 D SurfaceFlinger: Display 0 HWC layers:
07-20 12:40:15.998   507   507 D SurfaceFlinger:      DEVICE | 0xed754d40 | 0002 | RGBA_8888    |    0.0    0.0  720.0 1600.0 |    0    0  720 1600 | com.example.dogglers/com.example.dogglers.MainActivity#0
07-20 12:40:15.998   507   507 D SurfaceFlinger:      DEVICE | 0xed755e20 | 0000 | RGBA_8888    |    0.0    0.0  720.0   45.0 |    0    0  720   45 | StatusBar#0
07-20 12:40:15.998   507   507 D SurfaceFlinger:      DEVICE | 0xed7543e0 | 0000 | RGBA_8888    |    0.0    0.0  720.0   96.0 |    0 1504  720 1600 | NavigationBar0#0
07-20 12:40:15.998   507   507 D SurfaceFlinger:
07-20 12:40:15.998   816   958 I InputDispatcher: Delivering touch to (22314): action: 0x1, f=0x1, d=0, '2998b9a', t=1
07-20 12:40:16.007   507   760 I SurfaceFlinger: id=98295 createSurf (0x0),-1 flag=80004, ActivityRecord{333d1f0 u0 com.example.dogglers/.VerticalListActivity#0
07-20 12:40:16.008   471   532 D IMGGralloc: Gralloc Register  w:720, h:1600, f:0x1, usage:0xb00, ui64Stamp:3273262, sSize:4608000, line = 2335
07-20 12:40:16.010   479   479 D PowerHAL: ###Enter launch scene bgn###
07-20 12:40:16.010   479   479 D PowerHAL: Enter common_set_for_release_when_close: enable:1, duration: 0, /dev/cluster0_freq_max: 124F80
07-20 12:40:16.010   479   479 D PowerHAL: Enter common_set_for_release_when_close: enable:1, duration: 0, /dev/cluster0_freq_min: 124F80
07-20 12:40:16.010   479   479 D PowerHAL: Set /dev/cluster0_freq_min: 124F80
07-20 12:40:16.010   479   479 D PowerHAL: Enter common_set_for_release_when_close: enable:1, duration: 0, /dev/cluster1_freq_max: 186A00
07-20 12:40:16.010   479   479 D PowerHAL: Enter common_set_for_release_when_close: enable:1, duration: 0, /dev/cluster1_freq_min: 186A00
07-20 12:40:16.010   479   479 D PowerHAL: Set /dev/cluster1_freq_min: 186A00
07-20 12:40:16.010   479   479 D PowerHAL: Enter devfreq_ddr_set: enable:1, duration: 0, /sys/class/devfreq/scene-frequency/sprd-governor/scene_boost_dfs: max
07-20 12:40:16.010   479   479 D PowerHAL: ###Enter launch scene end###
07-20 12:40:16.012   455   461 E statsd  : Predicate 5980654721335871649 dropping data for dimension key (10)0x2010101->10225[I] (10)0x30000->*launch*[S]
07-20 12:40:16.028 22314 22314 D LifecycleMonitor: Lifecycle status change: com.example.dogglers.MainActivity@8ffe14b in: PAUSED
07-20 12:40:16.028 22314 22314 V ActivityScenario: Update currentActivityStage to PAUSED, currentActivity=com.example.dogglers.MainActivity@8ffe14b
07-20 12:40:16.056 22314 22314 D LifecycleMonitor: Lifecycle status change: com.example.dogglers.VerticalListActivity@f78ee60 in: PRE_ON_CREATE
07-20 12:40:16.056 22314 22314 V ActivityScenario: Activity lifecycle changed event received but ignored because the intent does not match. startActivityIntent=Intent { act=android.intent.action.MAIN cat=[android.intent.category.LAUNCHER] cmp=com.example.dogglers/.MainActivity }, activity.getIntent()=Intent { cmp=com.example.dogglers/.VerticalListActivity }, activity=com.example.dogglers.VerticalListActivity@f78ee60
07-20 12:40:16.116 22314 22314 D LifecycleMonitor: Lifecycle status change: com.example.dogglers.VerticalListActivity@f78ee60 in: CREATED
07-20 12:40:16.117 22314 22314 V ActivityScenario: Activity lifecycle changed event received but ignored because the intent does not match. startActivityIntent=Intent { act=android.intent.action.MAIN cat=[android.intent.category.LAUNCHER] cmp=com.example.dogglers/.MainActivity }, activity.getIntent()=Intent { cmp=com.example.dogglers/.VerticalListActivity }, activity=com.example.dogglers.VerticalListActivity@f78ee60
07-20 12:40:16.122 22314 22314 D LifecycleMonitor: Lifecycle status change: com.example.dogglers.VerticalListActivity@f78ee60 in: STARTED
07-20 12:40:16.123 22314 22314 V ActivityScenario: Activity lifecycle changed event received but ignored because the intent does not match. startActivityIntent=Intent { act=android.intent.action.MAIN cat=[android.intent.category.LAUNCHER] cmp=com.example.dogglers/.MainActivity }, activity.getIntent()=Intent { cmp=com.example.dogglers/.VerticalListActivity }, activity=com.example.dogglers.VerticalListActivity@f78ee60
07-20 12:40:16.126 22314 22314 D LifecycleMonitor: Lifecycle status change: com.example.dogglers.VerticalListActivity@f78ee60 in: RESUMED
07-20 12:40:16.127 22314 22314 V ActivityScenario: Activity lifecycle changed event received but ignored because the intent does not match. startActivityIntent=Intent { act=android.intent.action.MAIN cat=[android.intent.category.LAUNCHER] cmp=com.example.dogglers/.MainActivity }, activity.getIntent()=Intent { cmp=com.example.dogglers/.VerticalListActivity }, activity=com.example.dogglers.VerticalListActivity@f78ee60
07-20 12:40:16.132   816   825 I system_server: Background young concurrent copying GC freed 433659(22MB) AllocSpace objects, 47(1472KB) LOS objects, 35% free, 43MB/67MB, paused 453us total 198.382ms
07-20 12:40:16.136   816   827 W System  : A resource failed to call release.
07-20 12:40:16.137   816   827 W System  : A resource failed to call release.
07-20 12:40:16.137   816   827 W System  : A resource failed to call release.
07-20 12:40:16.137   507   542 I SurfaceFlinger: id=98296 createSurf (0x0),-1 flag=80004, b03d68f com.example.dogglers/com.example.dogglers.VerticalListActivity#0
07-20 12:40:16.138   816   827 W System  : A resource failed to call release.
07-20 12:40:16.138   816   827 W System  : A resource failed to call release.
07-20 12:40:16.138   816   827 W System  : A resource failed to call release.
07-20 12:40:16.139   816   827 W System  : A resource failed to call release.
07-20 12:40:16.139   816   827 W System  : A resource failed to call release.
07-20 12:40:16.139   816   827 W System  : A resource failed to call release.
07-20 12:40:16.139   507   507 I Layer   : id=98182[1] Destroyed Surface(name=34a1f20 InputMethod)/@0x63c1a9e - animation-leash#0
07-20 12:40:16.140   507   507 I Layer   : id=98234[1] Destroyed Surface(name=34a1f20 InputMethod)/@0x63c1a9e - animation-leash#1
07-20 12:40:16.140   507   507 I Layer   : id=98280[1] Destroyed Surface(name=34a1f20 InputMethod)/@0x63c1a9e - animation-leash#0
07-20 12:40:16.140   507   507 I Layer   : id=98211[1] Destroyed Surface(name=34a1f20 InputMethod)/@0x63c1a9e - animation-leash#1
07-20 12:40:16.140   507   507 I Layer   : id=98187[1] Destroyed Surface(name=34a1f20 InputMethod)/@0x63c1a9e - animation-leash#1
07-20 12:40:16.140   507   507 I Layer   : id=98218[1] Destroyed Surface(name=34a1f20 InputMethod)/@0x63c1a9e - animation-leash#0
07-20 12:40:16.141 22314 22314 I InputTransport: Create ARC handle: 0xe5825b90
07-20 12:40:16.142 22314 22314 E libc    : Access denied finding property "ro.vendor.input.resample_latency_ms"
07-20 12:40:16.156   507   507 I Layer   : id=98153[1] Destroyed Surface(name=34a1f20 InputMethod)/@0x63c1a9e - animation-leash#1
07-20 12:40:16.160   816  5530 V WindowManager: Relayout Window{b03d68f u0 com.example.dogglers/com.example.dogglers.VerticalListActivity}: viewVisibility=0 req=720x1600
07-20 12:40:16.162   507   970 I SurfaceFlinger: id=98297 createSurf (720x1600),1 flag=404, com.example.dogglers/com.example.dogglers.VerticalListActivity#0
07-20 12:40:16.165   816  5530 I SurfaceControl: release : mNativeObject = 3317417760 - Surface(name=Surface(name=7580301 StatusBar)/@0xfd83951 - animation-leash)/@0x74c766 / android.view.SurfaceControl$Transaction.remove:3169 com.android.server.wm.SurfaceAnimator.cancelAnimation:365 com.android.server.wm.SurfaceAnimator.startAnimation:161 com.android.server.wm.WindowContainer.startAnimation:2127
07-20 12:40:16.166   507   542 I SurfaceFlinger: id=98298 createSurf (0x0),-1 flag=24000, Surface(name=7580301 StatusBar)/@0xfd83951 - animation-leash#1
07-20 12:40:16.166   816  5530 I SurfaceControl: release : mNativeObject = 3317419456 - Surface(name=Surface(name=496386c NavigationBar0)/@0xb856353 - animation-leash)/@0xe413b54 / android.view.SurfaceControl$Transaction.remove:3169 com.android.server.wm.SurfaceAnimator.cancelAnimation:365 com.android.server.wm.SurfaceAnimator.startAnimation:161 com.android.server.wm.WindowContainer.startAnimation:2127
07-20 12:40:16.167   507   542 I SurfaceFlinger: id=98299 createSurf (0x0),-1 flag=24000, Surface(name=496386c NavigationBar0)/@0xb856353 - animation-leash#0
07-20 12:40:16.169   816  5530 V WindowManager: Relayout hash=b03d68f, pid=22314: mAttrs={(0,0)(fillxfill) sim={adjust=resize forwardNavigation} ty=BASE_APPLICATION wanim=0x1030304
07-20 12:40:16.169   816  5530 V WindowManager:   fl=81810100
07-20 12:40:16.169   816  5530 V WindowManager:   pfl=12020000
07-20 12:40:16.169   816  5530 V WindowManager:   fitSides=}
07-20 12:40:16.169   816  5530 I SurfaceControl: release : mNativeObject = 3273624768 - Surface(name=com.example.dogglers/com.example.dogglers.VerticalListActivity)/@0x6a966a1 / android.view.SurfaceControl.writeToParcel:1094 android.view.IWindowSession$Stub.onTransact:894 com.android.server.wm.Session.onTransact:139 android.os.Binder.execTransactInternal:1154
07-20 12:40:16.174   507   542 I Layer   : id=98291 removeFromCurrentState Surface(name=7580301 StatusBar)/@0xfd83951 - animation-leash#0 (57)
07-20 12:40:16.175   507   542 I Layer   : id=98292 removeFromCurrentState Surface(name=496386c NavigationBar0)/@0xb856353 - animation-leash#1 (57)
07-20 12:40:16.175   507   542 I Layer   : id=27 removeFromCurrentState 496386c NavigationBar0#0 (57)
07-20 12:40:16.175   507   542 I Layer   : id=39 removeFromCurrentState NavigationBar0#0 (57)
07-20 12:40:16.175 22314 22346 D OpenGLRenderer: eglCreateWindowSurface : 0xe56b3a00
07-20 12:40:16.176   470   470 D IMGGralloc: GBuffer--------------(*format)=1
07-20 12:40:16.176   470   470 D IMGGralloc: Gralloc alloc start  w:720, h:1600, f:0x1, usage:0x900, line = 1643
07-20 12:40:16.177   470   470 D IMGGralloc: Gralloc Alloc end  w:720, h:1600, f:0x1, usage:0x900, handle:0xeba763c0, ui64Stamp:3273272, sSize:4608000, line = 2047
07-20 12:40:16.178   470   470 D IMGGralloc: Gralloc Free  w:720, h:1600, f:0x1, usage:0x900, ui64Stamp:3273272 line = 2441
07-20 12:40:16.178   507   542 D IMGGralloc: Gralloc Register  w:720, h:1600, f:0x1, usage:0x900, ui64Stamp:3273272, sSize:4608000, line = 2335
07-20 12:40:16.178   470   470 D IMGGralloc: GBuffer--------------(*format)=1
07-20 12:40:16.178   470   470 D IMGGralloc: Gralloc alloc start  w:720, h:1600, f:0x1, usage:0x900, line = 1643
07-20 12:40:16.180   470   470 D IMGGralloc: Gralloc Alloc end  w:720, h:1600, f:0x1, usage:0x900, handle:0xeba763c0, ui64Stamp:3273276, sSize:4608000, line = 2047
07-20 12:40:16.181   470   470 D IMGGralloc: Gralloc Free  w:720, h:1600, f:0x1, usage:0x900, ui64Stamp:3273276 line = 2441
07-20 12:40:16.181   507   542 D IMGGralloc: Gralloc Register  w:720, h:1600, f:0x1, usage:0x900, ui64Stamp:3273276, sSize:4608000, line = 2335
07-20 12:40:16.182   470   470 D IMGGralloc: GBuffer--------------(*format)=1
07-20 12:40:16.182   470   470 D IMGGralloc: Gralloc alloc start  w:720, h:1600, f:0x1, usage:0x900, line = 1643
07-20 12:40:16.184   470   470 D IMGGralloc: Gralloc Alloc end  w:720, h:1600, f:0x1, usage:0x900, handle:0xeba763c0, ui64Stamp:3273280, sSize:4608000, line = 2047
07-20 12:40:16.184   470   470 D IMGGralloc: Gralloc Free  w:720, h:1600, f:0x1, usage:0x900, ui64Stamp:3273280 line = 2441
07-20 12:40:16.184   507   542 D IMGGralloc: Gralloc Register  w:720, h:1600, f:0x1, usage:0x900, ui64Stamp:3273280, sSize:4608000, line = 2335
07-20 12:40:16.186   507   542 D IMGGralloc: Gralloc Free  w:720, h:1600, f:0x1, usage:0x900, ui64Stamp:3273280 line = 2441
07-20 12:40:16.187   470   470 D IMGGralloc: GBuffer--------------(*format)=1
07-20 12:40:16.187   470   470 D IMGGralloc: Gralloc alloc start  w:720, h:1600, f:0x1, usage:0xb00, line = 1643
07-20 12:40:16.189   470   470 D IMGGralloc: Gralloc Alloc end  w:720, h:1600, f:0x1, usage:0xb00, handle:0xeba763c0, ui64Stamp:3273284, sSize:4608000, line = 2047
07-20 12:40:16.189   470   470 D IMGGralloc: Gralloc Free  w:720, h:1600, f:0x1, usage:0xb00, ui64Stamp:3273284 line = 2441
07-20 12:40:16.189   507   542 D IMGGralloc: Gralloc Register  w:720, h:1600, f:0x1, usage:0xb00, ui64Stamp:3273284, sSize:4608000, line = 2335
07-20 12:40:16.190 22314 22346 D IMGGralloc: Gralloc Register  w:720, h:1600, f:0x1, usage:0xb00, ui64Stamp:3273284, sSize:4608000, line = 2335
07-20 12:40:16.190   507   507 I SurfaceFlinger: SF-Update,layer=com.example.dogglers/com.example.dogglers.VerticalListActivity#0,name=Window{b03d68f u0 com.example.dogglers/com.example.dogglers.VerticalListActivity},token=0xed58ff70,id=98297 dirty=1,inputChanged=0,syncInput=0,visible=0,paused=0,portal=-1,param=0x81810120,feature=0x0
07-20 12:40:16.202   507   970 I SurfaceFlinger: id=98300 createSurf (0x0),-1 flag=24000, Surface(name=ActivityRecord{3394578 u0 com.example.dogglers/.MainActivity)/@0x9a0ad6d - animation-leash#0
07-20 12:40:16.203   507   970 I SurfaceFlinger: id=98301 createSurf (0x0),-1 flag=80004, Surface(name=ActivityRecord{3394578 u0 com.example.dogglers/.MainActivity)/@0x9a0ad6d - animation-bounds#0
07-20 12:40:16.205   507   970 I SurfaceFlinger: id=98302 createSurf (0x0),-1 flag=24004, Surface(name=ActivityRecord{333d1f0 u0 com.example.dogglers/.VerticalListActivity)/@0xf265352 - animation-leash#0
07-20 12:40:16.206   507   970 I SurfaceFlinger: id=98303 createSurf (0x0),-1 flag=80004, Surface(name=ActivityRecord{333d1f0 u0 com.example.dogglers/.VerticalListActivity)/@0xf265352 - animation-bounds#0
07-20 12:40:16.208   816   898 I ActivityTaskManager: Displayed com.example.dogglers/.VerticalListActivity: +202ms
07-20 12:40:16.218   507   970 D IMGGralloc: Gralloc Free  w:720, h:1600, f:0x1, usage:0x900, ui64Stamp:3273276 line = 2441
07-20 12:40:16.219   470   470 D IMGGralloc: GBuffer--------------(*format)=1
07-20 12:40:16.219   470   470 D IMGGralloc: Gralloc alloc start  w:720, h:1600, f:0x1, usage:0xb00, line = 1643
07-20 12:40:16.221   470   470 D IMGGralloc: Gralloc Alloc end  w:720, h:1600, f:0x1, usage:0xb00, handle:0xeba763c0, ui64Stamp:3273293, sSize:4608000, line = 2047
07-20 12:40:16.221   470   470 D IMGGralloc: Gralloc Free  w:720, h:1600, f:0x1, usage:0xb00, ui64Stamp:3273293 line = 2441
07-20 12:40:16.221   507   970 D IMGGralloc: Gralloc Register  w:720, h:1600, f:0x1, usage:0xb00, ui64Stamp:3273293, sSize:4608000, line = 2335
07-20 12:40:16.222 22314 22346 D IMGGralloc: Gralloc Register  w:720, h:1600, f:0x1, usage:0xb00, ui64Stamp:3273293, sSize:4608000, line = 2335
07-20 12:40:16.223   479   479 D PowerHAL: ###Enter interaction_other scene bgn###
07-20 12:40:16.223   479   479 D PowerHAL: Enter common_set_for_release_when_close: enable:1, duration: 500, /dev/cluster0_freq_max: 124F80
07-20 12:40:16.223   479   479 D PowerHAL: Enter common_set_for_release_when_close: enable:1, duration: 500, /dev/cluster0_freq_min: F4240
07-20 12:40:16.223   479   479 D PowerHAL: Enter common_set_for_release_when_close: enable:1, duration: 500, /dev/cluster1_freq_max: 186A00
07-20 12:40:16.223   479   479 D PowerHAL: Enter common_set_for_release_when_close: enable:1, duration: 500, /dev/cluster1_freq_min: 12B128
07-20 12:40:16.224   479   479 D PowerHAL: Enter devfreq_ddr_set: enable:1, duration: 500, /sys/class/devfreq/scene-frequency/sprd-governor/scene_boost_dfs: max
07-20 12:40:16.226   479   479 D PowerHAL: ###Enter interaction_other scene end###
07-20 12:40:16.232 22314 22314 I SurfaceControl: release : mNativeObject = 3212468448 - Surface(name=Surface(name=34a1f20 InputMethod)/@0x63c1a9e - animation-leash)/@0x37d5f54 / android.view.-$$Lambda$Rl1VZmNJ0VZDLK0BAbaVGis0rrA.accept:2 android.view.InsetsSourceControl.release:170 android.view.InsetsSourceConsumer.setControl:193 android.view.ImeInsetsSourceConsumer.setControl:151
07-20 12:40:16.232 22314 22314 I SurfaceControl: release : mNativeObject = 3534360064 - Surface(name=Surface(name=496386c NavigationBar0)/@0xb856353 - animation-leash)/@0xe655efd / android.view.-$$Lambda$Rl1VZmNJ0VZDLK0BAbaVGis0rrA.accept:2 android.view.InsetsSourceControl.release:170 android.view.InsetsSourceConsumer.setControl:193 android.view.InsetsController.onControlsChanged:794
07-20 12:40:16.233 22314 22314 I SurfaceControl: release : mNativeObject = 3212468256 - Surface(name=Surface(name=7580301 StatusBar)/@0xfd83951 - animation-leash)/@0x8c8b7f2 / android.view.-$$Lambda$Rl1VZmNJ0VZDLK0BAbaVGis0rrA.accept:2 android.view.InsetsSourceControl.release:170 android.view.InsetsSourceConsumer.setControl:193 android.view.InsetsController.onControlsChanged:794
07-20 12:40:16.236 22314 22314 D InputMethodManager: prepareNavigationBarInfo() DecorView@7fb1cc0[VerticalListActivity]
07-20 12:40:16.236 22314 22314 D InputMethodManager: getNavigationBarColor() -16777216
07-20 12:40:16.239   507   507 I Layer   : id=98292[1] Destroyed Surface(name=496386c NavigationBar0)/@0xb856353 - animation-leash#1
07-20 12:40:16.240   507   507 I Layer   : id=98291[1] Destroyed Surface(name=7580301 StatusBar)/@0xfd83951 - animation-leash#0
07-20 12:40:16.241   816  5530 I SurfaceControl: release : mNativeObject = 3543413184 - Surface(name=Surface(name=34a1f20 InputMethod)/@0x63c1a9e - animation-leash)/@0x510b97 / android.view.SurfaceControl$Transaction.remove:3169 com.android.server.wm.SurfaceAnimator.cancelAnimation:365 com.android.server.wm.SurfaceAnimator.startAnimation:161 com.android.server.wm.WindowContainer.startAnimation:2127
07-20 12:40:16.241   507   542 I SurfaceFlinger: id=98304 createSurf (0x0),-1 flag=24004, Surface(name=34a1f20 InputMethod)/@0x63c1a9e - animation-leash#0
07-20 12:40:16.242   507   970 D IMGGralloc: Gralloc Free  w:720, h:1600, f:0x1, usage:0x900, ui64Stamp:3273272 line = 2441
07-20 12:40:16.242   470   470 D IMGGralloc: GBuffer--------------(*format)=1
07-20 12:40:16.242   470   470 D IMGGralloc: Gralloc alloc start  w:720, h:1600, f:0x1, usage:0xb00, line = 1643
07-20 12:40:16.243 13023 13023 I GoogleInputMethodService: GoogleInputMethodService.onFinishInput():3220
07-20 12:40:16.244 13023 13023 I GoogleInputMethodService: GoogleInputMethodService.updateDeviceLockedStatus():2116 checkRepeatedly = false, unlocked = true
07-20 12:40:16.244 13023 13023 I GoogleInputMethodService: GoogleInputMethodService.onStartInput():1923 onStartInput(EditorInfo{inputType=0x0(NULL) imeOptions=0x0 privateImeOptions=null actionName=UNSPECIFIED actionLabel=null actionId=0 initialSelStart=-1 initialSelEnd=-1 initialCapsMode=0x0 hintText=null label=null packageName=com.example.dogglers fieldId=-1 fieldName=null extras=Bundle[EMPTY_PARCEL]}, false)
07-20 12:40:16.245   470   470 D IMGGralloc: Gralloc Alloc end  w:720, h:1600, f:0x1, usage:0xb00, handle:0xeba763c0, ui64Stamp:3273298, sSize:4608000, line = 2047
07-20 12:40:16.245   470   470 D IMGGralloc: Gralloc Free  w:720, h:1600, f:0x1, usage:0xb00, ui64Stamp:3273298 line = 2441
07-20 12:40:16.245   507   970 D IMGGralloc: Gralloc Register  w:720, h:1600, f:0x1, usage:0xb00, ui64Stamp:3273298, sSize:4608000, line = 2335
07-20 12:40:16.246 22314 22346 D IMGGralloc: Gralloc Register  w:720, h:1600, f:0x1, usage:0xb00, ui64Stamp:3273298, sSize:4608000, line = 2335
07-20 12:40:16.246 13023 13023 I GoogleInputMethodService: GoogleInputMethodService.updateDeviceLockedStatus():2116 checkRepeatedly = true, unlocked = true
07-20 12:40:16.250   479   479 D PowerHAL: ###Exit launch scene bgn###
07-20 12:40:16.250   479   479 D PowerHAL: Enter common_set_for_release_when_close: enable:0, duration: 0, /dev/cluster0_freq_max: 124F80
07-20 12:40:16.250   479   479 D PowerHAL: Enter common_set_for_release_when_close: enable:0, duration: 0, /dev/cluster0_freq_min: 124F80
07-20 12:40:16.250   479   479 D PowerHAL: Set /dev/cluster0_freq_min: F4240
07-20 12:40:16.250   479   479 D PowerHAL: Enter common_set_for_release_when_close: enable:0, duration: 0, /dev/cluster1_freq_max: 186A00
07-20 12:40:16.250   479   479 D PowerHAL: Enter common_set_for_release_when_close: enable:0, duration: 0, /dev/cluster1_freq_min: 186A00
07-20 12:40:16.250   479   479 D PowerHAL: Set /dev/cluster1_freq_min: 12B128
07-20 12:40:16.250   479   479 D PowerHAL: Enter devfreq_ddr_set: enable:0, duration: 0, /sys/class/devfreq/scene-frequency/sprd-governor/scene_boost_dfs: max
07-20 12:40:16.250   479   479 D PowerHAL: ###Exit launch scene end###
07-20 12:40:16.251   455   461 E statsd  : Predicate 5980654721335871649 dropping data for dimension key (10)0x2010101->10225[I] (10)0x30000->*launch*[S]
07-20 12:40:16.257   507   542 I Layer   : id=98294 removeFromCurrentState Surface(name=34a1f20 InputMethod)/@0x63c1a9e - animation-leash#1 (60)
07-20 12:40:16.258 22314 22314 I SurfaceControl: release : mNativeObject = 3212469184 - Surface(name=Surface(name=34a1f20 InputMethod)/@0x63c1a9e - animation-leash)/@0xaa6613e / android.view.-$$Lambda$Rl1VZmNJ0VZDLK0BAbaVGis0rrA.accept:2 android.view.InsetsSourceControl.release:170 android.view.InsetsSourceConsumer.setControl:193 android.view.ImeInsetsSourceConsumer.setControl:151
07-20 12:40:16.260   816  5233 D InputMethodManagerService: isImeSwitcherDisabledPackage : false
07-20 12:40:16.261 22314 22314 I SurfaceControl: release : mNativeObject = 3212469248 - Surface(name=Surface(name=496386c NavigationBar0)/@0xb856353 - animation-leash)/@0xdd544ec / android.view.-$$Lambda$Rl1VZmNJ0VZDLK0BAbaVGis0rrA.accept:2 android.view.InsetsSourceControl.release:170 android.view.InsetsSourceConsumer.setControl:193 android.view.InsetsController.onControlsChanged:794
07-20 12:40:16.261 22314 22314 I SurfaceControl: release : mNativeObject = 3212469120 - Surface(name=Surface(name=7580301 StatusBar)/@0xfd83951 - animation-leash)/@0x95670b5 / android.view.-$$Lambda$Rl1VZmNJ0VZDLK0BAbaVGis0rrA.accept:2 android.view.InsetsSourceControl.release:170 android.view.InsetsSourceConsumer.setControl:193 android.view.InsetsController.onControlsChanged:794
07-20 12:40:16.272   507   507 I Layer   : id=98294[1] Destroyed Surface(name=34a1f20 InputMethod)/@0x63c1a9e - animation-leash#1
07-20 12:40:16.291   471   532 D IMGGralloc: Gralloc Register  w:720, h:1600, f:0x1, usage:0xb00, ui64Stamp:3273298, sSize:4608000, line = 2335
07-20 12:40:16.293   507   507 D SurfaceFlinger: Display 0 HWC layers:
07-20 12:40:16.293   507   507 D SurfaceFlinger:      DEVICE | 0xed754d40 | 0002 | RGBA_8888    |    6.0   14.0  714.0 1586.0 |    0    0  720 1600 | com.example.dogglers/com.example.dogglers.MainActivity#0
07-20 12:40:16.293   507   507 D SurfaceFlinger:      DEVICE | 0xed754200 | 0002 | RGBA_8888    |    0.0    0.0  720.0 1600.0 |   34   76  686 1524 | com.example.dogglers/com.example.dogglers.VerticalListActivity#0
07-20 12:40:16.293   507   507 D SurfaceFlinger:      DEVICE | 0xed755e20 | 0000 | RGBA_8888    |    0.0    0.0  720.0   45.0 |    0    0  720   45 | StatusBar#0
07-20 12:40:16.293   507   507 D SurfaceFlinger:      DEVICE | 0xed7543e0 | 0000 | RGBA_8888    |    0.0    0.0  720.0   96.0 |    0 1504  720 1600 | NavigationBar0#0
07-20 12:40:16.293   507   507 D SurfaceFlinger:
07-20 12:40:16.471 22314 22314 I ViewInteraction: Checking 'MatchesViewAssertion{viewMatcher=(view has effective visibility <VISIBLE> and view.getGlobalVisibleRect() to return non-empty rectangle)}' assertion on view view.getId() is <2131231207/com.example.dogglers:id/vertical_recycler_view>
07-20 12:40:16.482   507   542 I SurfaceFlinger: id=98305 createSurf (0x0),-1 flag=80004, ActivityRecord{c283a11 u0 com.example.dogglers/androidx.test.core.app.InstrumentationActivityInvoker$EmptyActivity#0
07-20 12:40:16.483   479   479 D PowerHAL: ###Enter launch scene bgn###
07-20 12:40:16.483   479   479 D PowerHAL: Enter common_set_for_release_when_close: enable:1, duration: 0, /dev/cluster0_freq_max: 124F80
07-20 12:40:16.483   479   479 D PowerHAL: Enter common_set_for_release_when_close: enable:1, duration: 0, /dev/cluster0_freq_min: 124F80
07-20 12:40:16.483   479   479 D PowerHAL: Set /dev/cluster0_freq_min: 124F80
07-20 12:40:16.484   479   479 D PowerHAL: Enter common_set_for_release_when_close: enable:1, duration: 0, /dev/cluster1_freq_max: 186A00
07-20 12:40:16.484   479   479 D PowerHAL: Enter common_set_for_release_when_close: enable:1, duration: 0, /dev/cluster1_freq_min: 186A00
07-20 12:40:16.484   479   479 D PowerHAL: Set /dev/cluster1_freq_min: 186A00
07-20 12:40:16.484   479   479 D PowerHAL: Enter devfreq_ddr_set: enable:1, duration: 0, /sys/class/devfreq/scene-frequency/sprd-governor/scene_boost_dfs: max
07-20 12:40:16.484   479   479 D PowerHAL: ###Enter launch scene end###
07-20 12:40:16.485   455   461 E statsd  : Predicate 5980654721335871649 dropping data for dimension key (10)0x2010101->10225[I] (10)0x30000->*launch*[S]
07-20 12:40:16.492 22314 22314 D LifecycleMonitor: Lifecycle status change: com.example.dogglers.VerticalListActivity@f78ee60 in: PAUSED
07-20 12:40:16.492 22314 22314 V ActivityScenario: Activity lifecycle changed event received but ignored because the intent does not match. startActivityIntent=Intent { act=android.intent.action.MAIN cat=[android.intent.category.LAUNCHER] cmp=com.example.dogglers/.MainActivity }, activity.getIntent()=Intent { cmp=com.example.dogglers/.VerticalListActivity }, activity=com.example.dogglers.VerticalListActivity@f78ee60
07-20 12:40:16.512 22314 22314 D LifecycleMonitor: Lifecycle status change: androidx.test.core.app.InstrumentationActivityInvoker$EmptyActivity@fcb5a16 in: PRE_ON_CREATE
07-20 12:40:16.513 22314 22314 V ActivityScenario: Activity lifecycle changed event received but ignored because the intent does not match. startActivityIntent=Intent { act=android.intent.action.MAIN cat=[android.intent.category.LAUNCHER] cmp=com.example.dogglers/.MainActivity }, activity.getIntent()=Intent { act=android.intent.action.MAIN cat=[android.intent.category.LAUNCHER] flg=0x10000000 cmp=com.example.dogglers/androidx.test.core.app.InstrumentationActivityInvoker$EmptyActivity }, activity=androidx.test.core.app.InstrumentationActivityInvoker$EmptyActivity@fcb5a16
07-20 12:40:16.527 22314 22314 D LifecycleMonitor: Lifecycle status change: androidx.test.core.app.InstrumentationActivityInvoker$EmptyActivity@fcb5a16 in: CREATED
07-20 12:40:16.528 22314 22314 V ActivityScenario: Activity lifecycle changed event received but ignored because the intent does not match. startActivityIntent=Intent { act=android.intent.action.MAIN cat=[android.intent.category.LAUNCHER] cmp=com.example.dogglers/.MainActivity }, activity.getIntent()=Intent { act=android.intent.action.MAIN cat=[android.intent.category.LAUNCHER] flg=0x10000000 cmp=com.example.dogglers/androidx.test.core.app.InstrumentationActivityInvoker$EmptyActivity }, activity=androidx.test.core.app.InstrumentationActivityInvoker$EmptyActivity@fcb5a16
07-20 12:40:16.532 22314 22314 D LifecycleMonitor: Lifecycle status change: androidx.test.core.app.InstrumentationActivityInvoker$EmptyActivity@fcb5a16 in: STARTED
07-20 12:40:16.532 22314 22314 V ActivityScenario: Activity lifecycle changed event received but ignored because the intent does not match. startActivityIntent=Intent { act=android.intent.action.MAIN cat=[android.intent.category.LAUNCHER] cmp=com.example.dogglers/.MainActivity }, activity.getIntent()=Intent { act=android.intent.action.MAIN cat=[android.intent.category.LAUNCHER] flg=0x10000000 cmp=com.example.dogglers/androidx.test.core.app.InstrumentationActivityInvoker$EmptyActivity }, activity=androidx.test.core.app.InstrumentationActivityInvoker$EmptyActivity@fcb5a16
07-20 12:40:16.535 22314 22314 D LifecycleMonitor: Lifecycle status change: androidx.test.core.app.InstrumentationActivityInvoker$EmptyActivity@fcb5a16 in: RESUMED
07-20 12:40:16.536 22314 22314 V ActivityScenario: Activity lifecycle changed event received but ignored because the intent does not match. startActivityIntent=Intent { act=android.intent.action.MAIN cat=[android.intent.category.LAUNCHER] cmp=com.example.dogglers/.MainActivity }, activity.getIntent()=Intent { act=android.intent.action.MAIN cat=[android.intent.category.LAUNCHER] flg=0x10000000 cmp=com.example.dogglers/androidx.test.core.app.InstrumentationActivityInvoker$EmptyActivity }, activity=androidx.test.core.app.InstrumentationActivityInvoker$EmptyActivity@fcb5a16
07-20 12:40:16.545   507   970 I SurfaceFlinger: id=98306 createSurf (0x0),-1 flag=80004, a975e13 com.example.dogglers/androidx.test.core.app.InstrumentationActivityInvoker$EmptyActivity#0
07-20 12:40:16.549 22314 22314 I InputTransport: Create ARC handle: 0xe5825ec0
07-20 12:40:16.549 22314 22314 E libc    : Access denied finding property "ro.vendor.input.resample_latency_ms"
07-20 12:40:16.563   816  7155 V WindowManager: Relayout Window{a975e13 u0 com.example.dogglers/androidx.test.core.app.InstrumentationActivityInvoker$EmptyActivity}: viewVisibility=0 req=720x1600
07-20 12:40:16.565   507   970 I SurfaceFlinger: id=98307 createSurf (720x1600),1 flag=404, com.example.dogglers/androidx.test.core.app.InstrumentationActivityInvoker$EmptyActivity#0
07-20 12:40:16.567   816  7155 I SurfaceControl: release : mNativeObject = 3273122016 - Surface(name=Surface(name=7580301 StatusBar)/@0xfd83951 - animation-leash)/@0x61edefa / android.view.SurfaceControl$Transaction.remove:3169 com.android.server.wm.SurfaceAnimator.cancelAnimation:365 com.android.server.wm.SurfaceAnimator.startAnimation:161 com.android.server.wm.WindowContainer.startAnimation:2127
07-20 12:40:16.568   507   970 I SurfaceFlinger: id=98308 createSurf (0x0),-1 flag=24000, Surface(name=7580301 StatusBar)/@0xfd83951 - animation-leash#0
07-20 12:40:16.569   816  7155 I SurfaceControl: release : mNativeObject = 3273122336 - Surface(name=Surface(name=496386c NavigationBar0)/@0xb856353 - animation-leash)/@0x6dbef08 / android.view.SurfaceControl$Transaction.remove:3169 com.android.server.wm.SurfaceAnimator.cancelAnimation:365 com.android.server.wm.SurfaceAnimator.startAnimation:161 com.android.server.wm.WindowContainer.startAnimation:2127
07-20 12:40:16.569   507   970 I SurfaceFlinger: id=98309 createSurf (0x0),-1 flag=24000, Surface(name=496386c NavigationBar0)/@0xb856353 - animation-leash#1
07-20 12:40:16.571   816  7155 V WindowManager: Relayout hash=a975e13, pid=22314: mAttrs={(0,0)(fillxfill) sim={adjust=pan forwardNavigation} ty=BASE_APPLICATION wanim=0x1030001
07-20 12:40:16.571   816  7155 V WindowManager:   fl=1810100
07-20 12:40:16.571   816  7155 V WindowManager:   pfl=12020000
07-20 12:40:16.571   816  7155 V WindowManager:   fitSides=}
07-20 12:40:16.572   816  7155 I SurfaceControl: release : mNativeObject = 3122387840 - Surface(name=com.example.dogglers/androidx.test.core.app.InstrumentationActivityInvoker$EmptyActivity)/@0x1a61205 / android.view.SurfaceControl.writeToParcel:1094 android.view.IWindowSession$Stub.onTransact:894 com.android.server.wm.Session.onTransact:139 android.os.Binder.execTransactInternal:1154
07-20 12:40:16.572   471   532 D IMGGralloc: Gralloc Free  w:720, h:1600, f:0x1, usage:0xb00, ui64Stamp:3273265 line = 2441
07-20 12:40:16.573   471   532 D IMGGralloc: Gralloc Free  w:720, h:1600, f:0x1, usage:0xb00, ui64Stamp:3273262 line = 2441
07-20 12:40:16.573   507   970 I Layer   : id=98298 removeFromCurrentState Surface(name=7580301 StatusBar)/@0xfd83951 - animation-leash#1 (64)
07-20 12:40:16.573   471   532 D IMGGralloc: Gralloc Free  w:720, h:1600, f:0x1, usage:0xb00, ui64Stamp:3273258 line = 2441
07-20 12:40:16.573   507   970 I Layer   : id=98299 removeFromCurrentState Surface(name=496386c NavigationBar0)/@0xb856353 - animation-leash#0 (64)
07-20 12:40:16.575   507   507 D SurfaceFlinger: Display 0 HWC layers:
07-20 12:40:16.575   507   507 D SurfaceFlinger:      DEVICE | 0xed754200 | 0002 | RGBA_8888    |    0.0    0.0  720.0 1600.0 |    0    0  720 1600 | com.example.dogglers/com.example.dogglers.VerticalListActivity#0
07-20 12:40:16.575   507   507 D SurfaceFlinger:      DEVICE | 0xed755e20 | 0000 | RGBA_8888    |    0.0    0.0  720.0   45.0 |    0    0  720   45 | StatusBar#0
07-20 12:40:16.575   507   507 D SurfaceFlinger:      DEVICE | 0xed7543e0 | 0000 | RGBA_8888    |    0.0    0.0  720.0   96.0 |    0 1504  720 1600 | NavigationBar0#0
07-20 12:40:16.575   507   507 D SurfaceFlinger:
07-20 12:40:16.577 22314 22346 D OpenGLRenderer: eglCreateWindowSurface : 0xe589d660
07-20 12:40:16.578   470   470 D IMGGralloc: GBuffer--------------(*format)=1
07-20 12:40:16.578   470   470 D IMGGralloc: Gralloc alloc start  w:720, h:1600, f:0x1, usage:0x900, line = 1643
07-20 12:40:16.579   470   470 D IMGGralloc: Gralloc Alloc end  w:720, h:1600, f:0x1, usage:0x900, handle:0xeba763c0, ui64Stamp:3273303, sSize:4608000, line = 2047
07-20 12:40:16.579   470   470 D IMGGralloc: Gralloc Free  w:720, h:1600, f:0x1, usage:0x900, ui64Stamp:3273303 line = 2441
07-20 12:40:16.579   507   970 D IMGGralloc: Gralloc Register  w:720, h:1600, f:0x1, usage:0x900, ui64Stamp:3273303, sSize:4608000, line = 2335
07-20 12:40:16.579   470   470 D IMGGralloc: GBuffer--------------(*format)=1
07-20 12:40:16.579   470   470 D IMGGralloc: Gralloc alloc start  w:720, h:1600, f:0x1, usage:0x900, line = 1643
07-20 12:40:16.581   470   470 D IMGGralloc: Gralloc Alloc end  w:720, h:1600, f:0x1, usage:0x900, handle:0xeba763c0, ui64Stamp:3273307, sSize:4608000, line = 2047
07-20 12:40:16.581   470   470 D IMGGralloc: Gralloc Free  w:720, h:1600, f:0x1, usage:0x900, ui64Stamp:3273307 line = 2441
07-20 12:40:16.582   507   970 D IMGGralloc: Gralloc Register  w:720, h:1600, f:0x1, usage:0x900, ui64Stamp:3273307, sSize:4608000, line = 2335
07-20 12:40:16.582   470   470 D IMGGralloc: GBuffer--------------(*format)=1
07-20 12:40:16.582   470   470 D IMGGralloc: Gralloc alloc start  w:720, h:1600, f:0x1, usage:0x900, line = 1643
07-20 12:40:16.582   507   542 D IMGGralloc: Gralloc Free  w:720, h:1600, f:0x1, usage:0x900, ui64Stamp:3273307 line = 2441
07-20 12:40:16.584   470   470 D IMGGralloc: Gralloc Alloc end  w:720, h:1600, f:0x1, usage:0x900, handle:0xeba763c0, ui64Stamp:3273311, sSize:4608000, line = 2047
07-20 12:40:16.585   470   470 D IMGGralloc: Gralloc Free  w:720, h:1600, f:0x1, usage:0x900, ui64Stamp:3273311 line = 2441
07-20 12:40:16.585   507   970 D IMGGralloc: Gralloc Register  w:720, h:1600, f:0x1, usage:0x900, ui64Stamp:3273311, sSize:4608000, line = 2335
07-20 12:40:16.585   470   470 D IMGGralloc: GBuffer--------------(*format)=1
07-20 12:40:16.585   470   470 D IMGGralloc: Gralloc alloc start  w:720, h:1600, f:0x1, usage:0xb00, line = 1643
07-20 12:40:16.587   470   470 D IMGGralloc: Gralloc Alloc end  w:720, h:1600, f:0x1, usage:0xb00, handle:0xeba763c0, ui64Stamp:3273315, sSize:4608000, line = 2047
07-20 12:40:16.588   470   470 D IMGGralloc: Gralloc Free  w:720, h:1600, f:0x1, usage:0xb00, ui64Stamp:3273315 line = 2441
07-20 12:40:16.588   507   542 D IMGGralloc: Gralloc Register  w:720, h:1600, f:0x1, usage:0xb00, ui64Stamp:3273315, sSize:4608000, line = 2335
07-20 12:40:16.589   507   507 I SurfaceFlinger: SF-Update,layer=com.example.dogglers/androidx.test.core.app.InstrumentationActivityInvoker$EmptyActivity#0,name=Window{a975e13 u0 com.example.dogglers/androidx.test.core.app.InstrumentationActivityInvoker$EmptyActivity},token=0xed210ca0,id=98307 dirty=1,inputChanged=0,syncInput=0,visible=0,paused=0,portal=-1,param=0x1810120,feature=0x0
07-20 12:40:16.589 22314 22346 D IMGGralloc: Gralloc Register  w:720, h:1600, f:0x1, usage:0xb00, ui64Stamp:3273315, sSize:4608000, line = 2335
07-20 12:40:16.598   816   898 I ActivityTaskManager: Displayed com.example.dogglers/androidx.test.core.app.InstrumentationActivityInvoker$EmptyActivity: +116ms
07-20 12:40:16.602 22314 22314 I SurfaceControl: release : mNativeObject = 3212469408 - Surface(name=Surface(name=34a1f20 InputMethod)/@0x63c1a9e - animation-leash)/@0x51b01a2 / android.view.-$$Lambda$Rl1VZmNJ0VZDLK0BAbaVGis0rrA.accept:2 android.view.InsetsSourceControl.release:170 android.view.InsetsSourceConsumer.setControl:193 android.view.ImeInsetsSourceConsumer.setControl:151
07-20 12:40:16.603 22314 22314 I SurfaceControl: release : mNativeObject = 3212468640 - Surface(name=Surface(name=496386c NavigationBar0)/@0xb856353 - animation-leash)/@0xc4b3e33 / android.view.-$$Lambda$Rl1VZmNJ0VZDLK0BAbaVGis0rrA.accept:2 android.view.InsetsSourceControl.release:170 android.view.InsetsSourceConsumer.setControl:193 android.view.InsetsController.onControlsChanged:794
07-20 12:40:16.604 22314 22314 I SurfaceControl: release : mNativeObject = 3534360512 - Surface(name=Surface(name=7580301 StatusBar)/@0xfd83951 - animation-leash)/@0x4694769 / android.view.-$$Lambda$Rl1VZmNJ0VZDLK0BAbaVGis0rrA.accept:2 android.view.InsetsSourceControl.release:170 android.view.InsetsSourceConsumer.setControl:193 android.view.InsetsController.onControlsChanged:794
07-20 12:40:16.604   507   507 I Layer   : id=98299[1] Destroyed Surface(name=496386c NavigationBar0)/@0xb856353 - animation-leash#0
07-20 12:40:16.610   507   542 I SurfaceFlinger: id=98310 createSurf (0x0),-1 flag=80004, ActivityRecord{3734a26 u0 com.example.dogglers/androidx.test.core.app.InstrumentationActivityInvoker$EmptyActivity#0
07-20 12:40:16.620 22314 22314 D InputMethodManager: prepareNavigationBarInfo() DecorView@8cb95ee[InstrumentationActivityInvoker$EmptyActivity]
07-20 12:40:16.620 22314 22314 D InputMethodManager: getNavigationBarColor() -16777216
07-20 12:40:16.621   507   507 I Layer   : id=98298[1] Destroyed Surface(name=7580301 StatusBar)/@0xfd83951 - animation-leash#1
07-20 12:40:16.623   816   894 I SurfaceControl: release : mNativeObject = 3273624768 - Surface(name=Surface(name=ActivityRecord{3394578 u0 com.example.dogglers/.MainActivity)/@0x9a0ad6d - animation-leash)/@0xc4f3b4 / android.view.SurfaceControl$Transaction.remove:3169 com.android.server.wm.SurfaceAnimator.removeLeash:418 com.android.server.wm.SurfaceAnimator.reset:384 com.android.server.wm.SurfaceAnimator.lambda$getFinishedCallback$0$SurfaceAnimator:111
07-20 12:40:16.623   816   894 I SurfaceControl: release : mNativeObject = 3282847296 - Surface(name=Surface(name=ActivityRecord{3394578 u0 com.example.dogglers/.MainActivity)/@0x9a0ad6d - animation-bounds)/@0xe3f203 / android.view.SurfaceControl$Transaction.remove:3169 com.android.server.wm.ActivityRecord.onAnimationLeashLost:6368 com.android.server.wm.SurfaceAnimator.removeLeash:425 com.android.server.wm.SurfaceAnimator.reset:384
07-20 12:40:16.623   471   532 D IMGGralloc: Gralloc Register  w:720, h:1600, f:0x1, usage:0xb00, ui64Stamp:3273284, sSize:4608000, line = 2335
07-20 12:40:16.625   816   894 I SurfaceControl: release : mNativeObject = 3282852320 - Surface(name=Surface(name=ActivityRecord{333d1f0 u0 com.example.dogglers/.VerticalListActivity)/@0xf265352 - animation-leash)/@0x420a623 / android.view.SurfaceControl$Transaction.remove:3169 com.android.server.wm.SurfaceAnimator.removeLeash:418 com.android.server.wm.SurfaceAnimator.reset:384 com.android.server.wm.SurfaceAnimator.lambda$getFinishedCallback$0$SurfaceAnimator:111
07-20 12:40:16.625   816   894 I SurfaceControl: release : mNativeObject = 3282852480 - Surface(name=Surface(name=ActivityRecord{333d1f0 u0 com.example.dogglers/.VerticalListActivity)/@0xf265352 - animation-bounds)/@0x61d2580 / android.view.SurfaceControl$Transaction.remove:3169 com.android.server.wm.ActivityRecord.onAnimationLeashLost:6368 com.android.server.wm.SurfaceAnimator.removeLeash:425 com.android.server.wm.SurfaceAnimator.reset:384
07-20 12:40:16.628   507   979 I Layer   : id=98300 removeFromCurrentState Surface(name=ActivityRecord{3394578 u0 com.example.dogglers/.MainActivity)/@0x9a0ad6d - animation-leash#0 (63)
07-20 12:40:16.628   507   979 I Layer   : id=98303 removeFromCurrentState Surface(name=ActivityRecord{333d1f0 u0 com.example.dogglers/.VerticalListActivity)/@0xf265352 - animation-bounds#0 (63)
07-20 12:40:16.628   507   979 I Layer   : id=98302 removeFromCurrentState Surface(name=ActivityRecord{333d1f0 u0 com.example.dogglers/.VerticalListActivity)/@0xf265352 - animation-leash#0 (63)
07-20 12:40:16.628   507   979 I Layer   : id=98295 removeFromCurrentState ActivityRecord{333d1f0 u0 com.example.dogglers/.VerticalListActivity#0 (63)
07-20 12:40:16.628   507   979 I Layer   : id=98296 removeFromCurrentState b03d68f com.example.dogglers/com.example.dogglers.VerticalListActivity#0 (63)
07-20 12:40:16.628   507   979 I Layer   : id=98297 removeFromCurrentState com.example.dogglers/com.example.dogglers.VerticalListActivity#0 (63)
07-20 12:40:16.629   507   979 I Layer   : id=98301 removeFromCurrentState Surface(name=ActivityRecord{3394578 u0 com.example.dogglers/.MainActivity)/@0x9a0ad6d - animation-bounds#0 (63)
07-20 12:40:16.629   507   979 I Layer   : id=98302 removeFromCurrentState Surface(name=ActivityRecord{333d1f0 u0 com.example.dogglers/.VerticalListActivity)/@0xf265352 - animation-leash#0 (63)
07-20 12:40:16.633   816  5530 I SurfaceControl: release : mNativeObject = 3282850208 - Surface(name=Surface(name=34a1f20 InputMethod)/@0x63c1a9e - animation-leash)/@0x52f054c / android.view.SurfaceControl$Transaction.remove:3169 com.android.server.wm.SurfaceAnimator.cancelAnimation:365 com.android.server.wm.SurfaceAnimator.startAnimation:161 com.android.server.wm.WindowContainer.startAnimation:2127
07-20 12:40:16.633   507   542 I SurfaceFlinger: id=98311 createSurf (0x0),-1 flag=24004, Surface(name=34a1f20 InputMethod)/@0x63c1a9e - animation-leash#1
07-20 12:40:16.634 13023 13023 I GoogleInputMethodService: GoogleInputMethodService.onFinishInput():3220
07-20 12:40:16.635 13023 13023 I GoogleInputMethodService: GoogleInputMethodService.updateDeviceLockedStatus():2116 checkRepeatedly = false, unlocked = true
07-20 12:40:16.635 22314 22314 D LifecycleMonitor: Lifecycle status change: androidx.test.core.app.InstrumentationActivityInvoker$EmptyActivity@fcb5a16 in: PAUSED
07-20 12:40:16.635 13023 13023 I GoogleInputMethodService: GoogleInputMethodService.onStartInput():1923 onStartInput(EditorInfo{inputType=0x0(NULL) imeOptions=0x0 privateImeOptions=null actionName=UNSPECIFIED actionLabel=null actionId=0 initialSelStart=-1 initialSelEnd=-1 initialCapsMode=0x0 hintText=null label=null packageName=com.example.dogglers fieldId=-1 fieldName=null extras=Bundle[EMPTY_PARCEL]}, false)
07-20 12:40:16.636 22314 22314 V ActivityScenario: Activity lifecycle changed event received but ignored because the intent does not match. startActivityIntent=Intent { act=android.intent.action.MAIN cat=[android.intent.category.LAUNCHER] cmp=com.example.dogglers/.MainActivity }, activity.getIntent()=Intent { act=android.intent.action.MAIN cat=[android.intent.category.LAUNCHER] flg=0x10000000 cmp=com.example.dogglers/androidx.test.core.app.InstrumentationActivityInvoker$EmptyActivity }, activity=androidx.test.core.app.InstrumentationActivityInvoker$EmptyActivity@fcb5a16
07-20 12:40:16.636 13023 13023 I GoogleInputMethodService: GoogleInputMethodService.updateDeviceLockedStatus():2116 checkRepeatedly = true, unlocked = true
07-20 12:40:16.638   507   507 I Layer   : id=98301[1] Destroyed Surface(name=ActivityRecord{3394578 u0 com.example.dogglers/.MainActivity)/@0x9a0ad6d - animation-bounds#0
07-20 12:40:16.638   507   507 I Layer   : id=98300[1] Destroyed Surface(name=ActivityRecord{3394578 u0 com.example.dogglers/.MainActivity)/@0x9a0ad6d - animation-leash#0
07-20 12:40:16.638   507   507 I Layer   : id=98303[1] Destroyed Surface(name=ActivityRecord{333d1f0 u0 com.example.dogglers/.VerticalListActivity)/@0xf265352 - animation-bounds#0
07-20 12:40:16.638   507   507 I Layer   : id=98302[1] Destroyed Surface(name=ActivityRecord{333d1f0 u0 com.example.dogglers/.VerticalListActivity)/@0xf265352 - animation-leash#0
07-20 12:40:16.639   471   532 D IMGGralloc: Gralloc Free  w:720, h:1600, f:0x1, usage:0xb00, ui64Stamp:3273298 line = 2441
07-20 12:40:16.640   471   532 D IMGGralloc: Gralloc Free  w:720, h:1600, f:0x1, usage:0xb00, ui64Stamp:3273284 line = 2441
07-20 12:40:16.640   471   532 D IMGGralloc: Gralloc Register  w:720, h:1600, f:0x1, usage:0xb00, ui64Stamp:3273315, sSize:4608000, line = 2335
07-20 12:40:16.642   507   507 D SurfaceFlinger: Display 0 HWC layers:
07-20 12:40:16.642   507   507 D SurfaceFlinger:      DEVICE | 0xed15d460 | 0002 | RGBA_8888    |    0.0    0.0  720.0 1600.0 |    0    0  720 1600 | com.example.dogglers/androidx.test.c[...]ationActivityInvoker$EmptyActivity#0
07-20 12:40:16.642   507   507 D SurfaceFlinger:      DEVICE | 0xed755e20 | 0000 | RGBA_8888    |    0.0    0.0  720.0   45.0 |    0    0  720   45 | StatusBar#0
07-20 12:40:16.642   507   507 D SurfaceFlinger:      DEVICE | 0xed7543e0 | 0000 | RGBA_8888    |    0.0    0.0  720.0   96.0 |    0 1504  720 1600 | NavigationBar0#0
07-20 12:40:16.642   507   507 D SurfaceFlinger:
07-20 12:40:16.644   507   542 I Layer   : id=98304 removeFromCurrentState Surface(name=34a1f20 InputMethod)/@0x63c1a9e - animation-leash#0 (60)
07-20 12:40:16.648 22314 22314 D LifecycleMonitor: Lifecycle status change: androidx.test.core.app.InstrumentationActivityInvoker$BootstrapActivity@54c5509 in: DESTROYED
07-20 12:40:16.648 22314 22314 V ActivityScenario: Activity lifecycle changed event received but ignored because the intent does not match. startActivityIntent=Intent { act=android.intent.action.MAIN cat=[android.intent.category.LAUNCHER] cmp=com.example.dogglers/.MainActivity }, activity.getIntent()=Intent { act=android.intent.action.MAIN cat=[android.intent.category.LAUNCHER] flg=0x10008000 cmp=com.example.dogglers/androidx.test.core.app.InstrumentationActivityInvoker$BootstrapActivity (has extras) }, activity=androidx.test.core.app.InstrumentationActivityInvoker$BootstrapActivity@54c5509
07-20 12:40:16.650   816  6254 I SurfaceControl: release : mNativeObject = 3676985824 - Surface(name=ActivityRecord{529683a u0 com.example.dogglers/androidx.test.core.app.InstrumentationActivityInvoker$BootstrapActivity)/@0x4ef19ac / android.view.SurfaceControl$Transaction.remove:3169 com.android.server.wm.WindowContainer.removeImmediately:607 com.android.server.wm.WindowToken.removeImmediately:392 com.android.server.wm.ActivityRecord.removeImmediately:3348
07-20 12:40:16.652   507   542 I Layer   : id=98282 removeFromCurrentState ActivityRecord{529683a u0 com.example.dogglers/androidx.test.core.app.InstrumentationActivityInvoker$BootstrapActivity#0 (60)
07-20 12:40:16.654   507   507 I Layer   : id=98282[1] Destroyed ActivityRecord{529683a u0 com.example.dogglers/androidx.test.core.app.InstrumentationActivityInvoker$BootstrapActivity#0
