07-20 12:40:09.683   470   470 D IMGGralloc: GBuffer--------------(*format)=1
07-20 12:40:09.683   470   470 D IMGGralloc: Gralloc alloc start  w:720, h:1600, f:0x1, usage:0xb00, line = 1643
07-20 12:40:09.684   507   760 W ServiceManager: Permission failure: android.permission.ACCESS_SURFACE_FLINGER from uid=10225 pid=22314
07-20 12:40:09.684   507   760 D PermissionCache: checking android.permission.ACCESS_SURFACE_FLINGER for uid=10225 => denied (862 us)
07-20 12:40:09.686   470   470 D IMGGralloc: Gralloc Alloc end  w:720, h:1600, f:0x1, usage:0xb00, handle:0xeba763c0, ui64Stamp:3272797, sSize:4608000, line = 2047
07-20 12:40:09.686   470   470 D IMGGralloc: Gralloc Free  w:720, h:1600, f:0x1, usage:0xb00, ui64Stamp:3272797 line = 2441
07-20 12:40:09.687   507   542 D IMGGralloc: Gralloc Register  w:720, h:1600, f:0x1, usage:0xb00, ui64Stamp:3272797, sSize:4608000, line = 2335
07-20 12:40:09.688 22314 22346 D IMGGralloc: Gralloc Register  w:720, h:1600, f:0x1, usage:0xb00, ui64Stamp:3272797, sSize:4608000, line = 2335
07-20 12:40:09.697 22314 22314 D InputMethodManager: prepareNavigationBarInfo() DecorView@ba26a17[MainActivity]
07-20 12:40:09.697 22314 22314 D InputMethodManager: getNavigationBarColor() -16777216
07-20 12:40:09.701   471   532 D IMGGralloc: Gralloc Register  w:720, h:1600, f:0x1, usage:0xb00, ui64Stamp:3272797, sSize:4608000, line = 2335
07-20 12:40:09.705   816   894 I SurfaceControl: release : mNativeObject = 3282848992 - Surface(name=Surface(name=180d309 Splash Screen com.example.dogglers)/@0x35e1a96 - animation-leash)/@0xb9eb12e / android.view.SurfaceControl$Transaction.remove:3169 com.android.server.wm.SurfaceAnimator.removeLeash:418 com.android.server.wm.SurfaceAnimator.reset:384 com.android.server.wm.SurfaceAnimator.lambda$getFinishedCallback$0$SurfaceAnimator:111
07-20 12:40:09.708   816   894 I SurfaceControl: release : mNativeObject = 3317551904 - Surface(name=Splash Screen com.example.dogglers)/@0xe8b23a / android.view.SurfaceControl$Transaction.remove:3169 com.android.server.wm.WindowSurfaceController.destroyNotInTransaction:218 com.android.server.wm.WindowStateAnimator.destroySurface:1603 com.android.server.wm.WindowStateAnimator.destroySurfaceLocked:638
07-20 12:40:09.708   507   542 I Layer   : id=98160 removeFromCurrentState Splash Screen com.example.dogglers#0 (55)
07-20 12:40:09.709   816   894 I SurfaceControl: release : mNativeObject = 3282850208 - Surface(name=180d309 Splash Screen com.example.dogglers)/@0x35e1a96 / android.view.SurfaceControl$Transaction.remove:3169 com.android.server.wm.WindowContainer.removeImmediately:607 com.android.server.wm.WindowState.removeImmediately:2199 com.android.server.wm.WindowState.destroySurface:3326
07-20 12:40:09.712   507   542 I Layer   : id=98159 removeFromCurrentState 180d309 Splash Screen com.example.dogglers#0 (55)
07-20 12:40:09.712   507   542 I Layer   : id=98169 removeFromCurrentState Surface(name=180d309 Splash Screen com.example.dogglers)/@0x35e1a96 - animation-leash#0 (55)
07-20 12:40:09.716   507   507 I Layer   : id=98169[1] Destroyed Surface(name=180d309 Splash Screen com.example.dogglers)/@0x35e1a96 - animation-leash#0
07-20 12:40:09.716   507   507 I Layer   : id=98159[1] Destroyed 180d309 Splash Screen com.example.dogglers#0
07-20 12:40:09.717   471   532 D IMGGralloc: Gralloc Free  w:720, h:1600, f:0x1, usage:0x966, ui64Stamp:3272691 line = 2441
07-20 12:40:09.717   816  9073 D InputMethodManagerService: isImeSwitcherDisabledPackage : false
07-20 12:40:09.717   471   532 D IMGGralloc: Gralloc Free  w:720, h:1600, f:0x1, usage:0x966, ui64Stamp:3272703 line = 2441
07-20 12:40:09.718   507   507 D IMGGralloc: Gralloc Free  w:720, h:1600, f:0x1, usage:0x966, ui64Stamp:3272703 line = 2441
07-20 12:40:09.719   507   507 I Layer   : id=98160[1] Destroyed Splash Screen com.example.dogglers#0
07-20 12:40:09.723   507   507 D SurfaceFlinger: Display 0 HWC layers:
07-20 12:40:09.723   507   507 D SurfaceFlinger:      DEVICE | 0xed7536c0 | 0002 | RGBA_8888    |    0.0    0.0  720.0 1600.0 |    0    0  720 1600 | com.example.dogglers/com.example.dogglers.MainActivity#0
07-20 12:40:09.723   507   507 D SurfaceFlinger:      DEVICE | 0xed755e20 | 0000 | RGBA_8888    |    0.0    0.0  720.0   45.0 |    0    0  720   45 | StatusBar#0
07-20 12:40:09.723   507   507 D SurfaceFlinger:      DEVICE | 0xed7543e0 | 0000 | RGBA_8888    |    0.0    0.0  720.0   96.0 |    0 1504  720 1600 | NavigationBar0#0
07-20 12:40:09.723   507   507 D SurfaceFlinger:
07-20 12:40:09.730 13023 13023 I InputTransport: Create ARC handle: 0xd2f9a450
07-20 12:40:09.731 13023 13023 E libc    : Access denied finding property "ro.vendor.input.resample_latency_ms"
07-20 12:40:09.740   507   760 D IMGGralloc: Gralloc Free  w:720, h:1600, f:0x1, usage:0x900, ui64Stamp:3272754 line = 2441
07-20 12:40:09.741   470   470 D IMGGralloc: GBuffer--------------(*format)=1
07-20 12:40:09.741   470   470 D IMGGralloc: Gralloc alloc start  w:720, h:1600, f:0x1, usage:0xb00, line = 1643
07-20 12:40:09.743   470   470 D IMGGralloc: Gralloc Alloc end  w:720, h:1600, f:0x1, usage:0xb00, handle:0xeba763c0, ui64Stamp:3272800, sSize:4608000, line = 2047
07-20 12:40:09.743   470   470 D IMGGralloc: Gralloc Free  w:720, h:1600, f:0x1, usage:0xb00, ui64Stamp:3272800 line = 2441
07-20 12:40:09.743   507   760 D IMGGralloc: Gralloc Register  w:720, h:1600, f:0x1, usage:0xb00, ui64Stamp:3272800, sSize:4608000, line = 2335
07-20 12:40:09.744 22314 22346 D IMGGralloc: Gralloc Register  w:720, h:1600, f:0x1, usage:0xb00, ui64Stamp:3272800, sSize:4608000, line = 2335
07-20 12:40:09.745   816  4847 I SurfaceControl: release : mNativeObject = 3676984672 - Surface(name=Surface(name=34a1f20 InputMethod)/@0x63c1a9e - animation-leash)/@0x2c94155 / android.view.SurfaceControl$Transaction.remove:3169 com.android.server.wm.SurfaceAnimator.cancelAnimation:365 com.android.server.wm.SurfaceAnimator.startAnimation:161 com.android.server.wm.WindowContainer.startAnimation:2127
07-20 12:40:09.746   507   760 I SurfaceFlinger: id=98170 createSurf (0x0),-1 flag=24004, Surface(name=34a1f20 InputMethod)/@0x63c1a9e - animation-leash#0
07-20 12:40:09.749 22314 22314 W xample.doggler: Accessing hidden method Landroid/os/MessageQueue;->next()Landroid/os/Message; (greylist, reflection, allowed)
07-20 12:40:09.749 22314 22314 W xample.doggler: Accessing hidden field Landroid/os/MessageQueue;->mMessages:Landroid/os/Message; (greylist, reflection, allowed)
07-20 12:40:09.750   507   760 I Layer   : id=98153 removeFromCurrentState Surface(name=34a1f20 InputMethod)/@0x63c1a9e - animation-leash#1 (53)
07-20 12:40:09.750   471   532 D IMGGralloc: Gralloc Register  w:720, h:1600, f:0x1, usage:0xb00, ui64Stamp:3272800, sSize:4608000, line = 2335
07-20 12:40:09.752  8793  8793 I SurfaceControl: release : mNativeObject = 4035269408 - Surface(name=Surface(name=34a1f20 InputMethod)/@0x63c1a9e - animation-leash)/@0xa0dfb41 / android.view.-$$Lambda$Rl1VZmNJ0VZDLK0BAbaVGis0rrA.accept:2 android.view.InsetsSourceControl.release:170 android.view.InsetsSourceConsumer.setControl:193 android.view.ImeInsetsSourceConsumer.setControl:151
07-20 12:40:09.753 22314 22314 W xample.doggler: Accessing hidden method Landroid/os/Message;->recycleUnchecked()V (greylist, reflection, allowed)
07-20 12:40:09.757 13023 13023 I GoogleInputMethodService: GoogleInputMethodService.onFinishInput():3220
07-20 12:40:09.757   816  4847 D InputMethodManagerService: isImeSwitcherDisabledPackage : false
07-20 12:40:09.758 22314 22314 I SurfaceControl: release : mNativeObject = 4035272000 - Surface(name=Surface(name=496386c NavigationBar0)/@0xb856353 - animation-leash)/@0x6ab5670 / android.view.-$$Lambda$Rl1VZmNJ0VZDLK0BAbaVGis0rrA.accept:2 android.view.InsetsSourceControl.release:170 android.view.InsetsSourceConsumer.setControl:193 android.view.InsetsController.onControlsChanged:794
07-20 12:40:09.759 22314 22314 I SurfaceControl: release : mNativeObject = 4035271936 - Surface(name=Surface(name=7580301 StatusBar)/@0xfd83951 - animation-leash)/@0x5ea1de9 / android.view.-$$Lambda$Rl1VZmNJ0VZDLK0BAbaVGis0rrA.accept:2 android.view.InsetsSourceControl.release:170 android.view.InsetsSourceConsumer.setControl:193 android.view.InsetsController.onControlsChanged:794
07-20 12:40:09.766 22314 22314 W xample.doggler: Accessing hidden method Landroid/view/WindowManagerGlobal;->getInstance()Landroid/view/WindowManagerGlobal; (greylist, reflection, allowed)
07-20 12:40:09.767 22314 22314 W xample.doggler: Accessing hidden field Landroid/view/WindowManagerGlobal;->mViews:Ljava/util/ArrayList; (greylist, reflection, allowed)
07-20 12:40:09.767 22314 22314 W xample.doggler: Accessing hidden field Landroid/view/WindowManagerGlobal;->mParams:Ljava/util/ArrayList; (greylist, reflection, allowed)
07-20 12:40:09.767 13023 13023 I GoogleInputMethodService: GoogleInputMethodService.updateDeviceLockedStatus():2116 checkRepeatedly = false, unlocked = true
07-20 12:40:09.768 13023 13023 I GoogleInputMethodService: GoogleInputMethodService.onStartInput():1923 onStartInput(EditorInfo{inputType=0x0(NULL) imeOptions=0x0 privateImeOptions=null actionName=UNSPECIFIED actionLabel=null actionId=0 initialSelStart=-1 initialSelEnd=-1 initialCapsMode=0x0 hintText=null label=null packageName=com.example.dogglers fieldId=-1 fieldName=null extras=Bundle[EMPTY_PARCEL]}, false)
07-20 12:40:09.769 13023 13023 I GoogleInputMethodService: GoogleInputMethodService.updateDeviceLockedStatus():2116 checkRepeatedly = true, unlocked = true
07-20 12:40:09.778 22314 22314 I ViewInteraction: Checking 'MatchesViewAssertion{viewMatcher=(view has effective visibility <VISIBLE> and view.getGlobalVisibleRect() to return non-empty rectangle)}' assertion on view view.getId() is <2131230936/com.example.dogglers:id/grid_btn>
07-20 12:40:09.780   479   479 D PowerHAL: ###Exit launch scene bgn###
07-20 12:40:09.781   479   479 D PowerHAL: Enter common_set_for_release_when_close: enable:0, duration: 0, /dev/cluster0_freq_max: 124F80
07-20 12:40:09.781   479   479 D PowerHAL: Enter common_set_for_release_when_close: enable:0, duration: 0, /dev/cluster0_freq_min: 124F80
07-20 12:40:09.781   479   479 D PowerHAL: Set /dev/cluster0_freq_min: F4240
07-20 12:40:09.781   479   479 D PowerHAL: Enter common_set_for_release_when_close: enable:0, duration: 0, /dev/cluster1_freq_max: 186A00
07-20 12:40:09.781   479   479 D PowerHAL: Enter common_set_for_release_when_close: enable:0, duration: 0, /dev/cluster1_freq_min: 186A00
07-20 12:40:09.781   479   479 D PowerHAL: Set /dev/cluster1_freq_min: 12B128
07-20 12:40:09.781   479   479 D PowerHAL: Enter devfreq_ddr_set: enable:0, duration: 0, /sys/class/devfreq/scene-frequency/sprd-governor/scene_boost_dfs: max
07-20 12:40:09.781   479   479 D PowerHAL: ###Exit launch scene end###
07-20 12:40:09.781   455   461 E statsd  : Predicate 5980654721335871649 dropping data for dimension key (10)0x2010101->10225[I] (10)0x30000->*launch*[S]
07-20 12:40:09.789   507   542 I SurfaceFlinger: id=98171 createSurf (0x0),-1 flag=80004, ActivityRecord{412063 u0 com.example.dogglers/androidx.test.core.app.InstrumentationActivityInvoker$EmptyActivity#0
07-20 12:40:09.790   479   479 D PowerHAL: ###Enter launch scene bgn###
07-20 12:40:09.790   479   479 D PowerHAL: Enter common_set_for_release_when_close: enable:1, duration: 0, /dev/cluster0_freq_max: 124F80
07-20 12:40:09.790   479   479 D PowerHAL: Enter common_set_for_release_when_close: enable:1, duration: 0, /dev/cluster0_freq_min: 124F80
07-20 12:40:09.790   479   479 D PowerHAL: Set /dev/cluster0_freq_min: 124F80
07-20 12:40:09.790   479   479 D PowerHAL: Enter common_set_for_release_when_close: enable:1, duration: 0, /dev/cluster1_freq_max: 186A00
07-20 12:40:09.790   479   479 D PowerHAL: Enter common_set_for_release_when_close: enable:1, duration: 0, /dev/cluster1_freq_min: 186A00
07-20 12:40:09.790   479   479 D PowerHAL: Set /dev/cluster1_freq_min: 186A00
07-20 12:40:09.790   479   479 D PowerHAL: Enter devfreq_ddr_set: enable:1, duration: 0, /sys/class/devfreq/scene-frequency/sprd-governor/scene_boost_dfs: max
07-20 12:40:09.790   479   479 D PowerHAL: ###Enter launch scene end###
07-20 12:40:09.792   455   461 E statsd  : Predicate 5980654721335871649 dropping data for dimension key (10)0x2010101->10225[I] (10)0x30000->*launch*[S]
07-20 12:40:09.797 22314 22314 D LifecycleMonitor: Lifecycle status change: com.example.dogglers.MainActivity@44fa03e in: PAUSED
07-20 12:40:09.798 22314 22314 V ActivityScenario: Update currentActivityStage to PAUSED, currentActivity=com.example.dogglers.MainActivity@44fa03e
07-20 12:40:09.817 22314 22314 D LifecycleMonitor: Lifecycle status change: androidx.test.core.app.InstrumentationActivityInvoker$EmptyActivity@23c632b in: PRE_ON_CREATE
07-20 12:40:09.818 22314 22314 V ActivityScenario: Activity lifecycle changed event received but ignored because the intent does not match. startActivityIntent=Intent { act=android.intent.action.MAIN cat=[android.intent.category.LAUNCHER] cmp=com.example.dogglers/.MainActivity }, activity.getIntent()=Intent { act=android.intent.action.MAIN cat=[android.intent.category.LAUNCHER] flg=0x10000000 cmp=com.example.dogglers/androidx.test.core.app.InstrumentationActivityInvoker$EmptyActivity }, activity=androidx.test.core.app.InstrumentationActivityInvoker$EmptyActivity@23c632b
07-20 12:40:09.834 22314 22314 D LifecycleMonitor: Lifecycle status change: androidx.test.core.app.InstrumentationActivityInvoker$EmptyActivity@23c632b in: CREATED
07-20 12:40:09.835 22314 22314 V ActivityScenario: Activity lifecycle changed event received but ignored because the intent does not match. startActivityIntent=Intent { act=android.intent.action.MAIN cat=[android.intent.category.LAUNCHER] cmp=com.example.dogglers/.MainActivity }, activity.getIntent()=Intent { act=android.intent.action.MAIN cat=[android.intent.category.LAUNCHER] flg=0x10000000 cmp=com.example.dogglers/androidx.test.core.app.InstrumentationActivityInvoker$EmptyActivity }, activity=androidx.test.core.app.InstrumentationActivityInvoker$EmptyActivity@23c632b
07-20 12:40:09.841 22314 22314 D LifecycleMonitor: Lifecycle status change: androidx.test.core.app.InstrumentationActivityInvoker$EmptyActivity@23c632b in: STARTED
07-20 12:40:09.842 22314 22314 V ActivityScenario: Activity lifecycle changed event received but ignored because the intent does not match. startActivityIntent=Intent { act=android.intent.action.MAIN cat=[android.intent.category.LAUNCHER] cmp=com.example.dogglers/.MainActivity }, activity.getIntent()=Intent { act=android.intent.action.MAIN cat=[android.intent.category.LAUNCHER] flg=0x10000000 cmp=com.example.dogglers/androidx.test.core.app.InstrumentationActivityInvoker$EmptyActivity }, activity=androidx.test.core.app.InstrumentationActivityInvoker$EmptyActivity@23c632b
07-20 12:40:09.845 22314 22314 D LifecycleMonitor: Lifecycle status change: androidx.test.core.app.InstrumentationActivityInvoker$EmptyActivity@23c632b in: RESUMED
07-20 12:40:09.846 22314 22314 V ActivityScenario: Activity lifecycle changed event received but ignored because the intent does not match. startActivityIntent=Intent { act=android.intent.action.MAIN cat=[android.intent.category.LAUNCHER] cmp=com.example.dogglers/.MainActivity }, activity.getIntent()=Intent { act=android.intent.action.MAIN cat=[android.intent.category.LAUNCHER] flg=0x10000000 cmp=com.example.dogglers/androidx.test.core.app.InstrumentationActivityInvoker$EmptyActivity }, activity=androidx.test.core.app.InstrumentationActivityInvoker$EmptyActivity@23c632b
07-20 12:40:09.854   507   760 I SurfaceFlinger: id=98172 createSurf (0x0),-1 flag=80004, 18d41d5 com.example.dogglers/androidx.test.core.app.InstrumentationActivityInvoker$EmptyActivity#0
07-20 12:40:09.858 22314 22314 I InputTransport: Create ARC handle: 0xe5941e20
07-20 12:40:09.858 22314 22314 E libc    : Access denied finding property "ro.vendor.input.resample_latency_ms"
07-20 12:40:09.874   816  4847 V WindowManager: Relayout Window{18d41d5 u0 com.example.dogglers/androidx.test.core.app.InstrumentationActivityInvoker$EmptyActivity}: viewVisibility=0 req=720x1600
07-20 12:40:09.876   507   760 I SurfaceFlinger: id=98173 createSurf (720x1600),1 flag=404, com.example.dogglers/androidx.test.core.app.InstrumentationActivityInvoker$EmptyActivity#0
07-20 12:40:09.878   816  4847 I SurfaceControl: release : mNativeObject = 3032356992 - Surface(name=Surface(name=7580301 StatusBar)/@0xfd83951 - animation-leash)/@0x106a0fb / android.view.SurfaceControl$Transaction.remove:3169 com.android.server.wm.SurfaceAnimator.cancelAnimation:365 com.android.server.wm.SurfaceAnimator.startAnimation:161 com.android.server.wm.WindowContainer.startAnimation:2127
07-20 12:40:09.879   507   760 I SurfaceFlinger: id=98174 createSurf (0x0),-1 flag=24000, Surface(name=7580301 StatusBar)/@0xfd83951 - animation-leash#0
07-20 12:40:09.880   816  4847 I SurfaceControl: release : mNativeObject = 3032357792 - Surface(name=Surface(name=496386c NavigationBar0)/@0xb856353 - animation-leash)/@0x1411b71 / android.view.SurfaceControl$Transaction.remove:3169 com.android.server.wm.SurfaceAnimator.cancelAnimation:365 com.android.server.wm.SurfaceAnimator.startAnimation:161 com.android.server.wm.WindowContainer.startAnimation:2127
07-20 12:40:09.880   507   760 I SurfaceFlinger: id=98175 createSurf (0x0),-1 flag=24000, Surface(name=496386c NavigationBar0)/@0xb856353 - animation-leash#1
07-20 12:40:09.882   816  4847 V WindowManager: Relayout hash=18d41d5, pid=22314: mAttrs={(0,0)(fillxfill) sim={adjust=pan forwardNavigation} ty=BASE_APPLICATION wanim=0x1030001
07-20 12:40:09.882   816  4847 V WindowManager:   fl=1810100
07-20 12:40:09.882   816  4847 V WindowManager:   pfl=12020000
07-20 12:40:09.882   816  4847 V WindowManager:   fitSides=}
07-20 12:40:09.883   816  4847 I SurfaceControl: release : mNativeObject = 3532755520 - Surface(name=com.example.dogglers/androidx.test.core.app.InstrumentationActivityInvoker$EmptyActivity)/@0x7ef87b7 / android.view.SurfaceControl.writeToParcel:1094 android.view.IWindowSession$Stub.onTransact:894 com.android.server.wm.Session.onTransact:139 android.os.Binder.execTransactInternal:1154
07-20 12:40:09.883   507   760 I Layer   : id=98167 removeFromCurrentState Surface(name=7580301 StatusBar)/@0xfd83951 - animation-leash#1 (58)
07-20 12:40:09.883   507   760 I Layer   : id=98168 removeFromCurrentState Surface(name=496386c NavigationBar0)/@0xb856353 - animation-leash#0 (58)
07-20 12:40:09.891 22314 22346 D OpenGLRenderer: eglCreateWindowSurface : 0xef572180
07-20 12:40:09.892   470   470 D IMGGralloc: GBuffer--------------(*format)=1
07-20 12:40:09.892   470   470 D IMGGralloc: Gralloc alloc start  w:720, h:1600, f:0x1, usage:0x900, line = 1643
07-20 12:40:09.892   470   470 D IMGGralloc: Gralloc Alloc end  w:720, h:1600, f:0x1, usage:0x900, handle:0xeba763c0, ui64Stamp:3272805, sSize:4608000, line = 2047
07-20 12:40:09.893   470   470 D IMGGralloc: Gralloc Free  w:720, h:1600, f:0x1, usage:0x900, ui64Stamp:3272805 line = 2441
07-20 12:40:09.893   507   760 D IMGGralloc: Gralloc Register  w:720, h:1600, f:0x1, usage:0x900, ui64Stamp:3272805, sSize:4608000, line = 2335
07-20 12:40:09.893   470   470 D IMGGralloc: GBuffer--------------(*format)=1
07-20 12:40:09.893   470   470 D IMGGralloc: Gralloc alloc start  w:720, h:1600, f:0x1, usage:0x900, line = 1643
07-20 12:40:09.895   470   470 D IMGGralloc: Gralloc Alloc end  w:720, h:1600, f:0x1, usage:0x900, handle:0xeba763c0, ui64Stamp:3272809, sSize:4608000, line = 2047
07-20 12:40:09.895   470   470 D IMGGralloc: Gralloc Free  w:720, h:1600, f:0x1, usage:0x900, ui64Stamp:3272809 line = 2441
07-20 12:40:09.896   507   760 D IMGGralloc: Gralloc Register  w:720, h:1600, f:0x1, usage:0x900, ui64Stamp:3272809, sSize:4608000, line = 2335
07-20 12:40:09.896   470   470 D IMGGralloc: GBuffer--------------(*format)=1
07-20 12:40:09.896   470   470 D IMGGralloc: Gralloc alloc start  w:720, h:1600, f:0x1, usage:0x900, line = 1643
07-20 12:40:09.897   507   542 D IMGGralloc: Gralloc Free  w:720, h:1600, f:0x1, usage:0x900, ui64Stamp:3272809 line = 2441
07-20 12:40:09.898   470   470 D IMGGralloc: Gralloc Alloc end  w:720, h:1600, f:0x1, usage:0x900, handle:0xeba763c0, ui64Stamp:3272813, sSize:4608000, line = 2047
07-20 12:40:09.898   470   470 D IMGGralloc: Gralloc Free  w:720, h:1600, f:0x1, usage:0x900, ui64Stamp:3272813 line = 2441
07-20 12:40:09.898   507   760 D IMGGralloc: Gralloc Register  w:720, h:1600, f:0x1, usage:0x900, ui64Stamp:3272813, sSize:4608000, line = 2335
07-20 12:40:09.899   470   470 D IMGGralloc: GBuffer--------------(*format)=1
07-20 12:40:09.899   470   470 D IMGGralloc: Gralloc alloc start  w:720, h:1600, f:0x1, usage:0xb00, line = 1643
07-20 12:40:09.899   507   507 I SurfaceFlinger: SF-Update,layer=com.example.dogglers/androidx.test.core.app.InstrumentationActivityInvoker$EmptyActivity#0,name=Window{18d41d5 u0 com.example.dogglers/androidx.test.core.app.InstrumentationActivityInvoker$EmptyActivity},token=0xed2102a0,id=98173 dirty=1,inputChanged=0,syncInput=0,visible=0,paused=0,portal=-1,param=0x1810120,feature=0x0
07-20 12:40:09.901   470   470 D IMGGralloc: Gralloc Alloc end  w:720, h:1600, f:0x1, usage:0xb00, handle:0xeba763c0, ui64Stamp:3272817, sSize:4608000, line = 2047
07-20 12:40:09.901   470   470 D IMGGralloc: Gralloc Free  w:720, h:1600, f:0x1, usage:0xb00, ui64Stamp:3272817 line = 2441
07-20 12:40:09.901   507   542 D IMGGralloc: Gralloc Register  w:720, h:1600, f:0x1, usage:0xb00, ui64Stamp:3272817, sSize:4608000, line = 2335
07-20 12:40:09.902 22314 22346 D IMGGralloc: Gralloc Register  w:720, h:1600, f:0x1, usage:0xb00, ui64Stamp:3272817, sSize:4608000, line = 2335
07-20 12:40:09.966   816   898 I ActivityTaskManager: Displayed com.example.dogglers/androidx.test.core.app.InstrumentationActivityInvoker$EmptyActivity: +176ms
07-20 12:40:09.973 22314 22314 I SurfaceControl: release : mNativeObject = 3954023200 - Surface(name=Surface(name=34a1f20 InputMethod)/@0x63c1a9e - animation-leash)/@0xd495359 / android.view.-$$Lambda$Rl1VZmNJ0VZDLK0BAbaVGis0rrA.accept:2 android.view.InsetsSourceControl.release:170 android.view.InsetsSourceConsumer.setControl:193 android.view.ImeInsetsSourceConsumer.setControl:151
07-20 12:40:09.973 22314 22314 I SurfaceControl: release : mNativeObject = 3954023040 - Surface(name=Surface(name=496386c NavigationBar0)/@0xb856353 - animation-leash)/@0xf73cb1e / android.view.-$$Lambda$Rl1VZmNJ0VZDLK0BAbaVGis0rrA.accept:2 android.view.InsetsSourceControl.release:170 android.view.InsetsSourceConsumer.setControl:193 android.view.InsetsController.onControlsChanged:794
07-20 12:40:09.974 22314 22314 I SurfaceControl: release : mNativeObject = 3954022656 - Surface(name=Surface(name=7580301 StatusBar)/@0xfd83951 - animation-leash)/@0x78671cc / android.view.-$$Lambda$Rl1VZmNJ0VZDLK0BAbaVGis0rrA.accept:2 android.view.InsetsSourceControl.release:170 android.view.InsetsSourceConsumer.setControl:193 android.view.InsetsController.onControlsChanged:794
07-20 12:40:09.982   507   507 I Layer   : id=98168[1] Destroyed Surface(name=496386c NavigationBar0)/@0xb856353 - animation-leash#0
07-20 12:40:09.982   507   507 I Layer   : id=98167[1] Destroyed Surface(name=7580301 StatusBar)/@0xfd83951 - animation-leash#1
07-20 12:40:09.983   471   532 D IMGGralloc: Gralloc Free  w:720, h:1600, f:0x1, usage:0xb00, ui64Stamp:3272800 line = 2441
07-20 12:40:09.984   471   532 D IMGGralloc: Gralloc Free  w:720, h:1600, f:0x1, usage:0xb00, ui64Stamp:3272797 line = 2441
07-20 12:40:09.984   471   532 D IMGGralloc: Gralloc Free  w:720, h:1600, f:0x1, usage:0xb00, ui64Stamp:3272766 line = 2441
07-20 12:40:09.984   471   532 D IMGGralloc: Gralloc Register  w:720, h:1600, f:0x1, usage:0xb00, ui64Stamp:3272817, sSize:4608000, line = 2335
07-20 12:40:09.986   507   760 I SurfaceFlinger: id=98176 createSurf (0x0),-1 flag=80004, ActivityRecord{7006590 u0 com.example.dogglers/androidx.test.core.app.InstrumentationActivityInvoker$EmptyActivity#0
07-20 12:40:09.987   507   507 D SurfaceFlinger: Display 0 HWC layers:
07-20 12:40:09.987   507   507 D SurfaceFlinger:      DEVICE | 0xed755ec0 | 0002 | RGBA_8888    |    0.0    0.0  720.0 1600.0 |    0    0  720 1600 | com.example.dogglers/androidx.test.c[...]ationActivityInvoker$EmptyActivity#0
07-20 12:40:09.987   507   507 D SurfaceFlinger:      DEVICE | 0xed755e20 | 0000 | RGBA_8888    |    0.0    0.0  720.0   45.0 |    0    0  720   45 | StatusBar#0
07-20 12:40:09.987   507   507 D SurfaceFlinger:      DEVICE | 0xed7543e0 | 0000 | RGBA_8888    |    0.0    0.0  720.0   96.0 |    0 1504  720 1600 | NavigationBar0#0
07-20 12:40:09.987   507   507 D SurfaceFlinger:
07-20 12:40:09.989 22314 22314 I SurfaceControl: release : mNativeObject = 4035271808 - Surface(name=com.example.dogglers/com.example.dogglers.MainActivity)/@0x58d7b2a / android.view.ViewRootImpl.destroySurface:1890 android.view.ViewRootImpl.setWindowStopped:1773 android.view.WindowManagerGlobal.setStoppedState:672 android.app.Activity.performStop:8213
07-20 12:40:09.990 22314 22314 D LifecycleMonitor: Lifecycle status change: com.example.dogglers.MainActivity@44fa03e in: STOPPED
07-20 12:40:09.991 22314 22314 V ActivityScenario: Update currentActivityStage to STOPPED, currentActivity=com.example.dogglers.MainActivity@44fa03e
07-20 12:40:09.997 22314 22314 D LifecycleMonitor: Lifecycle status change: com.example.dogglers.MainActivity@44fa03e in: DESTROYED
07-20 12:40:09.998 22314 22314 V ActivityScenario: Update currentActivityStage to DESTROYED, currentActivity=null
07-20 12:40:10.003 22314 22346 D OpenGLRenderer: destroyEglSurface : 0xd6c425c0
07-20 12:40:10.004 22314 22346 D IMGGralloc: Gralloc Free  w:720, h:1600, f:0x1, usage:0xb00, ui64Stamp:3272800 line = 2441
07-20 12:40:10.004 22314 22346 D IMGGralloc: Gralloc Free  w:720, h:1600, f:0x1, usage:0xb00, ui64Stamp:3272797 line = 2441
07-20 12:40:10.004 22314 22346 D IMGGralloc: Gralloc Free  w:720, h:1600, f:0x1, usage:0xb00, ui64Stamp:3272766 line = 2441
07-20 12:40:10.004   507   567 D IMGGralloc: Gralloc Free  w:720, h:1600, f:0x1, usage:0xb00, ui64Stamp:3272797 line = 2441
07-20 12:40:10.007   816  4847 I SurfaceControl: release : mNativeObject = 3122388224 - Surface(name=d1f2483 com.example.dogglers/com.example.dogglers.MainActivity)/@0x77d4e89 / android.view.SurfaceControl$Transaction.remove:3169 com.android.server.wm.WindowContainer.removeImmediately:607 com.android.server.wm.WindowState.removeImmediately:2199 com.android.server.wm.WindowState.removeIfPossible:2373
07-20 12:40:10.007   816  4847 I SurfaceControl: release : mNativeObject = 3122387840 - Surface(name=com.example.dogglers/com.example.dogglers.MainActivity)/@0x53e5e8e / android.view.SurfaceControl$Transaction.remove:3169 com.android.server.wm.WindowSurfaceController.destroyNotInTransaction:218 com.android.server.wm.WindowStateAnimator.destroySurface:1603 com.android.server.wm.WindowStateAnimator.destroySurfaceLocked:638
07-20 12:40:10.008   507   760 I Layer   : id=98166 removeFromCurrentState com.example.dogglers/com.example.dogglers.MainActivity#0 (57)
07-20 12:40:10.010   507   760 I Layer   : id=98165 removeFromCurrentState d1f2483 com.example.dogglers/com.example.dogglers.MainActivity#0 (57)
07-20 12:40:10.010 22314 22314 I InputTransport: Destroy ARC handle: 0xe5894e80
07-20 12:40:10.012   816  9073 I SurfaceControl: release : mNativeObject = 3532754848 - Surface(name=ActivityRecord{d65d5b1 u0 com.example.dogglers/.MainActivity)/@0xbcb3565 / android.view.SurfaceControl$Transaction.remove:3169 com.android.server.wm.WindowContainer.removeImmediately:607 com.android.server.wm.WindowToken.removeImmediately:392 com.android.server.wm.ActivityRecord.removeImmediately:3348
07-20 12:40:10.014   507   507 I Layer   : id=98165[1] Destroyed d1f2483 com.example.dogglers/com.example.dogglers.MainActivity#0
07-20 12:40:10.015   507   507 D IMGGralloc: Gralloc Free  w:720, h:1600, f:0x1, usage:0xb00, ui64Stamp:3272800 line = 2441
07-20 12:40:10.015   507   507 D IMGGralloc: Gralloc Free  w:720, h:1600, f:0x1, usage:0xb00, ui64Stamp:3272766 line = 2441
07-20 12:40:10.017   507   507 I Layer   : id=98166[1] Destroyed com.example.dogglers/com.example.dogglers.MainActivity#0
07-20 12:40:10.020   507   760 I Layer   : id=98164 removeFromCurrentState ActivityRecord{d65d5b1 u0 com.example.dogglers/.MainActivity#0 (55)
07-20 12:40:10.024 22314 22314 D LifecycleMonitor: Lifecycle status change: androidx.test.core.app.InstrumentationActivityInvoker$EmptyActivity@23c632b in: PAUSED
07-20 12:40:10.025 22314 22314 V ActivityScenario: Activity lifecycle changed event received but ignored because the intent does not match. startActivityIntent=Intent { act=android.intent.action.MAIN cat=[android.intent.category.LAUNCHER] cmp=com.example.dogglers/.MainActivity }, activity.getIntent()=Intent { act=android.intent.action.MAIN cat=[android.intent.category.LAUNCHER] flg=0x10000000 cmp=com.example.dogglers/androidx.test.core.app.InstrumentationActivityInvoker$EmptyActivity }, activity=androidx.test.core.app.InstrumentationActivityInvoker$EmptyActivity@23c632b
07-20 12:40:10.031   507   507 I Layer   : id=98164[1] Destroyed ActivityRecord{d65d5b1 u0 com.example.dogglers/.MainActivity#0
07-20 12:40:10.033   816  9073 D NetdEventListenerService: DNS Requested by : 805, 10223
07-20 12:40:10.035 22314 22314 D InputMethodManager: prepareNavigationBarInfo() DecorView@e011491[InstrumentationActivityInvoker$EmptyActivity]
07-20 12:40:10.036 22314 22314 D InputMethodManager: getNavigationBarColor() -16777216
07-20 12:40:10.039   816  9073 I SurfaceControl: release : mNativeObject = 3282850080 - Surface(name=Surface(name=34a1f20 InputMethod)/@0x63c1a9e - animation-leash)/@0xf9fb806 / android.view.SurfaceControl$Transaction.remove:3169 com.android.server.wm.SurfaceAnimator.cancelAnimation:365 com.android.server.wm.SurfaceAnimator.startAnimation:161 com.android.server.wm.WindowContainer.startAnimation:2127
07-20 12:40:10.039   507   760 I SurfaceFlinger: id=98177 createSurf (0x0),-1 flag=24004, Surface(name=34a1f20 InputMethod)/@0x63c1a9e - animation-leash#1
07-20 12:40:10.040 13023 13023 I GoogleInputMethodService: GoogleInputMethodService.onFinishInput():3220
07-20 12:40:10.040 22314 22314 D LifecycleMonitor: Lifecycle status change: androidx.test.core.app.InstrumentationActivityInvoker$BootstrapActivity@6da4bbc in: DESTROYED
07-20 12:40:10.041 13023 13023 I GoogleInputMethodService: GoogleInputMethodService.updateDeviceLockedStatus():2116 checkRepeatedly = false, unlocked = true
07-20 12:40:10.041 13023 13023 I GoogleInputMethodService: GoogleInputMethodService.onStartInput():1923 onStartInput(EditorInfo{inputType=0x0(NULL) imeOptions=0x0 privateImeOptions=null actionName=UNSPECIFIED actionLabel=null actionId=0 initialSelStart=-1 initialSelEnd=-1 initialCapsMode=0x0 hintText=null label=null packageName=com.example.dogglers fieldId=-1 fieldName=null extras=Bundle[EMPTY_PARCEL]}, false)
07-20 12:40:10.041 22314 22314 V ActivityScenario: Activity lifecycle changed event received but ignored because the intent does not match. startActivityIntent=Intent { act=android.intent.action.MAIN cat=[android.intent.category.LAUNCHER] cmp=com.example.dogglers/.MainActivity }, activity.getIntent()=Intent { act=android.intent.action.MAIN cat=[android.intent.category.LAUNCHER] flg=0x10008000 cmp=com.example.dogglers/androidx.test.core.app.InstrumentationActivityInvoker$BootstrapActivity (has extras) }, activity=androidx.test.core.app.InstrumentationActivityInvoker$BootstrapActivity@6da4bbc
07-20 12:40:10.042 13023 13023 I GoogleInputMethodService: GoogleInputMethodService.updateDeviceLockedStatus():2116 checkRepeatedly = true, unlocked = true
07-20 12:40:10.043   816  9073 I SurfaceControl: release : mNativeObject = 3273621536 - Surface(name=ActivityRecord{c2b106a u0 com.example.dogglers/androidx.test.core.app.InstrumentationActivityInvoker$BootstrapActivity)/@0x96d0ecb / android.view.SurfaceControl$Transaction.remove:3169 com.android.server.wm.WindowContainer.removeImmediately:607 com.android.server.wm.WindowToken.removeImmediately:392 com.android.server.wm.ActivityRecord.removeImmediately:3348
07-20 12:40:10.047   507   760 I Layer   : id=98170 removeFromCurrentState Surface(name=34a1f20 InputMethod)/@0x63c1a9e - animation-leash#0 (55)
07-20 12:40:10.047   507   760 I Layer   : id=98158 removeFromCurrentState ActivityRecord{c2b106a u0 com.example.dogglers/androidx.test.core.app.InstrumentationActivityInvoker$BootstrapActivity#0 (55)
07-20 12:40:10.048   507   507 I Layer   : id=98158[1] Destroyed ActivityRecord{c2b106a u0 com.example.dogglers/androidx.test.core.app.InstrumentationActivityInvoker$BootstrapActivity#0
07-20 12:40:10.051 22314 22314 D LifecycleMonitor: Lifecycle status change: androidx.test.core.app.InstrumentationActivityInvoker$EmptyActivity@e6ebff7 in: PRE_ON_CREATE
07-20 12:40:10.052 22314 22314 V ActivityScenario: Activity lifecycle changed event received but ignored because the intent does not match. startActivityIntent=Intent { act=android.intent.action.MAIN cat=[android.intent.category.LAUNCHER] cmp=com.example.dogglers/.MainActivity }, activity.getIntent()=Intent { act=android.intent.action.MAIN cat=[android.intent.category.LAUNCHER] flg=0x10000000 cmp=com.example.dogglers/androidx.test.core.app.InstrumentationActivityInvoker$EmptyActivity }, activity=androidx.test.core.app.InstrumentationActivityInvoker$EmptyActivity@e6ebff7
07-20 12:40:10.068 22314 22314 D LifecycleMonitor: Lifecycle status change: androidx.test.core.app.InstrumentationActivityInvoker$EmptyActivity@e6ebff7 in: CREATED
07-20 12:40:10.069 22314 22314 V ActivityScenario: Activity lifecycle changed event received but ignored because the intent does not match. startActivityIntent=Intent { act=android.intent.action.MAIN cat=[android.intent.category.LAUNCHER] cmp=com.example.dogglers/.MainActivity }, activity.getIntent()=Intent { act=android.intent.action.MAIN cat=[android.intent.category.LAUNCHER] flg=0x10000000 cmp=com.example.dogglers/androidx.test.core.app.InstrumentationActivityInvoker$EmptyActivity }, activity=androidx.test.core.app.InstrumentationActivityInvoker$EmptyActivity@e6ebff7
07-20 12:40:10.076 22314 22314 D LifecycleMonitor: Lifecycle status change: androidx.test.core.app.InstrumentationActivityInvoker$EmptyActivity@e6ebff7 in: STARTED
07-20 12:40:10.076 22314 22314 V ActivityScenario: Activity lifecycle changed event received but ignored because the intent does not match. startActivityIntent=Intent { act=android.intent.action.MAIN cat=[android.intent.category.LAUNCHER] cmp=com.example.dogglers/.MainActivity }, activity.getIntent()=Intent { act=android.intent.action.MAIN cat=[android.intent.category.LAUNCHER] flg=0x10000000 cmp=com.example.dogglers/androidx.test.core.app.InstrumentationActivityInvoker$EmptyActivity }, activity=androidx.test.core.app.InstrumentationActivityInvoker$EmptyActivity@e6ebff7
07-20 12:40:10.079 22314 22314 D LifecycleMonitor: Lifecycle status change: androidx.test.core.app.InstrumentationActivityInvoker$EmptyActivity@e6ebff7 in: RESUMED
07-20 12:40:10.080 22314 22314 V ActivityScenario: Activity lifecycle changed event received but ignored because the intent does not match. startActivityIntent=Intent { act=android.intent.action.MAIN cat=[android.intent.category.LAUNCHER] cmp=com.example.dogglers/.MainActivity }, activity.getIntent()=Intent { act=android.intent.action.MAIN cat=[android.intent.category.LAUNCHER] flg=0x10000000 cmp=com.example.dogglers/androidx.test.core.app.InstrumentationActivityInvoker$EmptyActivity }, activity=androidx.test.core.app.InstrumentationActivityInvoker$EmptyActivity@e6ebff7
07-20 12:40:10.087   507   542 I SurfaceFlinger: id=98178 createSurf (0x0),-1 flag=80004, f7b3554 com.example.dogglers/androidx.test.core.app.InstrumentationActivityInvoker$EmptyActivity#0
07-20 12:40:10.091 22314 22314 I InputTransport: Create ARC handle: 0xe59007c0
07-20 12:40:10.092 22314 22314 E libc    : Access denied finding property "ro.vendor.input.resample_latency_ms"
07-20 12:40:10.095   816  4847 D InputMethodManagerService: isImeSwitcherDisabledPackage : false
07-20 12:40:10.096 22314 22314 I SurfaceControl: release : mNativeObject = 3954024000 - Surface(name=Surface(name=496386c NavigationBar0)/@0xb856353 - animation-leash)/@0xec56493 / android.view.-$$Lambda$Rl1VZmNJ0VZDLK0BAbaVGis0rrA.accept:2 android.view.InsetsSourceControl.release:170 android.view.InsetsSourceConsumer.setControl:193 android.view.InsetsController.onControlsChanged:794
07-20 12:40:10.096 22314 22314 I SurfaceControl: release : mNativeObject = 3954023936 - Surface(name=Surface(name=7580301 StatusBar)/@0xfd83951 - animation-leash)/@0xb62ccd0 / android.view.-$$Lambda$Rl1VZmNJ0VZDLK0BAbaVGis0rrA.accept:2 android.view.InsetsSourceControl.release:170 android.view.InsetsSourceConsumer.setControl:193 android.view.InsetsController.onControlsChanged:794
07-20 12:40:10.105   816  4847 V WindowManager: Relayout Window{f7b3554 u0 com.example.dogglers/androidx.test.core.app.InstrumentationActivityInvoker$EmptyActivity}: viewVisibility=0 req=720x1600
07-20 12:40:10.107   507   542 I SurfaceFlinger: id=98179 createSurf (720x1600),1 flag=404, com.example.dogglers/androidx.test.core.app.InstrumentationActivityInvoker$EmptyActivity#1
07-20 12:40:10.109   816  4847 I SurfaceControl: release : mNativeObject = 3032355712 - Surface(name=Surface(name=7580301 StatusBar)/@0xfd83951 - animation-leash)/@0x13d1f78 / android.view.SurfaceControl$Transaction.remove:3169 com.android.server.wm.SurfaceAnimator.cancelAnimation:365 com.android.server.wm.SurfaceAnimator.startAnimation:161 com.android.server.wm.WindowContainer.startAnimation:2127
07-20 12:40:10.110   507   542 I SurfaceFlinger: id=98180 createSurf (0x0),-1 flag=24000, Surface(name=7580301 StatusBar)/@0xfd83951 - animation-leash#1
07-20 12:40:10.111   816  4847 I SurfaceControl: release : mNativeObject = 2943042080 - Surface(name=Surface(name=496386c NavigationBar0)/@0xb856353 - animation-leash)/@0x4cc2eb6 / android.view.SurfaceControl$Transaction.remove:3169 com.android.server.wm.SurfaceAnimator.cancelAnimation:365 com.android.server.wm.SurfaceAnimator.startAnimation:161 com.android.server.wm.WindowContainer.startAnimation:2127
07-20 12:40:10.111   507   542 I SurfaceFlinger: id=98181 createSurf (0x0),-1 flag=24000, Surface(name=496386c NavigationBar0)/@0xb856353 - animation-leash#0
07-20 12:40:10.113   816  4847 V WindowManager: Relayout hash=f7b3554, pid=22314: mAttrs={(0,0)(fillxfill) sim={adjust=pan forwardNavigation} ty=BASE_APPLICATION wanim=0x1030001
07-20 12:40:10.113   816  4847 V WindowManager:   fl=1810100
07-20 12:40:10.113   816  4847 V WindowManager:   pfl=12020000
07-20 12:40:10.113   816  4847 V WindowManager:   fitSides=}
07-20 12:40:10.113   816  4847 I SurfaceControl: release : mNativeObject = 3122386976 - Surface(name=com.example.dogglers/androidx.test.core.app.InstrumentationActivityInvoker$EmptyActivity)/@0x45873e / android.view.SurfaceControl.writeToParcel:1094 android.view.IWindowSession$Stub.onTransact:894 com.android.server.wm.Session.onTransact:139 android.os.Binder.execTransactInternal:1154
07-20 12:40:10.115   507   542 I Layer   : id=98174 removeFromCurrentState Surface(name=7580301 StatusBar)/@0xfd83951 - animation-leash#0 (58)
07-20 12:40:10.116   507   542 I Layer   : id=98175 removeFromCurrentState Surface(name=496386c NavigationBar0)/@0xb856353 - animation-leash#1 (58)
07-20 12:40:10.121 22314 22346 D OpenGLRenderer: eglCreateWindowSurface : 0xee23f8a0
07-20 12:40:10.122   470   470 D IMGGralloc: GBuffer--------------(*format)=1
07-20 12:40:10.122   470   470 D IMGGralloc: Gralloc alloc start  w:720, h:1600, f:0x1, usage:0x900, line = 1643
07-20 12:40:10.123   470   470 D IMGGralloc: Gralloc Alloc end  w:720, h:1600, f:0x1, usage:0x900, handle:0xeba763c0, ui64Stamp:3272829, sSize:4608000, line = 2047
07-20 12:40:10.124   470   470 D IMGGralloc: Gralloc Free  w:720, h:1600, f:0x1, usage:0x900, ui64Stamp:3272829 line = 2441
07-20 12:40:10.124   507   760 D IMGGralloc: Gralloc Register  w:720, h:1600, f:0x1, usage:0x900, ui64Stamp:3272829, sSize:4608000, line = 2335
07-20 12:40:10.124   470   470 D IMGGralloc: GBuffer--------------(*format)=1
07-20 12:40:10.124   470   470 D IMGGralloc: Gralloc alloc start  w:720, h:1600, f:0x1, usage:0x900, line = 1643
07-20 12:40:10.126   470   470 D IMGGralloc: Gralloc Alloc end  w:720, h:1600, f:0x1, usage:0x900, handle:0xeba763c0, ui64Stamp:3272833, sSize:4608000, line = 2047
07-20 12:40:10.126   470   470 D IMGGralloc: Gralloc Free  w:720, h:1600, f:0x1, usage:0x900, ui64Stamp:3272833 line = 2441
07-20 12:40:10.127   507   760 D IMGGralloc: Gralloc Register  w:720, h:1600, f:0x1, usage:0x900, ui64Stamp:3272833, sSize:4608000, line = 2335
07-20 12:40:10.127   470   470 D IMGGralloc: GBuffer--------------(*format)=1
07-20 12:40:10.127   470   470 D IMGGralloc: Gralloc alloc start  w:720, h:1600, f:0x1, usage:0x900, line = 1643
07-20 12:40:10.128   507   542 D IMGGralloc: Gralloc Free  w:720, h:1600, f:0x1, usage:0x900, ui64Stamp:3272833 line = 2441
07-20 12:40:10.129   470   470 D IMGGralloc: Gralloc Alloc end  w:720, h:1600, f:0x1, usage:0x900, handle:0xeba763c0, ui64Stamp:3272837, sSize:4608000, line = 2047
07-20 12:40:10.130   470   470 D IMGGralloc: Gralloc Free  w:720, h:1600, f:0x1, usage:0x900, ui64Stamp:3272837 line = 2441
07-20 12:40:10.130   507   760 D IMGGralloc: Gralloc Register  w:720, h:1600, f:0x1, usage:0x900, ui64Stamp:3272837, sSize:4608000, line = 2335
07-20 12:40:10.130   470   470 D IMGGralloc: GBuffer--------------(*format)=1
07-20 12:40:10.130   470   470 D IMGGralloc: Gralloc alloc start  w:720, h:1600, f:0x1, usage:0xb00, line = 1643
07-20 12:40:10.131   507   507 I SurfaceFlinger: SF-Update,layer=com.example.dogglers/androidx.test.core.app.InstrumentationActivityInvoker$EmptyActivity#1,name=Window{f7b3554 u0 com.example.dogglers/androidx.test.core.app.InstrumentationActivityInvoker$EmptyActivity},token=0xed20e4a0,id=98179 dirty=1,inputChanged=0,syncInput=0,visible=0,paused=0,portal=-1,param=0x1810120,feature=0x0
07-20 12:40:10.132   470   470 D IMGGralloc: Gralloc Alloc end  w:720, h:1600, f:0x1, usage:0xb00, handle:0xeba763c0, ui64Stamp:3272841, sSize:4608000, line = 2047
07-20 12:40:10.132   470   470 D IMGGralloc: Gralloc Free  w:720, h:1600, f:0x1, usage:0xb00, ui64Stamp:3272841 line = 2441
07-20 12:40:10.133   507   542 D IMGGralloc: Gralloc Register  w:720, h:1600, f:0x1, usage:0xb00, ui64Stamp:3272841, sSize:4608000, line = 2335
07-20 12:40:10.133   479   502 D PowerHAL: ##Timing deboost
07-20 12:40:10.133   479   502 D PowerHAL: Enter common_set_for_release_when_close: enable:0, duration: 0, /dev/cluster0_freq_min:
07-20 12:40:10.133   479   502 D PowerHAL: ##Timing deboost
07-20 12:40:10.133   479   502 D PowerHAL: Enter common_set_for_release_when_close: enable:0, duration: 0, /dev/cluster1_freq_min:
07-20 12:40:10.133 22314 22346 D IMGGralloc: Gralloc Register  w:720, h:1600, f:0x1, usage:0xb00, ui64Stamp:3272841, sSize:4608000, line = 2335
07-20 12:40:10.133   479   502 D PowerHAL: ##Timing deboost
07-20 12:40:10.133   479   502 D PowerHAL: Enter common_set_for_release_when_close: enable:0, duration: 0, /dev/cluster0_freq_max:
07-20 12:40:10.133   479   502 D PowerHAL: ##Timing deboost
07-20 12:40:10.133   479   502 D PowerHAL: Enter common_set_for_release_when_close: enable:0, duration: 0, /dev/cluster1_freq_max:
07-20 12:40:10.133   479   502 D PowerHAL: ##Timing deboost
07-20 12:40:10.134   479   502 D PowerHAL: Enter devfreq_ddr_set: enable:0, duration: 0, /sys/class/devfreq/scene-frequency/sprd-governor/scene_boost_dfs:
07-20 12:40:10.143   816   898 I ActivityTaskManager: Displayed com.example.dogglers/androidx.test.core.app.InstrumentationActivityInvoker$EmptyActivity: +157ms
07-20 12:40:10.149   471   532 D IMGGralloc: Gralloc Free  w:720, h:1600, f:0x1, usage:0xb00, ui64Stamp:3272817 line = 2441
07-20 12:40:10.150   471   532 D IMGGralloc: Gralloc Register  w:720, h:1600, f:0x1, usage:0xb00, ui64Stamp:3272841, sSize:4608000, line = 2335
07-20 12:40:10.150 22314 22314 I SurfaceControl: release : mNativeObject = 3954023168 - Surface(name=Surface(name=34a1f20 InputMethod)/@0x63c1a9e - animation-leash)/@0xc58c4c9 / android.view.-$$Lambda$Rl1VZmNJ0VZDLK0BAbaVGis0rrA.accept:2 android.view.InsetsSourceControl.release:170 android.view.InsetsSourceConsumer.setControl:193 android.view.ImeInsetsSourceConsumer.setControl:151
07-20 12:40:10.152 22314 22314 I SurfaceControl: release : mNativeObject = 3954022592 - Surface(name=Surface(name=496386c NavigationBar0)/@0xb856353 - animation-leash)/@0xa3737ce / android.view.-$$Lambda$Rl1VZmNJ0VZDLK0BAbaVGis0rrA.accept:2 android.view.InsetsSourceControl.release:170 android.view.InsetsSourceConsumer.setControl:193 android.view.InsetsController.onControlsChanged:794
07-20 12:40:10.152   507   507 D SurfaceFlinger: Display 0 HWC layers:
07-20 12:40:10.152   507   507 D SurfaceFlinger:      DEVICE | 0xed755560 | 0002 | RGBA_8888    |    0.0    0.0  720.0 1600.0 |    0    0  720 1600 | com.example.dogglers/androidx.test.c[...]ationActivityInvoker$EmptyActivity#1
07-20 12:40:10.152   507   507 D SurfaceFlinger:      DEVICE | 0xed755e20 | 0000 | RGBA_8888    |    0.0    0.0  720.0   45.0 |    0    0  720   45 | StatusBar#0
07-20 12:40:10.152   507   507 D SurfaceFlinger:      DEVICE | 0xed7543e0 | 0000 | RGBA_8888    |    0.0    0.0  720.0   96.0 |    0 1504  720 1600 | NavigationBar0#0
07-20 12:40:10.152   507   507 D SurfaceFlinger:
07-20 12:40:10.153 22314 22314 I SurfaceControl: release : mNativeObject = 4035271872 - Surface(name=Surface(name=7580301 StatusBar)/@0xfd83951 - animation-leash)/@0x3d7b6ef / android.view.-$$Lambda$Rl1VZmNJ0VZDLK0BAbaVGis0rrA.accept:2 android.view.InsetsSourceControl.release:170 android.view.InsetsSourceConsumer.setControl:193 android.view.InsetsController.onControlsChanged:794
07-20 12:40:10.164   507   507 I Layer   : id=98175[1] Destroyed Surface(name=496386c NavigationBar0)/@0xb856353 - animation-leash#1
07-20 12:40:10.164 22314 22314 D InputMethodManager: prepareNavigationBarInfo() DecorView@86fe5fc[InstrumentationActivityInvoker$EmptyActivity]
07-20 12:40:10.164 22314 22314 D InputMethodManager: getNavigationBarColor() -16777216
07-20 12:40:10.164   507   507 I Layer   : id=98174[1] Destroyed Surface(name=7580301 StatusBar)/@0xfd83951 - animation-leash#0
07-20 12:40:10.167   816  9073 I SurfaceControl: release : mNativeObject = 3532751264 - Surface(name=Surface(name=34a1f20 InputMethod)/@0x63c1a9e - animation-leash)/@0xbc5d59a / android.view.SurfaceControl$Transaction.remove:3169 com.android.server.wm.SurfaceAnimator.cancelAnimation:365 com.android.server.wm.SurfaceAnimator.startAnimation:161 com.android.server.wm.WindowContainer.startAnimation:2127
07-20 12:40:10.167   507   979 I SurfaceFlinger: id=98182 createSurf (0x0),-1 flag=24004, Surface(name=34a1f20 InputMethod)/@0x63c1a9e - animation-leash#0
07-20 12:40:10.168 22314 22346 D OpenGLRenderer: destroyEglSurface : 0xef572180
07-20 12:40:10.168 13023 13023 I GoogleInputMethodService: GoogleInputMethodService.onFinishInput():3220
07-20 12:40:10.169 13023 13023 I GoogleInputMethodService: GoogleInputMethodService.updateDeviceLockedStatus():2116 checkRepeatedly = false, unlocked = true
07-20 12:40:10.169 13023 13023 I GoogleInputMethodService: GoogleInputMethodService.onStartInput():1923 onStartInput(EditorInfo{inputType=0x0(NULL) imeOptions=0x0 privateImeOptions=null actionName=UNSPECIFIED actionLabel=null actionId=0 initialSelStart=-1 initialSelEnd=-1 initialCapsMode=0x0 hintText=null label=null packageName=com.example.dogglers fieldId=-1 fieldName=null extras=Bundle[EMPTY_PARCEL]}, false)
07-20 12:40:10.170 22314 22346 D IMGGralloc: Gralloc Free  w:720, h:1600, f:0x1, usage:0xb00, ui64Stamp:3272817 line = 2441
07-20 12:40:10.170   507   979 D IMGGralloc: Gralloc Free  w:720, h:1600, f:0x1, usage:0x900, ui64Stamp:3272813 line = 2441
07-20 12:40:10.170 13023 13023 I GoogleInputMethodService: GoogleInputMethodService.updateDeviceLockedStatus():2116 checkRepeatedly = true, unlocked = true
07-20 12:40:10.170   507   979 D IMGGralloc: Gralloc Free  w:720, h:1600, f:0x1, usage:0x900, ui64Stamp:3272805 line = 2441
07-20 12:40:10.172   816  9073 V WindowManager: Relayout Window{18d41d5 u0 com.example.dogglers/androidx.test.core.app.InstrumentationActivityInvoker$EmptyActivity}: viewVisibility=8 req=720x1600
07-20 12:40:10.174   507   979 I Layer   : id=98177 removeFromCurrentState Surface(name=34a1f20 InputMethod)/@0x63c1a9e - animation-leash#1 (57)
07-20 12:40:10.177   816  9073 V WindowManager: Relayout hash=18d41d5, pid=22314: mAttrs={(0,0)(fillxfill) sim={adjust=pan forwardNavigation} ty=BASE_APPLICATION wanim=0x1030001
07-20 12:40:10.177   816  9073 V WindowManager:   fl=1810100
07-20 12:40:10.177   816  9073 V WindowManager:   pfl=12020000
07-20 12:40:10.177   816  9073 V WindowManager:   fitSides=}
07-20 12:40:10.179 22314 22314 I SurfaceControl: release : mNativeObject = 3954024064 - Surface(name=null)/@0xc9fe485 / android.view.SurfaceControl.assignNativeObject:528 android.view.SurfaceControl.readFromParcel:1073 android.view.IWindowSession$Stub$Proxy.relayout:1734 android.view.ViewRootImpl.relayoutWindow:7498
07-20 12:40:10.180 22314 22314 I SurfaceControl: release : mNativeObject = 3850578272 - Surface(name=Surface(name=34a1f20 InputMethod)/@0x63c1a9e - animation-leash)/@0xb9302da / android.view.-$$Lambda$Rl1VZmNJ0VZDLK0BAbaVGis0rrA.accept:2 android.view.InsetsSourceControl.release:170 android.view.InsetsSourceConsumer.setControl:193 android.view.ImeInsetsSourceConsumer.setControl:151
07-20 12:40:10.183 22314 22314 D LifecycleMonitor: Lifecycle status change: androidx.test.core.app.InstrumentationActivityInvoker$EmptyActivity@23c632b in: STOPPED
