07-20 12:40:10.528 22314 22340 I TestRunner: started: clicking_horizontal_list_button_displays_horizontal_list(com.example.dogglers.ButtonTests)
07-20 12:40:10.529   507   507 I Layer   : id=98157[1] Destroyed Task=1212#0
07-20 12:40:10.529   507   507 I Layer   : id=98176[1] Destroyed ActivityRecord{7006590 u0 com.example.dogglers/androidx.test.core.app.InstrumentationActivityInvoker$EmptyActivity#0
07-20 12:40:10.542 22314 22340 W Settings: Setting always_finish_activities has moved from android.provider.Settings.System to android.provider.Settings.Global, returning read-only value.
07-20 12:40:10.552   625 19321 I SprdSimpleOMXComponent: fillThisBuffer, buffer: 0x0xf65aa178, header: 0x0xf6864be0, iRefCount: 0
07-20 12:40:10.552   625 19321 I SPRDHEVCDecoder: onQueueFilled, 963, outHeader:0xf6864be0, inHeader: 0xf6864fa0, len: 2088, nOffset: 0, time: 116067000, EOS: 0
07-20 12:40:10.552   625 19321 I SPRDHEVCDecoder: onQueueFilled, 1037, dec_in.dataLen: 2088, mPicId: 54044
07-20 12:40:10.553   625 19321 I VSP     : VSP_CFG_FREQ, 78, vsp clock level: 4 ,codec cnt 0
07-20 12:40:10.553   625 19321 I SPRDHEVCDecoder: VSP_unbind_cb, pBuffer: 0xf6858620, pHeader: 0xf6864b40; phyAddr=0x2092a000, iRefCount=2
07-20 12:40:10.553   625 19321 I SPRDHEVCDecoder: VSP_bind_cb, pBuffer: 0xf6858ee0, pHeader: 0xf6864be0; phyAddr=0x20a7a000, iRefCount=1
07-20 12:40:10.554   625 19321 I SPRDHEVCDecoder: VSP_unbind_cb, pBuffer: 0xf6857f40, pHeader: 0xf6864640; phyAddr=0x205e2000, iRefCount=1
07-20 12:40:10.554   625 19321 I SPRDHEVCDecoder: onQueueFilled, 1099, decRet: 0, 1ms, dec_out.frameEffective: 1, needIVOP: 0
07-20 12:40:10.554   625 19321 I SPRDHEVCDecoder: onQueueFilled, 1181, dec_out.pBufferHeader: 0xf6864640, dec_out.mPicId: 54042
07-20 12:40:10.555   625 19321 I SPRDHEVCDecoder: drainOneOutputBuffer, 1330, outHeader: 0xf6864640, outHeader->pBuffer: 0xf6857f40, outHeader->nOffset: 0, outHeader->nFlags: 16, outHeader->nTimeStamp: 115900000
07-20 12:40:10.558   507   760 I SurfaceFlinger: id=98188 createSurf (0x0),-1 flag=24004, Task=1213#0
07-20 12:40:10.561   507   760 I SurfaceFlinger: id=98189 createSurf (0x0),-1 flag=80004, ActivityRecord{8c34b95 u0 com.example.dogglers/androidx.test.core.app.InstrumentationActivityInvoker$BootstrapActivity#0
07-20 12:40:10.564   479   479 D PowerHAL: ###Enter launch scene bgn###
07-20 12:40:10.564   479   479 D PowerHAL: Enter common_set_for_release_when_close: enable:1, duration: 0, /dev/cluster0_freq_max: 124F80
07-20 12:40:10.565   479   479 D PowerHAL: Set /dev/cluster0_freq_max: 124F80
07-20 12:40:10.565   479   479 D PowerHAL: Enter common_set_for_release_when_close: enable:1, duration: 0, /dev/cluster0_freq_min: 124F80
07-20 12:40:10.565   479   479 D PowerHAL: Set /dev/cluster0_freq_min: 124F80
07-20 12:40:10.565   479   479 D PowerHAL: Enter common_set_for_release_when_close: enable:1, duration: 0, /dev/cluster1_freq_max: 186A00
07-20 12:40:10.565   479   479 D PowerHAL: Set /dev/cluster1_freq_max: 186A00
07-20 12:40:10.565   479   479 D PowerHAL: Enter common_set_for_release_when_close: enable:1, duration: 0, /dev/cluster1_freq_min: 186A00
07-20 12:40:10.565   479   479 D PowerHAL: Set /dev/cluster1_freq_min: 186A00
07-20 12:40:10.565   479   479 D PowerHAL: Enter devfreq_ddr_set: enable:1, duration: 0, /sys/class/devfreq/scene-frequency/sprd-governor/scene_boost_dfs: max
07-20 12:40:10.566   479   479 D PowerHAL: ###Enter launch scene end###
07-20 12:40:10.566   455   461 E statsd  : Predicate 5980654721335871649 dropping data for dimension key (10)0x2010101->10225[I] (10)0x30000->*launch*[S]
07-20 12:40:10.583   507   760 I SurfaceFlinger: id=98190 createSurf (0x0),-1 flag=80004, 95a0c11 Splash Screen com.example.dogglers#0
07-20 12:40:10.585   625 19321 I SprdSimpleOMXComponent: fillThisBuffer, buffer: 0x0xf65aa058, header: 0x0xf68644b0, iRefCount: 0
07-20 12:40:10.585   625 19321 I SPRDHEVCDecoder: onQueueFilled, 963, outHeader:0xf68644b0, inHeader: 0xf6864ff0, len: 1294, nOffset: 0, time: 116000000, EOS: 0
07-20 12:40:10.585   625 19321 I SPRDHEVCDecoder: onQueueFilled, 1037, dec_in.dataLen: 1294, mPicId: 54045
07-20 12:40:10.586   625 19321 I VSP     : VSP_CFG_FREQ, 78, vsp clock level: 4 ,codec cnt 0
07-20 12:40:10.586   816   894 I InputTransport: Create ARC handle: 0xe5407370
07-20 12:40:10.586   625 19321 I SPRDHEVCDecoder: VSP_bind_cb, pBuffer: 0xf68570e0, pHeader: 0xf68644b0; phyAddr=0x2029a000, iRefCount=1
07-20 12:40:10.587   625 19321 I SPRDHEVCDecoder: onQueueFilled, 1099, decRet: 0, 1ms, dec_out.frameEffective: 1, needIVOP: 0
07-20 12:40:10.588   625 19321 I SPRDHEVCDecoder: onQueueFilled, 1181, dec_out.pBufferHeader: 0xf6864c80, dec_out.mPicId: 54035
07-20 12:40:10.588   625 19321 I SPRDHEVCDecoder: drainOneOutputBuffer, 1330, outHeader: 0xf6864c80, outHeader->pBuffer: 0xf68593e0, outHeader->nOffset: 0, outHeader->nFlags: 16, outHeader->nTimeStamp: 115933000
07-20 12:40:10.595   625 19321 I SprdSimpleOMXComponent: fillThisBuffer, buffer: 0x0xf65aa040, header: 0x0xf6864460, iRefCount: 0
07-20 12:40:10.595   625 19321 I SPRDHEVCDecoder: onQueueFilled, 963, outHeader:0xf6864460, inHeader: 0xf6865040, len: 648, nOffset: 0, time: 115967000, EOS: 0
07-20 12:40:10.595   625 19321 I SPRDHEVCDecoder: onQueueFilled, 1037, dec_in.dataLen: 648, mPicId: 54046
07-20 12:40:10.596   625 19321 I VSP     : VSP_CFG_FREQ, 78, vsp clock level: 4 ,codec cnt 0
07-20 12:40:10.596   625 19321 I SPRDHEVCDecoder: VSP_unbind_cb, pBuffer: 0xf68575e0, pHeader: 0xf6864550; phyAddr=0x203ea000, iRefCount=2
07-20 12:40:10.596   625 19321 I SPRDHEVCDecoder: VSP_bind_cb, pBuffer: 0xf6856e60, pHeader: 0xf6864460; phyAddr=0x201f2000, iRefCount=1
07-20 12:40:10.597   816   894 V WindowManager: Relayout Window{95a0c11 u0 Splash Screen com.example.dogglers}: viewVisibility=0 req=720x1600
07-20 12:40:10.597   625 19321 I SPRDHEVCDecoder: onQueueFilled, 1099, decRet: 0, 1ms, dec_out.frameEffective: 1, needIVOP: 0
07-20 12:40:10.597   625 19321 I SPRDHEVCDecoder: onQueueFilled, 1181, dec_out.pBufferHeader: 0xf6864460, dec_out.mPicId: 54046
07-20 12:40:10.598   625 19321 I SPRDHEVCDecoder: drainOneOutputBuffer, 1330, outHeader: 0xf6864460, outHeader->pBuffer: 0xf6856e60, outHeader->nOffset: 0, outHeader->nFlags: 16, outHeader->nTimeStamp: 115967000
07-20 12:40:10.598   625 19321 I SprdSimpleOMXComponent: fillThisBuffer, buffer: 0x0xf65aa070, header: 0x0xf6864500, iRefCount: 0
07-20 12:40:10.598   625 19321 I SPRDHEVCDecoder: onQueueFilled, 963, outHeader:0xf6864500, inHeader: 0xf6865090, len: 1085, nOffset: 0, time: 116033000, EOS: 0
07-20 12:40:10.598   625 19321 I SPRDHEVCDecoder: onQueueFilled, 1037, dec_in.dataLen: 1085, mPicId: 54047
07-20 12:40:10.598   625 19321 I VSP     : VSP_CFG_FREQ, 78, vsp clock level: 4 ,codec cnt 0
07-20 12:40:10.598   625 19321 I SPRDHEVCDecoder: VSP_unbind_cb, pBuffer: 0xf6856e60, pHeader: 0xf6864460; phyAddr=0x201f2000, iRefCount=2
07-20 12:40:10.598   625 19321 I SPRDHEVCDecoder: VSP_bind_cb, pBuffer: 0xf6857360, pHeader: 0xf6864500; phyAddr=0x20342000, iRefCount=1
07-20 12:40:10.600   625 19321 I SPRDHEVCDecoder: onQueueFilled, 1099, decRet: 0, 1ms, dec_out.frameEffective: 1, needIVOP: 0
07-20 12:40:10.600   625 19321 I SPRDHEVCDecoder: onQueueFilled, 1181, dec_out.pBufferHeader: 0xf68644b0, dec_out.mPicId: 54045
07-20 12:40:10.600   625 19321 I SPRDHEVCDecoder: drainOneOutputBuffer, 1330, outHeader: 0xf68644b0, outHeader->pBuffer: 0xf68570e0, outHeader->nOffset: 0, outHeader->nFlags: 16, outHeader->nTimeStamp: 116000000
07-20 12:40:10.601   507   760 I SurfaceFlinger: id=98191 createSurf (720x1600),1 flag=404, Splash Screen com.example.dogglers#0
07-20 12:40:10.604   816   894 V WindowManager: Relayout hash=95a0c11, pid=816: mAttrs={(0,0)(fillxfill) sim={adjust=pan} layoutInDisplayCutoutMode=shortEdges ty=APPLICATION_STARTING wanim=0x1030001
07-20 12:40:10.604   816   894 V WindowManager:   fl=1830118
07-20 12:40:10.604   816   894 V WindowManager:   pfl=12020011
07-20 12:40:10.604   816   894 V WindowManager:   fitSides=}
07-20 12:40:10.606   816   816 D MediaSessionService: Audio playback is changed, config=AudioPlaybackConfiguration piid:59391 type:android.media.AudioTrack u/pid:10223/8793 state:paused attr:AudioAttributes: usage=USAGE_MEDIA content=CONTENT_TYPE_MUSIC flags=0x800 tags= bundle=null, removed=false
07-20 12:40:10.607   816   816 D MediaSessionStack: updateMediaButtonSessionIfNeeded, callers=com.android.server.media.MediaSessionService.lambda$onStart$0$MediaSessionService:209 com.android.server.media.-$$Lambda$MediaSessionService$za_9dlUSlnaiZw6eCdPVEZq0XLw.onAudioPlayerActiveStateChanged:2
07-20 12:40:10.607   816   816 D MediaSessionStack: updateMediaButtonSessionIfNeeded, skipping uid=10223
07-20 12:40:10.613   470   470 D IMGGralloc: GBuffer--------------(*format)=1
07-20 12:40:10.613   470   470 D IMGGralloc: Gralloc alloc start  w:720, h:1600, f:0x1, usage:0x966, line = 1643
07-20 12:40:10.614   470   470 D IMGGralloc: Gralloc Alloc end  w:720, h:1600, f:0x1, usage:0x966, handle:0xeba763c0, ui64Stamp:3272887, sSize:4608000, line = 2047
07-20 12:40:10.614   470   470 D IMGGralloc: Gralloc Free  w:720, h:1600, f:0x1, usage:0x966, ui64Stamp:3272887 line = 2441
07-20 12:40:10.615   507   760 D IMGGralloc: Gralloc Register  w:720, h:1600, f:0x1, usage:0x966, ui64Stamp:3272887, sSize:4608000, line = 2335
07-20 12:40:10.616   816   894 D IMGGralloc: Gralloc Register  w:720, h:1600, f:0x1, usage:0x966, ui64Stamp:3272887, sSize:4608000, line = 2335
07-20 12:40:10.619 22314 22314 D LifecycleMonitor: Lifecycle status change: androidx.test.core.app.InstrumentationActivityInvoker$BootstrapActivity@60294fb in: PRE_ON_CREATE
07-20 12:40:10.621 22314 22314 V ActivityScenario: Activity lifecycle changed event received but ignored because the intent does not match. startActivityIntent=Intent { act=android.intent.action.MAIN cat=[android.intent.category.LAUNCHER] cmp=com.example.dogglers/.MainActivity }, activity.getIntent()=Intent { act=android.intent.action.MAIN cat=[android.intent.category.LAUNCHER] flg=0x10008000 cmp=com.example.dogglers/androidx.test.core.app.InstrumentationActivityInvoker$BootstrapActivity (has extras) }, activity=androidx.test.core.app.InstrumentationActivityInvoker$BootstrapActivity@60294fb
07-20 12:40:10.632   470   470 D IMGGralloc: GBuffer--------------(*format)=1
07-20 12:40:10.632   470   470 D IMGGralloc: Gralloc alloc start  w:576, h:1280, f:0x1, usage:0x366, line = 1643
07-20 12:40:10.633   470   470 D IMGGralloc: Gralloc Alloc end  w:576, h:1280, f:0x1, usage:0x366, handle:0xeba763c0, ui64Stamp:3272891, sSize:2949120, line = 2047
07-20 12:40:10.633   470   470 D IMGGralloc: Gralloc Free  w:576, h:1280, f:0x1, usage:0x366, ui64Stamp:3272891 line = 2441
07-20 12:40:10.633   507   542 D IMGGralloc: Gralloc Register  w:576, h:1280, f:0x1, usage:0x366, ui64Stamp:3272891, sSize:2949120, line = 2335
07-20 12:40:10.637   507   507 I Layer   : id=98192[0] Destroyed Screenshot Parent
07-20 12:40:10.640   816   894 D IMGGralloc: Gralloc Register  w:576, h:1280, f:0x1, usage:0x366, ui64Stamp:3272891, sSize:2949120, line = 2335
07-20 12:40:10.643   816   894 I SurfaceControl: release : mNativeObject = 3053374880 - Surface(name=Surface(name=7580301 StatusBar)/@0xfd83951 - animation-leash)/@0x410c569 / android.view.SurfaceControl$Transaction.remove:3169 com.android.server.wm.SurfaceAnimator.cancelAnimation:365 com.android.server.wm.SurfaceAnimator.startAnimation:161 com.android.server.wm.WindowContainer.startAnimation:2127
07-20 12:40:10.643   507   542 I SurfaceFlinger: id=98193 createSurf (0x0),-1 flag=24000, Surface(name=7580301 StatusBar)/@0xfd83951 - animation-leash#1
07-20 12:40:10.644   816   894 I SurfaceControl: release : mNativeObject = 3532756448 - Surface(name=Surface(name=496386c NavigationBar0)/@0xb856353 - animation-leash)/@0x3f0388f / android.view.SurfaceControl$Transaction.remove:3169 com.android.server.wm.SurfaceAnimator.cancelAnimation:365 com.android.server.wm.SurfaceAnimator.startAnimation:161 com.android.server.wm.WindowContainer.startAnimation:2127
07-20 12:40:10.645   507   542 I SurfaceFlinger: id=98194 createSurf (0x0),-1 flag=24000, Surface(name=496386c NavigationBar0)/@0xb856353 - animation-leash#0
07-20 12:40:10.646   816   891 D StatusBarManagerService: disableLocked net1 0net2 0
07-20 12:40:10.648   507   542 I Layer   : id=98184 removeFromCurrentState Surface(name=7580301 StatusBar)/@0xfd83951 - animation-leash#0 (57)
07-20 12:40:10.648   507   542 I Layer   : id=98185 removeFromCurrentState Surface(name=496386c NavigationBar0)/@0xb856353 - animation-leash#1 (57)
07-20 12:40:10.649   507   507 D IMGGralloc: Gralloc Free  w:576, h:1280, f:0x1, usage:0x366, ui64Stamp:3272891 line = 2441
07-20 12:40:10.649   479   479 D PowerHAL: ###Enter interaction_other scene bgn###
07-20 12:40:10.649   479   479 D PowerHAL: Enter common_set_for_release_when_close: enable:1, duration: 500, /dev/cluster0_freq_max: 124F80
07-20 12:40:10.650   479   479 D PowerHAL: Enter common_set_for_release_when_close: enable:1, duration: 500, /dev/cluster0_freq_min: F4240
07-20 12:40:10.650   479   479 D PowerHAL: Enter common_set_for_release_when_close: enable:1, duration: 500, /dev/cluster1_freq_max: 186A00
07-20 12:40:10.650   479   479 D PowerHAL: Enter common_set_for_release_when_close: enable:1, duration: 500, /dev/cluster1_freq_min: 12B128
07-20 12:40:10.650   479   479 D PowerHAL: Enter devfreq_ddr_set: enable:1, duration: 500, /sys/class/devfreq/scene-frequency/sprd-governor/scene_boost_dfs: max
07-20 12:40:10.650   479   479 D PowerHAL: ###Enter interaction_other scene end###
07-20 12:40:10.652 12816 30809 D IMGGralloc: Gralloc Register  w:576, h:1280, f:0x1, usage:0x366, ui64Stamp:3272891, sSize:2949120, line = 2335
07-20 12:40:10.652  3152 15018 D IMGGralloc: Gralloc Register  w:576, h:1280, f:0x1, usage:0x366, ui64Stamp:3272891, sSize:2949120, line = 2335
07-20 12:40:10.653  3152  3383 D IMGGralloc: Gralloc Register  w:576, h:1280, f:0x1, usage:0x366, ui64Stamp:3272891, sSize addr:0xc303d7d8, line = 2341
07-20 12:40:10.653  3152 15018 D IMGGralloc: Gralloc Free  w:576, h:1280, f:0x1, usage:0x366, ui64Stamp:3272891 line = 2441
07-20 12:40:10.656  8793  8914 D OpenGLRenderer: destroyEglSurface : 0xe589d300
07-20 12:40:10.656  8793  8914 D IMGGralloc: Gralloc Free  w:720, h:1600, f:0x1, usage:0xb00, ui64Stamp:3272885 line = 2441
07-20 12:40:10.656  8793  8914 D IMGGralloc: Gralloc Free  w:720, h:1600, f:0x1, usage:0xb00, ui64Stamp:3272879 line = 2441
07-20 12:40:10.657  8793  8914 D IMGGralloc: Gralloc Free  w:720, h:1600, f:0x1, usage:0xb00, ui64Stamp:3272858 line = 2441
07-20 12:40:10.657   507   567 D IMGGralloc: Gralloc Free  w:720, h:1600, f:0x1, usage:0xb00, ui64Stamp:3272885 line = 2441
07-20 12:40:10.658   816  9073 V WindowManager: Relayout Window{afa820d u0 com.zhiliaoapp.musically/com.ss.android.ugc.aweme.splash.SplashActivity}: viewVisibility=8 req=720x1600
07-20 12:40:10.663   816  9073 V WindowManager: Relayout hash=afa820d, pid=8793: mAttrs={(0,0)(fillxfill) sim={adjust=pan} ty=BASE_APPLICATION wanim=0x1030304
07-20 12:40:10.663   816  9073 V WindowManager:   fl=81810180
07-20 12:40:10.663   816  9073 V WindowManager:   pfl=12020000
07-20 12:40:10.663   816  9073 V WindowManager:   vsysui=400
07-20 12:40:10.663   816  9073 V WindowManager:   fitSides=}
07-20 12:40:10.663   471   532 D IMGGralloc: Gralloc Free  w:720, h:1600, f:0x1, usage:0xb00, ui64Stamp:3272885 line = 2441
07-20 12:40:10.664   471   532 D IMGGralloc: Gralloc Free  w:720, h:1600, f:0x1, usage:0xb00, ui64Stamp:3272879 line = 2441
07-20 12:40:10.664   471   532 D IMGGralloc: Gralloc Free  w:720, h:1600, f:0x1, usage:0xb00, ui64Stamp:3272858 line = 2441
07-20 12:40:10.665   471   532 D IMGGralloc: Gralloc Register  w:720, h:1600, f:0x1, usage:0x966, ui64Stamp:3272887, sSize:4608000, line = 2335
07-20 12:40:10.668   507   507 D SurfaceFlinger: Display 0 HWC layers:
07-20 12:40:10.668   507   507 D SurfaceFlinger:      DEVICE | 0xed754ac0 | 0002 | RGBA_8888    |    0.0    0.0  720.0 1600.0 |    0    0  720 1600 | Splash Screen com.example.dogglers#0
07-20 12:40:10.668   507   507 D SurfaceFlinger:      DEVICE | 0xed755e20 | 0000 | RGBA_8888    |    0.0    0.0  720.0   45.0 |    0    0  720   45 | StatusBar#0
07-20 12:40:10.668   507   507 D SurfaceFlinger:      DEVICE | 0xed7543e0 | 0000 | RGBA_8888    |    0.0    0.0  720.0   96.0 |    0 1504  720 1600 | NavigationBar0#0
07-20 12:40:10.668   507   507 D SurfaceFlinger:
07-20 12:40:10.668  8793  8793 I SurfaceControl: release : mNativeObject = 3050457664 - Surface(name=null)/@0xa272c5d / android.view.SurfaceControl.assignNativeObject:528 android.view.SurfaceControl.readFromParcel:1073 android.view.IWindowSession$Stub$Proxy.relayout:1734 android.view.ViewRootImpl.relayoutWindow:7498
07-20 12:40:10.668  8793  8793 I SurfaceControl: release : mNativeObject = 3026866944 - Surface(name=Surface(name=34a1f20 InputMethod)/@0x63c1a9e - animation-leash)/@0x15d6a77 / android.view.-$$Lambda$Rl1VZmNJ0VZDLK0BAbaVGis0rrA.accept:2 android.view.InsetsSourceControl.release:170 android.view.InsetsSourceConsumer.setControl:193 android.view.ImeInsetsSourceConsumer.setControl:151
07-20 12:40:10.669  8793  8793 I SurfaceControl: release : mNativeObject = 2694108320 - Surface(name=Surface(name=496386c NavigationBar0)/@0xb856353 - animation-leash)/@0xa40c6e4 / android.view.-$$Lambda$Rl1VZmNJ0VZDLK0BAbaVGis0rrA.accept:2 android.view.InsetsSourceControl.release:170 android.view.InsetsSourceConsumer.setControl:193 android.view.InsetsController.onControlsChanged:794
07-20 12:40:10.669  8793  8793 I SurfaceControl: release : mNativeObject = 3053111680 - Surface(name=Surface(name=7580301 StatusBar)/@0xfd83951 - animation-leash)/@0x286574d / android.view.-$$Lambda$Rl1VZmNJ0VZDLK0BAbaVGis0rrA.accept:2 android.view.InsetsSourceControl.release:170 android.view.InsetsSourceConsumer.setControl:193 android.view.InsetsController.onControlsChanged:794
07-20 12:40:10.670 22314 22314 D LifecycleMonitor: Lifecycle status change: androidx.test.core.app.InstrumentationActivityInvoker$BootstrapActivity@60294fb in: CREATED
07-20 12:40:10.671  8793  8793 I SurfaceControl: release : mNativeObject = 3050457664 - Surface(name=Surface(name=34a1f20 InputMethod)/@0x63c1a9e - animation-leash)/@0x86e1b49 / android.view.-$$Lambda$Rl1VZmNJ0VZDLK0BAbaVGis0rrA.accept:2 android.view.InsetsSourceControl.release:170 android.view.InsetsSourceConsumer.setControl:193 android.view.ImeInsetsSourceConsumer.setControl:151
07-20 12:40:10.671 22314 22314 V ActivityScenario: Activity lifecycle changed event received but ignored because the intent does not match. startActivityIntent=Intent { act=android.intent.action.MAIN cat=[android.intent.category.LAUNCHER] cmp=com.example.dogglers/.MainActivity }, activity.getIntent()=Intent { act=android.intent.action.MAIN cat=[android.intent.category.LAUNCHER] flg=0x10008000 cmp=com.example.dogglers/androidx.test.core.app.InstrumentationActivityInvoker$BootstrapActivity (has extras) }, activity=androidx.test.core.app.InstrumentationActivityInvoker$BootstrapActivity@60294fb
07-20 12:40:10.678 22314 22314 D LifecycleMonitor: Lifecycle status change: androidx.test.core.app.InstrumentationActivityInvoker$BootstrapActivity@60294fb in: STARTED
07-20 12:40:10.678   507   507 I Layer   : id=98185[1] Destroyed Surface(name=496386c NavigationBar0)/@0xb856353 - animation-leash#1
07-20 12:40:10.679   507   507 I Layer   : id=98184[1] Destroyed Surface(name=7580301 StatusBar)/@0xfd83951 - animation-leash#0
07-20 12:40:10.679 22314 22314 V ActivityScenario: Activity lifecycle changed event received but ignored because the intent does not match. startActivityIntent=Intent { act=android.intent.action.MAIN cat=[android.intent.category.LAUNCHER] cmp=com.example.dogglers/.MainActivity }, activity.getIntent()=Intent { act=android.intent.action.MAIN cat=[android.intent.category.LAUNCHER] flg=0x10008000 cmp=com.example.dogglers/androidx.test.core.app.InstrumentationActivityInvoker$BootstrapActivity (has extras) }, activity=androidx.test.core.app.InstrumentationActivityInvoker$BootstrapActivity@60294fb
07-20 12:40:10.685   507   542 I SurfaceFlinger: id=98195 createSurf (0x0),-1 flag=80004, ActivityRecord{fb3fe8b u0 com.example.dogglers/.MainActivity#0
07-20 12:40:10.691 22314 22314 D LifecycleMonitor: Lifecycle status change: androidx.test.core.app.InstrumentationActivityInvoker$BootstrapActivity@60294fb in: RESUMED
07-20 12:40:10.692 22314 22314 V ActivityScenario: Activity lifecycle changed event received but ignored because the intent does not match. startActivityIntent=Intent { act=android.intent.action.MAIN cat=[android.intent.category.LAUNCHER] cmp=com.example.dogglers/.MainActivity }, activity.getIntent()=Intent { act=android.intent.action.MAIN cat=[android.intent.category.LAUNCHER] flg=0x10008000 cmp=com.example.dogglers/androidx.test.core.app.InstrumentationActivityInvoker$BootstrapActivity (has extras) }, activity=androidx.test.core.app.InstrumentationActivityInvoker$BootstrapActivity@60294fb
07-20 12:40:10.695   816   894 V WindowManager: Relayout Window{95a0c11 u0 Splash Screen com.example.dogglers}: viewVisibility=0 req=720x1600
07-20 12:40:10.698   498   636 V APM_AudioPolicyManager: stopOutput portId 9893
07-20 12:40:10.698   498   636 V APM_AudioPolicyManager: stopOutput() output 13, stream 3, session 34329
07-20 12:40:10.698   498   636 V APM_AudioPolicyManager: setBeaconMute(1) mBeaconMuteRefCount=60 mBeaconPlayingRefCount=0
07-20 12:40:10.698   498   636 V APM_AudioPolicyManager: getNewOutputDevices selected devices AUDIO_DEVICE_NONE
07-20 12:40:10.698   498   636 V APM_AudioPolicyManager: setOutputDevices device AUDIO_DEVICE_NONE delayMs 86
07-20 12:40:10.698   816   894 I SurfaceControl: release : mNativeObject = 3101752864 - Surface(name=Splash Screen com.example.dogglers)/@0x5c51b81 / android.view.SurfaceControl.assignNativeObject:528 android.view.SurfaceControl.copyFrom:545 com.android.server.wm.WindowSurfaceController.getSurfaceControl:531 com.android.server.wm.WindowManagerService.createSurfaceControl:2617
07-20 12:40:10.698   498   636 V APM_AudioPolicyManager: setOutputDevices() prevDevice {type:0x2,@:}
07-20 12:40:10.699   498   636 V APM_AudioPolicyManager: setOutputDevices setting same device AUDIO_DEVICE_NONE or null device, force=0, patch handle=9776
07-20 12:40:10.700   498   636 W APM::AudioPolicyEngine: getDevicesForStrategy() unknown strategy: -1
07-20 12:40:10.700   455   461 E statsd  : Predicate 5980654721335871649 dropping data for dimension key (10)0x2010101->10223[I] (10)0x30000->AudioMix[S]
07-20 12:40:10.700   498   636 W APM::AudioPolicyEngine: getDevicesForStrategy() unknown strategy: -1
07-20 12:40:10.700   816  4847 I system_server: oneway function results will be dropped but finished with status OK and parcel size 4
07-20 12:40:10.700   498   636 V APM_AudioPolicyManager: selectOutputForMusicEffects selected output 13
07-20 12:40:10.700   816   894 V WindowManager: Relayout hash=95a0c11, pid=816: mAttrs={(0,0)(fillxfill) sim={adjust=pan} layoutInDisplayCutoutMode=shortEdges ty=APPLICATION_STARTING wanim=0x1030001
07-20 12:40:10.700   816   894 V WindowManager:   fl=1830118
07-20 12:40:10.700   816   894 V WindowManager:   pfl=12020011
07-20 12:40:10.700   816   894 V WindowManager:   fitSides=}
07-20 12:40:10.701   816   894 I SurfaceControl: release : mNativeObject = 3053374880 - Surface(name=Surface(name=496386c NavigationBar0)/@0xb856353 - animation-leash)/@0xa143426 / android.view.-$$Lambda$Rl1VZmNJ0VZDLK0BAbaVGis0rrA.accept:2 android.view.InsetsSourceControl.release:170 android.view.InsetsSourceConsumer.setControl:193 android.view.InsetsController.onControlsChanged:794
07-20 12:40:10.701 22314 22314 D LifecycleMonitor: Lifecycle status change: androidx.test.core.app.InstrumentationActivityInvoker$BootstrapActivity@60294fb in: PAUSED
07-20 12:40:10.702   816   894 I SurfaceControl: release : mNativeObject = 3532756448 - Surface(name=Surface(name=7580301 StatusBar)/@0xfd83951 - animation-leash)/@0xde1f867 / android.view.-$$Lambda$Rl1VZmNJ0VZDLK0BAbaVGis0rrA.accept:2 android.view.InsetsSourceControl.release:170 android.view.InsetsSourceConsumer.setControl:193 android.view.InsetsController.onControlsChanged:794
07-20 12:40:10.702 22314 22314 V ActivityScenario: Activity lifecycle changed event received but ignored because the intent does not match. startActivityIntent=Intent { act=android.intent.action.MAIN cat=[android.intent.category.LAUNCHER] cmp=com.example.dogglers/.MainActivity }, activity.getIntent()=Intent { act=android.intent.action.MAIN cat=[android.intent.category.LAUNCHER] flg=0x10008000 cmp=com.example.dogglers/androidx.test.core.app.InstrumentationActivityInvoker$BootstrapActivity (has extras) }, activity=androidx.test.core.app.InstrumentationActivityInvoker$BootstrapActivity@60294fb
07-20 12:40:10.702   470   470 D IMGGralloc: GBuffer--------------(*format)=1
07-20 12:40:10.702   470   470 D IMGGralloc: Gralloc alloc start  w:720, h:1600, f:0x1, usage:0x966, line = 1643
07-20 12:40:10.703   470   470 D IMGGralloc: Gralloc Alloc end  w:720, h:1600, f:0x1, usage:0x966, handle:0xeba763c0, ui64Stamp:3272896, sSize:4608000, line = 2047
07-20 12:40:10.704   470   470 D IMGGralloc: Gralloc Free  w:720, h:1600, f:0x1, usage:0x966, ui64Stamp:3272896 line = 2441
07-20 12:40:10.705   507   542 D IMGGralloc: Gralloc Register  w:720, h:1600, f:0x1, usage:0x966, ui64Stamp:3272896, sSize:4608000, line = 2335
07-20 12:40:10.705   816   894 D IMGGralloc: Gralloc Register  w:720, h:1600, f:0x1, usage:0x966, ui64Stamp:3272896, sSize:4608000, line = 2335
07-20 12:40:10.713   471   532 D IMGGralloc: Gralloc Register  w:720, h:1600, f:0x1, usage:0x966, ui64Stamp:3272896, sSize:4608000, line = 2335
07-20 12:40:10.723  8793 18315 W ttmdl   : <0x0,AVMDLManagerBridge.cpp,native_setIntValue,753>set key:950 value:1
07-20 12:40:10.737   816  4847 I MediaFocusControl: abandonAudioFocus() from uid/pid 10223/8793 clientId=android.media.AudioManager@7fd709X.1mp@3e97d0e
07-20 12:40:10.750 22314 22314 D LifecycleMonitor: Lifecycle status change: com.example.dogglers.MainActivity@3f751ad in: PRE_ON_CREATE
07-20 12:40:10.751 22314 22314 V ActivityScenario: Activity lifecycle changed event received but ignored because the reported transition was not ON_CREATE while the last known transition was PRE_ON_CREATE
07-20 12:40:10.771  8793 18312 W System.err: java.lang.NullPointerException: Attempt to invoke virtual method 'java.lang.Class java.lang.Object.getClass()' on a null object reference
07-20 12:40:10.771  8793 18312 W System.err: 	at X.2Qv.LIZIZ(Unknown Source:26)
07-20 12:40:10.772  8793 18312 W System.err: 	at X.2Qv.LIZ(Unknown Source:0)
07-20 12:40:10.773  8793 18312 W System.err: 	at com.ss.android.ugc.aweme.legoImp.task.TrimMemoryTask.run(Unknown Source:70)
07-20 12:40:10.773  8793 18312 W System.err: 	at X.0mb.LIZIZ(Unknown Source:48)
07-20 12:40:10.773  8793 18312 W System.err: 	at X.1Mq.LIZ(Unknown Source:2)
07-20 12:40:10.773  8793 18312 W System.err: 	at X.0lY.run(Unknown Source:4)
07-20 12:40:10.773  8793 18312 W System.err: 	at X.0i9.run(Unknown Source:253)
07-20 12:40:10.773  8793 18312 W System.err: 	at java.util.concurrent.ThreadPoolExecutor.runWorker(ThreadPoolExecutor.java:1167)
07-20 12:40:10.773  8793 18312 W System.err: 	at java.util.concurrent.ThreadPoolExecutor$Worker.run(ThreadPoolExecutor.java:641)
07-20 12:40:10.773  8793 18312 W System.err: 	at X.0iD.run(Unknown Source:9)
07-20 12:40:10.773  8793 18312 W System.err: 	at java.lang.Thread.run(Thread.java:923)
07-20 12:40:10.787   816  5233 I SurfaceControl: release : mNativeObject = 3317551904 - Surface(name=com.zhiliaoapp.musically/com.ss.android.ugc.aweme.splash.SplashActivity)/@0x26bf80 / android.view.SurfaceControl$Transaction.remove:3169 com.android.server.wm.WindowSurfaceController.destroyNotInTransaction:218 com.android.server.wm.WindowStateAnimator.destroySurface:1603 com.android.server.wm.WindowStateAnimator.destroySurfaceLocked:638
07-20 12:40:10.788   507   760 I Layer   : id=98183 removeFromCurrentState com.zhiliaoapp.musically/com.ss.android.ugc.aweme.splash.SplashActivity#0 (56)
07-20 12:40:10.795   507   507 D IMGGralloc: Gralloc Free  w:720, h:1600, f:0x1, usage:0xb00, ui64Stamp:3272879 line = 2441
07-20 12:40:10.796   507   507 I Layer   : id=98183[1] Destroyed com.zhiliaoapp.musically/com.ss.android.ugc.aweme.splash.SplashActivity#0
07-20 12:40:10.800   507   507 D IMGGralloc: Gralloc Free  w:720, h:1600, f:0x1, usage:0xb00, ui64Stamp:3272858 line = 2441
07-20 12:40:10.807   647  3420 D GNSSMGT : watchdog: PowerState: CP SLEEP
07-20 12:40:10.838 12816 12836 I id.app.launche: NativeAlloc concurrent copying GC freed 34839(1735KB) AllocSpace objects, 5(280KB) LOS objects, 49% free, 3712KB/7425KB, paused 360us total 184.036ms
07-20 12:40:10.838 12816 12836 W id.app.launche: Reducing the number of considered missed Gc histogram windows from 245 to 100
07-20 12:40:10.847 12816 12839 D IMGGralloc: Gralloc Free  w:576, h:1280, f:0x1, usage:0x366, ui64Stamp:3260856 line = 2441
07-20 12:40:10.849 12816 12842 D IMGGralloc: Gralloc Free  w:576, h:1280, f:0x1, usage:0x366, ui64Stamp:3272891 line = 2441
07-20 12:40:10.849 12816 12842 D IMGGralloc: Gralloc Free  w:576, h:1280, f:0x1, usage:0x366, ui64Stamp:3272875 line = 2441
07-20 12:40:10.850 12816 12842 D IMGGralloc: Gralloc Free  w:576, h:1280, f:0x1, usage:0x366, ui64Stamp:3272695 line = 2441
07-20 12:40:10.855 12816 12842 D IMGGralloc: Gralloc Free  w:576, h:1280, f:0x1, usage:0x366, ui64Stamp:3266882 line = 2441
07-20 12:40:10.857 12816 12842 W System  : A resource failed to call release.
07-20 12:40:10.861   507   507 I Layer   : id=98096[1] Destroyed Surface(name=WallpaperWindowToken{1998109 token=android.os.Binder@4fbd210})/@0x61dc3b1 - animation-leash#0
07-20 12:40:10.864 12816 12842 W System  : A resource failed to call release.
07-20 12:40:10.864 12816 12842 W System  : A resource failed to call release.
07-20 12:40:10.877   507   507 I Layer   : id=98038[1] Destroyed Surface(name=Task=575)/@0xcdc390b - animation-leash#0
07-20 12:40:10.878   507   507 I Layer   : id=98037[1] Destroyed Surface(name=Task=1207)/@0xb143a88 - animation-leash#0
07-20 12:40:10.900 22314 22314 D LifecycleMonitor: Lifecycle status change: com.example.dogglers.MainActivity@3f751ad in: CREATED
07-20 12:40:10.901 22314 22314 V ActivityScenario: Update currentActivityStage to CREATED, currentActivity=com.example.dogglers.MainActivity@3f751ad
07-20 12:40:10.906 22314 22314 D LifecycleMonitor: Lifecycle status change: com.example.dogglers.MainActivity@3f751ad in: STARTED
07-20 12:40:10.907 22314 22314 V ActivityScenario: Update currentActivityStage to STARTED, currentActivity=com.example.dogglers.MainActivity@3f751ad
07-20 12:40:10.910 22314 22314 D LifecycleMonitor: Lifecycle status change: com.example.dogglers.MainActivity@3f751ad in: RESUMED
07-20 12:40:10.910 22314 22314 V ActivityScenario: Update currentActivityStage to RESUMED, currentActivity=com.example.dogglers.MainActivity@3f751ad
07-20 12:40:10.917 22314 22340 W xample.doggler: Accessing hidden method Landroid/view/ViewConfiguration;->getDoubleTapMinTime()I (greylist, reflection, allowed)
07-20 12:40:10.922   507   760 I SurfaceFlinger: id=98196 createSurf (0x0),-1 flag=80004, 88b8d5f com.example.dogglers/com.example.dogglers.MainActivity#0
07-20 12:40:10.926 22314 22314 I InputTransport: Create ARC handle: 0xe582f230
07-20 12:40:10.926 22314 22314 E libc    : Access denied finding property "ro.vendor.input.resample_latency_ms"
07-20 12:40:10.930 22314 22314 D LifecycleMonitor: Lifecycle status change: androidx.test.core.app.InstrumentationActivityInvoker$BootstrapActivity@60294fb in: STOPPED
07-20 12:40:10.931 22314 22314 V ActivityScenario: Activity lifecycle changed event received but ignored because the intent does not match. startActivityIntent=Intent { act=android.intent.action.MAIN cat=[android.intent.category.LAUNCHER] cmp=com.example.dogglers/.MainActivity }, activity.getIntent()=Intent { act=android.intent.action.MAIN cat=[android.intent.category.LAUNCHER] flg=0x10008000 cmp=com.example.dogglers/androidx.test.core.app.InstrumentationActivityInvoker$BootstrapActivity (has extras) }, activity=androidx.test.core.app.InstrumentationActivityInvoker$BootstrapActivity@60294fb
07-20 12:40:10.961   816  4847 V WindowManager: Relayout Window{88b8d5f u0 com.example.dogglers/com.example.dogglers.MainActivity}: viewVisibility=0 req=720x1600
07-20 12:40:10.964   507   979 I SurfaceFlinger: id=98197 createSurf (720x1600),1 flag=404, com.example.dogglers/com.example.dogglers.MainActivity#0
07-20 12:40:10.967   816  4847 I SurfaceControl: release : mNativeObject = 3532755520 - Surface(name=Surface(name=7580301 StatusBar)/@0xfd83951 - animation-leash)/@0x3552a6f / android.view.SurfaceControl$Transaction.remove:3169 com.android.server.wm.SurfaceAnimator.cancelAnimation:365 com.android.server.wm.SurfaceAnimator.startAnimation:161 com.android.server.wm.WindowContainer.startAnimation:2127
07-20 12:40:10.968   507   979 I SurfaceFlinger: id=98198 createSurf (0x0),-1 flag=24000, Surface(name=7580301 StatusBar)/@0xfd83951 - animation-leash#0
07-20 12:40:10.969   816  4847 I SurfaceControl: release : mNativeObject = 3101750784 - Surface(name=Surface(name=496386c NavigationBar0)/@0xb856353 - animation-leash)/@0x58f4405 / android.view.SurfaceControl$Transaction.remove:3169 com.android.server.wm.SurfaceAnimator.cancelAnimation:365 com.android.server.wm.SurfaceAnimator.startAnimation:161 com.android.server.wm.WindowContainer.startAnimation:2127
07-20 12:40:10.970   507   979 I SurfaceFlinger: id=98199 createSurf (0x0),-1 flag=24000, Surface(name=496386c NavigationBar0)/@0xb856353 - animation-leash#1
07-20 12:40:10.971  3152  3184 I ndroid.systemu: NativeAlloc concurrent copying GC freed 126112(5543KB) AllocSpace objects, 7(140KB) LOS objects, 50% free, 17MB/34MB, paused 183us total 317.255ms
07-20 12:40:10.973   816  4847 V WindowManager: Relayout hash=88b8d5f, pid=22314: mAttrs={(0,0)(fillxfill) sim={adjust=pan forwardNavigation} ty=BASE_APPLICATION wanim=0x1030304
07-20 12:40:10.973   816  4847 V WindowManager:   fl=81810100
07-20 12:40:10.973   816  4847 V WindowManager:   pfl=12020000
07-20 12:40:10.973   816  4847 V WindowManager:   fitSides=}
07-20 12:40:10.973   816  4847 I SurfaceControl: release : mNativeObject = 3676984160 - Surface(name=com.example.dogglers/com.example.dogglers.MainActivity)/@0x98ae6f1 / android.view.SurfaceControl.writeToParcel:1094 android.view.IWindowSession$Stub.onTransact:894 com.android.server.wm.Session.onTransact:139 android.os.Binder.execTransactInternal:1154
07-20 12:40:10.979   507   979 I Layer   : id=98193 removeFromCurrentState Surface(name=7580301 StatusBar)/@0xfd83951 - animation-leash#1 (56)
07-20 12:40:10.979   507   979 I Layer   : id=98194 removeFromCurrentState Surface(name=496386c NavigationBar0)/@0xb856353 - animation-leash#0 (56)
07-20 12:40:10.980   816   894 I SurfaceControl: release : mNativeObject = 3676983296 - Surface(name=Surface(name=496386c NavigationBar0)/@0xb856353 - animation-leash)/@0x1e7f2d6 / android.view.-$$Lambda$Rl1VZmNJ0VZDLK0BAbaVGis0rrA.accept:2 android.view.InsetsSourceControl.release:170 android.view.InsetsSourceConsumer.setControl:193 android.view.InsetsController.onControlsChanged:794
07-20 12:40:10.981   816   894 I SurfaceControl: release : mNativeObject = 3101752864 - Surface(name=Surface(name=7580301 StatusBar)/@0xfd83951 - animation-leash)/@0x343c957 / android.view.-$$Lambda$Rl1VZmNJ0VZDLK0BAbaVGis0rrA.accept:2 android.view.InsetsSourceControl.release:170 android.view.InsetsSourceConsumer.setControl:193 android.view.InsetsController.onControlsChanged:794
07-20 12:40:10.981 22314 22346 D OpenGLRenderer: eglCreateWindowSurface : 0xecdf0000
07-20 12:40:10.982   470   470 D IMGGralloc: GBuffer--------------(*format)=1
07-20 12:40:10.982   470   470 D IMGGralloc: Gralloc alloc start  w:720, h:1600, f:0x1, usage:0x900, line = 1643
07-20 12:40:10.983   470   470 D IMGGralloc: Gralloc Alloc end  w:720, h:1600, f:0x1, usage:0x900, handle:0xeba763c0, ui64Stamp:3272902, sSize:4608000, line = 2047
07-20 12:40:10.984   470   470 D IMGGralloc: Gralloc Free  w:720, h:1600, f:0x1, usage:0x900, ui64Stamp:3272902 line = 2441
07-20 12:40:10.984   507   979 D IMGGralloc: Gralloc Register  w:720, h:1600, f:0x1, usage:0x900, ui64Stamp:3272902, sSize:4608000, line = 2335
07-20 12:40:10.984   470   470 D IMGGralloc: GBuffer--------------(*format)=1
07-20 12:40:10.984   470   470 D IMGGralloc: Gralloc alloc start  w:720, h:1600, f:0x1, usage:0x900, line = 1643
07-20 12:40:10.986   470   470 D IMGGralloc: Gralloc Alloc end  w:720, h:1600, f:0x1, usage:0x900, handle:0xeba763c0, ui64Stamp:3272906, sSize:4608000, line = 2047
07-20 12:40:10.986   470   470 D IMGGralloc: Gralloc Free  w:720, h:1600, f:0x1, usage:0x900, ui64Stamp:3272906 line = 2441
07-20 12:40:10.986   507   979 D IMGGralloc: Gralloc Register  w:720, h:1600, f:0x1, usage:0x900, ui64Stamp:3272906, sSize:4608000, line = 2335
07-20 12:40:10.987   470   470 D IMGGralloc: GBuffer--------------(*format)=1
07-20 12:40:10.987   470   470 D IMGGralloc: Gralloc alloc start  w:720, h:1600, f:0x1, usage:0x900, line = 1643
07-20 12:40:10.989   470   470 D IMGGralloc: Gralloc Alloc end  w:720, h:1600, f:0x1, usage:0x900, handle:0xeba763c0, ui64Stamp:3272910, sSize:4608000, line = 2047
07-20 12:40:10.989   470   470 D IMGGralloc: Gralloc Free  w:720, h:1600, f:0x1, usage:0x900, ui64Stamp:3272910 line = 2441
07-20 12:40:10.990   507   979 D IMGGralloc: Gralloc Register  w:720, h:1600, f:0x1, usage:0x900, ui64Stamp:3272910, sSize:4608000, line = 2335
07-20 12:40:10.994   507   507 I Layer   : id=98193[1] Destroyed Surface(name=7580301 StatusBar)/@0xfd83951 - animation-leash#1
07-20 12:40:10.994   507   507 I Layer   : id=98194[1] Destroyed Surface(name=496386c NavigationBar0)/@0xb856353 - animation-leash#0
07-20 12:40:10.995   507   507 I SurfaceFlinger: SF-Update,layer=com.example.dogglers/com.example.dogglers.MainActivity#0,name=Window{88b8d5f u0 com.example.dogglers/com.example.dogglers.MainActivity},token=0xed20fc60,id=98197 dirty=1,inputChanged=0,syncInput=0,visible=0,paused=0,portal=-1,param=0x81810120,feature=0x0
07-20 12:40:10.996  3152  3187 D IMGGralloc: Gralloc Free  w:576, h:1280, f:0x1, usage:0x366, ui64Stamp:3272891 line = 2441
07-20 12:40:10.997  3152  3187 D IMGGralloc: Gralloc Free  w:576, h:1280, f:0x1, usage:0x366, ui64Stamp:3272875 line = 2441
07-20 12:40:10.997  3152  3187 D IMGGralloc: Gralloc Free  w:576, h:1280, f:0x1, usage:0x366, ui64Stamp:3272695 line = 2441
07-20 12:40:11.024   507   979 D IMGGralloc: Gralloc Free  w:720, h:1600, f:0x1, usage:0x900, ui64Stamp:3272910 line = 2441
07-20 12:40:11.024   470   470 D IMGGralloc: GBuffer--------------(*format)=1
07-20 12:40:11.024   470   470 D IMGGralloc: Gralloc alloc start  w:720, h:1600, f:0x1, usage:0xb00, line = 1643
07-20 12:40:11.026   470   470 D IMGGralloc: Gralloc Alloc end  w:720, h:1600, f:0x1, usage:0xb00, handle:0xeba763c0, ui64Stamp:3272914, sSize:4608000, line = 2047
07-20 12:40:11.027   470   470 D IMGGralloc: Gralloc Free  w:720, h:1600, f:0x1, usage:0xb00, ui64Stamp:3272914 line = 2441
07-20 12:40:11.027   507   979 D IMGGralloc: Gralloc Register  w:720, h:1600, f:0x1, usage:0xb00, ui64Stamp:3272914, sSize:4608000, line = 2335
07-20 12:40:11.028 22314 22346 D IMGGralloc: Gralloc Register  w:720, h:1600, f:0x1, usage:0xb00, ui64Stamp:3272914, sSize:4608000, line = 2335
07-20 12:40:11.039   816   898 D ArtManagerInternalImpl: /data/misc/iorapd/com.example.dogglers/1/com.example.dogglers.MainActivity/compiled_traces/compiled_trace.pb doesn't exist
07-20 12:40:11.040   816   894 D IMGGralloc: Gralloc Free  w:720, h:1600, f:0x1, usage:0x966, ui64Stamp:3272887 line = 2441
07-20 12:40:11.040   816   898 I ActivityTaskManager: Displayed com.example.dogglers/.MainActivity: +481ms
07-20 12:40:11.040   507   567 D IMGGralloc: Gralloc Free  w:720, h:1600, f:0x1, usage:0x966, ui64Stamp:3272887 line = 2441
07-20 12:40:11.040   816   894 D IMGGralloc: Gralloc Free  w:720, h:1600, f:0x1, usage:0x966, ui64Stamp:3272896 line = 2441
07-20 12:40:11.041   816   894 I SurfaceControl: release : mNativeObject = 3101752960 - Surface(name=Splash Screen com.example.dogglers)/@0x5c51b81 / android.view.ViewRootImpl.destroySurface:1890 android.view.ViewRootImpl.dispatchDetachedFromWindow:4713 android.view.ViewRootImpl.doDie:7760 android.view.ViewRootImpl$ViewRootHandler.handleMessage:5099
07-20 12:40:11.042   507   979 I SurfaceFlinger: id=98200 createSurf (0x0),-1 flag=24000, Surface(name=95a0c11 Splash Screen com.example.dogglers)/@0x1b3eb68 - animation-leash#0
07-20 12:40:11.044   479   479 D PowerHAL: ###Enter interaction_other scene bgn###
07-20 12:40:11.044   479   479 D PowerHAL: Enter common_set_for_release_when_close: enable:1, duration: 500, /dev/cluster0_freq_max: 124F80
07-20 12:40:11.044   479   479 D PowerHAL: Enter common_set_for_release_when_close: enable:1, duration: 500, /dev/cluster0_freq_min: F4240
07-20 12:40:11.044   479   479 D PowerHAL: Enter common_set_for_release_when_close: enable:1, duration: 500, /dev/cluster1_freq_max: 186A00
07-20 12:40:11.044   479   479 D PowerHAL: Enter common_set_for_release_when_close: enable:1, duration: 500, /dev/cluster1_freq_min: 12B128
07-20 12:40:11.044   479   479 D PowerHAL: Enter devfreq_ddr_set: enable:1, duration: 500, /sys/class/devfreq/scene-frequency/sprd-governor/scene_boost_dfs: max
07-20 12:40:11.044   479   479 D PowerHAL: ###Enter interaction_other scene end###
07-20 12:40:11.045   816   894 I InputTransport: Destroy ARC handle: 0xe5407370
07-20 12:40:11.059   507   979 D IMGGralloc: Gralloc Free  w:720, h:1600, f:0x1, usage:0x900, ui64Stamp:3272906 line = 2441
07-20 12:40:11.060   470   470 D IMGGralloc: GBuffer--------------(*format)=1
07-20 12:40:11.060   470   470 D IMGGralloc: Gralloc alloc start  w:720, h:1600, f:0x1, usage:0xb00, line = 1643
07-20 12:40:11.062   470   470 D IMGGralloc: Gralloc Alloc end  w:720, h:1600, f:0x1, usage:0xb00, handle:0xeba763c0, ui64Stamp:3272918, sSize:4608000, line = 2047
07-20 12:40:11.063   507   979 D IMGGralloc: Gralloc Register  w:720, h:1600, f:0x1, usage:0xb00, ui64Stamp:3272918, sSize:4608000, line = 2335
07-20 12:40:11.063   470   470 D IMGGralloc: Gralloc Free  w:720, h:1600, f:0x1, usage:0xb00, ui64Stamp:3272918 line = 2441
07-20 12:40:11.064 22314 22346 D IMGGralloc: Gralloc Register  w:720, h:1600, f:0x1, usage:0xb00, ui64Stamp:3272918, sSize:4608000, line = 2335
07-20 12:40:11.068 22314 22314 D InputMethodManager: prepareNavigationBarInfo() DecorView@d1ac9b[MainActivity]
07-20 12:40:11.068 22314 22314 D InputMethodManager: getNavigationBarColor() -16777216
07-20 12:40:11.073   816  5530 D InputMethodManagerService: isImeSwitcherDisabledPackage : false
07-20 12:40:11.076   816  5233 I SurfaceControl: release : mNativeObject = 3122387840 - Surface(name=Surface(name=34a1f20 InputMethod)/@0x63c1a9e - animation-leash)/@0x4bf4908 / android.view.SurfaceControl$Transaction.remove:3169 com.android.server.wm.SurfaceAnimator.cancelAnimation:365 com.android.server.wm.SurfaceAnimator.startAnimation:161 com.android.server.wm.WindowContainer.startAnimation:2127
07-20 12:40:11.077   507   760 I SurfaceFlinger: id=98201 createSurf (0x0),-1 flag=24004, Surface(name=34a1f20 InputMethod)/@0x63c1a9e - animation-leash#0
07-20 12:40:11.079   471   532 D IMGGralloc: Gralloc Register  w:720, h:1600, f:0x1, usage:0xb00, ui64Stamp:3272918, sSize:4608000, line = 2335
07-20 12:40:11.081   507   760 I Layer   : id=98187 removeFromCurrentState Surface(name=34a1f20 InputMethod)/@0x63c1a9e - animation-leash#1 (56)
07-20 12:40:11.082   507   979 D IMGGralloc: Gralloc Free  w:720, h:1600, f:0x1, usage:0x900, ui64Stamp:3272902 line = 2441
07-20 12:40:11.082   507   507 D SurfaceFlinger: Display 0 HWC layers:
07-20 12:40:11.082   507   507 D SurfaceFlinger:      DEVICE | 0xed754ca0 | 0002 | RGBA_8888    |    0.0    0.0  720.0 1600.0 |    0    0  720 1600 | com.example.dogglers/com.example.dogglers.MainActivity#0
07-20 12:40:11.082   507   507 D SurfaceFlinger:      DEVICE | 0xed753ee0 | 0002 | RGBA_8888    |    0.0    0.0  720.0 1600.0 |    0    0  720 1600 | Splash Screen com.example.dogglers#0
07-20 12:40:11.082   507   507 D SurfaceFlinger:      DEVICE | 0xed755e20 | 0000 | RGBA_8888    |    0.0    0.0  720.0   45.0 |    0    0  720   45 | StatusBar#0
07-20 12:40:11.082   507   507 D SurfaceFlinger:      DEVICE | 0xed7543e0 | 0000 | RGBA_8888    |    0.0    0.0  720.0   96.0 |    0 1504  720 1600 | NavigationBar0#0
07-20 12:40:11.082   507   507 D SurfaceFlinger:
07-20 12:40:11.083   470   470 D IMGGralloc: GBuffer--------------(*format)=1
07-20 12:40:11.083 13023 13023 I GoogleInputMethodService: GoogleInputMethodService.onFinishInput():3220
07-20 12:40:11.083   470   470 D IMGGralloc: Gralloc alloc start  w:720, h:1600, f:0x1, usage:0xb00, line = 1643
07-20 12:40:11.084  8793  8793 I SurfaceControl: release : mNativeObject = 3114473056 - Surface(name=Surface(name=34a1f20 InputMethod)/@0x63c1a9e - animation-leash)/@0x69d977 / android.view.-$$Lambda$Rl1VZmNJ0VZDLK0BAbaVGis0rrA.accept:2 android.view.InsetsSourceControl.release:170 android.view.InsetsSourceConsumer.setControl:193 android.view.ImeInsetsSourceConsumer.setControl:151
07-20 12:40:11.085   470   470 D IMGGralloc: Gralloc Alloc end  w:720, h:1600, f:0x1, usage:0xb00, handle:0xeba763c0, ui64Stamp:3272920, sSize:4608000, line = 2047
07-20 12:40:11.085   470   470 D IMGGralloc: Gralloc Free  w:720, h:1600, f:0x1, usage:0xb00, ui64Stamp:3272920 line = 2441
07-20 12:40:11.085 13023 13023 I GoogleInputMethodService: GoogleInputMethodService.updateDeviceLockedStatus():2116 checkRepeatedly = false, unlocked = true
07-20 12:40:11.085 13023 13023 I GoogleInputMethodService: GoogleInputMethodService.onStartInput():1923 onStartInput(EditorInfo{inputType=0x0(NULL) imeOptions=0x0 privateImeOptions=null actionName=UNSPECIFIED actionLabel=null actionId=0 initialSelStart=-1 initialSelEnd=-1 initialCapsMode=0x0 hintText=null label=null packageName=com.example.dogglers fieldId=-1 fieldName=null extras=Bundle[EMPTY_PARCEL]}, false)
07-20 12:40:11.085   507   979 D IMGGralloc: Gralloc Register  w:720, h:1600, f:0x1, usage:0xb00, ui64Stamp:3272920, sSize:4608000, line = 2335
07-20 12:40:11.087 13023 13023 I GoogleInputMethodService: GoogleInputMethodService.updateDeviceLockedStatus():2116 checkRepeatedly = true, unlocked = true
07-20 12:40:11.087 22314 22346 D IMGGralloc: Gralloc Register  w:720, h:1600, f:0x1, usage:0xb00, ui64Stamp:3272920, sSize:4608000, line = 2335
07-20 12:40:11.087   816  5233 D InputMethodManagerService: isImeSwitcherDisabledPackage : false
07-20 12:40:11.089 22314 22314 I SurfaceControl: release : mNativeObject = 3850578624 - Surface(name=Surface(name=496386c NavigationBar0)/@0xb856353 - animation-leash)/@0xbc72011 / android.view.-$$Lambda$Rl1VZmNJ0VZDLK0BAbaVGis0rrA.accept:2 android.view.InsetsSourceControl.release:170 android.view.InsetsSourceConsumer.setControl:193 android.view.InsetsController.onControlsChanged:794
07-20 12:40:11.090 22314 22314 I SurfaceControl: release : mNativeObject = 3850578496 - Surface(name=Surface(name=7580301 StatusBar)/@0xfd83951 - animation-leash)/@0xdb40576 / android.view.-$$Lambda$Rl1VZmNJ0VZDLK0BAbaVGis0rrA.accept:2 android.view.InsetsSourceControl.release:170 android.view.InsetsSourceConsumer.setControl:193 android.view.InsetsController.onControlsChanged:794
07-20 12:40:11.094 22314 22314 I ViewInteraction: Performing 'single click' action on view view.getId() is <2131230947/com.example.dogglers:id/horizontal_btn>
07-20 12:40:11.094   816   894 I SurfaceControl: release : mNativeObject = 3532755520 - Surface(name=Surface(name=95a0c11 Splash Screen com.example.dogglers)/@0x1b3eb68 - animation-leash)/@0x8d1a3f3 / android.view.SurfaceControl$Transaction.remove:3169 com.android.server.wm.SurfaceAnimator.removeLeash:418 com.android.server.wm.SurfaceAnimator.reset:384 com.android.server.wm.SurfaceAnimator.lambda$getFinishedCallback$0$SurfaceAnimator:111
07-20 12:40:11.096   471   532 D IMGGralloc: Gralloc Register  w:720, h:1600, f:0x1, usage:0xb00, ui64Stamp:3272920, sSize:4608000, line = 2335
07-20 12:40:11.096   816   894 I SurfaceControl: release : mNativeObject = 3101749632 - Surface(name=Splash Screen com.example.dogglers)/@0x53c5fba / android.view.SurfaceControl$Transaction.remove:3169 com.android.server.wm.WindowSurfaceController.destroyNotInTransaction:218 com.android.server.wm.WindowStateAnimator.destroySurface:1603 com.android.server.wm.WindowStateAnimator.destroySurfaceLocked:638
07-20 12:40:11.096   507   760 I Layer   : id=98191 removeFromCurrentState Splash Screen com.example.dogglers#0 (56)
07-20 12:40:11.097   816   894 I SurfaceControl: release : mNativeObject = 3101749408 - Surface(name=95a0c11 Splash Screen com.example.dogglers)/@0x1b3eb68 / android.view.SurfaceControl$Transaction.remove:3169 com.android.server.wm.WindowContainer.removeImmediately:607 com.android.server.wm.WindowState.removeImmediately:2199 com.android.server.wm.WindowState.destroySurface:3326
07-20 12:40:11.101   507   760 I Layer   : id=98190 removeFromCurrentState 95a0c11 Splash Screen com.example.dogglers#0 (56)
07-20 12:40:11.101   507   760 I Layer   : id=98200 removeFromCurrentState Surface(name=95a0c11 Splash Screen com.example.dogglers)/@0x1b3eb68 - animation-leash#0 (56)
07-20 12:40:11.105   816   958 W InputDispatcher: obscured by Splash Screen
07-20 12:40:11.106   479   479 D PowerHAL: ###Exit launch scene bgn###
07-20 12:40:11.106   479   479 D PowerHAL: Enter common_set_for_release_when_close: enable:0, duration: 0, /dev/cluster0_freq_max: 124F80
07-20 12:40:11.106   479   479 D PowerHAL: Enter common_set_for_release_when_close: enable:0, duration: 0, /dev/cluster0_freq_min: 124F80
