07-20 12:40:11.106   816   958 I InputDispatcher: Delivering touch to (3152): action: 0x4, f=0x0, d=0, '496386c', t=0
07-20 12:40:11.106   479   479 D PowerHAL: Set /dev/cluster0_freq_min: F4240
07-20 12:40:11.106   479   479 D PowerHAL: Enter common_set_for_release_when_close: enable:0, duration: 0, /dev/cluster1_freq_max: 186A00
07-20 12:40:11.106   479   479 D PowerHAL: Enter common_set_for_release_when_close: enable:0, duration: 0, /dev/cluster1_freq_min: 186A00
07-20 12:40:11.106   479   479 D PowerHAL: Set /dev/cluster1_freq_min: 12B128
07-20 12:40:11.106   816   958 I InputDispatcher: Delivering touch to (22314): action: 0x0, f=0x1, d=0, '88b8d5f', t=0
07-20 12:40:11.106   479   479 D PowerHAL: Enter devfreq_ddr_set: enable:0, duration: 0, /sys/class/devfreq/scene-frequency/sprd-governor/scene_boost_dfs: max
07-20 12:40:11.106   479   479 D PowerHAL: ###Exit launch scene end###
07-20 12:40:11.107   455   461 E statsd  : Predicate 5980654721335871649 dropping data for dimension key (10)0x2010101->10225[I] (10)0x30000->*launch*[S]
07-20 12:40:11.110   479   479 D PowerHAL: ###Enter interaction_other scene bgn###
07-20 12:40:11.110   479   479 D PowerHAL: Enter common_set_for_release_when_close: enable:1, duration: 500, /dev/cluster0_freq_max: 124F80
07-20 12:40:11.110   479   479 D PowerHAL: Enter common_set_for_release_when_close: enable:1, duration: 500, /dev/cluster0_freq_min: F4240
07-20 12:40:11.110   479   479 D PowerHAL: Enter common_set_for_release_when_close: enable:1, duration: 500, /dev/cluster1_freq_max: 186A00
07-20 12:40:11.110   479   479 D PowerHAL: Enter common_set_for_release_when_close: enable:1, duration: 500, /dev/cluster1_freq_min: 12B128
07-20 12:40:11.110   479   479 D PowerHAL: Enter devfreq_ddr_set: enable:1, duration: 500, /sys/class/devfreq/scene-frequency/sprd-governor/scene_boost_dfs: max
07-20 12:40:11.110   479   479 D PowerHAL: ###Enter interaction_other scene end###
07-20 12:40:11.110   479   479 D PowerHAL: ###Enter interaction_other scene bgn###
07-20 12:40:11.110   479   479 D PowerHAL: Enter common_set_for_release_when_close: enable:1, duration: 500, /dev/cluster0_freq_max: 124F80
07-20 12:40:11.110   507   507 I Layer   : id=98200[1] Destroyed Surface(name=95a0c11 Splash Screen com.example.dogglers)/@0x1b3eb68 - animation-leash#0
07-20 12:40:11.110   479   479 D PowerHAL: Enter common_set_for_release_when_close: enable:1, duration: 500, /dev/cluster0_freq_min: F4240
07-20 12:40:11.110   507   507 I Layer   : id=98190[1] Destroyed 95a0c11 Splash Screen com.example.dogglers#0
07-20 12:40:11.110   479   479 D PowerHAL: Enter common_set_for_release_when_close: enable:1, duration: 500, /dev/cluster1_freq_max: 186A00
07-20 12:40:11.110   479   479 D PowerHAL: Enter common_set_for_release_when_close: enable:1, duration: 500, /dev/cluster1_freq_min: 12B128
07-20 12:40:11.110   479   479 D PowerHAL: Enter devfreq_ddr_set: enable:1, duration: 500, /sys/class/devfreq/scene-frequency/sprd-governor/scene_boost_dfs: max
07-20 12:40:11.110   479   479 D PowerHAL: ###Enter interaction_other scene end###
07-20 12:40:11.111   471   532 D IMGGralloc: Gralloc Free  w:720, h:1600, f:0x1, usage:0x966, ui64Stamp:3272887 line = 2441
07-20 12:40:11.112   471   532 D IMGGralloc: Gralloc Free  w:720, h:1600, f:0x1, usage:0x966, ui64Stamp:3272896 line = 2441
07-20 12:40:11.113   507   507 D IMGGralloc: Gralloc Free  w:720, h:1600, f:0x1, usage:0x966, ui64Stamp:3272896 line = 2441
07-20 12:40:11.114   507   507 I Layer   : id=98191[1] Destroyed Splash Screen com.example.dogglers#0
07-20 12:40:11.117   507   507 D SurfaceFlinger: Display 0 HWC layers:
07-20 12:40:11.117   507   507 D SurfaceFlinger:      DEVICE | 0xed753a80 | 0002 | RGBA_8888    |    0.0    0.0  720.0 1600.0 |    0    0  720 1600 | com.example.dogglers/com.example.dogglers.MainActivity#0
07-20 12:40:11.117   507   507 D SurfaceFlinger:      DEVICE | 0xed755e20 | 0000 | RGBA_8888    |    0.0    0.0  720.0   45.0 |    0    0  720   45 | StatusBar#0
07-20 12:40:11.117   507   507 D SurfaceFlinger:      DEVICE | 0xed7543e0 | 0000 | RGBA_8888    |    0.0    0.0  720.0   96.0 |    0 1504  720 1600 | NavigationBar0#0
07-20 12:40:11.117   507   507 D SurfaceFlinger:
07-20 12:40:11.160   471   532 D IMGGralloc: Gralloc Register  w:720, h:1600, f:0x1, usage:0xb00, ui64Stamp:3272914, sSize:4608000, line = 2335
07-20 12:40:11.167   816   958 I InputDispatcher: Delivering touch to (22314): action: 0x1, f=0x1, d=0, '88b8d5f', t=1
07-20 12:40:11.175   507   760 I SurfaceFlinger: id=98202 createSurf (0x0),-1 flag=80004, ActivityRecord{ed26e61 u0 com.example.dogglers/.HorizontalListActivity#0
07-20 12:40:11.177   479   479 D PowerHAL: ###Enter launch scene bgn###
07-20 12:40:11.177   479   479 D PowerHAL: Enter common_set_for_release_when_close: enable:1, duration: 0, /dev/cluster0_freq_max: 124F80
07-20 12:40:11.177   479   479 D PowerHAL: Enter common_set_for_release_when_close: enable:1, duration: 0, /dev/cluster0_freq_min: 124F80
07-20 12:40:11.177   479   479 D PowerHAL: Set /dev/cluster0_freq_min: 124F80
07-20 12:40:11.177   479   479 D PowerHAL: Enter common_set_for_release_when_close: enable:1, duration: 0, /dev/cluster1_freq_max: 186A00
07-20 12:40:11.177   479   479 D PowerHAL: Enter common_set_for_release_when_close: enable:1, duration: 0, /dev/cluster1_freq_min: 186A00
07-20 12:40:11.177   479   479 D PowerHAL: Set /dev/cluster1_freq_min: 186A00
07-20 12:40:11.177   479   479 D PowerHAL: Enter devfreq_ddr_set: enable:1, duration: 0, /sys/class/devfreq/scene-frequency/sprd-governor/scene_boost_dfs: max
07-20 12:40:11.177   479   479 D PowerHAL: ###Enter launch scene end###
07-20 12:40:11.179   455   461 E statsd  : Predicate 5980654721335871649 dropping data for dimension key (10)0x2010101->10225[I] (10)0x30000->*launch*[S]
07-20 12:40:11.190 22314 22314 D LifecycleMonitor: Lifecycle status change: com.example.dogglers.MainActivity@3f751ad in: PAUSED
07-20 12:40:11.191 22314 22314 V ActivityScenario: Update currentActivityStage to PAUSED, currentActivity=com.example.dogglers.MainActivity@3f751ad
07-20 12:40:11.218 22314 22314 D LifecycleMonitor: Lifecycle status change: com.example.dogglers.HorizontalListActivity@e06b826 in: PRE_ON_CREATE
07-20 12:40:11.219 22314 22314 V ActivityScenario: Activity lifecycle changed event received but ignored because the intent does not match. startActivityIntent=Intent { act=android.intent.action.MAIN cat=[android.intent.category.LAUNCHER] cmp=com.example.dogglers/.MainActivity }, activity.getIntent()=Intent { cmp=com.example.dogglers/.HorizontalListActivity }, activity=com.example.dogglers.HorizontalListActivity@e06b826
07-20 12:40:11.346 22314 22314 D LifecycleMonitor: Lifecycle status change: com.example.dogglers.HorizontalListActivity@e06b826 in: CREATED
07-20 12:40:11.347 22314 22314 V ActivityScenario: Activity lifecycle changed event received but ignored because the intent does not match. startActivityIntent=Intent { act=android.intent.action.MAIN cat=[android.intent.category.LAUNCHER] cmp=com.example.dogglers/.MainActivity }, activity.getIntent()=Intent { cmp=com.example.dogglers/.HorizontalListActivity }, activity=com.example.dogglers.HorizontalListActivity@e06b826
07-20 12:40:11.352 22314 22314 D LifecycleMonitor: Lifecycle status change: com.example.dogglers.HorizontalListActivity@e06b826 in: STARTED
07-20 12:40:11.352 22314 22314 V ActivityScenario: Activity lifecycle changed event received but ignored because the intent does not match. startActivityIntent=Intent { act=android.intent.action.MAIN cat=[android.intent.category.LAUNCHER] cmp=com.example.dogglers/.MainActivity }, activity.getIntent()=Intent { cmp=com.example.dogglers/.HorizontalListActivity }, activity=com.example.dogglers.HorizontalListActivity@e06b826
07-20 12:40:11.355 22314 22314 D LifecycleMonitor: Lifecycle status change: com.example.dogglers.HorizontalListActivity@e06b826 in: RESUMED
07-20 12:40:11.356 22314 22314 V ActivityScenario: Activity lifecycle changed event received but ignored because the intent does not match. startActivityIntent=Intent { act=android.intent.action.MAIN cat=[android.intent.category.LAUNCHER] cmp=com.example.dogglers/.MainActivity }, activity.getIntent()=Intent { cmp=com.example.dogglers/.HorizontalListActivity }, activity=com.example.dogglers.HorizontalListActivity@e06b826
07-20 12:40:11.365   507   542 I SurfaceFlinger: id=98203 createSurf (0x0),-1 flag=80004, b668f9d com.example.dogglers/com.example.dogglers.HorizontalListActivity#0
07-20 12:40:11.369 22314 22314 I InputTransport: Create ARC handle: 0xe582ffa0
07-20 12:40:11.370 22314 22314 E libc    : Access denied finding property "ro.vendor.input.resample_latency_ms"
07-20 12:40:11.391   816  5530 V WindowManager: Relayout Window{b668f9d u0 com.example.dogglers/com.example.dogglers.HorizontalListActivity}: viewVisibility=0 req=720x1600
07-20 12:40:11.393   507   979 I SurfaceFlinger: id=98204 createSurf (720x1600),1 flag=404, com.example.dogglers/com.example.dogglers.HorizontalListActivity#0
07-20 12:40:11.396   816  5530 I SurfaceControl: release : mNativeObject = 3676985696 - Surface(name=Surface(name=7580301 StatusBar)/@0xfd83951 - animation-leash)/@0x4e3e00a / android.view.SurfaceControl$Transaction.remove:3169 com.android.server.wm.SurfaceAnimator.cancelAnimation:365 com.android.server.wm.SurfaceAnimator.startAnimation:161 com.android.server.wm.WindowContainer.startAnimation:2127
07-20 12:40:11.397   507   979 I SurfaceFlinger: id=98205 createSurf (0x0),-1 flag=24000, Surface(name=7580301 StatusBar)/@0xfd83951 - animation-leash#1
07-20 12:40:11.398   816  5530 I SurfaceControl: release : mNativeObject = 3676985824 - Surface(name=Surface(name=496386c NavigationBar0)/@0xb856353 - animation-leash)/@0x46cfe98 / android.view.SurfaceControl$Transaction.remove:3169 com.android.server.wm.SurfaceAnimator.cancelAnimation:365 com.android.server.wm.SurfaceAnimator.startAnimation:161 com.android.server.wm.WindowContainer.startAnimation:2127
07-20 12:40:11.398   507   979 I SurfaceFlinger: id=98206 createSurf (0x0),-1 flag=24000, Surface(name=496386c NavigationBar0)/@0xb856353 - animation-leash#0
07-20 12:40:11.400   816  5530 V WindowManager: Relayout hash=b668f9d, pid=22314: mAttrs={(0,0)(fillxfill) sim={adjust=resize forwardNavigation} ty=BASE_APPLICATION wanim=0x1030304
07-20 12:40:11.400   816  5530 V WindowManager:   fl=81810100
07-20 12:40:11.400   816  5530 V WindowManager:   pfl=12020000
07-20 12:40:11.400   816  5530 V WindowManager:   fitSides=}
07-20 12:40:11.401   816  5530 I SurfaceControl: release : mNativeObject = 3101752864 - Surface(name=com.example.dogglers/com.example.dogglers.HorizontalListActivity)/@0x59b273f / android.view.SurfaceControl.writeToParcel:1094 android.view.IWindowSession$Stub.onTransact:894 com.android.server.wm.Session.onTransact:139 android.os.Binder.execTransactInternal:1154
07-20 12:40:11.407 22314 22346 D OpenGLRenderer: eglCreateWindowSurface : 0xecb8ef40
07-20 12:40:11.408   470   470 D IMGGralloc: GBuffer--------------(*format)=1
07-20 12:40:11.408   470   470 D IMGGralloc: Gralloc alloc start  w:720, h:1600, f:0x1, usage:0x900, line = 1643
07-20 12:40:11.409   470   470 D IMGGralloc: Gralloc Alloc end  w:720, h:1600, f:0x1, usage:0x900, handle:0xeba763c0, ui64Stamp:3272928, sSize:4608000, line = 2047
07-20 12:40:11.409   470   470 D IMGGralloc: Gralloc Free  w:720, h:1600, f:0x1, usage:0x900, ui64Stamp:3272928 line = 2441
07-20 12:40:11.409   507   979 D IMGGralloc: Gralloc Register  w:720, h:1600, f:0x1, usage:0x900, ui64Stamp:3272928, sSize:4608000, line = 2335
07-20 12:40:11.410   470   470 D IMGGralloc: GBuffer--------------(*format)=1
07-20 12:40:11.410   470   470 D IMGGralloc: Gralloc alloc start  w:720, h:1600, f:0x1, usage:0x900, line = 1643
07-20 12:40:11.411   507   542 I Layer   : id=98198 removeFromCurrentState Surface(name=7580301 StatusBar)/@0xfd83951 - animation-leash#0 (58)
07-20 12:40:11.411   507   542 I Layer   : id=98199 removeFromCurrentState Surface(name=496386c NavigationBar0)/@0xb856353 - animation-leash#1 (58)
07-20 12:40:11.412   470   470 D IMGGralloc: Gralloc Alloc end  w:720, h:1600, f:0x1, usage:0x900, handle:0xeba763c0, ui64Stamp:3272932, sSize:4608000, line = 2047
07-20 12:40:11.412   470   470 D IMGGralloc: Gralloc Free  w:720, h:1600, f:0x1, usage:0x900, ui64Stamp:3272932 line = 2441
07-20 12:40:11.413   507   979 D IMGGralloc: Gralloc Register  w:720, h:1600, f:0x1, usage:0x900, ui64Stamp:3272932, sSize:4608000, line = 2335
07-20 12:40:11.414   470   470 D IMGGralloc: GBuffer--------------(*format)=1
07-20 12:40:11.414   470   470 D IMGGralloc: Gralloc alloc start  w:720, h:1600, f:0x1, usage:0x900, line = 1643
07-20 12:40:11.416   470   470 D IMGGralloc: Gralloc Alloc end  w:720, h:1600, f:0x1, usage:0x900, handle:0xeba763c0, ui64Stamp:3272935, sSize:4608000, line = 2047
07-20 12:40:11.416   470   470 D IMGGralloc: Gralloc Free  w:720, h:1600, f:0x1, usage:0x900, ui64Stamp:3272935 line = 2441
07-20 12:40:11.416   507   979 D IMGGralloc: Gralloc Register  w:720, h:1600, f:0x1, usage:0x900, ui64Stamp:3272935, sSize:4608000, line = 2335
07-20 12:40:11.421   507   760 D IMGGralloc: Gralloc Free  w:720, h:1600, f:0x1, usage:0x900, ui64Stamp:3272935 line = 2441
07-20 12:40:11.422   470   470 D IMGGralloc: GBuffer--------------(*format)=1
07-20 12:40:11.422   470   470 D IMGGralloc: Gralloc alloc start  w:720, h:1600, f:0x1, usage:0xb00, line = 1643
07-20 12:40:11.424   470   470 D IMGGralloc: Gralloc Alloc end  w:720, h:1600, f:0x1, usage:0xb00, handle:0xeba763c0, ui64Stamp:3272939, sSize:4608000, line = 2047
07-20 12:40:11.424   470   470 D IMGGralloc: Gralloc Free  w:720, h:1600, f:0x1, usage:0xb00, ui64Stamp:3272939 line = 2441
07-20 12:40:11.425   507   760 D IMGGralloc: Gralloc Register  w:720, h:1600, f:0x1, usage:0xb00, ui64Stamp:3272939, sSize:4608000, line = 2335
07-20 12:40:11.426   507   507 I SurfaceFlinger: SF-Update,layer=com.example.dogglers/com.example.dogglers.HorizontalListActivity#0,name=Window{b668f9d u0 com.example.dogglers/com.example.dogglers.HorizontalListActivity},token=0xed211d30,id=98204 dirty=1,inputChanged=0,syncInput=0,visible=0,paused=0,portal=-1,param=0x81810120,feature=0x0
07-20 12:40:11.427 22314 22346 D IMGGralloc: Gralloc Register  w:720, h:1600, f:0x1, usage:0xb00, ui64Stamp:3272939, sSize:4608000, line = 2335
07-20 12:40:11.430  5949  5949 D BoundBrokerSvc: onUnbind: Intent { act=com.google.android.gms.people.contactssync.service.START dat=chimera-action:com.google.android.gms.people.contactssync.service.START cmp=com.google.android.gms/.chimera.GmsBoundBrokerService }
07-20 12:40:11.460   507   979 I SurfaceFlinger: id=98207 createSurf (0x0),-1 flag=24000, Surface(name=ActivityRecord{fb3fe8b u0 com.example.dogglers/.MainActivity)/@0x29328e5 - animation-leash#0
07-20 12:40:11.462   507   979 I SurfaceFlinger: id=98208 createSurf (0x0),-1 flag=80004, Surface(name=ActivityRecord{fb3fe8b u0 com.example.dogglers/.MainActivity)/@0x29328e5 - animation-bounds#0
07-20 12:40:11.463   507   979 D IMGGralloc: Gralloc Free  w:720, h:1600, f:0x1, usage:0x900, ui64Stamp:3272932 line = 2441
07-20 12:40:11.464   470   470 D IMGGralloc: GBuffer--------------(*format)=1
07-20 12:40:11.464   470   470 D IMGGralloc: Gralloc alloc start  w:720, h:1600, f:0x1, usage:0xb00, line = 1643
07-20 12:40:11.464   507   760 I SurfaceFlinger: id=98209 createSurf (0x0),-1 flag=24004, Surface(name=ActivityRecord{ed26e61 u0 com.example.dogglers/.HorizontalListActivity)/@0xa4ba8f8 - animation-leash#0
07-20 12:40:11.466   507   760 I SurfaceFlinger: id=98210 createSurf (0x0),-1 flag=80004, Surface(name=ActivityRecord{ed26e61 u0 com.example.dogglers/.HorizontalListActivity)/@0xa4ba8f8 - animation-bounds#0
07-20 12:40:11.466   470   470 D IMGGralloc: Gralloc Alloc end  w:720, h:1600, f:0x1, usage:0xb00, handle:0xeba763c0, ui64Stamp:3272948, sSize:4608000, line = 2047
07-20 12:40:11.466   470   470 D IMGGralloc: Gralloc Free  w:720, h:1600, f:0x1, usage:0xb00, ui64Stamp:3272948 line = 2441
07-20 12:40:11.467   507   979 D IMGGralloc: Gralloc Register  w:720, h:1600, f:0x1, usage:0xb00, ui64Stamp:3272948, sSize:4608000, line = 2335
07-20 12:40:11.468   816   898 I ActivityTaskManager: Displayed com.example.dogglers/.HorizontalListActivity: +293ms
07-20 12:40:11.468 22314 22346 D IMGGralloc: Gralloc Register  w:720, h:1600, f:0x1, usage:0xb00, ui64Stamp:3272948, sSize:4608000, line = 2335
07-20 12:40:11.476   479   479 D PowerHAL: ###Enter interaction_other scene bgn###
07-20 12:40:11.476   479   479 D PowerHAL: Enter common_set_for_release_when_close: enable:1, duration: 500, /dev/cluster0_freq_max: 124F80
07-20 12:40:11.476   479   479 D PowerHAL: Enter common_set_for_release_when_close: enable:1, duration: 500, /dev/cluster0_freq_min: F4240
07-20 12:40:11.476   479   479 D PowerHAL: Enter common_set_for_release_when_close: enable:1, duration: 500, /dev/cluster1_freq_max: 186A00
07-20 12:40:11.476   479   479 D PowerHAL: Enter common_set_for_release_when_close: enable:1, duration: 500, /dev/cluster1_freq_min: 12B128
07-20 12:40:11.476   479   479 D PowerHAL: Enter devfreq_ddr_set: enable:1, duration: 500, /sys/class/devfreq/scene-frequency/sprd-governor/scene_boost_dfs: max
07-20 12:40:11.476   479   479 D PowerHAL: ###Enter interaction_other scene end###
07-20 12:40:11.489 22314 22314 I SurfaceControl: release : mNativeObject = 3850579392 - Surface(name=Surface(name=34a1f20 InputMethod)/@0x63c1a9e - animation-leash)/@0x31121c8 / android.view.-$$Lambda$Rl1VZmNJ0VZDLK0BAbaVGis0rrA.accept:2 android.view.InsetsSourceControl.release:170 android.view.InsetsSourceConsumer.setControl:193 android.view.ImeInsetsSourceConsumer.setControl:151
07-20 12:40:11.489 22314 22314 I SurfaceControl: release : mNativeObject = 3850579328 - Surface(name=Surface(name=496386c NavigationBar0)/@0xb856353 - animation-leash)/@0xf468261 / android.view.-$$Lambda$Rl1VZmNJ0VZDLK0BAbaVGis0rrA.accept:2 android.view.InsetsSourceControl.release:170 android.view.InsetsSourceConsumer.setControl:193 android.view.InsetsController.onControlsChanged:794
07-20 12:40:11.490 22314 22314 I SurfaceControl: release : mNativeObject = 3850579136 - Surface(name=Surface(name=7580301 StatusBar)/@0xfd83951 - animation-leash)/@0x4c54186 / android.view.-$$Lambda$Rl1VZmNJ0VZDLK0BAbaVGis0rrA.accept:2 android.view.InsetsSourceControl.release:170 android.view.InsetsSourceConsumer.setControl:193 android.view.InsetsController.onControlsChanged:794
07-20 12:40:11.492   507   507 I Layer   : id=98199[1] Destroyed Surface(name=496386c NavigationBar0)/@0xb856353 - animation-leash#1
07-20 12:40:11.492   507   507 I Layer   : id=98198[1] Destroyed Surface(name=7580301 StatusBar)/@0xfd83951 - animation-leash#0
07-20 12:40:11.499   507   979 D IMGGralloc: Gralloc Free  w:720, h:1600, f:0x1, usage:0x900, ui64Stamp:3272928 line = 2441
07-20 12:40:11.499   470   470 D IMGGralloc: GBuffer--------------(*format)=1
07-20 12:40:11.500   470   470 D IMGGralloc: Gralloc alloc start  w:720, h:1600, f:0x1, usage:0xb00, line = 1643
07-20 12:40:11.501   470   470 D IMGGralloc: Gralloc Alloc end  w:720, h:1600, f:0x1, usage:0xb00, handle:0xeba763c0, ui64Stamp:3272953, sSize:4608000, line = 2047
07-20 12:40:11.502   470   470 D IMGGralloc: Gralloc Free  w:720, h:1600, f:0x1, usage:0xb00, ui64Stamp:3272953 line = 2441
07-20 12:40:11.502   507   979 D IMGGralloc: Gralloc Register  w:720, h:1600, f:0x1, usage:0xb00, ui64Stamp:3272953, sSize:4608000, line = 2335
07-20 12:40:11.503 22314 22346 D IMGGralloc: Gralloc Register  w:720, h:1600, f:0x1, usage:0xb00, ui64Stamp:3272953, sSize:4608000, line = 2335
07-20 12:40:11.504 22314 22314 D InputMethodManager: prepareNavigationBarInfo() DecorView@597ea47[HorizontalListActivity]
07-20 12:40:11.504 22314 22314 D InputMethodManager: getNavigationBarColor() -16777216
07-20 12:40:11.508   816  4847 I SurfaceControl: release : mNativeObject = 3534421376 - Surface(name=Surface(name=34a1f20 InputMethod)/@0x63c1a9e - animation-leash)/@0xe588c4f / android.view.SurfaceControl$Transaction.remove:3169 com.android.server.wm.SurfaceAnimator.cancelAnimation:365 com.android.server.wm.SurfaceAnimator.startAnimation:161 com.android.server.wm.WindowContainer.startAnimation:2127
07-20 12:40:11.509   507   979 I SurfaceFlinger: id=98211 createSurf (0x0),-1 flag=24004, Surface(name=34a1f20 InputMethod)/@0x63c1a9e - animation-leash#1
07-20 12:40:11.511 13023 13023 I GoogleInputMethodService: GoogleInputMethodService.onFinishInput():3220
07-20 12:40:11.513 13023 13023 I GoogleInputMethodService: GoogleInputMethodService.updateDeviceLockedStatus():2116 checkRepeatedly = false, unlocked = true
07-20 12:40:11.513   507   979 I Layer   : id=98201 removeFromCurrentState Surface(name=34a1f20 InputMethod)/@0x63c1a9e - animation-leash#0 (61)
07-20 12:40:11.513 13023 13023 I GoogleInputMethodService: GoogleInputMethodService.onStartInput():1923 onStartInput(EditorInfo{inputType=0x0(NULL) imeOptions=0x0 privateImeOptions=null actionName=UNSPECIFIED actionLabel=null actionId=0 initialSelStart=-1 initialSelEnd=-1 initialCapsMode=0x0 hintText=null label=null packageName=com.example.dogglers fieldId=-1 fieldName=null extras=Bundle[EMPTY_PARCEL]}, false)
07-20 12:40:11.515 13023 13023 I GoogleInputMethodService: GoogleInputMethodService.updateDeviceLockedStatus():2116 checkRepeatedly = true, unlocked = true
07-20 12:40:11.515   479   479 D PowerHAL: ###Exit launch scene bgn###
07-20 12:40:11.515   479   479 D PowerHAL: Enter common_set_for_release_when_close: enable:0, duration: 0, /dev/cluster0_freq_max: 124F80
07-20 12:40:11.515   479   479 D PowerHAL: Enter common_set_for_release_when_close: enable:0, duration: 0, /dev/cluster0_freq_min: 124F80
07-20 12:40:11.515   479   479 D PowerHAL: Set /dev/cluster0_freq_min: F4240
07-20 12:40:11.515   479   479 D PowerHAL: Enter common_set_for_release_when_close: enable:0, duration: 0, /dev/cluster1_freq_max: 186A00
07-20 12:40:11.515   479   479 D PowerHAL: Enter common_set_for_release_when_close: enable:0, duration: 0, /dev/cluster1_freq_min: 186A00
07-20 12:40:11.515   479   479 D PowerHAL: Set /dev/cluster1_freq_min: 12B128
07-20 12:40:11.515   479   479 D PowerHAL: Enter devfreq_ddr_set: enable:0, duration: 0, /sys/class/devfreq/scene-frequency/sprd-governor/scene_boost_dfs: max
07-20 12:40:11.516   479   479 D PowerHAL: ###Exit launch scene end###
07-20 12:40:11.516 22314 22314 I SurfaceControl: release : mNativeObject = 3537943872 - Surface(name=Surface(name=34a1f20 InputMethod)/@0x63c1a9e - animation-leash)/@0x107e39d / android.view.-$$Lambda$Rl1VZmNJ0VZDLK0BAbaVGis0rrA.accept:2 android.view.InsetsSourceControl.release:170 android.view.InsetsSourceConsumer.setControl:193 android.view.ImeInsetsSourceConsumer.setControl:151
07-20 12:40:11.517   455   461 E statsd  : Predicate 5980654721335871649 dropping data for dimension key (10)0x2010101->10225[I] (10)0x30000->*launch*[S]
07-20 12:40:11.518   816  4847 D InputMethodManagerService: isImeSwitcherDisabledPackage : false
07-20 12:40:11.519 22314 22314 I SurfaceControl: release : mNativeObject = 3537943808 - Surface(name=Surface(name=496386c NavigationBar0)/@0xb856353 - animation-leash)/@0x25ee3e3 / android.view.-$$Lambda$Rl1VZmNJ0VZDLK0BAbaVGis0rrA.accept:2 android.view.InsetsSourceControl.release:170 android.view.InsetsSourceConsumer.setControl:193 android.view.InsetsController.onControlsChanged:794
07-20 12:40:11.519 22314 22314 I SurfaceControl: release : mNativeObject = 3537943744 - Surface(name=Surface(name=7580301 StatusBar)/@0xfd83951 - animation-leash)/@0x6861e0 / android.view.-$$Lambda$Rl1VZmNJ0VZDLK0BAbaVGis0rrA.accept:2 android.view.InsetsSourceControl.release:170 android.view.InsetsSourceConsumer.setControl:193 android.view.InsetsController.onControlsChanged:794
07-20 12:40:11.525   507   507 I Layer   : id=98201[1] Destroyed Surface(name=34a1f20 InputMethod)/@0x63c1a9e - animation-leash#0
07-20 12:40:11.543   471   532 D IMGGralloc: Gralloc Register  w:720, h:1600, f:0x1, usage:0xb00, ui64Stamp:3272953, sSize:4608000, line = 2335
07-20 12:40:11.546   507   507 D SurfaceFlinger: Display 0 HWC layers:
07-20 12:40:11.546   507   507 D SurfaceFlinger:      DEVICE | 0xed755c40 | 0002 | RGBA_8888    |    7.0   15.0  713.0 1585.0 |    0    0  720 1600 | com.example.dogglers/com.example.dogglers.MainActivity#0
07-20 12:40:11.546   507   507 D SurfaceFlinger:      DEVICE | 0xed753ee0 | 0002 | RGBA_8888    |    0.0    0.0  720.0 1600.0 |   33   74  687 1526 | com.example.dogglers/com.example.dogglers.HorizontalListActivity#0
07-20 12:40:11.546   507   507 D SurfaceFlinger:      DEVICE | 0xed755e20 | 0000 | RGBA_8888    |    0.0    0.0  720.0   45.0 |    0    0  720   45 | StatusBar#0
07-20 12:40:11.546   507   507 D SurfaceFlinger:      DEVICE | 0xed7543e0 | 0000 | RGBA_8888    |    0.0    0.0  720.0   96.0 |    0 1504  720 1600 | NavigationBar0#0
07-20 12:40:11.546   507   507 D SurfaceFlinger:
07-20 12:40:11.733 22314 22314 I ViewInteraction: Checking 'MatchesViewAssertion{viewMatcher=(view has effective visibility <VISIBLE> and view.getGlobalVisibleRect() to return non-empty rectangle)}' assertion on view view.getId() is <2131230949/com.example.dogglers:id/horizontal_recycler_view>
07-20 12:40:11.749   507   979 I SurfaceFlinger: id=98212 createSurf (0x0),-1 flag=80004, ActivityRecord{4f25e2f u0 com.example.dogglers/androidx.test.core.app.InstrumentationActivityInvoker$EmptyActivity#0
07-20 12:40:11.750   479   479 D PowerHAL: ###Enter launch scene bgn###
07-20 12:40:11.751   479   479 D PowerHAL: Enter common_set_for_release_when_close: enable:1, duration: 0, /dev/cluster0_freq_max: 124F80
07-20 12:40:11.751   479   479 D PowerHAL: Enter common_set_for_release_when_close: enable:1, duration: 0, /dev/cluster0_freq_min: 124F80
07-20 12:40:11.751   479   479 D PowerHAL: Set /dev/cluster0_freq_min: 124F80
07-20 12:40:11.751   479   479 D PowerHAL: Enter common_set_for_release_when_close: enable:1, duration: 0, /dev/cluster1_freq_max: 186A00
07-20 12:40:11.751   479   479 D PowerHAL: Enter common_set_for_release_when_close: enable:1, duration: 0, /dev/cluster1_freq_min: 186A00
07-20 12:40:11.751   479   479 D PowerHAL: Set /dev/cluster1_freq_min: 186A00
07-20 12:40:11.751   479   479 D PowerHAL: Enter devfreq_ddr_set: enable:1, duration: 0, /sys/class/devfreq/scene-frequency/sprd-governor/scene_boost_dfs: max
07-20 12:40:11.751   479   479 D PowerHAL: ###Enter launch scene end###
07-20 12:40:11.752   455   461 E statsd  : Predicate 5980654721335871649 dropping data for dimension key (10)0x2010101->10225[I] (10)0x30000->*launch*[S]
07-20 12:40:11.758 22314 22314 D LifecycleMonitor: Lifecycle status change: com.example.dogglers.HorizontalListActivity@e06b826 in: PAUSED
07-20 12:40:11.759 22314 22314 V ActivityScenario: Activity lifecycle changed event received but ignored because the intent does not match. startActivityIntent=Intent { act=android.intent.action.MAIN cat=[android.intent.category.LAUNCHER] cmp=com.example.dogglers/.MainActivity }, activity.getIntent()=Intent { cmp=com.example.dogglers/.HorizontalListActivity }, activity=com.example.dogglers.HorizontalListActivity@e06b826
07-20 12:40:11.785 22314 22314 D LifecycleMonitor: Lifecycle status change: androidx.test.core.app.InstrumentationActivityInvoker$EmptyActivity@d696f6a in: PRE_ON_CREATE
07-20 12:40:11.786 22314 22314 V ActivityScenario: Activity lifecycle changed event received but ignored because the intent does not match. startActivityIntent=Intent { act=android.intent.action.MAIN cat=[android.intent.category.LAUNCHER] cmp=com.example.dogglers/.MainActivity }, activity.getIntent()=Intent { act=android.intent.action.MAIN cat=[android.intent.category.LAUNCHER] flg=0x10000000 cmp=com.example.dogglers/androidx.test.core.app.InstrumentationActivityInvoker$EmptyActivity }, activity=androidx.test.core.app.InstrumentationActivityInvoker$EmptyActivity@d696f6a
07-20 12:40:11.805 22314 22314 D LifecycleMonitor: Lifecycle status change: androidx.test.core.app.InstrumentationActivityInvoker$EmptyActivity@d696f6a in: CREATED
07-20 12:40:11.805 22314 22314 V ActivityScenario: Activity lifecycle changed event received but ignored because the intent does not match. startActivityIntent=Intent { act=android.intent.action.MAIN cat=[android.intent.category.LAUNCHER] cmp=com.example.dogglers/.MainActivity }, activity.getIntent()=Intent { act=android.intent.action.MAIN cat=[android.intent.category.LAUNCHER] flg=0x10000000 cmp=com.example.dogglers/androidx.test.core.app.InstrumentationActivityInvoker$EmptyActivity }, activity=androidx.test.core.app.InstrumentationActivityInvoker$EmptyActivity@d696f6a
07-20 12:40:11.810 22314 22314 D LifecycleMonitor: Lifecycle status change: androidx.test.core.app.InstrumentationActivityInvoker$EmptyActivity@d696f6a in: STARTED
07-20 12:40:11.811 22314 22314 V ActivityScenario: Activity lifecycle changed event received but ignored because the intent does not match. startActivityIntent=Intent { act=android.intent.action.MAIN cat=[android.intent.category.LAUNCHER] cmp=com.example.dogglers/.MainActivity }, activity.getIntent()=Intent { act=android.intent.action.MAIN cat=[android.intent.category.LAUNCHER] flg=0x10000000 cmp=com.example.dogglers/androidx.test.core.app.InstrumentationActivityInvoker$EmptyActivity }, activity=androidx.test.core.app.InstrumentationActivityInvoker$EmptyActivity@d696f6a
07-20 12:40:11.816 22314 22314 D LifecycleMonitor: Lifecycle status change: androidx.test.core.app.InstrumentationActivityInvoker$EmptyActivity@d696f6a in: RESUMED
07-20 12:40:11.817 22314 22314 V ActivityScenario: Activity lifecycle changed event received but ignored because the intent does not match. startActivityIntent=Intent { act=android.intent.action.MAIN cat=[android.intent.category.LAUNCHER] cmp=com.example.dogglers/.MainActivity }, activity.getIntent()=Intent { act=android.intent.action.MAIN cat=[android.intent.category.LAUNCHER] flg=0x10000000 cmp=com.example.dogglers/androidx.test.core.app.InstrumentationActivityInvoker$EmptyActivity }, activity=androidx.test.core.app.InstrumentationActivityInvoker$EmptyActivity@d696f6a
07-20 12:40:11.824   507   979 I SurfaceFlinger: id=98213 createSurf (0x0),-1 flag=80004, d42b141 com.example.dogglers/androidx.test.core.app.InstrumentationActivityInvoker$EmptyActivity#0
07-20 12:40:11.824   471   532 D IMGGralloc: Gralloc Free  w:720, h:1600, f:0x1, usage:0xb00, ui64Stamp:3272920 line = 2441
07-20 12:40:11.825   471   532 D IMGGralloc: Gralloc Free  w:720, h:1600, f:0x1, usage:0xb00, ui64Stamp:3272918 line = 2441
07-20 12:40:11.825   471   532 D IMGGralloc: Gralloc Free  w:720, h:1600, f:0x1, usage:0xb00, ui64Stamp:3272914 line = 2441
07-20 12:40:11.827   507   507 D SurfaceFlinger: Display 0 HWC layers:
07-20 12:40:11.827   507   507 D SurfaceFlinger:      DEVICE | 0xed753ee0 | 0002 | RGBA_8888    |    0.0    0.0  720.0 1600.0 |    0    0  720 1600 | com.example.dogglers/com.example.dogglers.HorizontalListActivity#0
07-20 12:40:11.827   507   507 D SurfaceFlinger:      DEVICE | 0xed755e20 | 0000 | RGBA_8888    |    0.0    0.0  720.0   45.0 |    0    0  720   45 | StatusBar#0
07-20 12:40:11.827   507   507 D SurfaceFlinger:      DEVICE | 0xed7543e0 | 0000 | RGBA_8888    |    0.0    0.0  720.0   96.0 |    0 1504  720 1600 | NavigationBar0#0
07-20 12:40:11.827   507   507 D SurfaceFlinger:
07-20 12:40:11.829 22314 22314 I InputTransport: Create ARC handle: 0xe589b950
07-20 12:40:11.829 22314 22314 E libc    : Access denied finding property "ro.vendor.input.resample_latency_ms"
07-20 12:40:11.839   816  5530 V WindowManager: Relayout Window{d42b141 u0 com.example.dogglers/androidx.test.core.app.InstrumentationActivityInvoker$EmptyActivity}: viewVisibility=0 req=720x1600
07-20 12:40:11.842   507   979 I SurfaceFlinger: id=98214 createSurf (720x1600),1 flag=404, com.example.dogglers/androidx.test.core.app.InstrumentationActivityInvoker$EmptyActivity#0
07-20 12:40:11.844   816  5530 I SurfaceControl: release : mNativeObject = 3676983328 - Surface(name=Surface(name=7580301 StatusBar)/@0xfd83951 - animation-leash)/@0x7a7fde0 / android.view.SurfaceControl$Transaction.remove:3169 com.android.server.wm.SurfaceAnimator.cancelAnimation:365 com.android.server.wm.SurfaceAnimator.startAnimation:161 com.android.server.wm.WindowContainer.startAnimation:2127
07-20 12:40:11.844   507   979 I SurfaceFlinger: id=98215 createSurf (0x0),-1 flag=24000, Surface(name=7580301 StatusBar)/@0xfd83951 - animation-leash#0
07-20 12:40:11.845   816  5530 I SurfaceControl: release : mNativeObject = 3676984160 - Surface(name=Surface(name=496386c NavigationBar0)/@0xb856353 - animation-leash)/@0xe3bf75e / android.view.SurfaceControl$Transaction.remove:3169 com.android.server.wm.SurfaceAnimator.cancelAnimation:365 com.android.server.wm.SurfaceAnimator.startAnimation:161 com.android.server.wm.WindowContainer.startAnimation:2127
07-20 12:40:11.846   507   979 I SurfaceFlinger: id=98216 createSurf (0x0),-1 flag=24000, Surface(name=496386c NavigationBar0)/@0xb856353 - animation-leash#1
07-20 12:40:11.848   816  5530 V WindowManager: Relayout hash=d42b141, pid=22314: mAttrs={(0,0)(fillxfill) sim={adjust=pan forwardNavigation} ty=BASE_APPLICATION wanim=0x1030001
07-20 12:40:11.848   816  5530 V WindowManager:   fl=1810100
07-20 12:40:11.848   816  5530 V WindowManager:   pfl=12020000
07-20 12:40:11.848   816  5530 V WindowManager:   fitSides=}
07-20 12:40:11.848   507   979 I Layer   : id=98206 removeFromCurrentState Surface(name=496386c NavigationBar0)/@0xb856353 - animation-leash#0 (65)
07-20 12:40:11.848   507   979 I Layer   : id=27 removeFromCurrentState 496386c NavigationBar0#0 (65)
07-20 12:40:11.848   507   979 I Layer   : id=39 removeFromCurrentState NavigationBar0#0 (65)
07-20 12:40:11.848   507   979 I Layer   : id=98205 removeFromCurrentState Surface(name=7580301 StatusBar)/@0xfd83951 - animation-leash#1 (65)
07-20 12:40:11.848   816  5530 I SurfaceControl: release : mNativeObject = 3676987008 - Surface(name=com.example.dogglers/androidx.test.core.app.InstrumentationActivityInvoker$EmptyActivity)/@0x9169bc3 / android.view.SurfaceControl.writeToParcel:1094 android.view.IWindowSession$Stub.onTransact:894 com.android.server.wm.Session.onTransact:139 android.os.Binder.execTransactInternal:1154
07-20 12:40:11.854 22314 22346 D OpenGLRenderer: eglCreateWindowSurface : 0xec8f5e40
07-20 12:40:11.856   470   470 D IMGGralloc: GBuffer--------------(*format)=1
07-20 12:40:11.856   470   470 D IMGGralloc: Gralloc alloc start  w:720, h:1600, f:0x1, usage:0x900, line = 1643
07-20 12:40:11.856   470   470 D IMGGralloc: Gralloc Alloc end  w:720, h:1600, f:0x1, usage:0x900, handle:0xeba763c0, ui64Stamp:3272958, sSize:4608000, line = 2047
07-20 12:40:11.856   470   470 D IMGGralloc: Gralloc Free  w:720, h:1600, f:0x1, usage:0x900, ui64Stamp:3272958 line = 2441
07-20 12:40:11.857   507   979 D IMGGralloc: Gralloc Register  w:720, h:1600, f:0x1, usage:0x900, ui64Stamp:3272958, sSize:4608000, line = 2335
07-20 12:40:11.857   470   470 D IMGGralloc: GBuffer--------------(*format)=1
07-20 12:40:11.857   470   470 D IMGGralloc: Gralloc alloc start  w:720, h:1600, f:0x1, usage:0x900, line = 1643
07-20 12:40:11.859   470   470 D IMGGralloc: Gralloc Alloc end  w:720, h:1600, f:0x1, usage:0x900, handle:0xeba763c0, ui64Stamp:3272962, sSize:4608000, line = 2047
07-20 12:40:11.860   470   470 D IMGGralloc: Gralloc Free  w:720, h:1600, f:0x1, usage:0x900, ui64Stamp:3272962 line = 2441
07-20 12:40:11.860   507   979 D IMGGralloc: Gralloc Register  w:720, h:1600, f:0x1, usage:0x900, ui64Stamp:3272962, sSize:4608000, line = 2335
07-20 12:40:11.861   470   470 D IMGGralloc: GBuffer--------------(*format)=1
07-20 12:40:11.861   470   470 D IMGGralloc: Gralloc alloc start  w:720, h:1600, f:0x1, usage:0x900, line = 1643
07-20 12:40:11.861   507   542 D IMGGralloc: Gralloc Free  w:720, h:1600, f:0x1, usage:0x900, ui64Stamp:3272962 line = 2441
07-20 12:40:11.863   470   470 D IMGGralloc: Gralloc Alloc end  w:720, h:1600, f:0x1, usage:0x900, handle:0xeba763c0, ui64Stamp:3272966, sSize:4608000, line = 2047
07-20 12:40:11.863   470   470 D IMGGralloc: Gralloc Free  w:720, h:1600, f:0x1, usage:0x900, ui64Stamp:3272966 line = 2441
07-20 12:40:11.864   470   470 D IMGGralloc: GBuffer--------------(*format)=1
07-20 12:40:11.864   470   470 D IMGGralloc: Gralloc alloc start  w:720, h:1600, f:0x1, usage:0xb00, line = 1643
07-20 12:40:11.864   507   979 D IMGGralloc: Gralloc Register  w:720, h:1600, f:0x1, usage:0x900, ui64Stamp:3272966, sSize:4608000, line = 2335
07-20 12:40:11.866   470   470 D IMGGralloc: Gralloc Alloc end  w:720, h:1600, f:0x1, usage:0xb00, handle:0xeba763c0, ui64Stamp:3272970, sSize:4608000, line = 2047
07-20 12:40:11.866   470   470 D IMGGralloc: Gralloc Free  w:720, h:1600, f:0x1, usage:0xb00, ui64Stamp:3272970 line = 2441
07-20 12:40:11.866   507   542 D IMGGralloc: Gralloc Register  w:720, h:1600, f:0x1, usage:0xb00, ui64Stamp:3272970, sSize:4608000, line = 2335
07-20 12:40:11.867 22314 22346 D IMGGralloc: Gralloc Register  w:720, h:1600, f:0x1, usage:0xb00, ui64Stamp:3272970, sSize:4608000, line = 2335
07-20 12:40:11.874   507   507 I SurfaceFlinger: SF-Update,layer=com.example.dogglers/androidx.test.core.app.InstrumentationActivityInvoker$EmptyActivity#0,name=Window{d42b141 u0 com.example.dogglers/androidx.test.core.app.InstrumentationActivityInvoker$EmptyActivity},token=0xed20db90,id=98214 dirty=1,inputChanged=0,syncInput=0,visible=0,paused=0,portal=-1,param=0x1810120,feature=0x0
07-20 12:40:11.876   816   898 I ActivityTaskManager: Displayed com.example.dogglers/androidx.test.core.app.InstrumentationActivityInvoker$EmptyActivity: +128ms
07-20 12:40:11.883 22314 22314 I SurfaceControl: release : mNativeObject = 3850579584 - Surface(name=Surface(name=34a1f20 InputMethod)/@0x63c1a9e - animation-leash)/@0x1271836 / android.view.-$$Lambda$Rl1VZmNJ0VZDLK0BAbaVGis0rrA.accept:2 android.view.InsetsSourceControl.release:170 android.view.InsetsSourceConsumer.setControl:193 android.view.ImeInsetsSourceConsumer.setControl:151
07-20 12:40:11.883   816   894 I SurfaceControl: release : mNativeObject = 3101752864 - Surface(name=Surface(name=ActivityRecord{fb3fe8b u0 com.example.dogglers/.MainActivity)/@0x29328e5 - animation-leash)/@0x84c2b6a / android.view.SurfaceControl$Transaction.remove:3169 com.android.server.wm.SurfaceAnimator.removeLeash:418 com.android.server.wm.SurfaceAnimator.reset:384 com.android.server.wm.SurfaceAnimator.lambda$getFinishedCallback$0$SurfaceAnimator:111
07-20 12:40:11.884 22314 22314 I SurfaceControl: release : mNativeObject = 3850579360 - Surface(name=Surface(name=496386c NavigationBar0)/@0xb856353 - animation-leash)/@0x6c9f337 / android.view.-$$Lambda$Rl1VZmNJ0VZDLK0BAbaVGis0rrA.accept:2 android.view.InsetsSourceControl.release:170 android.view.InsetsSourceConsumer.setControl:193 android.view.InsetsController.onControlsChanged:794
07-20 12:40:11.884   816   894 I SurfaceControl: release : mNativeObject = 3676983296 - Surface(name=Surface(name=ActivityRecord{fb3fe8b u0 com.example.dogglers/.MainActivity)/@0x29328e5 - animation-bounds)/@0x8bd311f / android.view.SurfaceControl$Transaction.remove:3169 com.android.server.wm.ActivityRecord.onAnimationLeashLost:6368 com.android.server.wm.SurfaceAnimator.removeLeash:425 com.android.server.wm.SurfaceAnimator.reset:384
07-20 12:40:11.884 22314 22314 I SurfaceControl: release : mNativeObject = 3850579008 - Surface(name=Surface(name=7580301 StatusBar)/@0xfd83951 - animation-leash)/@0xfcdee0d / android.view.-$$Lambda$Rl1VZmNJ0VZDLK0BAbaVGis0rrA.accept:2 android.view.InsetsSourceControl.release:170 android.view.InsetsSourceConsumer.setControl:193 android.view.InsetsController.onControlsChanged:794
07-20 12:40:11.886   816   894 I SurfaceControl: release : mNativeObject = 3676985184 - Surface(name=Surface(name=ActivityRecord{ed26e61 u0 com.example.dogglers/.HorizontalListActivity)/@0xa4ba8f8 - animation-leash)/@0x782b1d1 / android.view.SurfaceControl$Transaction.remove:3169 com.android.server.wm.SurfaceAnimator.removeLeash:418 com.android.server.wm.SurfaceAnimator.reset:384 com.android.server.wm.SurfaceAnimator.lambda$getFinishedCallback$0$SurfaceAnimator:111
07-20 12:40:11.886   816   894 I SurfaceControl: release : mNativeObject = 3676985696 - Surface(name=Surface(name=ActivityRecord{ed26e61 u0 com.example.dogglers/.HorizontalListActivity)/@0xa4ba8f8 - animation-bounds)/@0xf0dc03b / android.view.SurfaceControl$Transaction.remove:3169 com.android.server.wm.ActivityRecord.onAnimationLeashLost:6368 com.android.server.wm.SurfaceAnimator.removeLeash:425 com.android.server.wm.SurfaceAnimator.reset:384
07-20 12:40:11.890   507   507 I Layer   : id=98206[1] Destroyed Surface(name=496386c NavigationBar0)/@0xb856353 - animation-leash#0
07-20 12:40:11.890   507   507 I Layer   : id=98205[1] Destroyed Surface(name=7580301 StatusBar)/@0xfd83951 - animation-leash#1
07-20 12:40:11.891 22314 22314 I SurfaceControl: release : mNativeObject = 3850578304 - Surface(name=com.example.dogglers/com.example.dogglers.MainActivity)/@0xec08bd3 / android.view.ViewRootImpl.destroySurface:1890 android.view.ViewRootImpl.setWindowStopped:1773 android.view.WindowManagerGlobal.setStoppedState:672 android.app.Activity.performStop:8213
07-20 12:40:11.892   507   979 I Layer   : id=98207 removeFromCurrentState Surface(name=ActivityRecord{fb3fe8b u0 com.example.dogglers/.MainActivity)/@0x29328e5 - animation-leash#0 (63)
07-20 12:40:11.892   507   979 I Layer   : id=98208 removeFromCurrentState Surface(name=ActivityRecord{fb3fe8b u0 com.example.dogglers/.MainActivity)/@0x29328e5 - animation-bounds#0 (63)
07-20 12:40:11.892 22314 22314 D LifecycleMonitor: Lifecycle status change: com.example.dogglers.MainActivity@3f751ad in: STOPPED
07-20 12:40:11.892   507   979 I Layer   : id=98209 removeFromCurrentState Surface(name=ActivityRecord{ed26e61 u0 com.example.dogglers/.HorizontalListActivity)/@0xa4ba8f8 - animation-leash#0 (63)
07-20 12:40:11.892   507   979 I Layer   : id=98210 removeFromCurrentState Surface(name=ActivityRecord{ed26e61 u0 com.example.dogglers/.HorizontalListActivity)/@0xa4ba8f8 - animation-bounds#0 (63)
07-20 12:40:11.893 22314 22314 V ActivityScenario: Update currentActivityStage to STOPPED, currentActivity=com.example.dogglers.MainActivity@3f751ad
07-20 12:40:11.899 22314 22314 D LifecycleMonitor: Lifecycle status change: com.example.dogglers.MainActivity@3f751ad in: DESTROYED
07-20 12:40:11.900 22314 22314 V ActivityScenario: Update currentActivityStage to DESTROYED, currentActivity=null
07-20 12:40:11.900   507   979 I SurfaceFlinger: id=98217 createSurf (0x0),-1 flag=80004, ActivityRecord{1796cb1 u0 com.example.dogglers/androidx.test.core.app.InstrumentationActivityInvoker$EmptyActivity#0
07-20 12:40:11.904 22314 22346 D OpenGLRenderer: destroyEglSurface : 0xecdf0000
07-20 12:40:11.906 22314 22346 D IMGGralloc: Gralloc Free  w:720, h:1600, f:0x1, usage:0xb00, ui64Stamp:3272920 line = 2441
07-20 12:40:11.907 22314 22346 D IMGGralloc: Gralloc Free  w:720, h:1600, f:0x1, usage:0xb00, ui64Stamp:3272918 line = 2441
07-20 12:40:11.907 22314 22346 D IMGGralloc: Gralloc Free  w:720, h:1600, f:0x1, usage:0xb00, ui64Stamp:3272914 line = 2441
07-20 12:40:11.907   507   507 I Layer   : id=98208[1] Destroyed Surface(name=ActivityRecord{fb3fe8b u0 com.example.dogglers/.MainActivity)/@0x29328e5 - animation-bounds#0
07-20 12:40:11.907   507   507 I Layer   : id=98207[1] Destroyed Surface(name=ActivityRecord{fb3fe8b u0 com.example.dogglers/.MainActivity)/@0x29328e5 - animation-leash#0
07-20 12:40:11.907   507   567 D IMGGralloc: Gralloc Free  w:720, h:1600, f:0x1, usage:0xb00, ui64Stamp:3272920 line = 2441
07-20 12:40:11.907   507   507 I Layer   : id=98210[1] Destroyed Surface(name=ActivityRecord{ed26e61 u0 com.example.dogglers/.HorizontalListActivity)/@0xa4ba8f8 - animation-bounds#0
07-20 12:40:11.907   507   507 I Layer   : id=98209[1] Destroyed Surface(name=ActivityRecord{ed26e61 u0 com.example.dogglers/.HorizontalListActivity)/@0xa4ba8f8 - animation-leash#0
07-20 12:40:11.908   507   567 D IMGGralloc: Gralloc Free  w:720, h:1600, f:0x1, usage:0xb00, ui64Stamp:3272918 line = 2441
07-20 12:40:11.909   471   532 D IMGGralloc: Gralloc Free  w:720, h:1600, f:0x1, usage:0xb00, ui64Stamp:3272953 line = 2441
07-20 12:40:11.910   816  5530 I SurfaceControl: release : mNativeObject = 3101753120 - Surface(name=88b8d5f com.example.dogglers/com.example.dogglers.MainActivity)/@0x1b76596 / android.view.SurfaceControl$Transaction.remove:3169 com.android.server.wm.WindowContainer.removeImmediately:607 com.android.server.wm.WindowState.removeImmediately:2199 com.android.server.wm.WindowState.removeIfPossible:2373
07-20 12:40:11.910   471   532 D IMGGralloc: Gralloc Register  w:720, h:1600, f:0x1, usage:0xb00, ui64Stamp:3272970, sSize:4608000, line = 2335
07-20 12:40:11.912   816  5530 I SurfaceControl: release : mNativeObject = 3532756448 - Surface(name=com.example.dogglers/com.example.dogglers.MainActivity)/@0x40e2517 / android.view.SurfaceControl$Transaction.remove:3169 com.android.server.wm.WindowSurfaceController.destroyNotInTransaction:218 com.android.server.wm.WindowStateAnimator.destroySurface:1603 com.android.server.wm.WindowStateAnimator.destroySurfaceLocked:638
07-20 12:40:11.912   507   979 I Layer   : id=98197 removeFromCurrentState com.example.dogglers/com.example.dogglers.MainActivity#0 (60)
07-20 12:40:11.913   507   507 D SurfaceFlinger: Display 0 HWC layers:
07-20 12:40:11.913   507   507 D SurfaceFlinger:      DEVICE | 0xed15d780 | 0002 | RGBA_8888    |    0.0    0.0  720.0 1600.0 |    0    0  720 1600 | com.example.dogglers/androidx.test.c[...]ationActivityInvoker$EmptyActivity#0
07-20 12:40:11.913   507   507 D SurfaceFlinger:      DEVICE | 0xed755e20 | 0000 | RGBA_8888    |    0.0    0.0  720.0   45.0 |    0    0  720   45 | StatusBar#0
07-20 12:40:11.913   507   507 D SurfaceFlinger:      DEVICE | 0xed7543e0 | 0000 | RGBA_8888    |    0.0    0.0  720.0   96.0 |    0 1504  720 1600 | NavigationBar0#0
07-20 12:40:11.913   507   507 D SurfaceFlinger:
07-20 12:40:11.915   507   979 I Layer   : id=98196 removeFromCurrentState 88b8d5f com.example.dogglers/com.example.dogglers.MainActivity#0 (60)
07-20 12:40:11.916 22314 22314 I InputTransport: Destroy ARC handle: 0xe582f230
07-20 12:40:11.919   816  4847 I SurfaceControl: release : mNativeObject = 3101752928 - Surface(name=ActivityRecord{fb3fe8b u0 com.example.dogglers/.MainActivity)/@0x29328e5 / android.view.SurfaceControl$Transaction.remove:3169 com.android.server.wm.WindowContainer.removeImmediately:607 com.android.server.wm.WindowToken.removeImmediately:392 com.android.server.wm.ActivityRecord.removeImmediately:3348
07-20 12:40:11.924   507   507 I Layer   : id=98196[1] Destroyed 88b8d5f com.example.dogglers/com.example.dogglers.MainActivity#0
07-20 12:40:11.924   507   507 D IMGGralloc: Gralloc Free  w:720, h:1600, f:0x1, usage:0xb00, ui64Stamp:3272914 line = 2441
07-20 12:40:11.924 22314 22314 I SurfaceControl: release : mNativeObject = 3538957312 - Surface(name=com.example.dogglers/com.example.dogglers.HorizontalListActivity)/@0x77e122f / android.view.ViewRootImpl.destroySurface:1890 android.view.ViewRootImpl.setWindowStopped:1773 android.view.WindowManagerGlobal.setStoppedState:672 android.app.Activity.performStop:8213
07-20 12:40:11.924   507   507 I Layer   : id=98197[1] Destroyed com.example.dogglers/com.example.dogglers.MainActivity#0
07-20 12:40:11.925   507   979 I Layer   : id=98195 removeFromCurrentState ActivityRecord{fb3fe8b u0 com.example.dogglers/.MainActivity#0 (58)
07-20 12:40:11.925 22314 22314 D LifecycleMonitor: Lifecycle status change: com.example.dogglers.HorizontalListActivity@e06b826 in: STOPPED
07-20 12:40:11.926 22314 22314 V ActivityScenario: Activity lifecycle changed event received but ignored because the intent does not match. startActivityIntent=Intent { act=android.intent.action.MAIN cat=[android.intent.category.LAUNCHER] cmp=com.example.dogglers/.MainActivity }, activity.getIntent()=Intent { cmp=com.example.dogglers/.HorizontalListActivity }, activity=com.example.dogglers.HorizontalListActivity@e06b826
07-20 12:40:11.933 22314 22314 D LifecycleMonitor: Lifecycle status change: androidx.test.core.app.InstrumentationActivityInvoker$EmptyActivity@d696f6a in: PAUSED
07-20 12:40:11.933 22314 22314 V ActivityScenario: Activity lifecycle changed event received but ignored because the intent does not match. startActivityIntent=Intent { act=android.intent.action.MAIN cat=[android.intent.category.LAUNCHER] cmp=com.example.dogglers/.MainActivity }, activity.getIntent()=Intent { act=android.intent.action.MAIN cat=[android.intent.category.LAUNCHER] flg=0x10000000 cmp=com.example.dogglers/androidx.test.core.app.InstrumentationActivityInvoker$EmptyActivity }, activity=androidx.test.core.app.InstrumentationActivityInvoker$EmptyActivity@d696f6a
07-20 12:40:11.940   507   507 I Layer   : id=98195[1] Destroyed ActivityRecord{fb3fe8b u0 com.example.dogglers/.MainActivity#0
07-20 12:40:11.943 22314 22346 D OpenGLRenderer: destroyEglSurface : 0xecb8ef40
07-20 12:40:11.945 22314 22346 D IMGGralloc: Gralloc Free  w:720, h:1600, f:0x1, usage:0xb00, ui64Stamp:3272953 line = 2441
07-20 12:40:11.945 22314 22346 D IMGGralloc: Gralloc Free  w:720, h:1600, f:0x1, usage:0xb00, ui64Stamp:3272948 line = 2441
07-20 12:40:11.946 22314 22346 D IMGGralloc: Gralloc Free  w:720, h:1600, f:0x1, usage:0xb00, ui64Stamp:3272939 line = 2441
07-20 12:40:11.946   507   567 D IMGGralloc: Gralloc Free  w:720, h:1600, f:0x1, usage:0xb00, ui64Stamp:3272948 line = 2441
07-20 12:40:11.947   507   567 D IMGGralloc: Gralloc Free  w:720, h:1600, f:0x1, usage:0xb00, ui64Stamp:3272939 line = 2441
07-20 12:40:11.948   816  5530 V WindowManager: Relayout Window{b668f9d u0 com.example.dogglers/com.example.dogglers.HorizontalListActivity}: viewVisibility=8 req=720x1600
